SDTRACE count=63 write_calls=770
SDTRACE us=693606696 src=log_start op=mkdir ok=1 rec=0 q=0 req=0 actual=0
SDTRACE us=693609852 src=log_start op=exists ok=1 rec=0 q=0 req=0 actual=0
SDTRACE us=693613469 src=log_start op=exists ok=1 rec=0 q=0 req=0 actual=0
SDTRACE us=693617046 src=log_start op=exists ok=1 rec=0 q=0 req=0 actual=0
SDTRACE us=693620291 src=log_start op=exists ok=0 rec=0 q=0 req=0 actual=0
SDTRACE us=693626689 src=log_start op=open ok=1 rec=0 q=0 req=0 actual=0
SDTRACE us=694047929 src=writer op=write ok=1 rec=59 q=5 req=512 actual=512
SDTRACE us=694051039 src=writer op=write ok=1 rec=59 q=5 req=512 actual=512
SDTRACE us=694053041 src=writer op=write ok=1 rec=59 q=6 req=512 actual=512
SDTRACE us=694079065 src=writer op=write ok=1 rec=59 q=10 req=512 actual=512
SDTRACE us=694272040 src=writer op=write ok=1 rec=117 q=4 req=512 actual=512
SDTRACE us=694574157 src=writer op=write ok=1 rec=175 q=3 req=512 actual=512
SDTRACE us=695007043 src=writer op=write ok=1 rec=236 q=10 req=512 actual=512
SDTRACE us=695563481 src=writer op=write ok=1 rec=294 q=9 req=512 actual=512
SDTRACE us=695778041 src=writer op=write ok=1 rec=351 q=5 req=512 actual=512
SDTRACE us=696035957 src=writer op=write ok=1 rec=411 q=14 req=512 actual=512
SDTRACE us=696242042 src=writer op=write ok=1 rec=469 q=7 req=512 actual=512
SDTRACE us=696639042 src=writer op=write ok=1 rec=527 q=4 req=512 actual=512
SDTRACE us=697033636 src=writer op=write ok=1 rec=588 q=10 req=512 actual=512
SDTRACE us=697249044 src=writer op=write ok=1 rec=644 q=8 req=512 actual=512
SDTRACE us=697647041 src=writer op=write ok=1 rec=704 q=4 req=512 actual=512
SDTRACE us=698059328 src=writer op=write ok=1 rec=764 q=13 req=512 actual=512
SDTRACE us=698270627 src=writer op=write ok=1 rec=821 q=10 req=512 actual=512
SDTRACE us=698664040 src=writer op=write ok=1 rec=880 q=5 req=512 actual=512
SDTRACE us=699072566 src=writer op=write ok=1 rec=941 q=13 req=512 actual=512
SDTRACE us=699297771 src=writer op=write ok=1 rec=997 q=12 req=512 actual=512
SDTRACE us=699673301 src=writer op=write ok=1 rec=1056 q=6 req=512 actual=512
SDTRACE us=700093093 src=writer op=write ok=1 rec=1117 q=15 req=512 actual=512
SDTRACE us=700288041 src=writer op=write ok=1 rec=1173 q=6 req=512 actual=512
SDTRACE us=700699041 src=writer op=write ok=1 rec=1232 q=5 req=512 actual=512
SDTRACE us=701118039 src=writer op=write ok=1 rec=1293 q=6 req=512 actual=512
SDTRACE us=701325044 src=writer op=write ok=1 rec=1352 q=5 req=512 actual=512
SDTRACE us=701727047 src=writer op=write ok=1 rec=1410 q=5 req=512 actual=512
SDTRACE us=702052042 src=writer op=write ok=1 rec=1470 q=9 req=512 actual=512
SDTRACE us=702268041 src=writer op=write ok=1 rec=1528 q=8 req=512 actual=512
SDTRACE us=702663041 src=writer op=write ok=1 rec=1587 q=3 req=512 actual=512
SDTRACE us=703046053 src=writer op=write ok=1 rec=1647 q=8 req=512 actual=512
SDTRACE us=703251044 src=writer op=write ok=1 rec=1704 q=4 req=512 actual=512
SDTRACE us=703657042 src=writer op=write ok=1 rec=1764 q=4 req=512 actual=512
SDTRACE us=704043044 src=writer op=write ok=1 rec=1822 q=7 req=512 actual=512
SDTRACE us=704264046 src=writer op=write ok=1 rec=1881 q=7 req=512 actual=512
SDTRACE us=704691042 src=writer op=write ok=1 rec=1939 q=8 req=512 actual=512
SDTRACE us=705071039 src=writer op=write ok=1 rec=1998 q=8 req=512 actual=512
SDTRACE us=705292042 src=writer op=write ok=1 rec=2057 q=8 req=512 actual=512
SDTRACE us=705687530 src=writer op=write ok=1 rec=2116 q=6 req=512 actual=512
SDTRACE us=706109340 src=writer op=write ok=1 rec=2175 q=15 req=512 actual=512
SDTRACE us=706316051 src=writer op=write ok=1 rec=2234 q=8 req=512 actual=512
SDTRACE us=706702051 src=writer op=write ok=1 rec=2293 q=4 req=512 actual=512
SDTRACE us=707111552 src=writer op=write ok=1 rec=2352 q=11 req=512 actual=512
SDTRACE us=707330042 src=writer op=write ok=1 rec=2410 q=8 req=512 actual=512
SDTRACE us=707727061 src=writer op=write ok=1 rec=2469 q=6 req=512 actual=512
SDTRACE us=708122045 src=writer op=write ok=1 rec=2527 q=4 req=512 actual=512
SDTRACE us=708330043 src=writer op=write ok=1 rec=2585 q=6 req=512 actual=512
SDTRACE us=708743051 src=writer op=write ok=1 rec=2645 q=5 req=512 actual=512
SDTRACE us=709125041 src=writer op=write ok=1 rec=2703 q=5 req=512 actual=512
SDTRACE us=709345042 src=writer op=write ok=1 rec=2763 q=5 req=512 actual=512
SDTRACE us=709752042 src=writer op=write ok=1 rec=2822 q=4 req=512 actual=512
SDTRACE us=710406124 src=writer op=write ok=0 rec=2880 q=5 req=512 actual=0
SDTRACE us=710412406 src=writer op=flush ok=1 rec=2880 q=5 req=0 actual=0
SDTRACE us=710418606 src=writer op=close ok=1 rec=2880 q=5 req=0 actual=0
SDTRACE us=710449770 src=summary op=open ok=1 rec=2880 q=5 req=0 actual=0
SDTRACE us=710486602 src=summary op=write ok=1 rec=2880 q=5 req=0 actual=0
SDTRACE us=710500201 src=summary op=close ok=1 rec=2880 q=5 req=0 actual=0
