SDTRACE count=128 write_calls=3060
SDTRACE us=83278110 src=writer op=write ok=1 rec=4184 q=4 req=512 actual=512
SDTRACE us=83568170 src=writer op=write ok=1 rec=4243 q=1 req=512 actual=512
SDTRACE us=83973115 src=writer op=write ok=1 rec=4306 q=5 req=512 actual=512
SDTRACE us=84262114 src=writer op=write ok=1 rec=4366 q=12 req=512 actual=512
SDTRACE us=84488222 src=writer op=write ok=1 rec=4424 q=3 req=512 actual=512
SDTRACE us=84903166 src=writer op=write ok=1 rec=4486 q=5 req=512 actual=512
SDTRACE us=85209115 src=writer op=write ok=1 rec=4548 q=3 req=512 actual=512
SDTRACE us=85418111 src=writer op=write ok=1 rec=4606 q=3 req=512 actual=512
SDTRACE us=85804109 src=writer op=write ok=1 rec=4667 q=2 req=512 actual=512
SDTRACE us=86197117 src=writer op=write ok=1 rec=4729 q=6 req=512 actual=512
SDTRACE us=86327116 src=writer op=write ok=1 rec=4788 q=0 req=512 actual=512
SDTRACE us=86741543 src=writer op=write ok=1 rec=4848 q=5 req=512 actual=512
SDTRACE us=87115127 src=writer op=write ok=1 rec=4911 q=3 req=512 actual=512
SDTRACE us=87315433 src=writer op=write ok=1 rec=4970 q=12 req=512 actual=512
SDTRACE us=87645112 src=writer op=write ok=1 rec=5030 q=3 req=512 actual=512
SDTRACE us=88039116 src=writer op=write ok=1 rec=5092 q=5 req=512 actual=512
SDTRACE us=88276111 src=writer op=write ok=1 rec=5153 q=5 req=512 actual=512
SDTRACE us=88569110 src=writer op=write ok=1 rec=5211 q=4 req=512 actual=512
SDTRACE us=88956250 src=writer op=write ok=1 rec=5273 q=5 req=512 actual=512
SDTRACE us=89265154 src=writer op=write ok=1 rec=5334 q=13 req=512 actual=512
SDTRACE us=89483115 src=writer op=write ok=1 rec=5393 q=4 req=512 actual=512
SDTRACE us=89883109 src=writer op=write ok=1 rec=5454 q=2 req=512 actual=512
SDTRACE us=90215120 src=writer op=write ok=1 rec=5517 q=6 req=512 actual=512
SDTRACE us=90408112 src=writer op=write ok=1 rec=5574 q=4 req=512 actual=512
SDTRACE us=90809110 src=writer op=write ok=1 rec=5636 q=4 req=512 actual=512
SDTRACE us=91191112 src=writer op=write ok=1 rec=5699 q=13 req=512 actual=512
SDTRACE us=91329111 src=writer op=write ok=1 rec=5756 q=4 req=512 actual=512
SDTRACE us=91731129 src=writer op=write ok=1 rec=5817 q=2 req=512 actual=512
SDTRACE us=92113154 src=writer op=write ok=1 rec=5880 q=4 req=512 actual=512
SDTRACE us=92308108 src=writer op=write ok=1 rec=5940 q=3 req=512 actual=512
SDTRACE us=92647116 src=writer op=write ok=1 rec=5998 q=3 req=512 actual=512
SDTRACE us=93039113 src=writer op=write ok=1 rec=6062 q=2 req=512 actual=512
SDTRACE us=93283320 src=writer op=write ok=1 rec=6122 q=6 req=512 actual=512
SDTRACE us=93561112 src=writer op=write ok=1 rec=6180 q=2 req=512 actual=512
SDTRACE us=93961109 src=writer op=write ok=1 rec=6242 q=5 req=512 actual=512
SDTRACE us=94261112 src=writer op=write ok=1 rec=6304 q=8 req=512 actual=512
SDTRACE us=94490111 src=writer op=write ok=1 rec=6362 q=2 req=512 actual=512
SDTRACE us=94896107 src=writer op=write ok=1 rec=6424 q=2 req=512 actual=512
SDTRACE us=95215121 src=writer op=write ok=1 rec=6487 q=6 req=512 actual=512
SDTRACE us=95408112 src=writer op=write ok=1 rec=6544 q=2 req=512 actual=512
SDTRACE us=95811109 src=writer op=write ok=1 rec=6606 q=1 req=512 actual=512
SDTRACE us=96190110 src=writer op=write ok=1 rec=6669 q=7 req=512 actual=512
SDTRACE us=96334113 src=writer op=write ok=1 rec=6726 q=2 req=512 actual=512
SDTRACE us=96742707 src=writer op=write ok=1 rec=6787 q=5 req=512 actual=512
SDTRACE us=97117118 src=writer op=write ok=1 rec=6849 q=3 req=512 actual=512
SDTRACE us=97308111 src=writer op=write ok=1 rec=6908 q=5 req=512 actual=512
SDTRACE us=97647072 src=writer op=write ok=1 rec=6969 q=3 req=512 actual=512
SDTRACE us=98043113 src=writer op=write ok=1 rec=7032 q=3 req=512 actual=512
SDTRACE us=98312174 src=writer op=write ok=1 rec=7091 q=17 req=512 actual=512
SDTRACE us=98567119 src=writer op=write ok=1 rec=7150 q=3 req=512 actual=512
SDTRACE us=99006114 src=writer op=write ok=1 rec=7211 q=12 req=512 actual=512
SDTRACE us=99287109 src=writer op=write ok=1 rec=7273 q=13 req=512 actual=512
SDTRACE us=99519861 src=writer op=write ok=1 rec=7332 q=5 req=512 actual=512
SDTRACE us=99926108 src=writer op=write ok=1 rec=7393 q=4 req=512 actual=512
SDTRACE us=100218119 src=writer op=write ok=1 rec=7455 q=8 req=512 actual=512
SDTRACE us=100461110 src=writer op=write ok=1 rec=7514 q=6 req=512 actual=512
SDTRACE us=100865220 src=writer op=write ok=1 rec=7575 q=8 req=512 actual=512
SDTRACE us=101195111 src=writer op=write ok=1 rec=7637 q=5 req=512 actual=512
SDTRACE us=101399110 src=writer op=write ok=1 rec=7694 q=9 req=512 actual=512
SDTRACE us=101783367 src=writer op=write ok=1 rec=7755 q=9 req=512 actual=512
SDTRACE us=102194144 src=writer op=write ok=1 rec=7818 q=11 req=512 actual=512
SDTRACE us=102346453 src=writer op=write ok=1 rec=7877 q=10 req=512 actual=512
SDTRACE us=102683108 src=writer op=write ok=1 rec=7936 q=4 req=512 actual=512
SDTRACE us=103113006 src=writer op=write ok=1 rec=8000 q=7 req=512 actual=512
SDTRACE us=103294113 src=writer op=write ok=1 rec=8060 q=3 req=512 actual=512
SDTRACE us=103646183 src=writer op=write ok=1 rec=8119 q=5 req=512 actual=512
SDTRACE us=104002694 src=writer op=write ok=1 rec=8181 q=2 req=512 actual=512
SDTRACE us=104316111 src=writer op=write ok=1 rec=8241 q=14 req=512 actual=512
SDTRACE us=104569109 src=writer op=write ok=1 rec=8301 q=5 req=512 actual=512
SDTRACE us=104929112 src=writer op=write ok=1 rec=8362 q=0 req=512 actual=512
SDTRACE us=105260115 src=writer op=write ok=1 rec=8424 q=13 req=512 actual=512
SDTRACE us=105457111 src=writer op=write ok=1 rec=8482 q=1 req=512 actual=512
SDTRACE us=105894112 src=writer op=write ok=1 rec=8543 q=6 req=512 actual=512
SDTRACE us=106211116 src=writer op=write ok=1 rec=8606 q=7 req=512 actual=512
SDTRACE us=106429110 src=writer op=write ok=1 rec=8664 q=6 req=512 actual=512
SDTRACE us=106852109 src=writer op=write ok=1 rec=8725 q=12 req=512 actual=512
SDTRACE us=107180108 src=writer op=write ok=1 rec=8788 q=4 req=512 actual=512
SDTRACE us=107361111 src=writer op=write ok=1 rec=8845 q=12 req=512 actual=512
SDTRACE us=107719900 src=writer op=write ok=1 rec=8907 q=4 req=512 actual=512
SDTRACE us=108127112 src=writer op=write ok=1 rec=8969 q=6 req=512 actual=512
SDTRACE us=108299109 src=writer op=write ok=1 rec=9028 q=5 req=512 actual=512
SDTRACE us=108663113 src=writer op=write ok=1 rec=9088 q=8 req=512 actual=512
SDTRACE us=109060960 src=writer op=write ok=1 rec=9150 q=8 req=512 actual=512
SDTRACE us=109290145 src=writer op=write ok=1 rec=9209 q=7 req=512 actual=512
SDTRACE us=109601109 src=writer op=write ok=1 rec=9269 q=10 req=512 actual=512
SDTRACE us=109961345 src=writer op=write ok=1 rec=9330 q=6 req=512 actual=512
SDTRACE us=110276110 src=writer op=write ok=1 rec=9392 q=12 req=512 actual=512
SDTRACE us=110488111 src=writer op=write ok=1 rec=9450 q=7 req=512 actual=512
SDTRACE us=110915113 src=writer op=write ok=1 rec=9512 q=10 req=512 actual=512
SDTRACE us=111233113 src=writer op=write ok=1 rec=9576 q=8 req=512 actual=512
SDTRACE us=111386111 src=writer op=write ok=1 rec=9632 q=3 req=512 actual=512
SDTRACE us=111833043 src=writer op=write ok=1 rec=9694 q=10 req=512 actual=512
SDTRACE us=112183117 src=writer op=write ok=1 rec=9757 q=4 req=512 actual=512
SDTRACE us=112368178 src=writer op=write ok=1 rec=9814 q=13 req=512 actual=512
SDTRACE us=112736106 src=writer op=write ok=1 rec=9875 q=6 req=512 actual=512
SDTRACE us=113092111 src=writer op=write ok=1 rec=9938 q=2 req=512 actual=512
SDTRACE us=113331113 src=writer op=write ok=1 rec=9996 q=9 req=512 actual=512
SDTRACE us=113625108 src=writer op=write ok=1 rec=10057 q=1 req=512 actual=512
SDTRACE us=114062169 src=writer op=write ok=1 rec=10118 q=11 req=512 actual=512
SDTRACE us=114322196 src=writer op=write ok=1 rec=10179 q=16 req=512 actual=512
SDTRACE us=114568335 src=writer op=write ok=1 rec=10237 q=5 req=512 actual=512
SDTRACE us=114998109 src=writer op=write ok=1 rec=10298 q=9 req=512 actual=512
SDTRACE us=115245104 src=writer op=write ok=1 rec=10361 q=5 req=512 actual=512
SDTRACE us=115529109 src=writer op=write ok=1 rec=10418 q=9 req=512 actual=512
SDTRACE us=115886700 src=writer op=write ok=1 rec=10480 q=3 req=512 actual=512
SDTRACE us=116244123 src=writer op=write ok=1 rec=10544 q=12 req=512 actual=512
SDTRACE us=116410105 src=writer op=write ok=1 rec=10601 q=2 req=512 actual=512
SDTRACE us=116854146 src=writer op=write ok=1 rec=10662 q=8 req=512 actual=512
SDTRACE us=117224148 src=writer op=write ok=1 rec=10726 q=14 req=512 actual=512
SDTRACE us=117347113 src=writer op=write ok=1 rec=10782 q=4 req=512 actual=512
SDTRACE us=117770167 src=writer op=write ok=1 rec=10844 q=8 req=512 actual=512
SDTRACE us=118131111 src=writer op=write ok=1 rec=10906 q=4 req=512 actual=512
SDTRACE us=118361111 src=writer op=write ok=1 rec=10965 q=16 req=512 actual=512
SDTRACE us=118659106 src=writer op=write ok=1 rec=11025 q=2 req=512 actual=512
SDTRACE us=119095110 src=writer op=write ok=1 rec=11087 q=10 req=512 actual=512
SDTRACE us=119337118 src=writer op=write ok=1 rec=11147 q=16 req=512 actual=512
SDTRACE us=119591471 src=writer op=write ok=1 rec=11206 q=6 req=512 actual=512
SDTRACE us=120040112 src=writer op=write ok=1 rec=11268 q=9 req=512 actual=512
SDTRACE us=120253107 src=writer op=write ok=1 rec=11330 q=2 req=512 actual=512
SDTRACE us=120568111 src=writer op=write ok=1 rec=11389 q=9 req=512 actual=512
SDTRACE us=120961887 src=writer op=write ok=1 rec=11450 q=8 req=512 actual=512
SDTRACE us=121225530 src=writer op=write ok=1 rec=11513 q=8 req=512 actual=512
SDTRACE us=121488109 src=writer op=write ok=1 rec=11572 q=8 req=512 actual=512
SDTRACE us=121525128 src=writer op=flush ok=1 rec=11585 q=0 req=0 actual=0
SDTRACE us=121525504 src=writer op=close ok=1 rec=11585 q=0 req=0 actual=0
SDTRACE us=121539389 src=summary op=open ok=1 rec=11585 q=0 req=0 actual=0
SDTRACE us=121544028 src=summary op=write ok=1 rec=11585 q=0 req=0 actual=0
SDTRACE us=121559310 src=summary op=close ok=1 rec=11585 q=0 req=0 actual=0
