XIAO UART baud=921600 rx=GPIO8 tx=GPIO9 bytes=769208 frames=5808 crc/cobs/len=0/0/0 seqgap=24 age_ms=1 type=7 log=0 q=0 rec=0 final=0
XIAO UART baud=921600 rx=GPIO8 tx=GPIO9 bytes=786948 frames=5942 crc/cobs/len=0/0/0 seqgap=26 age_ms=1 type=24 log=0 q=0 rec=0 final=0
XIAO UART baud=921600 rx=GPIO8 tx=GPIO9 bytes=805184 frames=6079 crc/cobs/len=0/0/0 seqgap=26 age_ms=1 type=7 log=0 q=0 rec=0 final=0
XIAO UART baud=921600 rx=GPIO8 tx=GPIO9 bytes=823240 frames=6215 crc/cobs/len=0/0/0 seqgap=26 age_ms=1 type=5 log=0 q=0 rec=0 final=0
XIAO UART baud=921600 rx=GPIO8 tx=GPIO9 bytes=841656 frames=6354 crc/cobs/len=0/0/0 seqgap=26 age_ms=1 type=7 log=0 q=0 rec=0 final=0
XIAO UART baud=921600 rx=GPIO8 tx=GPIO9 bytes=859660 frames=6490 crc/cobs/len=0/0/0 seqgap=26 age_ms=1 type=32 log=0 q=0 rec=0 final=0
XIAO UART baud=921600 rx=GPIO8 tx=GPIO9 bytes=877988 frames=6628 crc/cobs/len=0/0/0 seqgap=26 age_ms=1 type=5 log=0 q=0 rec=0 final=0
XIAO UART baud=921600 rx=GPIO8 tx=GPIO9 bytes=896404 frames=6767 crc/cobs/len=0/0/0 seqgap=26 age_ms=1 type=24 log=0 q=0 rec=0 final=0
XIAO UART baud=921600 rx=GPIO8 tx=GPIO9 bytes=914144 frames=6901 crc/cobs/len=0/0/0 seqgap=26 age_ms=6 type=7 log=0 q=0 rec=0 final=0
XIAO UART baud=921600 rx=GPIO8 tx=GPIO9 bytes=932768 frames=7041 crc/cobs/len=0/0/0 seqgap=26 age_ms=1 type=5 log=0 q=0 rec=0 final=0
XIAO UART baud=921600 rx=GPIO8 tx=GPIO9 bytes=950596 frames=7176 crc/cobs/len=0/0/0 seqgap=28 age_ms=1 type=58 log=0 q=0 rec=0 final=0
XIAO UART baud=921600 rx=GPIO8 tx=GPIO9 bytes=968964 frames=7315 crc/cobs/len=0/0/0 seqgap=30 age_ms=1 type=32 log=0 q=0 rec=0 final=0
XIAO UART baud=921600 rx=GPIO8 tx=GPIO9 bytes=987016 frames=7451 crc/cobs/len=0/0/0 seqgap=30 age_ms=1 type=7 log=0 q=0 rec=0 final=0
XIAO UART baud=921600 rx=GPIO8 tx=GPIO9 bytes=1005512 frames=7591 crc/cobs/len=0/0/0 seqgap=30 age_ms=1 type=7 log=0 q=0 rec=0 final=0
XIAO UART baud=921600 rx=GPIO8 tx=GPIO9 bytes=1023564 frames=7727 crc/cobs/len=0/0/0 seqgap=30 age_ms=1 type=7 log=0 q=0 rec=0 final=0
XIAO UART baud=921600 rx=GPIO8 tx=GPIO9 bytes=1041804 frames=7864 crc/cobs/len=0/0/0 seqgap=30 age_ms=1 type=5 log=0 q=0 rec=0 final=0
XIAO UART baud=921600 rx=GPIO8 tx=GPIO9 bytes=1060260 frames=8004 crc/cobs/len=0/0/0 seqgap=30 age_ms=1 type=32 log=0 q=0 rec=0 final=0
XIAO UART baud=921600 rx=GPIO8 tx=GPIO9 bytes=1078336 frames=48 crc/cobs/len=0/0/0 seqgap=30 age_ms=2 type=32 log=1 q=0 rec=52 final=0
XIAO UART baud=921600 rx=GPIO8 tx=GPIO9 bytes=1097504 frames=196 crc/cobs/len=0/0/0 seqgap=30 age_ms=0 type=22 log=1 q=5 rec=242 final=0
XIAO UART baud=921600 rx=GPIO8 tx=GPIO9 bytes=1116248 frames=341 crc/cobs/len=0/0/0 seqgap=32 age_ms=0 type=7 log=1 q=2 rec=439 final=0
XIAO UART baud=921600 rx=GPIO8 tx=GPIO9 bytes=1134660 frames=483 crc/cobs/len=0/0/0 seqgap=32 age_ms=12 type=7 log=1 q=1 rec=629 final=0
XIAO UART baud=921600 rx=GPIO8 tx=GPIO9 bytes=1153740 frames=630 crc/cobs/len=0/0/0 seqgap=34 age_ms=0 type=5 log=1 q=2 rec=824 final=0
XIAO UART baud=921600 rx=GPIO8 tx=GPIO9 bytes=1172408 frames=775 crc/cobs/len=0/0/0 seqgap=34 age_ms=0 type=57 log=1 q=0 rec=1020 final=0
XIAO UART baud=921600 rx=GPIO8 tx=GPIO9 bytes=1191044 frames=918 crc/cobs/len=0/0/0 seqgap=34 age_ms=0 type=5 log=1 q=1 rec=1210 final=0
XIAO UART baud=921600 rx=GPIO8 tx=GPIO9 bytes=1209988 frames=1065 crc/cobs/len=0/0/0 seqgap=34 age_ms=0 type=24 log=1 q=2 rec=1404 final=0
XIAO UART baud=921600 rx=GPIO8 tx=GPIO9 bytes=1228624 frames=1208 crc/cobs/len=0/0/0 seqgap=34 age_ms=0 type=5 log=1 q=2 rec=1595 final=0
XIAO UART baud=921600 rx=GPIO8 tx=GPIO9 bytes=1247144 frames=1352 crc/cobs/len=0/0/0 seqgap=34 age_ms=8 type=7 log=1 q=1 rec=1789 final=0
XIAO UART baud=921600 rx=GPIO8 tx=GPIO9 bytes=1265908 frames=1497 crc/cobs/len=0/0/0 seqgap=34 age_ms=2 type=58 log=1 q=1 rec=1983 final=0
XIAO UART baud=921600 rx=GPIO8 tx=GPIO9 bytes=1284652 frames=1641 crc/cobs/len=0/0/0 seqgap=34 age_ms=0 type=7 log=1 q=2 rec=2174 final=0
XIAO UART baud=921600 rx=GPIO8 tx=GPIO9 bytes=1303232 frames=1785 crc/cobs/len=0/0/0 seqgap=34 age_ms=9 type=7 log=1 q=3 rec=2364 final=0
XIAO UART baud=921600 rx=GPIO8 tx=GPIO9 bytes=1322036 frames=1930 crc/cobs/len=0/0/0 seqgap=36 age_ms=0 type=5 log=1 q=2 rec=2559 final=0
XIAO UART baud=921600 rx=GPIO8 tx=GPIO9 bytes=1340812 frames=2075 crc/cobs/len=0/0/0 seqgap=36 age_ms=1 type=7 log=1 q=0 rec=2754 final=0
XIAO UART baud=921600 rx=GPIO8 tx=GPIO9 bytes=1359468 frames=2219 crc/cobs/len=0/0/0 seqgap=36 age_ms=0 type=5 log=1 q=2 rec=2943 final=0
XIAO UART baud=921600 rx=GPIO8 tx=GPIO9 bytes=1378136 frames=2364 crc/cobs/len=0/0/0 seqgap=36 age_ms=6 type=7 log=1 q=1 rec=3137 final=0
XIAO UART baud=921600 rx=GPIO8 tx=GPIO9 bytes=1396900 frames=2509 crc/cobs/len=0/0/0 seqgap=38 age_ms=7 type=56 log=1 q=1 rec=3330 final=0
XIAO UART baud=921600 rx=GPIO8 tx=GPIO9 bytes=1415716 frames=2654 crc/cobs/len=0/0/0 seqgap=38 age_ms=0 type=24 log=1 q=2 rec=3521 final=0
XIAO UART baud=921600 rx=GPIO8 tx=GPIO9 bytes=1434296 frames=2798 crc/cobs/len=0/0/0 seqgap=38 age_ms=9 type=7 log=1 q=1 rec=3715 final=0
XIAO UART baud=921600 rx=GPIO8 tx=GPIO9 bytes=1453116 frames=2942 crc/cobs/len=0/0/0 seqgap=38 age_ms=0 type=5 log=1 q=2 rec=3906 final=0
XIAO UART baud=921600 rx=GPIO8 tx=GPIO9 bytes=1471784 frames=3087 crc/cobs/len=0/0/0 seqgap=40 age_ms=0 type=22 log=1 q=2 rec=4101 final=0
XIAO UART baud=921600 rx=GPIO8 tx=GPIO9 bytes=1490804 frames=3234 crc/cobs/len=0/0/0 seqgap=40 age_ms=0 type=7 log=1 q=0 rec=4300 final=0
XIAO UART baud=921600 rx=GPIO8 tx=GPIO9 bytes=1509216 frames=3376 crc/cobs/len=0/0/0 seqgap=40 age_ms=11 type=7 log=1 q=5 rec=4486 final=0
XIAO UART baud=921600 rx=GPIO8 tx=GPIO9 bytes=1528108 frames=3522 crc/cobs/len=0/0/0 seqgap=40 age_ms=0 type=7 log=1 q=2 rec=4685 final=0
XIAO UART baud=921600 rx=GPIO8 tx=GPIO9 bytes=1546872 frames=3667 crc/cobs/len=0/0/0 seqgap=40 age_ms=3 type=56 log=1 q=1 rec=4881 final=0
XIAO UART baud=921600 rx=GPIO8 tx=GPIO9 bytes=1565764 frames=3813 crc/cobs/len=0/0/0 seqgap=40 age_ms=0 type=7 log=1 q=2 rec=5076 final=0
XIAO UART baud=921600 rx=GPIO8 tx=GPIO9 bytes=1584452 frames=3957 crc/cobs/len=0/0/0 seqgap=40 age_ms=2 type=24 log=1 q=1 rec=5270 final=0
XIAO UART baud=921600 rx=GPIO8 tx=GPIO9 bytes=1603108 frames=4101 crc/cobs/len=0/0/0 seqgap=40 age_ms=2 type=5 log=1 q=1 rec=5464 final=0
XIAO UART baud=921600 rx=GPIO8 tx=GPIO9 bytes=1621776 frames=4246 crc/cobs/len=0/0/0 seqgap=40 age_ms=8 type=7 log=1 q=1 rec=5659 final=0
XIAO UART baud=921600 rx=GPIO8 tx=GPIO9 bytes=1640580 frames=4391 crc/cobs/len=0/0/0 seqgap=40 age_ms=0 type=57 log=1 q=2 rec=5853 final=0
XIAO UART baud=921600 rx=GPIO8 tx=GPIO9 bytes=1659356 frames=4536 crc/cobs/len=0/0/0 seqgap=40 age_ms=1 type=24 log=1 q=0 rec=6050 final=0
XIAO UART baud=921600 rx=GPIO8 tx=GPIO9 bytes=1678160 frames=4681 crc/cobs/len=0/0/0 seqgap=44 age_ms=0 type=5 log=1 q=2 rec=6242 final=0
XIAO UART baud=921600 rx=GPIO8 tx=GPIO9 bytes=1696828 frames=4826 crc/cobs/len=0/0/0 seqgap=46 age_ms=0 type=24 log=1 q=2 rec=6437 final=0
XIAO UART baud=921600 rx=GPIO8 tx=GPIO9 bytes=1715464 frames=4969 crc/cobs/len=0/0/0 seqgap=46 age_ms=0 type=5 log=1 q=2 rec=6629 final=0
XIAO UART baud=921600 rx=GPIO8 tx=GPIO9 bytes=1733984 frames=5113 crc/cobs/len=0/0/0 seqgap=46 age_ms=4 type=7 log=1 q=1 rec=6824 final=0
XIAO UART baud=921600 rx=GPIO8 tx=GPIO9 bytes=1752748 frames=5258 crc/cobs/len=0/0/0 seqgap=46 age_ms=0 type=56 log=1 q=1 rec=7019 final=0
XIAO UART baud=921600 rx=GPIO8 tx=GPIO9 bytes=1771564 frames=5403 crc/cobs/len=0/0/0 seqgap=48 age_ms=1 type=58 log=1 q=2 rec=7211 final=0
XIAO UART baud=921600 rx=GPIO8 tx=GPIO9 bytes=1789904 frames=5544 crc/cobs/len=0/0/0 seqgap=48 age_ms=8 type=7 log=1 q=0 rec=7403 final=0
XIAO UART baud=921600 rx=GPIO8 tx=GPIO9 bytes=1808892 frames=5690 crc/cobs/len=0/0/0 seqgap=50 age_ms=0 type=5 log=1 q=2 rec=7595 final=0
XIAO UART baud=921600 rx=GPIO8 tx=GPIO9 bytes=1827652 frames=5836 crc/cobs/len=0/0/0 seqgap=50 age_ms=0 type=24 log=1 q=2 rec=7790 final=0
XIAO UART baud=921600 rx=GPIO8 tx=GPIO9 bytes=1846600 frames=5982 crc/cobs/len=0/0/0 seqgap=50 age_ms=0 type=7 log=1 q=1 rec=7985 final=0
XIAO UART baud=921600 rx=GPIO8 tx=GPIO9 bytes=1865496 frames=6128 crc/cobs/len=0/0/0 seqgap=50 age_ms=0 type=5 log=1 q=0 rec=8181 final=0
XIAO UART baud=921600 rx=GPIO8 tx=GPIO9 bytes=1883848 frames=6270 crc/cobs/len=0/0/0 seqgap=50 age_ms=5 type=7 log=1 q=0 rec=8372 final=0
XIAO UART baud=921600 rx=GPIO8 tx=GPIO9 bytes=1902428 frames=6414 crc/cobs/len=0/0/0 seqgap=50 age_ms=18 type=32 log=1 q=0 rec=8565 final=0
XIAO UART baud=921600 rx=GPIO8 tx=GPIO9 bytes=1921596 frames=6562 crc/cobs/len=0/0/0 seqgap=52 age_ms=0 type=24 log=1 q=2 rec=8761 final=0
XIAO UART baud=921600 rx=GPIO8 tx=GPIO9 bytes=1940232 frames=6705 crc/cobs/len=0/0/0 seqgap=52 age_ms=0 type=5 log=1 q=2 rec=8953 final=0
XIAO UART baud=921600 rx=GPIO8 tx=GPIO9 bytes=1958900 frames=6850 crc/cobs/len=0/0/0 seqgap=54 age_ms=0 type=57 log=1 q=2 rec=9148 final=0
XIAO UART baud=921600 rx=GPIO8 tx=GPIO9 bytes=1977496 frames=6993 crc/cobs/len=0/0/0 seqgap=56 age_ms=3 type=56 log=1 q=1 rec=9341 final=0
XIAO UART baud=921600 rx=GPIO8 tx=GPIO9 bytes=1996480 frames=7140 crc/cobs/len=0/0/0 seqgap=56 age_ms=0 type=7 log=1 q=2 rec=9537 final=0
XIAO UART baud=921600 rx=GPIO8 tx=GPIO9 bytes=2015060 frames=7284 crc/cobs/len=0/0/0 seqgap=56 age_ms=0 type=22 log=1 q=2 rec=9731 final=0
XIAO UART baud=921600 rx=GPIO8 tx=GPIO9 bytes=2033820 frames=7428 crc/cobs/len=0/0/0 seqgap=56 age_ms=0 type=7 log=1 q=2 rec=9924 final=0
XIAO UART baud=921600 rx=GPIO8 tx=GPIO9 bytes=2052400 frames=7572 crc/cobs/len=0/0/0 seqgap=56 age_ms=1 type=57 log=1 q=1 rec=10118 final=0
XIAO UART baud=921600 rx=GPIO8 tx=GPIO9 bytes=2071400 frames=7718 crc/cobs/len=0/0/0 seqgap=56 age_ms=0 type=7 log=1 q=0 rec=10314 final=0
XIAO UART baud=921600 rx=GPIO8 tx=GPIO9 bytes=2090312 frames=7864 crc/cobs/len=0/0/0 seqgap=56 age_ms=0 type=7 log=1 q=2 rec=10507 final=0
XIAO UART baud=921600 rx=GPIO8 tx=GPIO9 bytes=2108980 frames=8008 crc/cobs/len=0/0/0 seqgap=56 age_ms=0 type=56 log=1 q=2 rec=10699 final=0
XIAO UART baud=921600 rx=GPIO8 tx=GPIO9 bytes=2127872 frames=8154 crc/cobs/len=0/0/0 seqgap=56 age_ms=0 type=7 log=1 q=2 rec=10894 final=0
XIAO UART baud=921600 rx=GPIO8 tx=GPIO9 bytes=2147080 frames=8303 crc/cobs/len=0/0/0 seqgap=56 age_ms=0 type=32 log=1 q=6 rec=11087 final=0
XIAO UART baud=921600 rx=GPIO8 tx=GPIO9 bytes=2165812 frames=8447 crc/cobs/len=0/0/0 seqgap=58 age_ms=0 type=16 log=1 q=2 rec=11285 final=0
XIAO UART baud=921600 rx=GPIO8 tx=GPIO9 bytes=2184660 frames=8593 crc/cobs/len=0/0/0 seqgap=58 age_ms=3 type=24 log=1 q=1 rec=11480 final=0
SDTRACE count=128 write_calls=3060
SDTRACE us=83278110 src=writer op=write ok=1 rec=4184 q=4 req=512 actual=512
SDTRACE us=83568170 src=writer op=write ok=1 rec=4243 q=1 req=512 actual=512
SDTRACE us=83973115 src=writer op=write ok=1 rec=4306 q=5 req=512 actual=512
SDTRACE us=84262114 src=writer op=write ok=1 rec=4366 q=12 req=512 actual=512
SDTRACE us=84488222 src=writer op=write ok=1 rec=4424 q=3 req=512 actual=512
SDTRACE us=84903166 src=writer op=write ok=1 rec=4486 q=5 req=512 actual=512
SDTRACE us=85209115 src=writer op=write ok=1 rec=4548 q=3 req=512 actual=512
SDTRACE us=85418111 src=writer op=write ok=1 rec=4606 q=3 req=512 actual=512
SDTRACE us=85804109 src=writer op=write ok=1 rec=4667 q=2 req=512 actual=512
SDTRACE us=86197117 src=writer op=write ok=1 rec=4729 q=6 req=512 actual=512
SDTRACE us=86327116 src=writer op=write ok=1 rec=4788 q=0 req=512 actual=512
SDTRACE us=86741543 src=writer op=write ok=1 rec=4848 q=5 req=512 actual=512
SDTRACE us=87115127 src=writer op=write ok=1 rec=4911 q=3 req=512 actual=512
SDTRACE us=87315433 src=writer op=write ok=1 rec=4970 q=12 req=512 actual=512
SDTRACE us=87645112 src=writer op=write ok=1 rec=5030 q=3 req=512 actual=512
SDTRACE us=88039116 src=writer op=write ok=1 rec=5092 q=5 req=512 actual=512
SDTRACE us=88276111 src=writer op=write ok=1 rec=5153 q=5 req=512 actual=512
SDTRACE us=88569110 src=writer op=write ok=1 rec=5211 q=4 req=512 actual=512
SDTRACE us=88956250 src=writer op=write ok=1 rec=5273 q=5 req=512 actual=512
SDTRACE us=89265154 src=writer op=write ok=1 rec=5334 q=13 req=512 actual=512
SDTRACE us=89483115 src=writer op=write ok=1 rec=5393 q=4 req=512 actual=512
SDTRACE us=89883109 src=writer op=write ok=1 rec=5454 q=2 req=512 actual=512
SDTRACE us=90215120 src=writer op=write ok=1 rec=5517 q=6 req=512 actual=512
SDTRACE us=90408112 src=writer op=write ok=1 rec=5574 q=4 req=512 actual=512
SDTRACE us=90809110 src=writer op=write ok=1 rec=5636 q=4 req=512 actual=512
SDTRACE us=91191112 src=writer op=write ok=1 rec=5699 q=13 req=512 actual=512
SDTRACE us=91329111 src=writer op=write ok=1 rec=5756 q=4 req=512 actual=512
SDTRACE us=91731129 src=writer op=write ok=1 rec=5817 q=2 req=512 actual=512
SDTRACE us=92113154 src=writer op=write ok=1 rec=5880 q=4 req=512 actual=512
SDTRACE us=92308108 src=writer op=write ok=1 rec=5940 q=3 req=512 actual=512
SDTRACE us=92647116 src=writer op=write ok=1 rec=5998 q=3 req=512 actual=512
SDTRACE us=93039113 src=writer op=write ok=1 rec=6062 q=2 req=512 actual=512
SDTRACE us=93283320 src=writer op=write ok=1 rec=6122 q=6 req=512 actual=512
SDTRACE us=93561112 src=writer op=write ok=1 rec=6180 q=2 req=512 actual=512
SDTRACE us=93961109 src=writer op=write ok=1 rec=6242 q=5 req=512 actual=512
SDTRACE us=94261112 src=writer op=write ok=1 rec=6304 q=8 req=512 actual=512
SDTRACE us=94490111 src=writer op=write ok=1 rec=6362 q=2 req=512 actual=512
SDTRACE us=94896107 src=writer op=write ok=1 rec=6424 q=2 req=512 actual=512
SDTRACE us=95215121 src=writer op=write ok=1 rec=6487 q=6 req=512 actual=512
SDTRACE us=95408112 src=writer op=write ok=1 rec=6544 q=2 req=512 actual=512
SDTRACE us=95811109 src=writer op=write ok=1 rec=6606 q=1 req=512 actual=512
SDTRACE us=96190110 src=writer op=write ok=1 rec=6669 q=7 req=512 actual=512
SDTRACE us=96334113 src=writer op=write ok=1 rec=6726 q=2 req=512 actual=512
SDTRACE us=96742707 src=writer op=write ok=1 rec=6787 q=5 req=512 actual=512
SDTRACE us=97117118 src=writer op=write ok=1 rec=6849 q=3 req=512 actual=512
SDTRACE us=97308111 src=writer op=write ok=1 rec=6908 q=5 req=512 actual=512
SDTRACE us=97647072 src=writer op=write ok=1 rec=6969 q=3 req=512 actual=512
SDTRACE us=98043113 src=writer op=write ok=1 rec=7032 q=3 req=512 actual=512
SDTRACE us=98312174 src=writer op=write ok=1 rec=7091 q=17 req=512 actual=512
SDTRACE us=98567119 src=writer op=write ok=1 rec=7150 q=3 req=512 actual=512
SDTRACE us=99006114 src=writer op=write ok=1 rec=7211 q=12 req=512 actual=512
SDTRACE us=99287109 src=writer op=write ok=1 rec=7273 q=13 req=512 actual=512
SDTRACE us=99519861 src=writer op=write ok=1 rec=7332 q=5 req=512 actual=512
SDTRACE us=99926108 src=writer op=write ok=1 rec=7393 q=4 req=512 actual=512
SDTRACE us=100218119 src=writer op=write ok=1 rec=7455 q=8 req=512 actual=512
SDTRACE us=100461110 src=writer op=write ok=1 rec=7514 q=6 req=512 actual=512
SDTRACE us=100865220 src=writer op=write ok=1 rec=7575 q=8 req=512 actual=512
SDTRACE us=101195111 src=writer op=write ok=1 rec=7637 q=5 req=512 actual=512
SDTRACE us=101399110 src=writer op=write ok=1 rec=7694 q=9 req=512 actual=512
SDTRACE us=101783367 src=writer op=write ok=1 rec=7755 q=9 req=512 actual=512
SDTRACE us=102194144 src=writer op=write ok=1 rec=7818 q=11 req=512 actual=512
SDTRACE us=102346453 src=writer op=write ok=1 rec=7877 q=10 req=512 actual=512
SDTRACE us=102683108 src=writer op=write ok=1 rec=7936 q=4 req=512 actual=512
SDTRACE us=103113006 src=writer op=write ok=1 rec=8000 q=7 req=512 actual=512
SDTRACE us=103294113 src=writer op=write ok=1 rec=8060 q=3 req=512 actual=512
SDTRACE us=103646183 src=writer op=write ok=1 rec=8119 q=5 req=512 actual=512
SDTRACE us=104002694 src=writer op=write ok=1 rec=8181 q=2 req=512 actual=512
SDTRACE us=104316111 src=writer op=write ok=1 rec=8241 q=14 req=512 actual=512
SDTRACE us=104569109 src=writer op=write ok=1 rec=8301 q=5 req=512 actual=512
SDTRACE us=104929112 src=writer op=write ok=1 rec=8362 q=0 req=512 actual=512
SDTRACE us=105260115 src=writer op=write ok=1 rec=8424 q=13 req=512 actual=512
SDTRACE us=105457111 src=writer op=write ok=1 rec=8482 q=1 req=512 actual=512
SDTRACE us=105894112 src=writer op=write ok=1 rec=8543 q=6 req=512 actual=512
SDTRACE us=106211116 src=writer op=write ok=1 rec=8606 q=7 req=512 actual=512
SDTRACE us=106429110 src=writer op=write ok=1 rec=8664 q=6 req=512 actual=512
SDTRACE us=106852109 src=writer op=write ok=1 rec=8725 q=12 req=512 actual=512
SDTRACE us=107180108 src=writer op=write ok=1 rec=8788 q=4 req=512 actual=512
SDTRACE us=107361111 src=writer op=write ok=1 rec=8845 q=12 req=512 actual=512
SDTRACE us=107719900 src=writer op=write ok=1 rec=8907 q=4 req=512 actual=512
SDTRACE us=108127112 src=writer op=write ok=1 rec=8969 q=6 req=512 actual=512
SDTRACE us=108299109 src=writer op=write ok=1 rec=9028 q=5 req=512 actual=512
SDTRACE us=108663113 src=writer op=write ok=1 rec=9088 q=8 req=512 actual=512
SDTRACE us=109060960 src=writer op=write ok=1 rec=9150 q=8 req=512 actual=512
SDTRACE us=109290145 src=writer op=write ok=1 rec=9209 q=7 req=512 actual=512
SDTRACE us=109601109 src=writer op=write ok=1 rec=9269 q=10 req=512 actual=512
SDTRACE us=109961345 src=writer op=write ok=1 rec=9330 q=6 req=512 actual=512
SDTRACE us=110276110 src=writer op=write ok=1 rec=9392 q=12 req=512 actual=512
SDTRACE us=110488111 src=writer op=write ok=1 rec=9450 q=7 req=512 actual=512
SDTRACE us=110915113 src=writer op=write ok=1 rec=9512 q=10 req=512 actual=512
SDTRACE us=111233113 src=writer op=write ok=1 rec=9576 q=8 req=512 actual=512
SDTRACE us=111386111 src=writer op=write ok=1 rec=9632 q=3 req=512 actual=512
SDTRACE us=111833043 src=writer op=write ok=1 rec=9694 q=10 req=512 actual=512
SDTRACE us=112183117 src=writer op=write ok=1 rec=9757 q=4 req=512 actual=512
SDTRACE us=112368178 src=writer op=write ok=1 rec=9814 q=13 req=512 actual=512
SDTRACE us=112736106 src=writer op=write ok=1 rec=9875 q=6 req=512 actual=512
SDTRACE us=113092111 src=writer op=write ok=1 rec=9938 q=2 req=512 actual=512
SDTRACE us=113331113 src=writer op=write ok=1 rec=9996 q=9 req=512 actual=512
SDTRACE us=113625108 src=writer op=write ok=1 rec=10057 q=1 req=512 actual=512
SDTRACE us=114062169 src=writer op=write ok=1 rec=10118 q=11 req=512 actual=512
SDTRACE us=114322196 src=writer op=write ok=1 rec=10179 q=16 req=512 actual=512
SDTRACE us=114568335 src=writer op=write ok=1 rec=10237 q=5 req=512 actual=512
SDTRACE us=114998109 src=writer op=write ok=1 rec=10298 q=9 req=512 actual=512
SDTRACE us=115245104 src=writer op=write ok=1 rec=10361 q=5 req=512 actual=512
SDTRACE us=115529109 src=writer op=write ok=1 rec=10418 q=9 req=512 actual=512
SDTRACE us=115886700 src=writer op=write ok=1 rec=10480 q=3 req=512 actual=512
SDTRACE us=116244123 src=writer op=write ok=1 rec=10544 q=12 req=512 actual=512
SDTRACE us=116410105 src=writer op=write ok=1 rec=10601 q=2 req=512 actual=512
SDTRACE us=116854146 src=writer op=write ok=1 rec=10662 q=8 req=512 actual=512
SDTRACE us=117224148 src=writer op=write ok=1 rec=10726 q=14 req=512 actual=512
SDTRACE us=117347113 src=writer op=write ok=1 rec=10782 q=4 req=512 actual=512
SDTRACE us=117770167 src=writer op=write ok=1 rec=10844 q=8 req=512 actual=512
SDTRACE us=118131111 src=writer op=write ok=1 rec=10906 q=4 req=512 actual=512
SDTRACE us=118361111 src=writer op=write ok=1 rec=10965 q=16 req=512 actual=512
SDTRACE us=118659106 src=writer op=write ok=1 rec=11025 q=2 req=512 actual=512
SDTRACE us=119095110 src=writer op=write ok=1 rec=11087 q=10 req=512 actual=512
SDTRACE us=119337118 src=writer op=write ok=1 rec=11147 q=16 req=512 actual=512
SDTRACE us=119591471 src=writer op=write ok=1 rec=11206 q=6 req=512 actual=512
SDTRACE us=120040112 src=writer op=write ok=1 rec=11268 q=9 req=512 actual=512
SDTRACE us=120253107 src=writer op=write ok=1 rec=11330 q=2 req=512 actual=512
SDTRACE us=120568111 src=writer op=write ok=1 rec=11389 q=9 req=512 actual=512
SDTRACE us=120961887 src=writer op=write ok=1 rec=11450 q=8 req=512 actual=512
SDTRACE us=121225530 src=writer op=write ok=1 rec=11513 q=8 req=512 actual=512
SDTRACE us=121488109 src=writer op=write ok=1 rec=11572 q=8 req=512 actual=512
SDTRACE us=121525128 src=writer op=flush ok=1 rec=11585 q=0 req=0 actual=0
SDTRACE us=121525504 src=writer op=close ok=1 rec=11585 q=0 req=0 actual=0
SDTRACE us=121539389 src=summary op=open ok=1 rec=11585 q=0 req=0 actual=0
SDTRACE us=121544028 src=summary op=write ok=1 rec=11585 q=0 req=0 actual=0
SDTRACE us=121559310 src=summary op=close ok=1 rec=11585 q=0 req=0 actual=0
XIAO UART baud=921600 rx=GPIO8 tx=GPIO9 bytes=2203296 frames=8736 crc/cobs/len=0/0/0 seqgap=58 age_ms=0 type=5 log=0 q=0 rec=11585 final=0
XIAO UART baud=921600 rx=GPIO8 tx=GPIO9 bytes=2221160 frames=8871 crc/cobs/len=0/0/0 seqgap=58 age_ms=1 type=56 log=0 q=0 rec=11585 final=0
XIAO UART baud=921600 rx=GPIO8 tx=GPIO9 bytes=2238992 frames=9006 crc/cobs/len=0/0/0 seqgap=60 age_ms=2 type=24 log=0 q=0 rec=11585 final=0
XIAO UART baud=921600 rx=GPIO8 tx=GPIO9 bytes=2257044 frames=9142 crc/cobs/len=0/0/0 seqgap=60 age_ms=0 type=7 log=0 q=0 rec=11585 final=0
XIAO UART baud=921600 rx=GPIO8 tx=GPIO9 bytes=2274968 frames=9277 crc/cobs/len=0/0/0 seqgap=60 age_ms=0 type=57 log=0 q=0 rec=11585 final=0
XIAO UART baud=921600 rx=GPIO8 tx=GPIO9 bytes=2293112 frames=9414 crc/cobs/len=0/0/0 seqgap=62 age_ms=0 type=7 log=0 q=0 rec=11585 final=0
XIAO UART baud=921600 rx=GPIO8 tx=GPIO9 bytes=2310868 frames=9547 crc/cobs/len=0/0/0 seqgap=62 age_ms=1 type=56 log=0 q=0 rec=11585 final=0
XIAO UART baud=921600 rx=GPIO8 tx=GPIO9 bytes=2329508 frames=9687 crc/cobs/len=0/0/0 seqgap=62 age_ms=1 type=7 log=0 q=0 rec=11585 final=0
XIAO UART baud=921600 rx=GPIO8 tx=GPIO9 bytes=2347340 frames=9822 crc/cobs/len=0/0/0 seqgap=62 age_ms=1 type=24 log=0 q=0 rec=11585 final=0
XIAO UART baud=921600 rx=GPIO8 tx=GPIO9 bytes=2365244 frames=9957 crc/cobs/len=0/0/0 seqgap=64 age_ms=1 type=7 log=0 q=0 rec=11585 final=0
XIAO UART baud=921600 rx=GPIO8 tx=GPIO9 bytes=2383720 frames=10096 crc/cobs/len=0/0/0 seqgap=64 age_ms=10 type=24 log=0 q=0 rec=11585 final=0
XIAO UART baud=921600 rx=GPIO8 tx=GPIO9 bytes=2402164 frames=10236 crc/cobs/len=0/0/0 seqgap=64 age_ms=8 type=56 log=0 q=0 rec=11585 final=0
XIAO UART baud=921600 rx=GPIO8 tx=GPIO9 bytes=2420308 frames=10373 crc/cobs/len=0/0/0 seqgap=64 age_ms=11 type=7 log=0 q=0 rec=11585 final=0
XIAO UART baud=921600 rx=GPIO8 tx=GPIO9 bytes=2438636 frames=10511 crc/cobs/len=0/0/0 seqgap=64 age_ms=8 type=24 log=0 q=0 rec=11585 final=0
XIAO UART baud=921600 rx=GPIO8 tx=GPIO9 bytes=2456856 frames=10649 crc/cobs/len=0/0/0 seqgap=66 age_ms=12 type=57 log=0 q=0 rec=11585 final=0
XIAO UART baud=921600 rx=GPIO8 tx=GPIO9 bytes=2475224 frames=10788 crc/cobs/len=0/0/0 seqgap=66 age_ms=13 type=32 log=0 q=0 rec=11585 final=0
XIAO UART baud=921600 rx=GPIO8 tx=GPIO9 bytes=2493460 frames=10925 crc/cobs/len=0/0/0 seqgap=66 age_ms=13 type=56 log=0 q=0 rec=11585 final=0
XIAO UART baud=921600 rx=GPIO8 tx=GPIO9 bytes=2511604 frames=11062 crc/cobs/len=0/0/0 seqgap=66 age_ms=13 type=7 log=0 q=0 rec=11585 final=0
XIAO UART baud=921600 rx=GPIO8 tx=GPIO9 bytes=2529752 frames=11198 crc/cobs/len=0/0/0 seqgap=66 age_ms=13 type=5 log=0 q=0 rec=11585 final=0
XIAO UART baud=921600 rx=GPIO8 tx=GPIO9 bytes=2548336 frames=11339 crc/cobs/len=0/0/0 seqgap=68 age_ms=13 type=24 log=0 q=0 rec=11585 final=0
