DIAG state=FAULT dry=1 bno_ready=1 addr=0x4A init/reinit/poll=1/0/13953 event A/G/M=0/0/0 age_rx_us=4294967295/4294967295/4294967295
IMU cand/pair/call/ok=0/0/0/0 reject=0 dup/order/stale/dt/nonfinite/norm/queue=0/0/0/0/0/0/0 last_ok_age_us=4294967295 dt_us=0 align_samples=0 align_elapsed_us=0
HEALTH state=0 health=0 reason=imu_stale mount=0 imu_age_us=4294967295 imu_gaps=0 reversals=0 covariance=1 finite=1 gnss_age_us=130579285 tof_age_us=4294967295 obs=1
BNO_TS ACCEL events=0 unique=0 exact=1 overflow=0 dup=0 reverse=0 rollover=0 sensor_dt_us=0/0.00/0 rx_dt_us=0/0.00/0 pair_first=0/0 pair_last=0/0
BNO_TS GYRO events=0 unique=0 exact=1 overflow=0 dup=0 reverse=0 rollover=0 sensor_dt_us=0/0.00/0 rx_dt_us=0/0.00/0 pair_first=0/0 pair_last=0/0
BNO_TS MAG events=0 unique=0 exact=1 overflow=0 dup=0 reverse=0 rollover=0 sensor_dt_us=0/0.00/0 rx_dt_us=0/0.00/0 pair_first=0/0 pair_last=0/0
BNO_VEC ACCEL_SENSOR_AND_ESKF_INPUT events=0 nonfinite=0
BNO_VEC GYRO_SENSOR_AND_ESKF_INPUT events=0 nonfinite=0
BNO_VEC MAG_SENSOR events=0 nonfinite=0
LINK queue/drop/high=1/0/3 tof=4238
TXDIAG frames_s=116 bytes_s=16253 total_frames=16158 total_bytes=2268284 queue=0 high=3 drops=0 bno_drop=0 partial=0 zero=0 write_calls=314497 max_write_us=141 free_heap=250036 min_free_heap=250036 usage_pct=17.64
BNO_TX kind=1 event=0 req=0 enq=0 drop=0 done=0 bytes=0
BNO_REPORT kind=1 report_id=0 interval_us=0 requested_hz=0.000 enable_ok=0 enable_fail=0 callback=0 switch=0 kind_convert=0 events=0 tx_req=0 tx_enq=0 tx_done=0 tx_drop=0 event_drop=0 reset_reconfig=0 effective_hz=0.000
BNO_TX kind=2 event=0 req=0 enq=0 drop=0 done=0 bytes=0
BNO_REPORT kind=2 report_id=0 interval_us=0 requested_hz=0.000 enable_ok=0 enable_fail=0 callback=0 switch=0 kind_convert=0 events=0 tx_req=0 tx_enq=0 tx_done=0 tx_drop=0 event_drop=0 reset_reconfig=0 effective_hz=0.000
BNO_TX kind=3 event=0 req=0 enq=0 drop=0 done=0 bytes=0
BNO_REPORT kind=3 report_id=8 interval_us=20000 requested_hz=50.000 enable_ok=2 enable_fail=0 callback=6976 switch=6976 kind_convert=6976 events=6976 tx_req=0 tx_enq=0 tx_done=0 tx_drop=0 event_drop=0 reset_reconfig=1 effective_hz=50.014
BNO_TX kind=4 event=0 req=0 enq=0 drop=0 done=0 bytes=0
BNO_REPORT kind=4 report_id=0 interval_us=0 requested_hz=0.000 enable_ok=0 enable_fail=0 callback=0 switch=0 kind_convert=0 events=0 tx_req=0 tx_enq=0 tx_done=0 tx_drop=0 event_drop=0 reset_reconfig=0 effective_hz=0.000
BNO_TX kind=5 event=0 req=0 enq=0 drop=0 done=0 bytes=0
BNO_REPORT kind=5 report_id=0 interval_us=0 requested_hz=0.000 enable_ok=0 enable_fail=0 callback=0 switch=0 kind_convert=0 events=0 tx_req=0 tx_enq=0 tx_done=0 tx_drop=0 event_drop=0 reset_reconfig=0 effective_hz=0.000
DIAG state=FAULT dry=1 bno_ready=1 addr=0x4A init/reinit/poll=1/0/14053 event A/G/M=0/0/0 age_rx_us=4294967295/4294967295/4294967295
IMU cand/pair/call/ok=0/0/0/0 reject=0 dup/order/stale/dt/nonfinite/norm/queue=0/0/0/0/0/0/0 last_ok_age_us=4294967295 dt_us=0 align_samples=0 align_elapsed_us=0
HEALTH state=0 health=0 reason=imu_stale mount=0 imu_age_us=4294967295 imu_gaps=0 reversals=0 covariance=1 finite=1 gnss_age_us=130578073 tof_age_us=4294967295 obs=1
BNO_TS ACCEL events=0 unique=0 exact=1 overflow=0 dup=0 reverse=0 rollover=0 sensor_dt_us=0/0.00/0 rx_dt_us=0/0.00/0 pair_first=0/0 pair_last=0/0
BNO_TS GYRO events=0 unique=0 exact=1 overflow=0 dup=0 reverse=0 rollover=0 sensor_dt_us=0/0.00/0 rx_dt_us=0/0.00/0 pair_first=0/0 pair_last=0/0
BNO_TS MAG events=0 unique=0 exact=1 overflow=0 dup=0 reverse=0 rollover=0 sensor_dt_us=0/0.00/0 rx_dt_us=0/0.00/0 pair_first=0/0 pair_last=0/0
BNO_VEC ACCEL_SENSOR_AND_ESKF_INPUT events=0 nonfinite=0
BNO_VEC GYRO_SENSOR_AND_ESKF_INPUT events=0 nonfinite=0
BNO_VEC MAG_SENSOR events=0 nonfinite=0
LINK queue/drop/high=0/0/3 tof=4268
TXDIAG frames_s=117 bytes_s=16399 total_frames=16276 total_bytes=2284716 queue=0 high=3 drops=0 bno_drop=0 partial=0 zero=0 write_calls=316806 max_write_us=141 free_heap=250036 min_free_heap=250036 usage_pct=17.79
BNO_TX kind=1 event=0 req=0 enq=0 drop=0 done=0 bytes=0
BNO_REPORT kind=1 report_id=0 interval_us=0 requested_hz=0.000 enable_ok=0 enable_fail=0 callback=0 switch=0 kind_convert=0 events=0 tx_req=0 tx_enq=0 tx_done=0 tx_drop=0 event_drop=0 reset_reconfig=0 effective_hz=0.000
BNO_TX kind=2 event=0 req=0 enq=0 drop=0 done=0 bytes=0
BNO_REPORT kind=2 report_id=0 interval_us=0 requested_hz=0.000 enable_ok=0 enable_fail=0 callback=0 switch=0 kind_convert=0 events=0 tx_req=0 tx_enq=0 tx_done=0 tx_drop=0 event_drop=0 reset_reconfig=0 effective_hz=0.000
BNO_TX kind=3 event=0 req=0 enq=0 drop=0 done=0 bytes=0
BNO_REPORT kind=3 report_id=8 interval_us=20000 requested_hz=50.000 enable_ok=2 enable_fail=0 callback=7026 switch=7026 kind_convert=7026 events=7026 tx_req=0 tx_enq=0 tx_done=0 tx_drop=0 event_drop=0 reset_reconfig=1 effective_hz=50.014
BNO_TX kind=4 event=0 req=0 enq=0 drop=0 done=0 bytes=0
BNO_REPORT kind=4 report_id=0 interval_us=0 requested_hz=0.000 enable_ok=0 enable_fail=0 callback=0 switch=0 kind_convert=0 events=0 tx_req=0 tx_enq=0 tx_done=0 tx_drop=0 event_drop=0 reset_reconfig=0 effective_hz=0.000
BNO_TX kind=5 event=0 req=0 enq=0 drop=0 done=0 bytes=0
BNO_REPORT kind=5 report_id=0 interval_us=0 requested_hz=0.000 enable_ok=0 enable_fail=0 callback=0 switch=0 kind_convert=0 events=0 tx_req=0 tx_enq=0 tx_done=0 tx_drop=0 event_drop=0 reset_reconfig=0 effective_hz=0.000
DIAG state=FAULT dry=1 bno_ready=1 addr=0x4A init/reinit/poll=1/0/14154 event A/G/M=0/0/0 age_rx_us=4294967295/4294967295/4294967295
IMU cand/pair/call/ok=0/0/0/0 reject=0 dup/order/stale/dt/nonfinite/norm/queue=0/0/0/0/0/0/0 last_ok_age_us=4294967295 dt_us=0 align_samples=0 align_elapsed_us=0
HEALTH state=0 health=0 reason=imu_stale mount=0 imu_age_us=4294967295 imu_gaps=0 reversals=0 covariance=1 finite=1 gnss_age_us=130583739 tof_age_us=4294967295 obs=1
BNO_TS ACCEL events=0 unique=0 exact=1 overflow=0 dup=0 reverse=0 rollover=0 sensor_dt_us=0/0.00/0 rx_dt_us=0/0.00/0 pair_first=0/0 pair_last=0/0
BNO_TS GYRO events=0 unique=0 exact=1 overflow=0 dup=0 reverse=0 rollover=0 sensor_dt_us=0/0.00/0 rx_dt_us=0/0.00/0 pair_first=0/0 pair_last=0/0
BNO_TS MAG events=0 unique=0 exact=1 overflow=0 dup=0 reverse=0 rollover=0 sensor_dt_us=0/0.00/0 rx_dt_us=0/0.00/0 pair_first=0/0 pair_last=0/0
BNO_VEC ACCEL_SENSOR_AND_ESKF_INPUT events=0 nonfinite=0
BNO_VEC GYRO_SENSOR_AND_ESKF_INPUT events=0 nonfinite=0
BNO_VEC MAG_SENSOR events=0 nonfinite=0
LINK queue/drop/high=1/0/3 tof=4299
TXDIAG frames_s=117 bytes_s=16452 total_frames=16394 total_bytes=2301284 queue=0 high=3 drops=0 bno_drop=0 partial=0 zero=0 write_calls=319216 max_write_us=149 free_heap=250036 min_free_heap=250036 usage_pct=17.85
BNO_TX kind=1 event=0 req=0 enq=0 drop=0 done=0 bytes=0
BNO_REPORT kind=1 report_id=0 interval_us=0 requested_hz=0.000 enable_ok=0 enable_fail=0 callback=0 switch=0 kind_convert=0 events=0 tx_req=0 tx_enq=0 tx_done=0 tx_drop=0 event_drop=0 reset_reconfig=0 effective_hz=0.000
BNO_TX kind=2 event=0 req=0 enq=0 drop=0 done=0 bytes=0
BNO_REPORT kind=2 report_id=0 interval_us=0 requested_hz=0.000 enable_ok=0 enable_fail=0 callback=0 switch=0 kind_convert=0 events=0 tx_req=0 tx_enq=0 tx_done=0 tx_drop=0 event_drop=0 reset_reconfig=0 effective_hz=0.000
BNO_TX kind=3 event=0 req=0 enq=0 drop=0 done=0 bytes=0
BNO_REPORT kind=3 report_id=8 interval_us=20000 requested_hz=50.000 enable_ok=2 enable_fail=0 callback=7076 switch=7076 kind_convert=7076 events=7076 tx_req=0 tx_enq=0 tx_done=0 tx_drop=0 event_drop=0 reset_reconfig=1 effective_hz=50.014
BNO_TX kind=4 event=0 req=0 enq=0 drop=0 done=0 bytes=0
BNO_REPORT kind=4 report_id=0 interval_us=0 requested_hz=0.000 enable_ok=0 enable_fail=0 callback=0 switch=0 kind_convert=0 events=0 tx_req=0 tx_enq=0 tx_done=0 tx_drop=0 event_drop=0 reset_reconfig=0 effective_hz=0.000
BNO_TX kind=5 event=0 req=0 enq=0 drop=0 done=0 bytes=0
BNO_REPORT kind=5 report_id=0 interval_us=0 requested_hz=0.000 enable_ok=0 enable_fail=0 callback=0 switch=0 kind_convert=0 events=0 tx_req=0 tx_enq=0 tx_done=0 tx_drop=0 event_drop=0 reset_reconfig=0 effective_hz=0.000
DIAG state=FAULT dry=1 bno_ready=1 addr=0x4A init/reinit/poll=1/0/14254 event A/G/M=0/0/0 age_rx_us=4294967295/4294967295/4294967295
IMU cand/pair/call/ok=0/0/0/0 reject=0 dup/order/stale/dt/nonfinite/norm/queue=0/0/0/0/0/0/0 last_ok_age_us=4294967295 dt_us=0 align_samples=0 align_elapsed_us=0
HEALTH state=0 health=0 reason=imu_stale mount=0 imu_age_us=4294967295 imu_gaps=0 reversals=0 covariance=1 finite=1 gnss_age_us=130582914 tof_age_us=4294967295 obs=1
BNO_TS ACCEL events=0 unique=0 exact=1 overflow=0 dup=0 reverse=0 rollover=0 sensor_dt_us=0/0.00/0 rx_dt_us=0/0.00/0 pair_first=0/0 pair_last=0/0
BNO_TS GYRO events=0 unique=0 exact=1 overflow=0 dup=0 reverse=0 rollover=0 sensor_dt_us=0/0.00/0 rx_dt_us=0/0.00/0 pair_first=0/0 pair_last=0/0
BNO_TS MAG events=0 unique=0 exact=1 overflow=0 dup=0 reverse=0 rollover=0 sensor_dt_us=0/0.00/0 rx_dt_us=0/0.00/0 pair_first=0/0 pair_last=0/0
BNO_VEC ACCEL_SENSOR_AND_ESKF_INPUT events=0 nonfinite=0
BNO_VEC GYRO_SENSOR_AND_ESKF_INPUT events=0 nonfinite=0
BNO_VEC MAG_SENSOR events=0 nonfinite=0
LINK queue/drop/high=0/0/3 tof=4329
TXDIAG frames_s=117 bytes_s=16399 total_frames=16512 total_bytes=2317716 queue=0 high=3 drops=0 bno_drop=0 partial=0 zero=0 write_calls=321410 max_write_us=149 free_heap=250036 min_free_heap=250036 usage_pct=17.79
BNO_TX kind=1 event=0 req=0 enq=0 drop=0 done=0 bytes=0
BNO_REPORT kind=1 report_id=0 interval_us=0 requested_hz=0.000 enable_ok=0 enable_fail=0 callback=0 switch=0 kind_convert=0 events=0 tx_req=0 tx_enq=0 tx_done=0 tx_drop=0 event_drop=0 reset_reconfig=0 effective_hz=0.000
BNO_TX kind=2 event=0 req=0 enq=0 drop=0 done=0 bytes=0
BNO_REPORT kind=2 report_id=0 interval_us=0 requested_hz=0.000 enable_ok=0 enable_fail=0 callback=0 switch=0 kind_convert=0 events=0 tx_req=0 tx_enq=0 tx_done=0 tx_drop=0 event_drop=0 reset_reconfig=0 effective_hz=0.000
BNO_TX kind=3 event=0 req=0 enq=0 drop=0 done=0 bytes=0
BNO_REPORT kind=3 report_id=8 interval_us=20000 requested_hz=50.000 enable_ok=2 enable_fail=0 callback=7126 switch=7126 kind_convert=7126 events=7126 tx_req=0 tx_enq=0 tx_done=0 tx_drop=0 event_drop=0 reset_reconfig=1 effective_hz=50.014
BNO_TX kind=4 event=0 req=0 enq=0 drop=0 done=0 bytes=0
BNO_REPORT kind=4 report_id=0 interval_us=0 requested_hz=0.000 enable_ok=0 enable_fail=0 callback=0 switch=0 kind_convert=0 events=0 tx_req=0 tx_enq=0 tx_done=0 tx_drop=0 event_drop=0 reset_reconfig=0 effective_hz=0.000
BNO_TX kind=5 event=0 req=0 enq=0 drop=0 done=0 bytes=0
BNO_REPORT kind=5 report_id=0 interval_us=0 requested_hz=0.000 enable_ok=0 enable_fail=0 callback=0 switch=0 kind_convert=0 events=0 tx_req=0 tx_enq=0 tx_done=0 tx_drop=0 event_drop=0 reset_reconfig=0 effective_hz=0.000
DIAG state=FAULT dry=1 bno_ready=1 addr=0x4A init/reinit/poll=1/0/14354 event A/G/M=0/0/0 age_rx_us=4294967295/4294967295/4294967295
IMU cand/pair/call/ok=0/0/0/0 reject=0 dup/order/stale/dt/nonfinite/norm/queue=0/0/0/0/0/0/0 last_ok_age_us=4294967295 dt_us=0 align_samples=0 align_elapsed_us=0
HEALTH state=0 health=0 reason=imu_stale mount=0 imu_age_us=4294967295 imu_gaps=0 reversals=0 covariance=1 finite=1 gnss_age_us=130588836 tof_age_us=4294967295 obs=1
BNO_TS ACCEL events=0 unique=0 exact=1 overflow=0 dup=0 reverse=0 rollover=0 sensor_dt_us=0/0.00/0 rx_dt_us=0/0.00/0 pair_first=0/0 pair_last=0/0
BNO_TS GYRO events=0 unique=0 exact=1 overflow=0 dup=0 reverse=0 rollover=0 sensor_dt_us=0/0.00/0 rx_dt_us=0/0.00/0 pair_first=0/0 pair_last=0/0
BNO_TS MAG events=0 unique=0 exact=1 overflow=0 dup=0 reverse=0 rollover=0 sensor_dt_us=0/0.00/0 rx_dt_us=0/0.00/0 pair_first=0/0 pair_last=0/0
BNO_VEC ACCEL_SENSOR_AND_ESKF_INPUT events=0 nonfinite=0
BNO_VEC GYRO_SENSOR_AND_ESKF_INPUT events=0 nonfinite=0
BNO_VEC MAG_SENSOR events=0 nonfinite=0
LINK queue/drop/high=1/0/3 tof=4360
TXDIAG frames_s=117 bytes_s=16452 total_frames=16630 total_bytes=2334284 queue=0 high=3 drops=0 bno_drop=0 partial=0 zero=0 write_calls=323884 max_write_us=149 free_heap=250036 min_free_heap=250036 usage_pct=17.85
BNO_TX kind=1 event=0 req=0 enq=0 drop=0 done=0 bytes=0
BNO_REPORT kind=1 report_id=0 interval_us=0 requested_hz=0.000 enable_ok=0 enable_fail=0 callback=0 switch=0 kind_convert=0 events=0 tx_req=0 tx_enq=0 tx_done=0 tx_drop=0 event_drop=0 reset_reconfig=0 effective_hz=0.000
BNO_TX kind=2 event=0 req=0 enq=0 drop=0 done=0 bytes=0
BNO_REPORT kind=2 report_id=0 interval_us=0 requested_hz=0.000 enable_ok=0 enable_fail=0 callback=0 switch=0 kind_convert=0 events=0 tx_req=0 tx_enq=0 tx_done=0 tx_drop=0 event_drop=0 reset_reconfig=0 effective_hz=0.000
BNO_TX kind=3 event=0 req=0 enq=0 drop=0 done=0 bytes=0
BNO_REPORT kind=3 report_id=8 interval_us=20000 requested_hz=50.000 enable_ok=2 enable_fail=0 callback=7177 switch=7177 kind_convert=7177 events=7177 tx_req=0 tx_enq=0 tx_done=0 tx_drop=0 event_drop=0 reset_reconfig=1 effective_hz=50.014
BNO_TX kind=4 event=0 req=0 enq=0 drop=0 done=0 bytes=0
BNO_REPORT kind=4 report_id=0 interval_us=0 requested_hz=0.000 enable_ok=0 enable_fail=0 callback=0 switch=0 kind_convert=0 events=0 tx_req=0 tx_enq=0 tx_done=0 tx_drop=0 event_drop=0 reset_reconfig=0 effective_hz=0.000
BNO_TX kind=5 event=0 req=0 enq=0 drop=0 done=0 bytes=0
BNO_REPORT kind=5 report_id=0 interval_us=0 requested_hz=0.000 enable_ok=0 enable_fail=0 callback=0 switch=0 kind_convert=0 events=0 tx_req=0 tx_enq=0 tx_done=0 tx_drop=0 event_drop=0 reset_reconfig=0 effective_hz=0.000
P1_CAPTURE_STATS_RESET
TX_DIAG_RESET
DIAG state=FAULT dry=1 bno_ready=1 addr=0x4A init/reinit/poll=0/0/96 event A/G/M=0/0/0 age_rx_us=4294967295/4294967295/4294967295
IMU cand/pair/call/ok=0/0/0/0 reject=0 dup/order/stale/dt/nonfinite/norm/queue=0/0/0/0/0/0/0 last_ok_age_us=4294967295 dt_us=0 align_samples=0 align_elapsed_us=0
HEALTH state=0 health=0 reason=imu_stale mount=0 imu_age_us=4294967295 imu_gaps=0 reversals=0 covariance=1 finite=1 gnss_age_us=130596590 tof_age_us=4294967295 obs=1
BNO_TS ACCEL events=0 unique=0 exact=1 overflow=0 dup=0 reverse=0 rollover=0 sensor_dt_us=0/0.00/0 rx_dt_us=0/0.00/0 pair_first=0/0 pair_last=0/0
BNO_TS GYRO events=0 unique=0 exact=1 overflow=0 dup=0 reverse=0 rollover=0 sensor_dt_us=0/0.00/0 rx_dt_us=0/0.00/0 pair_first=0/0 pair_last=0/0
BNO_TS MAG events=0 unique=0 exact=1 overflow=0 dup=0 reverse=0 rollover=0 sensor_dt_us=0/0.00/0 rx_dt_us=0/0.00/0 pair_first=0/0 pair_last=0/0
BNO_VEC ACCEL_SENSOR_AND_ESKF_INPUT events=0 nonfinite=0
BNO_VEC GYRO_SENSOR_AND_ESKF_INPUT events=0 nonfinite=0
BNO_VEC MAG_SENSOR events=0 nonfinite=0
LINK queue/drop/high=0/0/3 tof=4390
TXDIAG frames_s=161000 bytes_s=19800000 total_frames=161 total_bytes=19800 queue=0 high=3 drops=0 bno_drop=0 partial=0 zero=0 write_calls=2389 max_write_us=69 free_heap=250036 min_free_heap=250036 usage_pct=21484.38
BNO_TX kind=1 event=0 req=0 enq=0 drop=0 done=0 bytes=0
BNO_REPORT kind=1 report_id=0 interval_us=0 requested_hz=0.000 enable_ok=0 enable_fail=0 callback=0 switch=0 kind_convert=0 events=0 tx_req=0 tx_enq=0 tx_done=0 tx_drop=0 event_drop=0 reset_reconfig=0 effective_hz=0.000
BNO_TX kind=2 event=0 req=0 enq=0 drop=0 done=0 bytes=0
BNO_REPORT kind=2 report_id=0 interval_us=0 requested_hz=0.000 enable_ok=0 enable_fail=0 callback=0 switch=0 kind_convert=0 events=0 tx_req=0 tx_enq=0 tx_done=0 tx_drop=0 event_drop=0 reset_reconfig=0 effective_hz=0.000
BNO_TX kind=3 event=48 req=48 enq=48 drop=0 done=48 bytes=4032
BNO_REPORT kind=3 report_id=8 interval_us=20000 requested_hz=50.000 enable_ok=2 enable_fail=0 callback=49 switch=49 kind_convert=49 events=49 tx_req=48 tx_enq=48 tx_done=48 tx_drop=0 event_drop=0 reset_reconfig=1 effective_hz=50.010
BNO_TX kind=4 event=0 req=0 enq=0 drop=0 done=0 bytes=0
BNO_REPORT kind=4 report_id=0 interval_us=0 requested_hz=0.000 enable_ok=0 enable_fail=0 callback=0 switch=0 kind_convert=0 events=0 tx_req=0 tx_enq=0 tx_done=0 tx_drop=0 event_drop=0 reset_reconfig=0 effective_hz=0.000
BNO_TX kind=5 event=0 req=0 enq=0 drop=0 done=0 bytes=0
BNO_REPORT kind=5 report_id=0 interval_us=0 requested_hz=0.000 enable_ok=0 enable_fail=0 callback=0 switch=0 kind_convert=0 events=0 tx_req=0 tx_enq=0 tx_done=0 tx_drop=0 event_drop=0 reset_reconfig=0 effective_hz=0.000
DIAG state=FAULT dry=1 bno_ready=1 addr=0x4A init/reinit/poll=0/0/198 event A/G/M=0/0/0 age_rx_us=4294967295/4294967295/4294967295
IMU cand/pair/call/ok=0/0/0/0 reject=0 dup/order/stale/dt/nonfinite/norm/queue=0/0/0/0/0/0/0 last_ok_age_us=4294967295 dt_us=0 align_samples=0 align_elapsed_us=0
HEALTH state=0 health=0 reason=imu_stale mount=0 imu_age_us=4294967295 imu_gaps=0 reversals=0 covariance=1 finite=1 gnss_age_us=130602846 tof_age_us=4294967295 obs=1
BNO_TS ACCEL events=0 unique=0 exact=1 overflow=0 dup=0 reverse=0 rollover=0 sensor_dt_us=0/0.00/0 rx_dt_us=0/0.00/0 pair_first=0/0 pair_last=0/0
BNO_TS GYRO events=0 unique=0 exact=1 overflow=0 dup=0 reverse=0 rollover=0 sensor_dt_us=0/0.00/0 rx_dt_us=0/0.00/0 pair_first=0/0 pair_last=0/0
BNO_TS MAG events=0 unique=0 exact=1 overflow=0 dup=0 reverse=0 rollover=0 sensor_dt_us=0/0.00/0 rx_dt_us=0/0.00/0 pair_first=0/0 pair_last=0/0
BNO_VEC ACCEL_SENSOR_AND_ESKF_INPUT events=0 nonfinite=0
BNO_VEC GYRO_SENSOR_AND_ESKF_INPUT events=0 nonfinite=0
BNO_VEC MAG_SENSOR events=0 nonfinite=0
LINK queue/drop/high=1/0/3 tof=4421
TXDIAG frames_s=168 bytes_s=20781 total_frames=331 total_bytes=40748 queue=0 high=3 drops=0 bno_drop=0 partial=0 zero=0 write_calls=5056 max_write_us=99 free_heap=249992 min_free_heap=250036 usage_pct=22.55
BNO_TX kind=1 event=0 req=0 enq=0 drop=0 done=0 bytes=0
BNO_REPORT kind=1 report_id=0 interval_us=0 requested_hz=0.000 enable_ok=0 enable_fail=0 callback=0 switch=0 kind_convert=0 events=0 tx_req=0 tx_enq=0 tx_done=0 tx_drop=0 event_drop=0 reset_reconfig=0 effective_hz=0.000
BNO_TX kind=2 event=0 req=0 enq=0 drop=0 done=0 bytes=0
BNO_REPORT kind=2 report_id=0 interval_us=0 requested_hz=0.000 enable_ok=0 enable_fail=0 callback=0 switch=0 kind_convert=0 events=0 tx_req=0 tx_enq=0 tx_done=0 tx_drop=0 event_drop=0 reset_reconfig=0 effective_hz=0.000
BNO_TX kind=3 event=99 req=99 enq=99 drop=0 done=99 bytes=8316
BNO_REPORT kind=3 report_id=8 interval_us=20000 requested_hz=50.000 enable_ok=2 enable_fail=0 callback=99 switch=99 kind_convert=99 events=99 tx_req=99 tx_enq=99 tx_done=99 tx_drop=0 event_drop=0 reset_reconfig=1 effective_hz=50.015
BNO_TX kind=4 event=0 req=0 enq=0 drop=0 done=0 bytes=0
BNO_REPORT kind=4 report_id=0 interval_us=0 requested_hz=0.000 enable_ok=0 enable_fail=0 callback=0 switch=0 kind_convert=0 events=0 tx_req=0 tx_enq=0 tx_done=0 tx_drop=0 event_drop=0 reset_reconfig=0 effective_hz=0.000
BNO_TX kind=5 event=0 req=0 enq=0 drop=0 done=0 bytes=0
BNO_REPORT kind=5 report_id=0 interval_us=0 requested_hz=0.000 enable_ok=0 enable_fail=0 callback=0 switch=0 kind_convert=0 events=0 tx_req=0 tx_enq=0 tx_done=0 tx_drop=0 event_drop=0 reset_reconfig=0 effective_hz=0.000
DIAG state=FAULT dry=1 bno_ready=1 addr=0x4A init/reinit/poll=0/0/298 event A/G/M=0/0/0 age_rx_us=4294967295/4294967295/4294967295
IMU cand/pair/call/ok=0/0/0/0 reject=0 dup/order/stale/dt/nonfinite/norm/queue=0/0/0/0/0/0/0 last_ok_age_us=4294967295 dt_us=0 align_samples=0 align_elapsed_us=0
HEALTH state=0 health=0 reason=imu_stale mount=0 imu_age_us=4294967295 imu_gaps=0 reversals=0 covariance=1 finite=1 gnss_age_us=130590579 tof_age_us=4294967295 obs=1
BNO_TS ACCEL events=0 unique=0 exact=1 overflow=0 dup=0 reverse=0 rollover=0 sensor_dt_us=0/0.00/0 rx_dt_us=0/0.00/0 pair_first=0/0 pair_last=0/0
BNO_TS GYRO events=0 unique=0 exact=1 overflow=0 dup=0 reverse=0 rollover=0 sensor_dt_us=0/0.00/0 rx_dt_us=0/0.00/0 pair_first=0/0 pair_last=0/0
BNO_TS MAG events=0 unique=0 exact=1 overflow=0 dup=0 reverse=0 rollover=0 sensor_dt_us=0/0.00/0 rx_dt_us=0/0.00/0 pair_first=0/0 pair_last=0/0
BNO_VEC ACCEL_SENSOR_AND_ESKF_INPUT events=0 nonfinite=0
BNO_VEC GYRO_SENSOR_AND_ESKF_INPUT events=0 nonfinite=0
BNO_VEC MAG_SENSOR events=0 nonfinite=0
LINK queue/drop/high=0/0/3 tof=4451
TXDIAG frames_s=169 bytes_s=20748 total_frames=500 total_bytes=61476 queue=0 high=3 drops=0 bno_drop=0 partial=0 zero=0 write_calls=7465 max_write_us=99 free_heap=249992 min_free_heap=249992 usage_pct=22.51
BNO_TX kind=1 event=0 req=0 enq=0 drop=0 done=0 bytes=0
BNO_REPORT kind=1 report_id=0 interval_us=0 requested_hz=0.000 enable_ok=0 enable_fail=0 callback=0 switch=0 kind_convert=0 events=0 tx_req=0 tx_enq=0 tx_done=0 tx_drop=0 event_drop=0 reset_reconfig=0 effective_hz=0.000
BNO_TX kind=2 event=0 req=0 enq=0 drop=0 done=0 bytes=0
BNO_REPORT kind=2 report_id=0 interval_us=0 requested_hz=0.000 enable_ok=0 enable_fail=0 callback=0 switch=0 kind_convert=0 events=0 tx_req=0 tx_enq=0 tx_done=0 tx_drop=0 event_drop=0 reset_reconfig=0 effective_hz=0.000
BNO_TX kind=3 event=149 req=149 enq=149 drop=0 done=149 bytes=12516
BNO_REPORT kind=3 report_id=8 interval_us=20000 requested_hz=50.000 enable_ok=2 enable_fail=0 callback=149 switch=149 kind_convert=149 events=149 tx_req=149 tx_enq=149 tx_done=149 tx_drop=0 event_drop=0 reset_reconfig=1 effective_hz=50.015
BNO_TX kind=4 event=0 req=0 enq=0 drop=0 done=0 bytes=0
BNO_REPORT kind=4 report_id=0 interval_us=0 requested_hz=0.000 enable_ok=0 enable_fail=0 callback=0 switch=0 kind_convert=0 events=0 tx_req=0 tx_enq=0 tx_done=0 tx_drop=0 event_drop=0 reset_reconfig=0 effective_hz=0.000
BNO_TX kind=5 event=0 req=0 enq=0 drop=0 done=0 bytes=0
BNO_REPORT kind=5 report_id=0 interval_us=0 requested_hz=0.000 enable_ok=0 enable_fail=0 callback=0 switch=0 kind_convert=0 events=0 tx_req=0 tx_enq=0 tx_done=0 tx_drop=0 event_drop=0 reset_reconfig=0 effective_hz=0.000
DIAG state=FAULT dry=1 bno_ready=1 addr=0x4A init/reinit/poll=0/0/398 event A/G/M=0/0/0 age_rx_us=4294967295/4294967295/4294967295
IMU cand/pair/call/ok=0/0/0/0 reject=0 dup/order/stale/dt/nonfinite/norm/queue=0/0/0/0/0/0/0 last_ok_age_us=4294967295 dt_us=0 align_samples=0 align_elapsed_us=0
HEALTH state=0 health=0 reason=imu_stale mount=0 imu_age_us=4294967295 imu_gaps=0 reversals=0 covariance=1 finite=1 gnss_age_us=130605907 tof_age_us=4294967295 obs=1
BNO_TS ACCEL events=0 unique=0 exact=1 overflow=0 dup=0 reverse=0 rollover=0 sensor_dt_us=0/0.00/0 rx_dt_us=0/0.00/0 pair_first=0/0 pair_last=0/0
BNO_TS GYRO events=0 unique=0 exact=1 overflow=0 dup=0 reverse=0 rollover=0 sensor_dt_us=0/0.00/0 rx_dt_us=0/0.00/0 pair_first=0/0 pair_last=0/0
BNO_TS MAG events=0 unique=0 exact=1 overflow=0 dup=0 reverse=0 rollover=0 sensor_dt_us=0/0.00/0 rx_dt_us=0/0.00/0 pair_first=0/0 pair_last=0/0
BNO_VEC ACCEL_SENSOR_AND_ESKF_INPUT events=0 nonfinite=0
BNO_VEC GYRO_SENSOR_AND_ESKF_INPUT events=0 nonfinite=0
BNO_VEC MAG_SENSOR events=0 nonfinite=0
LINK queue/drop/high=1/0/3 tof=4482
TXDIAG frames_s=168 bytes_s=20769 total_frames=670 total_bytes=82412 queue=1 high=3 drops=0 bno_drop=0 partial=0 zero=0 write_calls=10168 max_write_us=106 free_heap=249992 min_free_heap=249992 usage_pct=22.54
BNO_TX kind=1 event=0 req=0 enq=0 drop=0 done=0 bytes=0
BNO_REPORT kind=1 report_id=0 interval_us=0 requested_hz=0.000 enable_ok=0 enable_fail=0 callback=0 switch=0 kind_convert=0 events=0 tx_req=0 tx_enq=0 tx_done=0 tx_drop=0 event_drop=0 reset_reconfig=0 effective_hz=0.000
BNO_TX kind=2 event=0 req=0 enq=0 drop=0 done=0 bytes=0
BNO_REPORT kind=2 report_id=0 interval_us=0 requested_hz=0.000 enable_ok=0 enable_fail=0 callback=0 switch=0 kind_convert=0 events=0 tx_req=0 tx_enq=0 tx_done=0 tx_drop=0 event_drop=0 reset_reconfig=0 effective_hz=0.000
BNO_TX kind=3 event=199 req=199 enq=199 drop=0 done=199 bytes=16716
BNO_REPORT kind=3 report_id=8 interval_us=20000 requested_hz=50.000 enable_ok=2 enable_fail=0 callback=199 switch=199 kind_convert=199 events=199 tx_req=199 tx_enq=199 tx_done=199 tx_drop=0 event_drop=0 reset_reconfig=1 effective_hz=50.012
BNO_TX kind=4 event=0 req=0 enq=0 drop=0 done=0 bytes=0
BNO_REPORT kind=4 report_id=0 interval_us=0 requested_hz=0.000 enable_ok=0 enable_fail=0 callback=0 switch=0 kind_convert=0 events=0 tx_req=0 tx_enq=0 tx_done=0 tx_drop=0 event_drop=0 reset_reconfig=0 effective_hz=0.000
BNO_TX kind=5 event=0 req=0 enq=0 drop=0 done=0 bytes=0
BNO_REPORT kind=5 report_id=0 interval_us=0 requested_hz=0.000 enable_ok=0 enable_fail=0 callback=0 switch=0 kind_convert=0 events=0 tx_req=0 tx_enq=0 tx_done=0 tx_drop=0 event_drop=0 reset_reconfig=0 effective_hz=0.000
DIAG state=FAULT dry=1 bno_ready=1 addr=0x4A init/reinit/poll=0/0/498 event A/G/M=0/0/0 age_rx_us=4294967295/4294967295/4294967295
IMU cand/pair/call/ok=0/0/0/0 reject=0 dup/order/stale/dt/nonfinite/norm/queue=0/0/0/0/0/0/0 last_ok_age_us=4294967295 dt_us=0 align_samples=0 align_elapsed_us=0
HEALTH state=0 health=0 reason=imu_stale mount=0 imu_age_us=4294967295 imu_gaps=0 reversals=0 covariance=1 finite=1 gnss_age_us=130607070 tof_age_us=4294967295 obs=1
BNO_TS ACCEL events=0 unique=0 exact=1 overflow=0 dup=0 reverse=0 rollover=0 sensor_dt_us=0/0.00/0 rx_dt_us=0/0.00/0 pair_first=0/0 pair_last=0/0
BNO_TS GYRO events=0 unique=0 exact=1 overflow=0 dup=0 reverse=0 rollover=0 sensor_dt_us=0/0.00/0 rx_dt_us=0/0.00/0 pair_first=0/0 pair_last=0/0
BNO_TS MAG events=0 unique=0 exact=1 overflow=0 dup=0 reverse=0 rollover=0 sensor_dt_us=0/0.00/0 rx_dt_us=0/0.00/0 pair_first=0/0 pair_last=0/0
BNO_VEC ACCEL_SENSOR_AND_ESKF_INPUT events=0 nonfinite=0
BNO_VEC GYRO_SENSOR_AND_ESKF_INPUT events=0 nonfinite=0
BNO_VEC MAG_SENSOR events=0 nonfinite=0
LINK queue/drop/high=0/0/3 tof=4512
TXDIAG frames_s=168 bytes_s=20564 total_frames=838 total_bytes=102956 queue=0 high=3 drops=0 bno_drop=0 partial=0 zero=0 write_calls=12849 max_write_us=106 free_heap=249992 min_free_heap=249992 usage_pct=22.31
BNO_TX kind=1 event=0 req=0 enq=0 drop=0 done=0 bytes=0
BNO_REPORT kind=1 report_id=0 interval_us=0 requested_hz=0.000 enable_ok=0 enable_fail=0 callback=0 switch=0 kind_convert=0 events=0 tx_req=0 tx_enq=0 tx_done=0 tx_drop=0 event_drop=0 reset_reconfig=0 effective_hz=0.000
BNO_TX kind=2 event=0 req=0 enq=0 drop=0 done=0 bytes=0
BNO_REPORT kind=2 report_id=0 interval_us=0 requested_hz=0.000 enable_ok=0 enable_fail=0 callback=0 switch=0 kind_convert=0 events=0 tx_req=0 tx_enq=0 tx_done=0 tx_drop=0 event_drop=0 reset_reconfig=0 effective_hz=0.000
BNO_TX kind=3 event=249 req=249 enq=249 drop=0 done=249 bytes=20916
BNO_REPORT kind=3 report_id=8 interval_us=20000 requested_hz=50.000 enable_ok=2 enable_fail=0 callback=249 switch=249 kind_convert=249 events=249 tx_req=249 tx_enq=249 tx_done=249 tx_drop=0 event_drop=0 reset_reconfig=1 effective_hz=50.005
BNO_TX kind=4 event=0 req=0 enq=0 drop=0 done=0 bytes=0
BNO_REPORT kind=4 report_id=0 interval_us=0 requested_hz=0.000 enable_ok=0 enable_fail=0 callback=0 switch=0 kind_convert=0 events=0 tx_req=0 tx_enq=0 tx_done=0 tx_drop=0 event_drop=0 reset_reconfig=0 effective_hz=0.000
BNO_TX kind=5 event=0 req=0 enq=0 drop=0 done=0 bytes=0
BNO_REPORT kind=5 report_id=0 interval_us=0 requested_hz=0.000 enable_ok=0 enable_fail=0 callback=0 switch=0 kind_convert=0 events=0 tx_req=0 tx_enq=0 tx_done=0 tx_drop=0 event_drop=0 reset_reconfig=0 effective_hz=0.000
DIAG state=FAULT dry=1 bno_ready=1 addr=0x4A init/reinit/poll=0/0/599 event A/G/M=0/0/0 age_rx_us=4294967295/4294967295/4294967295
IMU cand/pair/call/ok=0/0/0/0 reject=0 dup/order/stale/dt/nonfinite/norm/queue=0/0/0/0/0/0/0 last_ok_age_us=4294967295 dt_us=0 align_samples=0 align_elapsed_us=0
HEALTH state=0 health=0 reason=imu_stale mount=0 imu_age_us=4294967295 imu_gaps=0 reversals=0 covariance=1 finite=1 gnss_age_us=130610552 tof_age_us=4294967295 obs=1
BNO_TS ACCEL events=0 unique=0 exact=1 overflow=0 dup=0 reverse=0 rollover=0 sensor_dt_us=0/0.00/0 rx_dt_us=0/0.00/0 pair_first=0/0 pair_last=0/0
BNO_TS GYRO events=0 unique=0 exact=1 overflow=0 dup=0 reverse=0 rollover=0 sensor_dt_us=0/0.00/0 rx_dt_us=0/0.00/0 pair_first=0/0 pair_last=0/0
BNO_TS MAG events=0 unique=0 exact=1 overflow=0 dup=0 reverse=0 rollover=0 sensor_dt_us=0/0.00/0 rx_dt_us=0/0.00/0 pair_first=0/0 pair_last=0/0
BNO_VEC ACCEL_SENSOR_AND_ESKF_INPUT events=0 nonfinite=0
BNO_VEC GYRO_SENSOR_AND_ESKF_INPUT events=0 nonfinite=0
BNO_VEC MAG_SENSOR events=0 nonfinite=0
LINK queue/drop/high=1/0/3 tof=4543
TXDIAG frames_s=167 bytes_s=20695 total_frames=1007 total_bytes=123796 queue=1 high=3 drops=0 bno_drop=0 partial=0 zero=0 write_calls=15455 max_write_us=106 free_heap=249992 min_free_heap=249992 usage_pct=22.46
BNO_TX kind=1 event=0 req=0 enq=0 drop=0 done=0 bytes=0
BNO_REPORT kind=1 report_id=0 interval_us=0 requested_hz=0.000 enable_ok=0 enable_fail=0 callback=0 switch=0 kind_convert=0 events=0 tx_req=0 tx_enq=0 tx_done=0 tx_drop=0 event_drop=0 reset_reconfig=0 effective_hz=0.000
BNO_TX kind=2 event=0 req=0 enq=0 drop=0 done=0 bytes=0
BNO_REPORT kind=2 report_id=0 interval_us=0 requested_hz=0.000 enable_ok=0 enable_fail=0 callback=0 switch=0 kind_convert=0 events=0 tx_req=0 tx_enq=0 tx_done=0 tx_drop=0 event_drop=0 reset_reconfig=0 effective_hz=0.000
BNO_TX kind=3 event=300 req=300 enq=300 drop=0 done=299 bytes=25116
BNO_REPORT kind=3 report_id=8 interval_us=20000 requested_hz=50.000 enable_ok=2 enable_fail=0 callback=300 switch=300 kind_convert=300 events=300 tx_req=300 tx_enq=300 tx_done=299 tx_drop=0 event_drop=0 reset_reconfig=1 effective_hz=50.015
BNO_TX kind=4 event=0 req=0 enq=0 drop=0 done=0 bytes=0
BNO_REPORT kind=4 report_id=0 interval_us=0 requested_hz=0.000 enable_ok=0 enable_fail=0 callback=0 switch=0 kind_convert=0 events=0 tx_req=0 tx_enq=0 tx_done=0 tx_drop=0 event_drop=0 reset_reconfig=0 effective_hz=0.000
BNO_TX kind=5 event=0 req=0 enq=0 drop=0 done=0 bytes=0
BNO_REPORT kind=5 report_id=0 interval_us=0 requested_hz=0.000 enable_ok=0 enable_fail=0 callback=0 switch=0 kind_convert=0 events=0 tx_req=0 tx_enq=0 tx_done=0 tx_drop=0 event_drop=0 reset_reconfig=0 effective_hz=0.000
DIAG state=FAULT dry=1 bno_ready=1 addr=0x4A init/reinit/poll=0/0/700 event A/G/M=0/0/0 age_rx_us=4294967295/4294967295/4294967295
IMU cand/pair/call/ok=0/0/0/0 reject=0 dup/order/stale/dt/nonfinite/norm/queue=0/0/0/0/0/0/0 last_ok_age_us=4294967295 dt_us=0 align_samples=0 align_elapsed_us=0
HEALTH state=0 health=0 reason=imu_stale mount=0 imu_age_us=4294967295 imu_gaps=0 reversals=0 covariance=1 finite=1 gnss_age_us=130604717 tof_age_us=4294967295 obs=1
BNO_TS ACCEL events=0 unique=0 exact=1 overflow=0 dup=0 reverse=0 rollover=0 sensor_dt_us=0/0.00/0 rx_dt_us=0/0.00/0 pair_first=0/0 pair_last=0/0
BNO_TS GYRO events=0 unique=0 exact=1 overflow=0 dup=0 reverse=0 rollover=0 sensor_dt_us=0/0.00/0 rx_dt_us=0/0.00/0 pair_first=0/0 pair_last=0/0
BNO_TS MAG events=0 unique=0 exact=1 overflow=0 dup=0 reverse=0 rollover=0 sensor_dt_us=0/0.00/0 rx_dt_us=0/0.00/0 pair_first=0/0 pair_last=0/0
BNO_VEC ACCEL_SENSOR_AND_ESKF_INPUT events=0 nonfinite=0
BNO_VEC GYRO_SENSOR_AND_ESKF_INPUT events=0 nonfinite=0
BNO_VEC MAG_SENSOR events=0 nonfinite=0
LINK queue/drop/high=0/0/3 tof=4573
TXDIAG frames_s=170 bytes_s=20803 total_frames=1178 total_bytes=144704 queue=0 high=3 drops=0 bno_drop=0 partial=0 zero=0 write_calls=17999 max_write_us=106 free_heap=249992 min_free_heap=249992 usage_pct=22.57
BNO_TX kind=1 event=0 req=0 enq=0 drop=0 done=0 bytes=0
BNO_REPORT kind=1 report_id=0 interval_us=0 requested_hz=0.000 enable_ok=0 enable_fail=0 callback=0 switch=0 kind_convert=0 events=0 tx_req=0 tx_enq=0 tx_done=0 tx_drop=0 event_drop=0 reset_reconfig=0 effective_hz=0.000
BNO_TX kind=2 event=0 req=0 enq=0 drop=0 done=0 bytes=0
BNO_REPORT kind=2 report_id=0 interval_us=0 requested_hz=0.000 enable_ok=0 enable_fail=0 callback=0 switch=0 kind_convert=0 events=0 tx_req=0 tx_enq=0 tx_done=0 tx_drop=0 event_drop=0 reset_reconfig=0 effective_hz=0.000
BNO_TX kind=3 event=350 req=350 enq=350 drop=0 done=350 bytes=29400
BNO_REPORT kind=3 report_id=8 interval_us=20000 requested_hz=50.000 enable_ok=2 enable_fail=0 callback=350 switch=350 kind_convert=350 events=350 tx_req=350 tx_enq=350 tx_done=350 tx_drop=0 event_drop=0 reset_reconfig=1 effective_hz=50.015
BNO_TX kind=4 event=0 req=0 enq=0 drop=0 done=0 bytes=0
BNO_REPORT kind=4 report_id=0 interval_us=0 requested_hz=0.000 enable_ok=0 enable_fail=0 callback=0 switch=0 kind_convert=0 events=0 tx_req=0 tx_enq=0 tx_done=0 tx_drop=0 event_drop=0 reset_reconfig=0 effective_hz=0.000
BNO_TX kind=5 event=0 req=0 enq=0 drop=0 done=0 bytes=0
BNO_REPORT kind=5 report_id=0 interval_us=0 requested_hz=0.000 enable_ok=0 enable_fail=0 callback=0 switch=0 kind_convert=0 events=0 tx_req=0 tx_enq=0 tx_done=0 tx_drop=0 event_drop=0 reset_reconfig=0 effective_hz=0.000
DIAG state=FAULT dry=1 bno_ready=1 addr=0x4A init/reinit/poll=0/0/800 event A/G/M=0/0/0 age_rx_us=4294967295/4294967295/4294967295
IMU cand/pair/call/ok=0/0/0/0 reject=0 dup/order/stale/dt/nonfinite/norm/queue=0/0/0/0/0/0/0 last_ok_age_us=4294967295 dt_us=0 align_samples=0 align_elapsed_us=0
HEALTH state=0 health=0 reason=imu_stale mount=0 imu_age_us=4294967295 imu_gaps=0 reversals=0 covariance=1 finite=1 gnss_age_us=130617887 tof_age_us=4294967295 obs=1
BNO_TS ACCEL events=0 unique=0 exact=1 overflow=0 dup=0 reverse=0 rollover=0 sensor_dt_us=0/0.00/0 rx_dt_us=0/0.00/0 pair_first=0/0 pair_last=0/0
BNO_TS GYRO events=0 unique=0 exact=1 overflow=0 dup=0 reverse=0 rollover=0 sensor_dt_us=0/0.00/0 rx_dt_us=0/0.00/0 pair_first=0/0 pair_last=0/0
BNO_TS MAG events=0 unique=0 exact=1 overflow=0 dup=0 reverse=0 rollover=0 sensor_dt_us=0/0.00/0 rx_dt_us=0/0.00/0 pair_first=0/0 pair_last=0/0
BNO_VEC ACCEL_SENSOR_AND_ESKF_INPUT events=0 nonfinite=0
BNO_VEC GYRO_SENSOR_AND_ESKF_INPUT events=0 nonfinite=0
BNO_VEC MAG_SENSOR events=0 nonfinite=0
LINK queue/drop/high=1/0/3 tof=4604
TXDIAG frames_s=167 bytes_s=20685 total_frames=1346 total_bytes=165472 queue=0 high=3 drops=0 bno_drop=0 partial=0 zero=0 write_calls=20655 max_write_us=106 free_heap=249992 min_free_heap=249992 usage_pct=22.44
BNO_TX kind=1 event=0 req=0 enq=0 drop=0 done=0 bytes=0
BNO_REPORT kind=1 report_id=0 interval_us=0 requested_hz=0.000 enable_ok=0 enable_fail=0 callback=0 switch=0 kind_convert=0 events=0 tx_req=0 tx_enq=0 tx_done=0 tx_drop=0 event_drop=0 reset_reconfig=0 effective_hz=0.000
BNO_TX kind=2 event=0 req=0 enq=0 drop=0 done=0 bytes=0
BNO_REPORT kind=2 report_id=0 interval_us=0 requested_hz=0.000 enable_ok=0 enable_fail=0 callback=0 switch=0 kind_convert=0 events=0 tx_req=0 tx_enq=0 tx_done=0 tx_drop=0 event_drop=0 reset_reconfig=0 effective_hz=0.000
BNO_TX kind=3 event=400 req=400 enq=400 drop=0 done=400 bytes=33600
BNO_REPORT kind=3 report_id=8 interval_us=20000 requested_hz=50.000 enable_ok=2 enable_fail=0 callback=400 switch=400 kind_convert=400 events=400 tx_req=400 tx_enq=400 tx_done=400 tx_drop=0 event_drop=0 reset_reconfig=1 effective_hz=50.008
BNO_TX kind=4 event=0 req=0 enq=0 drop=0 done=0 bytes=0
BNO_REPORT kind=4 report_id=0 interval_us=0 requested_hz=0.000 enable_ok=0 enable_fail=0 callback=0 switch=0 kind_convert=0 events=0 tx_req=0 tx_enq=0 tx_done=0 tx_drop=0 event_drop=0 reset_reconfig=0 effective_hz=0.000
BNO_TX kind=5 event=0 req=0 enq=0 drop=0 done=0 bytes=0
BNO_REPORT kind=5 report_id=0 interval_us=0 requested_hz=0.000 enable_ok=0 enable_fail=0 callback=0 switch=0 kind_convert=0 events=0 tx_req=0 tx_enq=0 tx_done=0 tx_drop=0 event_drop=0 reset_reconfig=0 effective_hz=0.000
DIAG state=FAULT dry=1 bno_ready=1 addr=0x4A init/reinit/poll=0/0/900 event A/G/M=0/0/0 age_rx_us=4294967295/4294967295/4294967295
IMU cand/pair/call/ok=0/0/0/0 reject=0 dup/order/stale/dt/nonfinite/norm/queue=0/0/0/0/0/0/0 last_ok_age_us=4294967295 dt_us=0 align_samples=0 align_elapsed_us=0
HEALTH state=0 health=0 reason=imu_stale mount=0 imu_age_us=4294967295 imu_gaps=0 reversals=0 covariance=1 finite=1 gnss_age_us=130612599 tof_age_us=4294967295 obs=1
BNO_TS ACCEL events=0 unique=0 exact=1 overflow=0 dup=0 reverse=0 rollover=0 sensor_dt_us=0/0.00/0 rx_dt_us=0/0.00/0 pair_first=0/0 pair_last=0/0
BNO_TS GYRO events=0 unique=0 exact=1 overflow=0 dup=0 reverse=0 rollover=0 sensor_dt_us=0/0.00/0 rx_dt_us=0/0.00/0 pair_first=0/0 pair_last=0/0
BNO_TS MAG events=0 unique=0 exact=1 overflow=0 dup=0 reverse=0 rollover=0 sensor_dt_us=0/0.00/0 rx_dt_us=0/0.00/0 pair_first=0/0 pair_last=0/0
BNO_VEC ACCEL_SENSOR_AND_ESKF_INPUT events=0 nonfinite=0
BNO_VEC GYRO_SENSOR_AND_ESKF_INPUT events=0 nonfinite=0
BNO_VEC MAG_SENSOR events=0 nonfinite=0
LINK queue/drop/high=0/0/3 tof=4634
TXDIAG frames_s=168 bytes_s=20580 total_frames=1514 total_bytes=186052 queue=1 high=3 drops=0 bno_drop=0 partial=0 zero=0 write_calls=23324 max_write_us=106 free_heap=249992 min_free_heap=249992 usage_pct=22.33
BNO_TX kind=1 event=0 req=0 enq=0 drop=0 done=0 bytes=0
BNO_REPORT kind=1 report_id=0 interval_us=0 requested_hz=0.000 enable_ok=0 enable_fail=0 callback=0 switch=0 kind_convert=0 events=0 tx_req=0 tx_enq=0 tx_done=0 tx_drop=0 event_drop=0 reset_reconfig=0 effective_hz=0.000
BNO_TX kind=2 event=0 req=0 enq=0 drop=0 done=0 bytes=0
BNO_REPORT kind=2 report_id=0 interval_us=0 requested_hz=0.000 enable_ok=0 enable_fail=0 callback=0 switch=0 kind_convert=0 events=0 tx_req=0 tx_enq=0 tx_done=0 tx_drop=0 event_drop=0 reset_reconfig=0 effective_hz=0.000
BNO_TX kind=3 event=450 req=450 enq=450 drop=0 done=450 bytes=37800
BNO_REPORT kind=3 report_id=8 interval_us=20000 requested_hz=50.000 enable_ok=2 enable_fail=0 callback=450 switch=450 kind_convert=450 events=450 tx_req=450 tx_enq=450 tx_done=450 tx_drop=0 event_drop=0 reset_reconfig=1 effective_hz=50.015
BNO_TX kind=4 event=0 req=0 enq=0 drop=0 done=0 bytes=0
BNO_REPORT kind=4 report_id=0 interval_us=0 requested_hz=0.000 enable_ok=0 enable_fail=0 callback=0 switch=0 kind_convert=0 events=0 tx_req=0 tx_enq=0 tx_done=0 tx_drop=0 event_drop=0 reset_reconfig=0 effective_hz=0.000
BNO_TX kind=5 event=0 req=0 enq=0 drop=0 done=0 bytes=0
BNO_REPORT kind=5 report_id=0 interval_us=0 requested_hz=0.000 enable_ok=0 enable_fail=0 callback=0 switch=0 kind_convert=0 events=0 tx_req=0 tx_enq=0 tx_done=0 tx_drop=0 event_drop=0 reset_reconfig=0 effective_hz=0.000
DIAG state=FAULT dry=1 bno_ready=1 addr=0x4A init/reinit/poll=0/0/1000 event A/G/M=0/0/0 age_rx_us=4294967295/4294967295/4294967295
IMU cand/pair/call/ok=0/0/0/0 reject=0 dup/order/stale/dt/nonfinite/norm/queue=0/0/0/0/0/0/0 last_ok_age_us=4294967295 dt_us=0 align_samples=0 align_elapsed_us=0
HEALTH state=0 health=0 reason=imu_stale mount=0 imu_age_us=4294967295 imu_gaps=0 reversals=0 covariance=1 finite=1 gnss_age_us=130626326 tof_age_us=4294967295 obs=1
BNO_TS ACCEL events=0 unique=0 exact=1 overflow=0 dup=0 reverse=0 rollover=0 sensor_dt_us=0/0.00/0 rx_dt_us=0/0.00/0 pair_first=0/0 pair_last=0/0
BNO_TS GYRO events=0 unique=0 exact=1 overflow=0 dup=0 reverse=0 rollover=0 sensor_dt_us=0/0.00/0 rx_dt_us=0/0.00/0 pair_first=0/0 pair_last=0/0
BNO_TS MAG events=0 unique=0 exact=1 overflow=0 dup=0 reverse=0 rollover=0 sensor_dt_us=0/0.00/0 rx_dt_us=0/0.00/0 pair_first=0/0 pair_last=0/0
BNO_VEC ACCEL_SENSOR_AND_ESKF_INPUT events=0 nonfinite=0
BNO_VEC GYRO_SENSOR_AND_ESKF_INPUT events=0 nonfinite=0
BNO_VEC MAG_SENSOR events=0 nonfinite=0
LINK queue/drop/high=1/0/3 tof=4665
TXDIAG frames_s=167 bytes_s=20642 total_frames=1683 total_bytes=206880 queue=0 high=3 drops=0 bno_drop=0 partial=0 zero=0 write_calls=25921 max_write_us=106 free_heap=249992 min_free_heap=249992 usage_pct=22.40
BNO_TX kind=1 event=0 req=0 enq=0 drop=0 done=0 bytes=0
BNO_REPORT kind=1 report_id=0 interval_us=0 requested_hz=0.000 enable_ok=0 enable_fail=0 callback=0 switch=0 kind_convert=0 events=0 tx_req=0 tx_enq=0 tx_done=0 tx_drop=0 event_drop=0 reset_reconfig=0 effective_hz=0.000
BNO_TX kind=2 event=0 req=0 enq=0 drop=0 done=0 bytes=0
BNO_REPORT kind=2 report_id=0 interval_us=0 requested_hz=0.000 enable_ok=0 enable_fail=0 callback=0 switch=0 kind_convert=0 events=0 tx_req=0 tx_enq=0 tx_done=0 tx_drop=0 event_drop=0 reset_reconfig=0 effective_hz=0.000
BNO_TX kind=3 event=500 req=500 enq=500 drop=0 done=500 bytes=42000
BNO_REPORT kind=3 report_id=8 interval_us=20000 requested_hz=50.000 enable_ok=2 enable_fail=0 callback=501 switch=501 kind_convert=501 events=501 tx_req=500 tx_enq=500 tx_done=500 tx_drop=0 event_drop=0 reset_reconfig=1 effective_hz=50.004
BNO_TX kind=4 event=0 req=0 enq=0 drop=0 done=0 bytes=0
BNO_REPORT kind=4 report_id=0 interval_us=0 requested_hz=0.000 enable_ok=0 enable_fail=0 callback=0 switch=0 kind_convert=0 events=0 tx_req=0 tx_enq=0 tx_done=0 tx_drop=0 event_drop=0 reset_reconfig=0 effective_hz=0.000
BNO_TX kind=5 event=0 req=0 enq=0 drop=0 done=0 bytes=0
BNO_REPORT kind=5 report_id=0 interval_us=0 requested_hz=0.000 enable_ok=0 enable_fail=0 callback=0 switch=0 kind_convert=0 events=0 tx_req=0 tx_enq=0 tx_done=0 tx_drop=0 event_drop=0 reset_reconfig=0 effective_hz=0.000
P1_CAPTURE_SEQUENCE first=16634 last=18349 valid=1
P1_CAPTURE_STATS_STOP
BNO_CAPTURE_REPORT kind=1 report_id=0 interval_us=0 requested_hz=0.000 enable_ok=0 enable_fail=0 callback=0 switch=0 kind_convert=0 events=0 tx_event=0 tx_req=0 tx_enq=0 tx_done=0 tx_drop=0 event_drop=0 reset_reconfig=0 effective_hz=0.000
BNO_CAPTURE_REPORT kind=2 report_id=0 interval_us=0 requested_hz=0.000 enable_ok=0 enable_fail=0 callback=0 switch=0 kind_convert=0 events=0 tx_event=0 tx_req=0 tx_enq=0 tx_done=0 tx_drop=0 event_drop=0 reset_reconfig=0 effective_hz=0.000
BNO_CAPTURE_REPORT kind=3 report_id=8 interval_us=20000 requested_hz=50.000 enable_ok=2 enable_fail=0 callback=510 switch=510 kind_convert=510 events=510 tx_event=510 tx_req=510 tx_enq=510 tx_done=510 tx_drop=0 event_drop=0 reset_reconfig=1 effective_hz=50.015
BNO_CAPTURE_REPORT kind=4 report_id=0 interval_us=0 requested_hz=0.000 enable_ok=0 enable_fail=0 callback=0 switch=0 kind_convert=0 events=0 tx_event=0 tx_req=0 tx_enq=0 tx_done=0 tx_drop=0 event_drop=0 reset_reconfig=0 effective_hz=0.000
BNO_CAPTURE_REPORT kind=5 report_id=0 interval_us=0 requested_hz=0.000 enable_ok=0 enable_fail=0 callback=0 switch=0 kind_convert=0 events=0 tx_event=0 tx_req=0 tx_enq=0 tx_done=0 tx_drop=0 event_drop=0 reset_reconfig=0 effective_hz=0.000
TXTYPE type=4 name=BnoQuaternion req=510 enq=510 done=510 bytes=42840
TXTYPE type=5 name=TofFrame req=310 enq=310 done=310 bytes=69440
TXTYPE type=7 name=VescStatus req=310 enq=310 done=310 bytes=27280
TXTYPE type=11 name=TimeSyncReply req=10 enq=10 done=10 bytes=560
TXTYPE type=16 name=GnssProcessResult req=99 enq=99 done=99 bytes=9504
TXTYPE type=22 name=EstimatedState req=102 enq=102 done=102 bytes=15096
TXTYPE type=32 name=Heartbeat req=102 enq=102 done=102 bytes=4080
TXTYPE type=56 name=EskfState req=201 enq=201 done=201 bytes=36984
TXTYPE type=57 name=EskfInnovation req=21 enq=21 done=21 bytes=1512
TXTYPE type=58 name=EskfHealth req=51 enq=51 done=51 bytes=3672
DIAG state=FAULT dry=1 bno_ready=1 addr=0x4A init/reinit/poll=0/0/1101 event A/G/M=0/0/0 age_rx_us=4294967295/4294967295/4294967295
IMU cand/pair/call/ok=0/0/0/0 reject=0 dup/order/stale/dt/nonfinite/norm/queue=0/0/0/0/0/0/0 last_ok_age_us=4294967295 dt_us=0 align_samples=0 align_elapsed_us=0
HEALTH state=0 health=0 reason=imu_stale mount=0 imu_age_us=4294967295 imu_gaps=0 reversals=0 covariance=1 finite=1 gnss_age_us=130605205 tof_age_us=4294967295 obs=1
BNO_TS ACCEL events=0 unique=0 exact=1 overflow=0 dup=0 reverse=0 rollover=0 sensor_dt_us=0/0.00/0 rx_dt_us=0/0.00/0 pair_first=0/0 pair_last=0/0
BNO_TS GYRO events=0 unique=0 exact=1 overflow=0 dup=0 reverse=0 rollover=0 sensor_dt_us=0/0.00/0 rx_dt_us=0/0.00/0 pair_first=0/0 pair_last=0/0
BNO_TS MAG events=0 unique=0 exact=1 overflow=0 dup=0 reverse=0 rollover=0 sensor_dt_us=0/0.00/0 rx_dt_us=0/0.00/0 pair_first=0/0 pair_last=0/0
BNO_VEC ACCEL_SENSOR_AND_ESKF_INPUT events=0 nonfinite=0
BNO_VEC GYRO_SENSOR_AND_ESKF_INPUT events=0 nonfinite=0
BNO_VEC MAG_SENSOR events=0 nonfinite=0
LINK queue/drop/high=0/0/3 tof=4695
TXDIAG frames_s=129 bytes_s=17344 total_frames=1812 total_bytes=224224 queue=0 high=3 drops=0 bno_drop=0 partial=0 zero=0 write_calls=28264 max_write_us=145 free_heap=249992 min_free_heap=249992 usage_pct=18.82
BNO_TX kind=1 event=0 req=0 enq=0 drop=0 done=0 bytes=0
BNO_REPORT kind=1 report_id=0 interval_us=0 requested_hz=0.000 enable_ok=0 enable_fail=0 callback=0 switch=0 kind_convert=0 events=0 tx_req=0 tx_enq=0 tx_done=0 tx_drop=0 event_drop=0 reset_reconfig=0 effective_hz=0.000
BNO_TX kind=2 event=0 req=0 enq=0 drop=0 done=0 bytes=0
BNO_REPORT kind=2 report_id=0 interval_us=0 requested_hz=0.000 enable_ok=0 enable_fail=0 callback=0 switch=0 kind_convert=0 events=0 tx_req=0 tx_enq=0 tx_done=0 tx_drop=0 event_drop=0 reset_reconfig=0 effective_hz=0.000
BNO_TX kind=3 event=510 req=510 enq=510 drop=0 done=510 bytes=42840
BNO_REPORT kind=3 report_id=8 interval_us=20000 requested_hz=50.000 enable_ok=2 enable_fail=0 callback=551 switch=551 kind_convert=551 events=551 tx_req=510 tx_enq=510 tx_done=510 tx_drop=0 event_drop=0 reset_reconfig=1 effective_hz=50.014
BNO_TX kind=4 event=0 req=0 enq=0 drop=0 done=0 bytes=0
BNO_REPORT kind=4 report_id=0 interval_us=0 requested_hz=0.000 enable_ok=0 enable_fail=0 callback=0 switch=0 kind_convert=0 events=0 tx_req=0 tx_enq=0 tx_done=0 tx_drop=0 event_drop=0 reset_reconfig=0 effective_hz=0.000
BNO_TX kind=5 event=0 req=0 enq=0 drop=0 done=0 bytes=0
BNO_REPORT kind=5 report_id=0 interval_us=0 requested_hz=0.000 enable_ok=0 enable_fail=0 callback=0 switch=0 kind_convert=0 events=0 tx_req=0 tx_enq=0 tx_done=0 tx_drop=0 event_drop=0 reset_reconfig=0 effective_hz=0.000
DIAG state=FAULT dry=1 bno_ready=1 addr=0x4A init/reinit/poll=0/0/1202 event A/G/M=0/0/0 age_rx_us=4294967295/4294967295/4294967295
IMU cand/pair/call/ok=0/0/0/0 reject=0 dup/order/stale/dt/nonfinite/norm/queue=0/0/0/0/0/0/0 last_ok_age_us=4294967295 dt_us=0 align_samples=0 align_elapsed_us=0
HEALTH state=0 health=0 reason=imu_stale mount=0 imu_age_us=4294967295 imu_gaps=0 reversals=0 covariance=1 finite=1 gnss_age_us=130606810 tof_age_us=4294967295 obs=1
BNO_TS ACCEL events=0 unique=0 exact=1 overflow=0 dup=0 reverse=0 rollover=0 sensor_dt_us=0/0.00/0 rx_dt_us=0/0.00/0 pair_first=0/0 pair_last=0/0
BNO_TS GYRO events=0 unique=0 exact=1 overflow=0 dup=0 reverse=0 rollover=0 sensor_dt_us=0/0.00/0 rx_dt_us=0/0.00/0 pair_first=0/0 pair_last=0/0
BNO_TS MAG events=0 unique=0 exact=1 overflow=0 dup=0 reverse=0 rollover=0 sensor_dt_us=0/0.00/0 rx_dt_us=0/0.00/0 pair_first=0/0 pair_last=0/0
BNO_VEC ACCEL_SENSOR_AND_ESKF_INPUT events=0 nonfinite=0
BNO_VEC GYRO_SENSOR_AND_ESKF_INPUT events=0 nonfinite=0
BNO_VEC MAG_SENSOR events=0 nonfinite=0
LINK queue/drop/high=1/0/3 tof=4726
TXDIAG frames_s=118 bytes_s=16540 total_frames=1931 total_bytes=240864 queue=0 high=3 drops=0 bno_drop=0 partial=0 zero=0 write_calls=30468 max_write_us=145 free_heap=249992 min_free_heap=249992 usage_pct=17.95
BNO_TX kind=1 event=0 req=0 enq=0 drop=0 done=0 bytes=0
BNO_REPORT kind=1 report_id=0 interval_us=0 requested_hz=0.000 enable_ok=0 enable_fail=0 callback=0 switch=0 kind_convert=0 events=0 tx_req=0 tx_enq=0 tx_done=0 tx_drop=0 event_drop=0 reset_reconfig=0 effective_hz=0.000
BNO_TX kind=2 event=0 req=0 enq=0 drop=0 done=0 bytes=0
BNO_REPORT kind=2 report_id=0 interval_us=0 requested_hz=0.000 enable_ok=0 enable_fail=0 callback=0 switch=0 kind_convert=0 events=0 tx_req=0 tx_enq=0 tx_done=0 tx_drop=0 event_drop=0 reset_reconfig=0 effective_hz=0.000
BNO_TX kind=3 event=510 req=510 enq=510 drop=0 done=510 bytes=42840
BNO_REPORT kind=3 report_id=8 interval_us=20000 requested_hz=50.000 enable_ok=2 enable_fail=0 callback=601 switch=601 kind_convert=601 events=601 tx_req=510 tx_enq=510 tx_done=510 tx_drop=0 event_drop=0 reset_reconfig=1 effective_hz=50.015
BNO_TX kind=4 event=0 req=0 enq=0 drop=0 done=0 bytes=0
BNO_REPORT kind=4 report_id=0 interval_us=0 requested_hz=0.000 enable_ok=0 enable_fail=0 callback=0 switch=0 kind_convert=0 events=0 tx_req=0 tx_enq=0 tx_done=0 tx_drop=0 event_drop=0 reset_reconfig=0 effective_hz=0.000
BNO_TX kind=5 event=0 req=0 enq=0 drop=0 done=0 bytes=0
BNO_REPORT kind=5 report_id=0 interval_us=0 requested_hz=0.000 enable_ok=0 enable_fail=0 callback=0 switch=0 kind_convert=0 events=0 tx_req=0 tx_enq=0 tx_done=0 tx_drop=0 event_drop=0 reset_reconfig=0 effective_hz=0.000
DIAG state=FAULT dry=1 bno_ready=1 addr=0x4A init/reinit/poll=0/0/1302 event A/G/M=0/0/0 age_rx_us=4294967295/4294967295/4294967295
IMU cand/pair/call/ok=0/0/0/0 reject=0 dup/order/stale/dt/nonfinite/norm/queue=0/0/0/0/0/0/0 last_ok_age_us=4294967295 dt_us=0 align_samples=0 align_elapsed_us=0
HEALTH state=0 health=0 reason=imu_stale mount=0 imu_age_us=4294967295 imu_gaps=0 reversals=0 covariance=1 finite=1 gnss_age_us=130602649 tof_age_us=4294967295 obs=1
BNO_TS ACCEL events=0 unique=0 exact=1 overflow=0 dup=0 reverse=0 rollover=0 sensor_dt_us=0/0.00/0 rx_dt_us=0/0.00/0 pair_first=0/0 pair_last=0/0
BNO_TS GYRO events=0 unique=0 exact=1 overflow=0 dup=0 reverse=0 rollover=0 sensor_dt_us=0/0.00/0 rx_dt_us=0/0.00/0 pair_first=0/0 pair_last=0/0
BNO_TS MAG events=0 unique=0 exact=1 overflow=0 dup=0 reverse=0 rollover=0 sensor_dt_us=0/0.00/0 rx_dt_us=0/0.00/0 pair_first=0/0 pair_last=0/0
BNO_VEC ACCEL_SENSOR_AND_ESKF_INPUT events=0 nonfinite=0
BNO_VEC GYRO_SENSOR_AND_ESKF_INPUT events=0 nonfinite=0
BNO_VEC MAG_SENSOR events=0 nonfinite=0
LINK queue/drop/high=0/0/3 tof=4756
TXDIAG frames_s=117 bytes_s=16399 total_frames=2049 total_bytes=257296 queue=0 high=3 drops=0 bno_drop=0 partial=0 zero=0 write_calls=32740 max_write_us=145 free_heap=249992 min_free_heap=249992 usage_pct=17.79
BNO_TX kind=1 event=0 req=0 enq=0 drop=0 done=0 bytes=0
BNO_REPORT kind=1 report_id=0 interval_us=0 requested_hz=0.000 enable_ok=0 enable_fail=0 callback=0 switch=0 kind_convert=0 events=0 tx_req=0 tx_enq=0 tx_done=0 tx_drop=0 event_drop=0 reset_reconfig=0 effective_hz=0.000
BNO_TX kind=2 event=0 req=0 enq=0 drop=0 done=0 bytes=0
BNO_REPORT kind=2 report_id=0 interval_us=0 requested_hz=0.000 enable_ok=0 enable_fail=0 callback=0 switch=0 kind_convert=0 events=0 tx_req=0 tx_enq=0 tx_done=0 tx_drop=0 event_drop=0 reset_reconfig=0 effective_hz=0.000
BNO_TX kind=3 event=510 req=510 enq=510 drop=0 done=510 bytes=42840
BNO_REPORT kind=3 report_id=8 interval_us=20000 requested_hz=50.000 enable_ok=2 enable_fail=0 callback=651 switch=651 kind_convert=651 events=651 tx_req=510 tx_enq=510 tx_done=510 tx_drop=0 event_drop=0 reset_reconfig=1 effective_hz=50.015
BNO_TX kind=4 event=0 req=0 enq=0 drop=0 done=0 bytes=0
BNO_REPORT kind=4 report_id=0 interval_us=0 requested_hz=0.000 enable_ok=0 enable_fail=0 callback=0 switch=0 kind_convert=0 events=0 tx_req=0 tx_enq=0 tx_done=0 tx_drop=0 event_drop=0 reset_reconfig=0 effective_hz=0.000
BNO_TX kind=5 event=0 req=0 enq=0 drop=0 done=0 bytes=0
BNO_REPORT kind=5 report_id=0 interval_us=0 requested_hz=0.000 enable_ok=0 enable_fail=0 callback=0 switch=0 kind_convert=0 events=0 tx_req=0 tx_enq=0 tx_done=0 tx_drop=0 event_drop=0 reset_reconfig=0 effective_hz=0.000
DIAG state=FAULT dry=1 bno_ready=1 addr=0x4A init/reinit/poll=0/0/1402 event A/G/M=0/0/0 age_rx_us=4294967295/4294967295/4294967295
IMU cand/pair/call/ok=0/0/0/0 reject=0 dup/order/stale/dt/nonfinite/norm/queue=0/0/0/0/0/0/0 last_ok_age_us=4294967295 dt_us=0 align_samples=0 align_elapsed_us=0
HEALTH state=0 health=0 reason=imu_stale mount=0 imu_age_us=4294967295 imu_gaps=0 reversals=0 covariance=1 finite=1 gnss_age_us=130604101 tof_age_us=4294967295 obs=1
BNO_TS ACCEL events=0 unique=0 exact=1 overflow=0 dup=0 reverse=0 rollover=0 sensor_dt_us=0/0.00/0 rx_dt_us=0/0.00/0 pair_first=0/0 pair_last=0/0
BNO_TS GYRO events=0 unique=0 exact=1 overflow=0 dup=0 reverse=0 rollover=0 sensor_dt_us=0/0.00/0 rx_dt_us=0/0.00/0 pair_first=0/0 pair_last=0/0
BNO_TS MAG events=0 unique=0 exact=1 overflow=0 dup=0 reverse=0 rollover=0 sensor_dt_us=0/0.00/0 rx_dt_us=0/0.00/0 pair_first=0/0 pair_last=0/0
BNO_VEC ACCEL_SENSOR_AND_ESKF_INPUT events=0 nonfinite=0
BNO_VEC GYRO_SENSOR_AND_ESKF_INPUT events=0 nonfinite=0
BNO_VEC MAG_SENSOR events=0 nonfinite=0
LINK queue/drop/high=1/0/3 tof=4787
TXDIAG frames_s=117 bytes_s=16436 total_frames=2167 total_bytes=273864 queue=0 high=3 drops=0 bno_drop=0 partial=0 zero=0 write_calls=34917 max_write_us=194 free_heap=249992 min_free_heap=249992 usage_pct=17.83
BNO_TX kind=1 event=0 req=0 enq=0 drop=0 done=0 bytes=0
BNO_REPORT kind=1 report_id=0 interval_us=0 requested_hz=0.000 enable_ok=0 enable_fail=0 callback=0 switch=0 kind_convert=0 events=0 tx_req=0 tx_enq=0 tx_done=0 tx_drop=0 event_drop=0 reset_reconfig=0 effective_hz=0.000
BNO_TX kind=2 event=0 req=0 enq=0 drop=0 done=0 bytes=0
BNO_REPORT kind=2 report_id=0 interval_us=0 requested_hz=0.000 enable_ok=0 enable_fail=0 callback=0 switch=0 kind_convert=0 events=0 tx_req=0 tx_enq=0 tx_done=0 tx_drop=0 event_drop=0 reset_reconfig=0 effective_hz=0.000
BNO_TX kind=3 event=510 req=510 enq=510 drop=0 done=510 bytes=42840
BNO_REPORT kind=3 report_id=8 interval_us=20000 requested_hz=50.000 enable_ok=2 enable_fail=0 callback=702 switch=702 kind_convert=702 events=702 tx_req=510 tx_enq=510 tx_done=510 tx_drop=0 event_drop=0 reset_reconfig=1 effective_hz=50.015
BNO_TX kind=4 event=0 req=0 enq=0 drop=0 done=0 bytes=0
BNO_REPORT kind=4 report_id=0 interval_us=0 requested_hz=0.000 enable_ok=0 enable_fail=0 callback=0 switch=0 kind_convert=0 events=0 tx_req=0 tx_enq=0 tx_done=0 tx_drop=0 event_drop=0 reset_reconfig=0 effective_hz=0.000
BNO_TX kind=5 event=0 req=0 enq=0 drop=0 done=0 bytes=0
BNO_REPORT kind=5 report_id=0 interval_us=0 requested_hz=0.000 enable_ok=0 enable_fail=0 callback=0 switch=0 kind_convert=0 events=0 tx_req=0 tx_enq=0 tx_done=0 tx_drop=0 event_drop=0 reset_reconfig=0 effective_hz=0.000
DIAG state=FAULT dry=1 bno_ready=1 addr=0x4A init/reinit/poll=0/0/1502 event A/G/M=0/0/0 age_rx_us=4294967295/4294967295/4294967295
IMU cand/pair/call/ok=0/0/0/0 reject=0 dup/order/stale/dt/nonfinite/norm/queue=0/0/0/0/0/0/0 last_ok_age_us=4294967295 dt_us=0 align_samples=0 align_elapsed_us=0
HEALTH state=0 health=0 reason=imu_stale mount=0 imu_age_us=4294967295 imu_gaps=0 reversals=0 covariance=1 finite=1 gnss_age_us=130603083 tof_age_us=4294967295 obs=1
BNO_TS ACCEL events=0 unique=0 exact=1 overflow=0 dup=0 reverse=0 rollover=0 sensor_dt_us=0/0.00/0 rx_dt_us=0/0.00/0 pair_first=0/0 pair_last=0/0
BNO_TS GYRO events=0 unique=0 exact=1 overflow=0 dup=0 reverse=0 rollover=0 sensor_dt_us=0/0.00/0 rx_dt_us=0/0.00/0 pair_first=0/0 pair_last=0/0
BNO_TS MAG events=0 unique=0 exact=1 overflow=0 dup=0 reverse=0 rollover=0 sensor_dt_us=0/0.00/0 rx_dt_us=0/0.00/0 pair_first=0/0 pair_last=0/0
BNO_VEC ACCEL_SENSOR_AND_ESKF_INPUT events=0 nonfinite=0
BNO_VEC GYRO_SENSOR_AND_ESKF_INPUT events=0 nonfinite=0
BNO_VEC MAG_SENSOR events=0 nonfinite=0
LINK queue/drop/high=1/0/3 tof=4817
TXDIAG frames_s=117 bytes_s=16300 total_frames=2284 total_bytes=290148 queue=0 high=3 drops=0 bno_drop=0 partial=0 zero=0 write_calls=37104 max_write_us=194 free_heap=249992 min_free_heap=249992 usage_pct=17.69
BNO_TX kind=1 event=0 req=0 enq=0 drop=0 done=0 bytes=0
BNO_REPORT kind=1 report_id=0 interval_us=0 requested_hz=0.000 enable_ok=0 enable_fail=0 callback=0 switch=0 kind_convert=0 events=0 tx_req=0 tx_enq=0 tx_done=0 tx_drop=0 event_drop=0 reset_reconfig=0 effective_hz=0.000
BNO_TX kind=2 event=0 req=0 enq=0 drop=0 done=0 bytes=0
BNO_REPORT kind=2 report_id=0 interval_us=0 requested_hz=0.000 enable_ok=0 enable_fail=0 callback=0 switch=0 kind_convert=0 events=0 tx_req=0 tx_enq=0 tx_done=0 tx_drop=0 event_drop=0 reset_reconfig=0 effective_hz=0.000
BNO_TX kind=3 event=510 req=510 enq=510 drop=0 done=510 bytes=42840
BNO_REPORT kind=3 report_id=8 interval_us=20000 requested_hz=50.000 enable_ok=2 enable_fail=0 callback=751 switch=751 kind_convert=751 events=751 tx_req=510 tx_enq=510 tx_done=510 tx_drop=0 event_drop=0 reset_reconfig=1 effective_hz=50.014
BNO_TX kind=4 event=0 req=0 enq=0 drop=0 done=0 bytes=0
BNO_REPORT kind=4 report_id=0 interval_us=0 requested_hz=0.000 enable_ok=0 enable_fail=0 callback=0 switch=0 kind_convert=0 events=0 tx_req=0 tx_enq=0 tx_done=0 tx_drop=0 event_drop=0 reset_reconfig=0 effective_hz=0.000
BNO_TX kind=5 event=0 req=0 enq=0 drop=0 done=0 bytes=0
BNO_REPORT kind=5 report_id=0 interval_us=0 requested_hz=0.000 enable_ok=0 enable_fail=0 callback=0 switch=0 kind_convert=0 events=0 tx_req=0 tx_enq=0 tx_done=0 tx_drop=0 event_drop=0 reset_reconfig=0 effective_hz=0.000
DIAG state=FAULT dry=1 bno_ready=1 addr=0x4A init/reinit/poll=0/0/1604 event A/G/M=0/0/0 age_rx_us=4294967295/4294967295/4294967295
IMU cand/pair/call/ok=0/0/0/0 reject=0 dup/order/stale/dt/nonfinite/norm/queue=0/0/0/0/0/0/0 last_ok_age_us=4294967295 dt_us=0 align_samples=0 align_elapsed_us=0
HEALTH state=0 health=0 reason=imu_stale mount=0 imu_age_us=4294967295 imu_gaps=0 reversals=0 covariance=1 finite=1 gnss_age_us=130607005 tof_age_us=4294967295 obs=1
BNO_TS ACCEL events=0 unique=0 exact=1 overflow=0 dup=0 reverse=0 rollover=0 sensor_dt_us=0/0.00/0 rx_dt_us=0/0.00/0 pair_first=0/0 pair_last=0/0
BNO_TS GYRO events=0 unique=0 exact=1 overflow=0 dup=0 reverse=0 rollover=0 sensor_dt_us=0/0.00/0 rx_dt_us=0/0.00/0 pair_first=0/0 pair_last=0/0
BNO_TS MAG events=0 unique=0 exact=1 overflow=0 dup=0 reverse=0 rollover=0 sensor_dt_us=0/0.00/0 rx_dt_us=0/0.00/0 pair_first=0/0 pair_last=0/0
BNO_VEC ACCEL_SENSOR_AND_ESKF_INPUT events=0 nonfinite=0
BNO_VEC GYRO_SENSOR_AND_ESKF_INPUT events=0 nonfinite=0
BNO_VEC MAG_SENSOR events=0 nonfinite=0
LINK queue/drop/high=2/0/3 tof=4848
TXDIAG frames_s=116 bytes_s=16384 total_frames=2402 total_bytes=306680 queue=0 high=3 drops=0 bno_drop=0 partial=0 zero=0 write_calls=39562 max_write_us=194 free_heap=249992 min_free_heap=249992 usage_pct=17.78
BNO_TX kind=1 event=0 req=0 enq=0 drop=0 done=0 bytes=0
BNO_REPORT kind=1 report_id=0 interval_us=0 requested_hz=0.000 enable_ok=0 enable_fail=0 callback=0 switch=0 kind_convert=0 events=0 tx_req=0 tx_enq=0 tx_done=0 tx_drop=0 event_drop=0 reset_reconfig=0 effective_hz=0.000
BNO_TX kind=2 event=0 req=0 enq=0 drop=0 done=0 bytes=0
BNO_REPORT kind=2 report_id=0 interval_us=0 requested_hz=0.000 enable_ok=0 enable_fail=0 callback=0 switch=0 kind_convert=0 events=0 tx_req=0 tx_enq=0 tx_done=0 tx_drop=0 event_drop=0 reset_reconfig=0 effective_hz=0.000
BNO_TX kind=3 event=510 req=510 enq=510 drop=0 done=510 bytes=42840
BNO_REPORT kind=3 report_id=8 interval_us=20000 requested_hz=50.000 enable_ok=2 enable_fail=0 callback=802 switch=802 kind_convert=802 events=802 tx_req=510 tx_enq=510 tx_done=510 tx_drop=0 event_drop=0 reset_reconfig=1 effective_hz=50.015
BNO_TX kind=4 event=0 req=0 enq=0 drop=0 done=0 bytes=0
BNO_REPORT kind=4 report_id=0 interval_us=0 requested_hz=0.000 enable_ok=0 enable_fail=0 callback=0 switch=0 kind_convert=0 events=0 tx_req=0 tx_enq=0 tx_done=0 tx_drop=0 event_drop=0 reset_reconfig=0 effective_hz=0.000
BNO_TX kind=5 event=0 req=0 enq=0 drop=0 done=0 bytes=0
BNO_REPORT kind=5 report_id=0 interval_us=0 requested_hz=0.000 enable_ok=0 enable_fail=0 callback=0 switch=0 kind_convert=0 events=0 tx_req=0 tx_enq=0 tx_done=0 tx_drop=0 event_drop=0 reset_reconfig=0 effective_hz=0.000
DIAG state=FAULT dry=1 bno_ready=1 addr=0x4A init/reinit/poll=0/0/1704 event A/G/M=0/0/0 age_rx_us=4294967295/4294967295/4294967295
IMU cand/pair/call/ok=0/0/0/0 reject=0 dup/order/stale/dt/nonfinite/norm/queue=0/0/0/0/0/0/0 last_ok_age_us=4294967295 dt_us=0 align_samples=0 align_elapsed_us=0
HEALTH state=0 health=0 reason=imu_stale mount=0 imu_age_us=4294967295 imu_gaps=0 reversals=0 covariance=1 finite=1 gnss_age_us=130601061 tof_age_us=4294967295 obs=1
BNO_TS ACCEL events=0 unique=0 exact=1 overflow=0 dup=0 reverse=0 rollover=0 sensor_dt_us=0/0.00/0 rx_dt_us=0/0.00/0 pair_first=0/0 pair_last=0/0
BNO_TS GYRO events=0 unique=0 exact=1 overflow=0 dup=0 reverse=0 rollover=0 sensor_dt_us=0/0.00/0 rx_dt_us=0/0.00/0 pair_first=0/0 pair_last=0/0
BNO_TS MAG events=0 unique=0 exact=1 overflow=0 dup=0 reverse=0 rollover=0 sensor_dt_us=0/0.00/0 rx_dt_us=0/0.00/0 pair_first=0/0 pair_last=0/0
BNO_VEC ACCEL_SENSOR_AND_ESKF_INPUT events=0 nonfinite=0
BNO_VEC GYRO_SENSOR_AND_ESKF_INPUT events=0 nonfinite=0
BNO_VEC MAG_SENSOR events=0 nonfinite=0
LINK queue/drop/high=0/0/3 tof=4878
TXDIAG frames_s=117 bytes_s=16284 total_frames=2519 total_bytes=322964 queue=0 high=3 drops=0 bno_drop=0 partial=0 zero=0 write_calls=41684 max_write_us=194 free_heap=249992 min_free_heap=249992 usage_pct=17.67
BNO_TX kind=1 event=0 req=0 enq=0 drop=0 done=0 bytes=0
BNO_REPORT kind=1 report_id=0 interval_us=0 requested_hz=0.000 enable_ok=0 enable_fail=0 callback=0 switch=0 kind_convert=0 events=0 tx_req=0 tx_enq=0 tx_done=0 tx_drop=0 event_drop=0 reset_reconfig=0 effective_hz=0.000
BNO_TX kind=2 event=0 req=0 enq=0 drop=0 done=0 bytes=0
BNO_REPORT kind=2 report_id=0 interval_us=0 requested_hz=0.000 enable_ok=0 enable_fail=0 callback=0 switch=0 kind_convert=0 events=0 tx_req=0 tx_enq=0 tx_done=0 tx_drop=0 event_drop=0 reset_reconfig=0 effective_hz=0.000
BNO_TX kind=3 event=510 req=510 enq=510 drop=0 done=510 bytes=42840
BNO_REPORT kind=3 report_id=8 interval_us=20000 requested_hz=50.000 enable_ok=2 enable_fail=0 callback=852 switch=852 kind_convert=852 events=852 tx_req=510 tx_enq=510 tx_done=510 tx_drop=0 event_drop=0 reset_reconfig=1 effective_hz=50.015
BNO_TX kind=4 event=0 req=0 enq=0 drop=0 done=0 bytes=0
BNO_REPORT kind=4 report_id=0 interval_us=0 requested_hz=0.000 enable_ok=0 enable_fail=0 callback=0 switch=0 kind_convert=0 events=0 tx_req=0 tx_enq=0 tx_done=0 tx_drop=0 event_drop=0 reset_reconfig=0 effective_hz=0.000
BNO_TX kind=5 event=0 req=0 enq=0 drop=0 done=0 bytes=0
BNO_REPORT kind=5 report_id=0 interval_us=0 requested_hz=0.000 enable_ok=0 enable_fail=0 callback=0 switch=0 kind_convert=0 events=0 tx_req=0 tx_enq=0 tx_done=0 tx_drop=0 event_drop=0 reset_reconfig=0 effective_hz=0.000
DIAG state=FAULT dry=1 bno_ready=1 addr=0x4A init/reinit/poll=0/0/1804 event A/G/M=0/0/0 age_rx_us=4294967295/4294967295/4294967295
IMU cand/pair/call/ok=0/0/0/0 reject=0 dup/order/stale/dt/nonfinite/norm/queue=0/0/0/0/0/0/0 last_ok_age_us=4294967295 dt_us=0 align_samples=0 align_elapsed_us=0
HEALTH state=0 health=0 reason=imu_stale mount=0 imu_age_us=4294967295 imu_gaps=0 reversals=0 covariance=1 finite=1 gnss_age_us=130603490 tof_age_us=4294967295 obs=1
BNO_TS ACCEL events=0 unique=0 exact=1 overflow=0 dup=0 reverse=0 rollover=0 sensor_dt_us=0/0.00/0 rx_dt_us=0/0.00/0 pair_first=0/0 pair_last=0/0
BNO_TS GYRO events=0 unique=0 exact=1 overflow=0 dup=0 reverse=0 rollover=0 sensor_dt_us=0/0.00/0 rx_dt_us=0/0.00/0 pair_first=0/0 pair_last=0/0
BNO_TS MAG events=0 unique=0 exact=1 overflow=0 dup=0 reverse=0 rollover=0 sensor_dt_us=0/0.00/0 rx_dt_us=0/0.00/0 pair_first=0/0 pair_last=0/0
BNO_VEC ACCEL_SENSOR_AND_ESKF_INPUT events=0 nonfinite=0
BNO_VEC GYRO_SENSOR_AND_ESKF_INPUT events=0 nonfinite=0
BNO_VEC MAG_SENSOR events=0 nonfinite=0
LINK queue/drop/high=1/0/3 tof=4909
TXDIAG frames_s=118 bytes_s=16583 total_frames=2638 total_bytes=339680 queue=0 high=3 drops=0 bno_drop=0 partial=0 zero=0 write_calls=44083 max_write_us=194 free_heap=249992 min_free_heap=249992 usage_pct=17.99
BNO_TX kind=1 event=0 req=0 enq=0 drop=0 done=0 bytes=0
BNO_REPORT kind=1 report_id=0 interval_us=0 requested_hz=0.000 enable_ok=0 enable_fail=0 callback=0 switch=0 kind_convert=0 events=0 tx_req=0 tx_enq=0 tx_done=0 tx_drop=0 event_drop=0 reset_reconfig=0 effective_hz=0.000
BNO_TX kind=2 event=0 req=0 enq=0 drop=0 done=0 bytes=0
BNO_REPORT kind=2 report_id=0 interval_us=0 requested_hz=0.000 enable_ok=0 enable_fail=0 callback=0 switch=0 kind_convert=0 events=0 tx_req=0 tx_enq=0 tx_done=0 tx_drop=0 event_drop=0 reset_reconfig=0 effective_hz=0.000
BNO_TX kind=3 event=510 req=510 enq=510 drop=0 done=510 bytes=42840
BNO_REPORT kind=3 report_id=8 interval_us=20000 requested_hz=50.000 enable_ok=2 enable_fail=0 callback=902 switch=902 kind_convert=902 events=902 tx_req=510 tx_enq=510 tx_done=510 tx_drop=0 event_drop=0 reset_reconfig=1 effective_hz=50.015
BNO_TX kind=4 event=0 req=0 enq=0 drop=0 done=0 bytes=0
BNO_REPORT kind=4 report_id=0 interval_us=0 requested_hz=0.000 enable_ok=0 enable_fail=0 callback=0 switch=0 kind_convert=0 events=0 tx_req=0 tx_enq=0 tx_done=0 tx_drop=0 event_drop=0 reset_reconfig=0 effective_hz=0.000
BNO_TX kind=5 event=0 req=0 enq=0 drop=0 done=0 bytes=0
BNO_REPORT kind=5 report_id=0 interval_us=0 requested_hz=0.000 enable_ok=0 enable_fail=0 callback=0 switch=0 kind_convert=0 events=0 tx_req=0 tx_enq=0 tx_done=0 tx_drop=0 event_drop=0 reset_reconfig=0 effective_hz=0.000
DIAG state=FAULT dry=1 bno_ready=1 addr=0x4A init/reinit/poll=0/0/1904 event A/G/M=0/0/0 age_rx_us=4294967295/4294967295/4294967295
IMU cand/pair/call/ok=0/0/0/0 reject=0 dup/order/stale/dt/nonfinite/norm/queue=0/0/0/0/0/0/0 last_ok_age_us=4294967295 dt_us=0 align_samples=0 align_elapsed_us=0
HEALTH state=0 health=0 reason=imu_stale mount=0 imu_age_us=4294967295 imu_gaps=0 reversals=0 covariance=1 finite=1 gnss_age_us=130601980 tof_age_us=4294967295 obs=1
BNO_TS ACCEL events=0 unique=0 exact=1 overflow=0 dup=0 reverse=0 rollover=0 sensor_dt_us=0/0.00/0 rx_dt_us=0/0.00/0 pair_first=0/0 pair_last=0/0
BNO_TS GYRO events=0 unique=0 exact=1 overflow=0 dup=0 reverse=0 rollover=0 sensor_dt_us=0/0.00/0 rx_dt_us=0/0.00/0 pair_first=0/0 pair_last=0/0
BNO_TS MAG events=0 unique=0 exact=1 overflow=0 dup=0 reverse=0 rollover=0 sensor_dt_us=0/0.00/0 rx_dt_us=0/0.00/0 pair_first=0/0 pair_last=0/0
BNO_VEC ACCEL_SENSOR_AND_ESKF_INPUT events=0 nonfinite=0
BNO_VEC GYRO_SENSOR_AND_ESKF_INPUT events=0 nonfinite=0
BNO_VEC MAG_SENSOR events=0 nonfinite=0
LINK queue/drop/high=0/0/3 tof=4939
TXDIAG frames_s=117 bytes_s=16284 total_frames=2755 total_bytes=355964 queue=0 high=3 drops=0 bno_drop=0 partial=0 zero=0 write_calls=46307 max_write_us=194 free_heap=249992 min_free_heap=249992 usage_pct=17.67
BNO_TX kind=1 event=0 req=0 enq=0 drop=0 done=0 bytes=0
BNO_REPORT kind=1 report_id=0 interval_us=0 requested_hz=0.000 enable_ok=0 enable_fail=0 callback=0 switch=0 kind_convert=0 events=0 tx_req=0 tx_enq=0 tx_done=0 tx_drop=0 event_drop=0 reset_reconfig=0 effective_hz=0.000
BNO_TX kind=2 event=0 req=0 enq=0 drop=0 done=0 bytes=0
BNO_REPORT kind=2 report_id=0 interval_us=0 requested_hz=0.000 enable_ok=0 enable_fail=0 callback=0 switch=0 kind_convert=0 events=0 tx_req=0 tx_enq=0 tx_done=0 tx_drop=0 event_drop=0 reset_reconfig=0 effective_hz=0.000
BNO_TX kind=3 event=510 req=510 enq=510 drop=0 done=510 bytes=42840
BNO_REPORT kind=3 report_id=8 interval_us=20000 requested_hz=50.000 enable_ok=2 enable_fail=0 callback=952 switch=952 kind_convert=952 events=952 tx_req=510 tx_enq=510 tx_done=510 tx_drop=0 event_drop=0 reset_reconfig=1 effective_hz=50.012
BNO_TX kind=4 event=0 req=0 enq=0 drop=0 done=0 bytes=0
BNO_REPORT kind=4 report_id=0 interval_us=0 requested_hz=0.000 enable_ok=0 enable_fail=0 callback=0 switch=0 kind_convert=0 events=0 tx_req=0 tx_enq=0 tx_done=0 tx_drop=0 event_drop=0 reset_reconfig=0 effective_hz=0.000
BNO_TX kind=5 event=0 req=0 enq=0 drop=0 done=0 bytes=0
BNO_REPORT kind=5 report_id=0 interval_us=0 requested_hz=0.000 enable_ok=0 enable_fail=0 callback=0 switch=0 kind_convert=0 events=0 tx_req=0 tx_enq=0 tx_done=0 tx_drop=0 event_drop=0 reset_reconfig=0 effective_hz=0.000
DIAG state=FAULT dry=1 bno_ready=1 addr=0x4A init/reinit/poll=0/0/2005 event A/G/M=0/0/0 age_rx_us=4294967295/4294967295/4294967295
IMU cand/pair/call/ok=0/0/0/0 reject=0 dup/order/stale/dt/nonfinite/norm/queue=0/0/0/0/0/0/0 last_ok_age_us=4294967295 dt_us=0 align_samples=0 align_elapsed_us=0
HEALTH state=0 health=0 reason=imu_stale mount=0 imu_age_us=4294967295 imu_gaps=0 reversals=0 covariance=1 finite=1 gnss_age_us=130610524 tof_age_us=4294967295 obs=1
BNO_TS ACCEL events=0 unique=0 exact=1 overflow=0 dup=0 reverse=0 rollover=0 sensor_dt_us=0/0.00/0 rx_dt_us=0/0.00/0 pair_first=0/0 pair_last=0/0
BNO_TS GYRO events=0 unique=0 exact=1 overflow=0 dup=0 reverse=0 rollover=0 sensor_dt_us=0/0.00/0 rx_dt_us=0/0.00/0 pair_first=0/0 pair_last=0/0
BNO_TS MAG events=0 unique=0 exact=1 overflow=0 dup=0 reverse=0 rollover=0 sensor_dt_us=0/0.00/0 rx_dt_us=0/0.00/0 pair_first=0/0 pair_last=0/0
BNO_VEC ACCEL_SENSOR_AND_ESKF_INPUT events=0 nonfinite=0
BNO_VEC GYRO_SENSOR_AND_ESKF_INPUT events=0 nonfinite=0
BNO_VEC MAG_SENSOR events=0 nonfinite=0
LINK queue/drop/high=1/0/3 tof=4970
TXDIAG frames_s=119 bytes_s=16564 total_frames=2875 total_bytes=372644 queue=0 high=3 drops=0 bno_drop=0 partial=0 zero=0 write_calls=48536 max_write_us=194 free_heap=249992 min_free_heap=249992 usage_pct=17.97
BNO_TX kind=1 event=0 req=0 enq=0 drop=0 done=0 bytes=0
BNO_REPORT kind=1 report_id=0 interval_us=0 requested_hz=0.000 enable_ok=0 enable_fail=0 callback=0 switch=0 kind_convert=0 events=0 tx_req=0 tx_enq=0 tx_done=0 tx_drop=0 event_drop=0 reset_reconfig=0 effective_hz=0.000
BNO_TX kind=2 event=0 req=0 enq=0 drop=0 done=0 bytes=0
BNO_REPORT kind=2 report_id=0 interval_us=0 requested_hz=0.000 enable_ok=0 enable_fail=0 callback=0 switch=0 kind_convert=0 events=0 tx_req=0 tx_enq=0 tx_done=0 tx_drop=0 event_drop=0 reset_reconfig=0 effective_hz=0.000
BNO_TX kind=3 event=510 req=510 enq=510 drop=0 done=510 bytes=42840
BNO_REPORT kind=3 report_id=8 interval_us=20000 requested_hz=50.000 enable_ok=2 enable_fail=0 callback=1003 switch=1003 kind_convert=1003 events=1003 tx_req=510 tx_enq=510 tx_done=510 tx_drop=0 event_drop=0 reset_reconfig=1 effective_hz=50.014
BNO_TX kind=4 event=0 req=0 enq=0 drop=0 done=0 bytes=0
BNO_REPORT kind=4 report_id=0 interval_us=0 requested_hz=0.000 enable_ok=0 enable_fail=0 callback=0 switch=0 kind_convert=0 events=0 tx_req=0 tx_enq=0 tx_done=0 tx_drop=0 event_drop=0 reset_reconfig=0 effective_hz=0.000
BNO_TX kind=5 event=0 req=0 enq=0 drop=0 done=0 bytes=0
BNO_REPORT kind=5 report_id=0 interval_us=0 requested_hz=0.000 enable_ok=0 enable_fail=0 callback=0 switch=0 kind_convert=0 events=0 tx_req=0 tx_enq=0 tx_done=0 tx_drop=0 event_drop=0 reset_reconfig=0 effective_hz=0.000
DIAG state=FAULT dry=1 bno_ready=1 addr=0x4A init/reinit/poll=0/0/2105 event A/G/M=0/0/0 age_rx_us=4294967295/4294967295/4294967295
IMU cand/pair/call/ok=0/0/0/0 reject=0 dup/order/stale/dt/nonfinite/norm/queue=0/0/0/0/0/0/0 last_ok_age_us=4294967295 dt_us=0 align_samples=0 align_elapsed_us=0
HEALTH state=0 health=0 reason=imu_stale mount=0 imu_age_us=4294967295 imu_gaps=0 reversals=0 covariance=1 finite=1 gnss_age_us=130601951 tof_age_us=4294967295 obs=1
BNO_TS ACCEL events=0 unique=0 exact=1 overflow=0 dup=0 reverse=0 rollover=0 sensor_dt_us=0/0.00/0 rx_dt_us=0/0.00/0 pair_first=0/0 pair_last=0/0
BNO_TS GYRO events=0 unique=0 exact=1 overflow=0 dup=0 reverse=0 rollover=0 sensor_dt_us=0/0.00/0 rx_dt_us=0/0.00/0 pair_first=0/0 pair_last=0/0
BNO_TS MAG events=0 unique=0 exact=1 overflow=0 dup=0 reverse=0 rollover=0 sensor_dt_us=0/0.00/0 rx_dt_us=0/0.00/0 pair_first=0/0 pair_last=0/0
BNO_VEC ACCEL_SENSOR_AND_ESKF_INPUT events=0 nonfinite=0
BNO_VEC GYRO_SENSOR_AND_ESKF_INPUT events=0 nonfinite=0
BNO_VEC MAG_SENSOR events=0 nonfinite=0
LINK queue/drop/high=0/0/3 tof=5000
TXDIAG frames_s=118 bytes_s=16336 total_frames=2993 total_bytes=388964 queue=0 high=3 drops=0 bno_drop=0 partial=0 zero=0 write_calls=50739 max_write_us=194 free_heap=249992 min_free_heap=249992 usage_pct=17.73
BNO_TX kind=1 event=0 req=0 enq=0 drop=0 done=0 bytes=0
BNO_REPORT kind=1 report_id=0 interval_us=0 requested_hz=0.000 enable_ok=0 enable_fail=0 callback=0 switch=0 kind_convert=0 events=0 tx_req=0 tx_enq=0 tx_done=0 tx_drop=0 event_drop=0 reset_reconfig=0 effective_hz=0.000
BNO_TX kind=2 event=0 req=0 enq=0 drop=0 done=0 bytes=0
BNO_REPORT kind=2 report_id=0 interval_us=0 requested_hz=0.000 enable_ok=0 enable_fail=0 callback=0 switch=0 kind_convert=0 events=0 tx_req=0 tx_enq=0 tx_done=0 tx_drop=0 event_drop=0 reset_reconfig=0 effective_hz=0.000
BNO_TX kind=3 event=510 req=510 enq=510 drop=0 done=510 bytes=42840
BNO_REPORT kind=3 report_id=8 interval_us=20000 requested_hz=50.000 enable_ok=2 enable_fail=0 callback=1053 switch=1053 kind_convert=1053 events=1053 tx_req=510 tx_enq=510 tx_done=510 tx_drop=0 event_drop=0 reset_reconfig=1 effective_hz=50.015
BNO_TX kind=4 event=0 req=0 enq=0 drop=0 done=0 bytes=0
BNO_REPORT kind=4 report_id=0 interval_us=0 requested_hz=0.000 enable_ok=0 enable_fail=0 callback=0 switch=0 kind_convert=0 events=0 tx_req=0 tx_enq=0 tx_done=0 tx_drop=0 event_drop=0 reset_reconfig=0 effective_hz=0.000
BNO_TX kind=5 event=0 req=0 enq=0 drop=0 done=0 bytes=0
BNO_REPORT kind=5 report_id=0 interval_us=0 requested_hz=0.000 enable_ok=0 enable_fail=0 callback=0 switch=0 kind_convert=0 events=0 tx_req=0 tx_enq=0 tx_done=0 tx_drop=0 event_drop=0 reset_reconfig=0 effective_hz=0.000
DIAG state=FAULT dry=1 bno_ready=1 addr=0x4A init/reinit/poll=0/0/2206 event A/G/M=0/0/0 age_rx_us=4294967295/4294967295/4294967295
IMU cand/pair/call/ok=0/0/0/0 reject=0 dup/order/stale/dt/nonfinite/norm/queue=0/0/0/0/0/0/0 last_ok_age_us=4294967295 dt_us=0 align_samples=0 align_elapsed_us=0
HEALTH state=0 health=0 reason=imu_stale mount=0 imu_age_us=4294967295 imu_gaps=0 reversals=0 covariance=1 finite=1 gnss_age_us=130610972 tof_age_us=4294967295 obs=1
BNO_TS ACCEL events=0 unique=0 exact=1 overflow=0 dup=0 reverse=0 rollover=0 sensor_dt_us=0/0.00/0 rx_dt_us=0/0.00/0 pair_first=0/0 pair_last=0/0
BNO_TS GYRO events=0 unique=0 exact=1 overflow=0 dup=0 reverse=0 rollover=0 sensor_dt_us=0/0.00/0 rx_dt_us=0/0.00/0 pair_first=0/0 pair_last=0/0
BNO_TS MAG events=0 unique=0 exact=1 overflow=0 dup=0 reverse=0 rollover=0 sensor_dt_us=0/0.00/0 rx_dt_us=0/0.00/0 pair_first=0/0 pair_last=0/0
BNO_VEC ACCEL_SENSOR_AND_ESKF_INPUT events=0 nonfinite=0
BNO_VEC GYRO_SENSOR_AND_ESKF_INPUT events=0 nonfinite=0
BNO_VEC MAG_SENSOR events=0 nonfinite=0
LINK queue/drop/high=1/0/3 tof=5031
TXDIAG frames_s=116 bytes_s=16403 total_frames=3111 total_bytes=405532 queue=0 high=3 drops=0 bno_drop=0 partial=0 zero=0 write_calls=53038 max_write_us=194 free_heap=249992 min_free_heap=249992 usage_pct=17.80
BNO_TX kind=1 event=0 req=0 enq=0 drop=0 done=0 bytes=0
BNO_REPORT kind=1 report_id=0 interval_us=0 requested_hz=0.000 enable_ok=0 enable_fail=0 callback=0 switch=0 kind_convert=0 events=0 tx_req=0 tx_enq=0 tx_done=0 tx_drop=0 event_drop=0 reset_reconfig=0 effective_hz=0.000
BNO_TX kind=2 event=0 req=0 enq=0 drop=0 done=0 bytes=0
BNO_REPORT kind=2 report_id=0 interval_us=0 requested_hz=0.000 enable_ok=0 enable_fail=0 callback=0 switch=0 kind_convert=0 events=0 tx_req=0 tx_enq=0 tx_done=0 tx_drop=0 event_drop=0 reset_reconfig=0 effective_hz=0.000
BNO_TX kind=3 event=510 req=510 enq=510 drop=0 done=510 bytes=42840
BNO_REPORT kind=3 report_id=8 interval_us=20000 requested_hz=50.000 enable_ok=2 enable_fail=0 callback=1103 switch=1103 kind_convert=1103 events=1103 tx_req=510 tx_enq=510 tx_done=510 tx_drop=0 event_drop=0 reset_reconfig=1 effective_hz=50.015
BNO_TX kind=4 event=0 req=0 enq=0 drop=0 done=0 bytes=0
BNO_REPORT kind=4 report_id=0 interval_us=0 requested_hz=0.000 enable_ok=0 enable_fail=0 callback=0 switch=0 kind_convert=0 events=0 tx_req=0 tx_enq=0 tx_done=0 tx_drop=0 event_drop=0 reset_reconfig=0 effective_hz=0.000
BNO_TX kind=5 event=0 req=0 enq=0 drop=0 done=0 bytes=0
BNO_REPORT kind=5 report_id=0 interval_us=0 requested_hz=0.000 enable_ok=0 enable_fail=0 callback=0 switch=0 kind_convert=0 events=0 tx_req=0 tx_enq=0 tx_done=0 tx_drop=0 event_drop=0 reset_reconfig=0 effective_hz=0.000
DIAG state=FAULT dry=1 bno_ready=1 addr=0x4A init/reinit/poll=0/0/2306 event A/G/M=0/0/0 age_rx_us=4294967295/4294967295/4294967295
IMU cand/pair/call/ok=0/0/0/0 reject=0 dup/order/stale/dt/nonfinite/norm/queue=0/0/0/0/0/0/0 last_ok_age_us=4294967295 dt_us=0 align_samples=0 align_elapsed_us=0
HEALTH state=0 health=0 reason=imu_stale mount=0 imu_age_us=4294967295 imu_gaps=0 reversals=0 covariance=1 finite=1 gnss_age_us=130602044 tof_age_us=4294967295 obs=1
BNO_TS ACCEL events=0 unique=0 exact=1 overflow=0 dup=0 reverse=0 rollover=0 sensor_dt_us=0/0.00/0 rx_dt_us=0/0.00/0 pair_first=0/0 pair_last=0/0
BNO_TS GYRO events=0 unique=0 exact=1 overflow=0 dup=0 reverse=0 rollover=0 sensor_dt_us=0/0.00/0 rx_dt_us=0/0.00/0 pair_first=0/0 pair_last=0/0
BNO_TS MAG events=0 unique=0 exact=1 overflow=0 dup=0 reverse=0 rollover=0 sensor_dt_us=0/0.00/0 rx_dt_us=0/0.00/0 pair_first=0/0 pair_last=0/0
BNO_VEC ACCEL_SENSOR_AND_ESKF_INPUT events=0 nonfinite=0
BNO_VEC GYRO_SENSOR_AND_ESKF_INPUT events=0 nonfinite=0
BNO_VEC MAG_SENSOR events=0 nonfinite=0
LINK queue/drop/high=0/0/3 tof=5061
TXDIAG frames_s=120 bytes_s=16600 total_frames=3231 total_bytes=422132 queue=0 high=3 drops=0 bno_drop=0 partial=0 zero=0 write_calls=55115 max_write_us=194 free_heap=249992 min_free_heap=249992 usage_pct=18.01
BNO_TX kind=1 event=0 req=0 enq=0 drop=0 done=0 bytes=0
BNO_REPORT kind=1 report_id=0 interval_us=0 requested_hz=0.000 enable_ok=0 enable_fail=0 callback=0 switch=0 kind_convert=0 events=0 tx_req=0 tx_enq=0 tx_done=0 tx_drop=0 event_drop=0 reset_reconfig=0 effective_hz=0.000
BNO_TX kind=2 event=0 req=0 enq=0 drop=0 done=0 bytes=0
BNO_REPORT kind=2 report_id=0 interval_us=0 requested_hz=0.000 enable_ok=0 enable_fail=0 callback=0 switch=0 kind_convert=0 events=0 tx_req=0 tx_enq=0 tx_done=0 tx_drop=0 event_drop=0 reset_reconfig=0 effective_hz=0.000
BNO_TX kind=3 event=510 req=510 enq=510 drop=0 done=510 bytes=42840
BNO_REPORT kind=3 report_id=8 interval_us=20000 requested_hz=50.000 enable_ok=2 enable_fail=0 callback=1153 switch=1153 kind_convert=1153 events=1153 tx_req=510 tx_enq=510 tx_done=510 tx_drop=0 event_drop=0 reset_reconfig=1 effective_hz=50.015
BNO_TX kind=4 event=0 req=0 enq=0 drop=0 done=0 bytes=0
BNO_REPORT kind=4 report_id=0 interval_us=0 requested_hz=0.000 enable_ok=0 enable_fail=0 callback=0 switch=0 kind_convert=0 events=0 tx_req=0 tx_enq=0 tx_done=0 tx_drop=0 event_drop=0 reset_reconfig=0 effective_hz=0.000
BNO_TX kind=5 event=0 req=0 enq=0 drop=0 done=0 bytes=0
BNO_REPORT kind=5 report_id=0 interval_us=0 requested_hz=0.000 enable_ok=0 enable_fail=0 callback=0 switch=0 kind_convert=0 events=0 tx_req=0 tx_enq=0 tx_done=0 tx_drop=0 event_drop=0 reset_reconfig=0 effective_hz=0.000
DIAG state=FAULT dry=1 bno_ready=1 addr=0x4A init/reinit/poll=0/0/2406 event A/G/M=0/0/0 age_rx_us=4294967295/4294967295/4294967295
IMU cand/pair/call/ok=0/0/0/0 reject=0 dup/order/stale/dt/nonfinite/norm/queue=0/0/0/0/0/0/0 last_ok_age_us=4294967295 dt_us=0 align_samples=0 align_elapsed_us=0
HEALTH state=0 health=0 reason=imu_stale mount=0 imu_age_us=4294967295 imu_gaps=0 reversals=0 covariance=1 finite=1 gnss_age_us=130598542 tof_age_us=4294967295 obs=1
BNO_TS ACCEL events=0 unique=0 exact=1 overflow=0 dup=0 reverse=0 rollover=0 sensor_dt_us=0/0.00/0 rx_dt_us=0/0.00/0 pair_first=0/0 pair_last=0/0
BNO_TS GYRO events=0 unique=0 exact=1 overflow=0 dup=0 reverse=0 rollover=0 sensor_dt_us=0/0.00/0 rx_dt_us=0/0.00/0 pair_first=0/0 pair_last=0/0
BNO_TS MAG events=0 unique=0 exact=1 overflow=0 dup=0 reverse=0 rollover=0 sensor_dt_us=0/0.00/0 rx_dt_us=0/0.00/0 pair_first=0/0 pair_last=0/0
BNO_VEC ACCEL_SENSOR_AND_ESKF_INPUT events=0 nonfinite=0
BNO_VEC GYRO_SENSOR_AND_ESKF_INPUT events=0 nonfinite=0
BNO_VEC MAG_SENSOR events=0 nonfinite=0
LINK queue/drop/high=1/0/3 tof=5092
TXDIAG frames_s=117 bytes_s=16398 total_frames=3349 total_bytes=438612 queue=0 high=3 drops=0 bno_drop=0 partial=0 zero=0 write_calls=57417 max_write_us=194 free_heap=249992 min_free_heap=249992 usage_pct=17.79
BNO_TX kind=1 event=0 req=0 enq=0 drop=0 done=0 bytes=0
BNO_REPORT kind=1 report_id=0 interval_us=0 requested_hz=0.000 enable_ok=0 enable_fail=0 callback=0 switch=0 kind_convert=0 events=0 tx_req=0 tx_enq=0 tx_done=0 tx_drop=0 event_drop=0 reset_reconfig=0 effective_hz=0.000
BNO_TX kind=2 event=0 req=0 enq=0 drop=0 done=0 bytes=0
BNO_REPORT kind=2 report_id=0 interval_us=0 requested_hz=0.000 enable_ok=0 enable_fail=0 callback=0 switch=0 kind_convert=0 events=0 tx_req=0 tx_enq=0 tx_done=0 tx_drop=0 event_drop=0 reset_reconfig=0 effective_hz=0.000
BNO_TX kind=3 event=510 req=510 enq=510 drop=0 done=510 bytes=42840
BNO_REPORT kind=3 report_id=8 interval_us=20000 requested_hz=50.000 enable_ok=2 enable_fail=0 callback=1204 switch=1203 kind_convert=1203 events=1203 tx_req=510 tx_enq=510 tx_done=510 tx_drop=0 event_drop=0 reset_reconfig=1 effective_hz=50.015
BNO_TX kind=4 event=0 req=0 enq=0 drop=0 done=0 bytes=0
BNO_REPORT kind=4 report_id=0 interval_us=0 requested_hz=0.000 enable_ok=0 enable_fail=0 callback=0 switch=0 kind_convert=0 events=0 tx_req=0 tx_enq=0 tx_done=0 tx_drop=0 event_drop=0 reset_reconfig=0 effective_hz=0.000
BNO_TX kind=5 event=0 req=0 enq=0 drop=0 done=0 bytes=0
BNO_REPORT kind=5 report_id=0 interval_us=0 requested_hz=0.000 enable_ok=0 enable_fail=0 callback=0 switch=0 kind_convert=0 events=0 tx_req=0 tx_enq=0 tx_done=0 tx_drop=0 event_drop=0 reset_reconfig=0 effective_hz=0.000
DIAG state=FAULT dry=1 bno_ready=1 addr=0x4A init/reinit/poll=0/0/2506 event A/G/M=0/0/0 age_rx_us=4294967295/4294967295/4294967295
IMU cand/pair/call/ok=0/0/0/0 reject=0 dup/order/stale/dt/nonfinite/norm/queue=0/0/0/0/0/0/0 last_ok_age_us=4294967295 dt_us=0 align_samples=0 align_elapsed_us=0
HEALTH state=0 health=0 reason=imu_stale mount=0 imu_age_us=4294967295 imu_gaps=0 reversals=0 covariance=1 finite=1 gnss_age_us=130681602 tof_age_us=4294967295 obs=1
BNO_TS ACCEL events=0 unique=0 exact=1 overflow=0 dup=0 reverse=0 rollover=0 sensor_dt_us=0/0.00/0 rx_dt_us=0/0.00/0 pair_first=0/0 pair_last=0/0
BNO_TS GYRO events=0 unique=0 exact=1 overflow=0 dup=0 reverse=0 rollover=0 sensor_dt_us=0/0.00/0 rx_dt_us=0/0.00/0 pair_first=0/0 pair_last=0/0
BNO_TS MAG events=0 unique=0 exact=1 overflow=0 dup=0 reverse=0 rollover=0 sensor_dt_us=0/0.00/0 rx_dt_us=0/0.00/0 pair_first=0/0 pair_last=0/0
BNO_VEC ACCEL_SENSOR_AND_ESKF_INPUT events=0 nonfinite=0
BNO_VEC GYRO_SENSOR_AND_ESKF_INPUT events=0 nonfinite=0
BNO_VEC MAG_SENSOR events=0 nonfinite=0
LINK queue/drop/high=0/0/3 tof=5122
TXDIAG frames_s=117 bytes_s=16399 total_frames=3467 total_bytes=455044 queue=0 high=3 drops=0 bno_drop=0 partial=0 zero=0 write_calls=59638 max_write_us=194 free_heap=249992 min_free_heap=249992 usage_pct=17.79
BNO_TX kind=1 event=0 req=0 enq=0 drop=0 done=0 bytes=0
BNO_REPORT kind=1 report_id=0 interval_us=0 requested_hz=0.000 enable_ok=0 enable_fail=0 callback=0 switch=0 kind_convert=0 events=0 tx_req=0 tx_enq=0 tx_done=0 tx_drop=0 event_drop=0 reset_reconfig=0 effective_hz=0.000
BNO_TX kind=2 event=0 req=0 enq=0 drop=0 done=0 bytes=0
BNO_REPORT kind=2 report_id=0 interval_us=0 requested_hz=0.000 enable_ok=0 enable_fail=0 callback=0 switch=0 kind_convert=0 events=0 tx_req=0 tx_enq=0 tx_done=0 tx_drop=0 event_drop=0 reset_reconfig=0 effective_hz=0.000
BNO_TX kind=3 event=510 req=510 enq=510 drop=0 done=510 bytes=42840
BNO_REPORT kind=3 report_id=8 interval_us=20000 requested_hz=50.000 enable_ok=2 enable_fail=0 callback=1254 switch=1254 kind_convert=1254 events=1254 tx_req=510 tx_enq=510 tx_done=510 tx_drop=0 event_drop=0 reset_reconfig=1 effective_hz=50.015
BNO_TX kind=4 event=0 req=0 enq=0 drop=0 done=0 bytes=0
BNO_REPORT kind=4 report_id=0 interval_us=0 requested_hz=0.000 enable_ok=0 enable_fail=0 callback=0 switch=0 kind_convert=0 events=0 tx_req=0 tx_enq=0 tx_done=0 tx_drop=0 event_drop=0 reset_reconfig=0 effective_hz=0.000
BNO_TX kind=5 event=0 req=0 enq=0 drop=0 done=0 bytes=0
BNO_REPORT kind=5 report_id=0 interval_us=0 requested_hz=0.000 enable_ok=0 enable_fail=0 callback=0 switch=0 kind_convert=0 events=0 tx_req=0 tx_enq=0 tx_done=0 tx_drop=0 event_drop=0 reset_reconfig=0 effective_hz=0.000
DIAG state=FAULT dry=1 bno_ready=1 addr=0x4A init/reinit/poll=0/0/2608 event A/G/M=0/0/0 age_rx_us=4294967295/4294967295/4294967295
IMU cand/pair/call/ok=0/0/0/0 reject=0 dup/order/stale/dt/nonfinite/norm/queue=0/0/0/0/0/0/0 last_ok_age_us=4294967295 dt_us=0 align_samples=0 align_elapsed_us=0
HEALTH state=0 health=0 reason=imu_stale mount=0 imu_age_us=4294967295 imu_gaps=0 reversals=0 covariance=1 finite=1 gnss_age_us=130695043 tof_age_us=4294967295 obs=1
BNO_TS ACCEL events=0 unique=0 exact=1 overflow=0 dup=0 reverse=0 rollover=0 sensor_dt_us=0/0.00/0 rx_dt_us=0/0.00/0 pair_first=0/0 pair_last=0/0
BNO_TS GYRO events=0 unique=0 exact=1 overflow=0 dup=0 reverse=0 rollover=0 sensor_dt_us=0/0.00/0 rx_dt_us=0/0.00/0 pair_first=0/0 pair_last=0/0
BNO_TS MAG events=0 unique=0 exact=1 overflow=0 dup=0 reverse=0 rollover=0 sensor_dt_us=0/0.00/0 rx_dt_us=0/0.00/0 pair_first=0/0 pair_last=0/0
BNO_VEC ACCEL_SENSOR_AND_ESKF_INPUT events=0 nonfinite=0
BNO_VEC GYRO_SENSOR_AND_ESKF_INPUT events=0 nonfinite=0
BNO_VEC MAG_SENSOR events=0 nonfinite=0
LINK queue/drop/high=1/0/3 tof=5153
TXDIAG frames_s=117 bytes_s=16452 total_frames=3585 total_bytes=471612 queue=0 high=3 drops=0 bno_drop=0 partial=0 zero=0 write_calls=61904 max_write_us=194 free_heap=249992 min_free_heap=249992 usage_pct=17.85
BNO_TX kind=1 event=0 req=0 enq=0 drop=0 done=0 bytes=0
BNO_REPORT kind=1 report_id=0 interval_us=0 requested_hz=0.000 enable_ok=0 enable_fail=0 callback=0 switch=0 kind_convert=0 events=0 tx_req=0 tx_enq=0 tx_done=0 tx_drop=0 event_drop=0 reset_reconfig=0 effective_hz=0.000
BNO_TX kind=2 event=0 req=0 enq=0 drop=0 done=0 bytes=0
BNO_REPORT kind=2 report_id=0 interval_us=0 requested_hz=0.000 enable_ok=0 enable_fail=0 callback=0 switch=0 kind_convert=0 events=0 tx_req=0 tx_enq=0 tx_done=0 tx_drop=0 event_drop=0 reset_reconfig=0 effective_hz=0.000
BNO_TX kind=3 event=510 req=510 enq=510 drop=0 done=510 bytes=42840
BNO_REPORT kind=3 report_id=8 interval_us=20000 requested_hz=50.000 enable_ok=2 enable_fail=0 callback=1304 switch=1304 kind_convert=1304 events=1304 tx_req=510 tx_enq=510 tx_done=510 tx_drop=0 event_drop=0 reset_reconfig=1 effective_hz=50.015
BNO_TX kind=4 event=0 req=0 enq=0 drop=0 done=0 bytes=0
BNO_REPORT kind=4 report_id=0 interval_us=0 requested_hz=0.000 enable_ok=0 enable_fail=0 callback=0 switch=0 kind_convert=0 events=0 tx_req=0 tx_enq=0 tx_done=0 tx_drop=0 event_drop=0 reset_reconfig=0 effective_hz=0.000
BNO_TX kind=5 event=0 req=0 enq=0 drop=0 done=0 bytes=0
BNO_REPORT kind=5 report_id=0 interval_us=0 requested_hz=0.000 enable_ok=0 enable_fail=0 callback=0 switch=0 kind_convert=0 events=0 tx_req=0 tx_enq=0 tx_done=0 tx_drop=0 event_drop=0 reset_reconfig=0 effective_hz=0.000
DIAG state=FAULT dry=1 bno_ready=1 addr=0x4A init/reinit/poll=0/0/2708 event A/G/M=0/0/0 age_rx_us=4294967295/4294967295/4294967295
IMU cand/pair/call/ok=0/0/0/0 reject=0 dup/order/stale/dt/nonfinite/norm/queue=0/0/0/0/0/0/0 last_ok_age_us=4294967295 dt_us=0 align_samples=0 align_elapsed_us=0
HEALTH state=0 health=0 reason=imu_stale mount=0 imu_age_us=4294967295 imu_gaps=0 reversals=0 covariance=1 finite=1 gnss_age_us=130691176 tof_age_us=4294967295 obs=1
BNO_TS ACCEL events=0 unique=0 exact=1 overflow=0 dup=0 reverse=0 rollover=0 sensor_dt_us=0/0.00/0 rx_dt_us=0/0.00/0 pair_first=0/0 pair_last=0/0
BNO_TS GYRO events=0 unique=0 exact=1 overflow=0 dup=0 reverse=0 rollover=0 sensor_dt_us=0/0.00/0 rx_dt_us=0/0.00/0 pair_first=0/0 pair_last=0/0
BNO_TS MAG events=0 unique=0 exact=1 overflow=0 dup=0 reverse=0 rollover=0 sensor_dt_us=0/0.00/0 rx_dt_us=0/0.00/0 pair_first=0/0 pair_last=0/0
BNO_VEC ACCEL_SENSOR_AND_ESKF_INPUT events=0 nonfinite=0
BNO_VEC GYRO_SENSOR_AND_ESKF_INPUT events=0 nonfinite=0
BNO_VEC MAG_SENSOR events=0 nonfinite=0
LINK queue/drop/high=1/0/3 tof=5183
TXDIAG frames_s=117 bytes_s=16415 total_frames=3703 total_bytes=488044 queue=0 high=3 drops=0 bno_drop=0 partial=0 zero=0 write_calls=64042 max_write_us=194 free_heap=249992 min_free_heap=249992 usage_pct=17.81
BNO_TX kind=1 event=0 req=0 enq=0 drop=0 done=0 bytes=0
BNO_REPORT kind=1 report_id=0 interval_us=0 requested_hz=0.000 enable_ok=0 enable_fail=0 callback=0 switch=0 kind_convert=0 events=0 tx_req=0 tx_enq=0 tx_done=0 tx_drop=0 event_drop=0 reset_reconfig=0 effective_hz=0.000
BNO_TX kind=2 event=0 req=0 enq=0 drop=0 done=0 bytes=0
BNO_REPORT kind=2 report_id=0 interval_us=0 requested_hz=0.000 enable_ok=0 enable_fail=0 callback=0 switch=0 kind_convert=0 events=0 tx_req=0 tx_enq=0 tx_done=0 tx_drop=0 event_drop=0 reset_reconfig=0 effective_hz=0.000
BNO_TX kind=3 event=510 req=510 enq=510 drop=0 done=510 bytes=42840
BNO_REPORT kind=3 report_id=8 interval_us=20000 requested_hz=50.000 enable_ok=2 enable_fail=0 callback=1354 switch=1354 kind_convert=1354 events=1354 tx_req=510 tx_enq=510 tx_done=510 tx_drop=0 event_drop=0 reset_reconfig=1 effective_hz=50.015
BNO_TX kind=4 event=0 req=0 enq=0 drop=0 done=0 bytes=0
BNO_REPORT kind=4 report_id=0 interval_us=0 requested_hz=0.000 enable_ok=0 enable_fail=0 callback=0 switch=0 kind_convert=0 events=0 tx_req=0 tx_enq=0 tx_done=0 tx_drop=0 event_drop=0 reset_reconfig=0 effective_hz=0.000
BNO_TX kind=5 event=0 req=0 enq=0 drop=0 done=0 bytes=0
BNO_REPORT kind=5 report_id=0 interval_us=0 requested_hz=0.000 enable_ok=0 enable_fail=0 callback=0 switch=0 kind_convert=0 events=0 tx_req=0 tx_enq=0 tx_done=0 tx_drop=0 event_drop=0 reset_reconfig=0 effective_hz=0.000
DIAG state=FAULT dry=1 bno_ready=1 addr=0x4A init/reinit/poll=0/0/2808 event A/G/M=0/0/0 age_rx_us=4294967295/4294967295/4294967295
IMU cand/pair/call/ok=0/0/0/0 reject=0 dup/order/stale/dt/nonfinite/norm/queue=0/0/0/0/0/0/0 last_ok_age_us=4294967295 dt_us=0 align_samples=0 align_elapsed_us=0
HEALTH state=0 health=0 reason=imu_stale mount=0 imu_age_us=4294967295 imu_gaps=0 reversals=0 covariance=1 finite=1 gnss_age_us=130702051 tof_age_us=4294967295 obs=1
BNO_TS ACCEL events=0 unique=0 exact=1 overflow=0 dup=0 reverse=0 rollover=0 sensor_dt_us=0/0.00/0 rx_dt_us=0/0.00/0 pair_first=0/0 pair_last=0/0
BNO_TS GYRO events=0 unique=0 exact=1 overflow=0 dup=0 reverse=0 rollover=0 sensor_dt_us=0/0.00/0 rx_dt_us=0/0.00/0 pair_first=0/0 pair_last=0/0
BNO_TS MAG events=0 unique=0 exact=1 overflow=0 dup=0 reverse=0 rollover=0 sensor_dt_us=0/0.00/0 rx_dt_us=0/0.00/0 pair_first=0/0 pair_last=0/0
BNO_VEC ACCEL_SENSOR_AND_ESKF_INPUT events=0 nonfinite=0
BNO_VEC GYRO_SENSOR_AND_ESKF_INPUT events=0 nonfinite=0
BNO_VEC MAG_SENSOR events=0 nonfinite=0
LINK queue/drop/high=1/0/3 tof=5214
TXDIAG frames_s=116 bytes_s=16286 total_frames=3820 total_bytes=504428 queue=0 high=3 drops=0 bno_drop=0 partial=0 zero=0 write_calls=66177 max_write_us=194 free_heap=249992 min_free_heap=249992 usage_pct=17.67
BNO_TX kind=1 event=0 req=0 enq=0 drop=0 done=0 bytes=0
BNO_REPORT kind=1 report_id=0 interval_us=0 requested_hz=0.000 enable_ok=0 enable_fail=0 callback=0 switch=0 kind_convert=0 events=0 tx_req=0 tx_enq=0 tx_done=0 tx_drop=0 event_drop=0 reset_reconfig=0 effective_hz=0.000
BNO_TX kind=2 event=0 req=0 enq=0 drop=0 done=0 bytes=0
BNO_REPORT kind=2 report_id=0 interval_us=0 requested_hz=0.000 enable_ok=0 enable_fail=0 callback=0 switch=0 kind_convert=0 events=0 tx_req=0 tx_enq=0 tx_done=0 tx_drop=0 event_drop=0 reset_reconfig=0 effective_hz=0.000
BNO_TX kind=3 event=510 req=510 enq=510 drop=0 done=510 bytes=42840
BNO_REPORT kind=3 report_id=8 interval_us=20000 requested_hz=50.000 enable_ok=2 enable_fail=0 callback=1404 switch=1404 kind_convert=1404 events=1404 tx_req=510 tx_enq=510 tx_done=510 tx_drop=0 event_drop=0 reset_reconfig=1 effective_hz=50.015
BNO_TX kind=4 event=0 req=0 enq=0 drop=0 done=0 bytes=0
BNO_REPORT kind=4 report_id=0 interval_us=0 requested_hz=0.000 enable_ok=0 enable_fail=0 callback=0 switch=0 kind_convert=0 events=0 tx_req=0 tx_enq=0 tx_done=0 tx_drop=0 event_drop=0 reset_reconfig=0 effective_hz=0.000
BNO_TX kind=5 event=0 req=0 enq=0 drop=0 done=0 bytes=0
BNO_REPORT kind=5 report_id=0 interval_us=0 requested_hz=0.000 enable_ok=0 enable_fail=0 callback=0 switch=0 kind_convert=0 events=0 tx_req=0 tx_enq=0 tx_done=0 tx_drop=0 event_drop=0 reset_reconfig=0 effective_hz=0.000
DIAG state=FAULT dry=1 bno_ready=1 addr=0x4A init/reinit/poll=0/0/2908 event A/G/M=0/0/0 age_rx_us=4294967295/4294967295/4294967295
IMU cand/pair/call/ok=0/0/0/0 reject=0 dup/order/stale/dt/nonfinite/norm/queue=0/0/0/0/0/0/0 last_ok_age_us=4294967295 dt_us=0 align_samples=0 align_elapsed_us=0
HEALTH state=0 health=0 reason=imu_stale mount=0 imu_age_us=4294967295 imu_gaps=0 reversals=0 covariance=1 finite=1 gnss_age_us=130703214 tof_age_us=4294967295 obs=1
BNO_TS ACCEL events=0 unique=0 exact=1 overflow=0 dup=0 reverse=0 rollover=0 sensor_dt_us=0/0.00/0 rx_dt_us=0/0.00/0 pair_first=0/0 pair_last=0/0
BNO_TS GYRO events=0 unique=0 exact=1 overflow=0 dup=0 reverse=0 rollover=0 sensor_dt_us=0/0.00/0 rx_dt_us=0/0.00/0 pair_first=0/0 pair_last=0/0
BNO_TS MAG events=0 unique=0 exact=1 overflow=0 dup=0 reverse=0 rollover=0 sensor_dt_us=0/0.00/0 rx_dt_us=0/0.00/0 pair_first=0/0 pair_last=0/0
BNO_VEC ACCEL_SENSOR_AND_ESKF_INPUT events=0 nonfinite=0
BNO_VEC GYRO_SENSOR_AND_ESKF_INPUT events=0 nonfinite=0
BNO_VEC MAG_SENSOR events=0 nonfinite=0
LINK queue/drop/high=0/0/3 tof=5244
TXDIAG frames_s=117 bytes_s=16382 total_frames=3938 total_bytes=520860 queue=0 high=3 drops=0 bno_drop=0 partial=0 zero=0 write_calls=68442 max_write_us=194 free_heap=249992 min_free_heap=249992 usage_pct=17.78
BNO_TX kind=1 event=0 req=0 enq=0 drop=0 done=0 bytes=0
BNO_REPORT kind=1 report_id=0 interval_us=0 requested_hz=0.000 enable_ok=0 enable_fail=0 callback=0 switch=0 kind_convert=0 events=0 tx_req=0 tx_enq=0 tx_done=0 tx_drop=0 event_drop=0 reset_reconfig=0 effective_hz=0.000
BNO_TX kind=2 event=0 req=0 enq=0 drop=0 done=0 bytes=0
BNO_REPORT kind=2 report_id=0 interval_us=0 requested_hz=0.000 enable_ok=0 enable_fail=0 callback=0 switch=0 kind_convert=0 events=0 tx_req=0 tx_enq=0 tx_done=0 tx_drop=0 event_drop=0 reset_reconfig=0 effective_hz=0.000
BNO_TX kind=3 event=510 req=510 enq=510 drop=0 done=510 bytes=42840
BNO_REPORT kind=3 report_id=8 interval_us=20000 requested_hz=50.000 enable_ok=2 enable_fail=0 callback=1455 switch=1455 kind_convert=1455 events=1455 tx_req=510 tx_enq=510 tx_done=510 tx_drop=0 event_drop=0 reset_reconfig=1 effective_hz=50.014
BNO_TX kind=4 event=0 req=0 enq=0 drop=0 done=0 bytes=0
BNO_REPORT kind=4 report_id=0 interval_us=0 requested_hz=0.000 enable_ok=0 enable_fail=0 callback=0 switch=0 kind_convert=0 events=0 tx_req=0 tx_enq=0 tx_done=0 tx_drop=0 event_drop=0 reset_reconfig=0 effective_hz=0.000
BNO_TX kind=5 event=0 req=0 enq=0 drop=0 done=0 bytes=0
BNO_REPORT kind=5 report_id=0 interval_us=0 requested_hz=0.000 enable_ok=0 enable_fail=0 callback=0 switch=0 kind_convert=0 events=0 tx_req=0 tx_enq=0 tx_done=0 tx_drop=0 event_drop=0 reset_reconfig=0 effective_hz=0.000
DIAG state=FAULT dry=1 bno_ready=1 addr=0x4A init/reinit/poll=0/0/3010 event A/G/M=0/0/0 age_rx_us=4294967295/4294967295/4294967295
IMU cand/pair/call/ok=0/0/0/0 reject=0 dup/order/stale/dt/nonfinite/norm/queue=0/0/0/0/0/0/0 last_ok_age_us=4294967295 dt_us=0 align_samples=0 align_elapsed_us=0
HEALTH state=0 health=0 reason=imu_stale mount=0 imu_age_us=4294967295 imu_gaps=0 reversals=0 covariance=1 finite=1 gnss_age_us=130708949 tof_age_us=4294967295 obs=1
BNO_TS ACCEL events=0 unique=0 exact=1 overflow=0 dup=0 reverse=0 rollover=0 sensor_dt_us=0/0.00/0 rx_dt_us=0/0.00/0 pair_first=0/0 pair_last=0/0
BNO_TS GYRO events=0 unique=0 exact=1 overflow=0 dup=0 reverse=0 rollover=0 sensor_dt_us=0/0.00/0 rx_dt_us=0/0.00/0 pair_first=0/0 pair_last=0/0
BNO_TS MAG events=0 unique=0 exact=1 overflow=0 dup=0 reverse=0 rollover=0 sensor_dt_us=0/0.00/0 rx_dt_us=0/0.00/0 pair_first=0/0 pair_last=0/0
BNO_VEC ACCEL_SENSOR_AND_ESKF_INPUT events=0 nonfinite=0
BNO_VEC GYRO_SENSOR_AND_ESKF_INPUT events=0 nonfinite=0
BNO_VEC MAG_SENSOR events=0 nonfinite=0
LINK queue/drop/high=1/0/3 tof=5275
TXDIAG frames_s=117 bytes_s=16452 total_frames=4056 total_bytes=537428 queue=0 high=3 drops=0 bno_drop=0 partial=0 zero=0 write_calls=70708 max_write_us=194 free_heap=249992 min_free_heap=249992 usage_pct=17.85
BNO_TX kind=1 event=0 req=0 enq=0 drop=0 done=0 bytes=0
BNO_REPORT kind=1 report_id=0 interval_us=0 requested_hz=0.000 enable_ok=0 enable_fail=0 callback=0 switch=0 kind_convert=0 events=0 tx_req=0 tx_enq=0 tx_done=0 tx_drop=0 event_drop=0 reset_reconfig=0 effective_hz=0.000
BNO_TX kind=2 event=0 req=0 enq=0 drop=0 done=0 bytes=0
BNO_REPORT kind=2 report_id=0 interval_us=0 requested_hz=0.000 enable_ok=0 enable_fail=0 callback=0 switch=0 kind_convert=0 events=0 tx_req=0 tx_enq=0 tx_done=0 tx_drop=0 event_drop=0 reset_reconfig=0 effective_hz=0.000
BNO_TX kind=3 event=510 req=510 enq=510 drop=0 done=510 bytes=42840
BNO_REPORT kind=3 report_id=8 interval_us=20000 requested_hz=50.000 enable_ok=2 enable_fail=0 callback=1505 switch=1505 kind_convert=1505 events=1505 tx_req=510 tx_enq=510 tx_done=510 tx_drop=0 event_drop=0 reset_reconfig=1 effective_hz=50.014
BNO_TX kind=4 event=0 req=0 enq=0 drop=0 done=0 bytes=0
BNO_REPORT kind=4 report_id=0 interval_us=0 requested_hz=0.000 enable_ok=0 enable_fail=0 callback=0 switch=0 kind_convert=0 events=0 tx_req=0 tx_enq=0 tx_done=0 tx_drop=0 event_drop=0 reset_reconfig=0 effective_hz=0.000
BNO_TX kind=5 event=0 req=0 enq=0 drop=0 done=0 bytes=0
BNO_REPORT kind=5 report_id=0 interval_us=0 requested_hz=0.000 enable_ok=0 enable_fail=0 callback=0 switch=0 kind_convert=0 events=0 tx_req=0 tx_enq=0 tx_done=0 tx_drop=0 event_drop=0 reset_reconfig=0 effective_hz=0.000
DIAG state=FAULT dry=1 bno_ready=1 addr=0x4A init/reinit/poll=0/0/3110 event A/G/M=0/0/0 age_rx_us=4294967295/4294967295/4294967295
IMU cand/pair/call/ok=0/0/0/0 reject=0 dup/order/stale/dt/nonfinite/norm/queue=0/0/0/0/0/0/0 last_ok_age_us=4294967295 dt_us=0 align_samples=0 align_elapsed_us=0
HEALTH state=0 health=0 reason=imu_stale mount=0 imu_age_us=4294967295 imu_gaps=0 reversals=0 covariance=1 finite=1 gnss_age_us=130647023 tof_age_us=4294967295 obs=1
BNO_TS ACCEL events=0 unique=0 exact=1 overflow=0 dup=0 reverse=0 rollover=0 sensor_dt_us=0/0.00/0 rx_dt_us=0/0.00/0 pair_first=0/0 pair_last=0/0
BNO_TS GYRO events=0 unique=0 exact=1 overflow=0 dup=0 reverse=0 rollover=0 sensor_dt_us=0/0.00/0 rx_dt_us=0/0.00/0 pair_first=0/0 pair_last=0/0
BNO_TS MAG events=0 unique=0 exact=1 overflow=0 dup=0 reverse=0 rollover=0 sensor_dt_us=0/0.00/0 rx_dt_us=0/0.00/0 pair_first=0/0 pair_last=0/0
BNO_VEC ACCEL_SENSOR_AND_ESKF_INPUT events=0 nonfinite=0
BNO_VEC GYRO_SENSOR_AND_ESKF_INPUT events=0 nonfinite=0
BNO_VEC MAG_SENSOR events=0 nonfinite=0
LINK queue/drop/high=0/0/3 tof=5305
TXDIAG frames_s=112 bytes_s=15880 total_frames=4168 total_bytes=553308 queue=0 high=3 drops=0 bno_drop=0 partial=0 zero=0 write_calls=73121 max_write_us=194 free_heap=249992 min_free_heap=249992 usage_pct=17.23
BNO_TX kind=1 event=0 req=0 enq=0 drop=0 done=0 bytes=0
BNO_REPORT kind=1 report_id=0 interval_us=0 requested_hz=0.000 enable_ok=0 enable_fail=0 callback=0 switch=0 kind_convert=0 events=0 tx_req=0 tx_enq=0 tx_done=0 tx_drop=0 event_drop=0 reset_reconfig=0 effective_hz=0.000
BNO_TX kind=2 event=0 req=0 enq=0 drop=0 done=0 bytes=0
BNO_REPORT kind=2 report_id=0 interval_us=0 requested_hz=0.000 enable_ok=0 enable_fail=0 callback=0 switch=0 kind_convert=0 events=0 tx_req=0 tx_enq=0 tx_done=0 tx_drop=0 event_drop=0 reset_reconfig=0 effective_hz=0.000
BNO_TX kind=3 event=510 req=510 enq=510 drop=0 done=510 bytes=42840
BNO_REPORT kind=3 report_id=8 interval_us=20000 requested_hz=50.000 enable_ok=2 enable_fail=0 callback=1555 switch=1555 kind_convert=1555 events=1555 tx_req=510 tx_enq=510 tx_done=510 tx_drop=0 event_drop=0 reset_reconfig=1 effective_hz=50.015
BNO_TX kind=4 event=0 req=0 enq=0 drop=0 done=0 bytes=0
BNO_REPORT kind=4 report_id=0 interval_us=0 requested_hz=0.000 enable_ok=0 enable_fail=0 callback=0 switch=0 kind_convert=0 events=0 tx_req=0 tx_enq=0 tx_done=0 tx_drop=0 event_drop=0 reset_reconfig=0 effective_hz=0.000
BNO_TX kind=5 event=0 req=0 enq=0 drop=0 done=0 bytes=0
BNO_REPORT kind=5 report_id=0 interval_us=0 requested_hz=0.000 enable_ok=0 enable_fail=0 callback=0 switch=0 kind_convert=0 events=0 tx_req=0 tx_enq=0 tx_done=0 tx_drop=0 event_drop=0 reset_reconfig=0 effective_hz=0.000
