DIAG state=FAULT dry=1 bno_ready=1 addr=0x4A init/reinit/poll=1/0/11141 event A/G/M=0/0/0 age_rx_us=4294967295/4294967295/4294967295
IMU cand/pair/call/ok=0/0/0/0 reject=0 dup/order/stale/dt/nonfinite/norm/queue=0/0/0/0/0/0/0 last_ok_age_us=4294967295 dt_us=0 align_samples=0 align_elapsed_us=0
HEALTH state=0 health=0 reason=imu_stale mount=0 imu_age_us=4294967295 imu_gaps=0 reversals=0 covariance=1 finite=1 gnss_age_us=103943695 tof_age_us=4294967295 obs=1
BNO_TS ACCEL events=0 unique=0 exact=1 overflow=0 dup=0 reverse=0 rollover=0 sensor_dt_us=0/0.00/0 rx_dt_us=0/0.00/0 pair_first=0/0 pair_last=0/0
BNO_TS GYRO events=0 unique=0 exact=1 overflow=0 dup=0 reverse=0 rollover=0 sensor_dt_us=0/0.00/0 rx_dt_us=0/0.00/0 pair_first=0/0 pair_last=0/0
BNO_TS MAG events=0 unique=0 exact=1 overflow=0 dup=0 reverse=0 rollover=0 sensor_dt_us=0/0.00/0 rx_dt_us=0/0.00/0 pair_first=0/0 pair_last=0/0
BNO_VEC ACCEL_SENSOR_AND_ESKF_INPUT events=0 nonfinite=0
BNO_VEC GYRO_SENSOR_AND_ESKF_INPUT events=0 nonfinite=0
BNO_VEC MAG_SENSOR events=0 nonfinite=0
LINK queue/drop/high=1/0/3 tof=3384
TXDIAG frames_s=117 bytes_s=16491 total_frames=12845 total_bytes=1806508 queue=0 high=3 drops=0 bno_drop=0 partial=0 zero=0 write_calls=251546 max_write_us=135 free_heap=250036 min_free_heap=250036 usage_pct=17.89
BNO_TX kind=1 event=0 req=0 enq=0 drop=0 done=0 bytes=0
BNO_REPORT kind=1 report_id=0 interval_us=0 requested_hz=0.000 enable_ok=0 enable_fail=0 callback=0 switch=0 kind_convert=0 events=0 tx_req=0 tx_enq=0 tx_done=0 tx_drop=0 event_drop=0 reset_reconfig=0 effective_hz=0.000
BNO_TX kind=2 event=0 req=0 enq=0 drop=0 done=0 bytes=0
BNO_REPORT kind=2 report_id=0 interval_us=0 requested_hz=0.000 enable_ok=0 enable_fail=0 callback=0 switch=0 kind_convert=0 events=0 tx_req=0 tx_enq=0 tx_done=0 tx_drop=0 event_drop=0 reset_reconfig=0 effective_hz=0.000
BNO_TX kind=3 event=0 req=0 enq=0 drop=0 done=0 bytes=0
BNO_REPORT kind=3 report_id=8 interval_us=20000 requested_hz=50.000 enable_ok=2 enable_fail=0 callback=5570 switch=5570 kind_convert=5570 events=5570 tx_req=0 tx_enq=0 tx_done=0 tx_drop=0 event_drop=0 reset_reconfig=1 effective_hz=50.014
BNO_TX kind=4 event=0 req=0 enq=0 drop=0 done=0 bytes=0
BNO_REPORT kind=4 report_id=0 interval_us=0 requested_hz=0.000 enable_ok=0 enable_fail=0 callback=0 switch=0 kind_convert=0 events=0 tx_req=0 tx_enq=0 tx_done=0 tx_drop=0 event_drop=0 reset_reconfig=0 effective_hz=0.000
BNO_TX kind=5 event=0 req=0 enq=0 drop=0 done=0 bytes=0
BNO_REPORT kind=5 report_id=0 interval_us=0 requested_hz=0.000 enable_ok=0 enable_fail=0 callback=0 switch=0 kind_convert=0 events=0 tx_req=0 tx_enq=0 tx_done=0 tx_drop=0 event_drop=0 reset_reconfig=0 effective_hz=0.000
DIAG state=FAULT dry=1 bno_ready=1 addr=0x4A init/reinit/poll=1/0/11242 event A/G/M=0/0/0 age_rx_us=4294967295/4294967295/4294967295
IMU cand/pair/call/ok=0/0/0/0 reject=0 dup/order/stale/dt/nonfinite/norm/queue=0/0/0/0/0/0/0 last_ok_age_us=4294967295 dt_us=0 align_samples=0 align_elapsed_us=0
HEALTH state=0 health=0 reason=imu_stale mount=0 imu_age_us=4294967295 imu_gaps=0 reversals=0 covariance=1 finite=1 gnss_age_us=103943370 tof_age_us=4294967295 obs=1
BNO_TS ACCEL events=0 unique=0 exact=1 overflow=0 dup=0 reverse=0 rollover=0 sensor_dt_us=0/0.00/0 rx_dt_us=0/0.00/0 pair_first=0/0 pair_last=0/0
BNO_TS GYRO events=0 unique=0 exact=1 overflow=0 dup=0 reverse=0 rollover=0 sensor_dt_us=0/0.00/0 rx_dt_us=0/0.00/0 pair_first=0/0 pair_last=0/0
BNO_TS MAG events=0 unique=0 exact=1 overflow=0 dup=0 reverse=0 rollover=0 sensor_dt_us=0/0.00/0 rx_dt_us=0/0.00/0 pair_first=0/0 pair_last=0/0
BNO_VEC ACCEL_SENSOR_AND_ESKF_INPUT events=0 nonfinite=0
BNO_VEC GYRO_SENSOR_AND_ESKF_INPUT events=0 nonfinite=0
BNO_VEC MAG_SENSOR events=0 nonfinite=0
LINK queue/drop/high=0/0/3 tof=3414
TXDIAG frames_s=117 bytes_s=16278 total_frames=12963 total_bytes=1822852 queue=0 high=3 drops=0 bno_drop=0 partial=0 zero=0 write_calls=253884 max_write_us=135 free_heap=250036 min_free_heap=250036 usage_pct=17.66
BNO_TX kind=1 event=0 req=0 enq=0 drop=0 done=0 bytes=0
BNO_REPORT kind=1 report_id=0 interval_us=0 requested_hz=0.000 enable_ok=0 enable_fail=0 callback=0 switch=0 kind_convert=0 events=0 tx_req=0 tx_enq=0 tx_done=0 tx_drop=0 event_drop=0 reset_reconfig=0 effective_hz=0.000
BNO_TX kind=2 event=0 req=0 enq=0 drop=0 done=0 bytes=0
BNO_REPORT kind=2 report_id=0 interval_us=0 requested_hz=0.000 enable_ok=0 enable_fail=0 callback=0 switch=0 kind_convert=0 events=0 tx_req=0 tx_enq=0 tx_done=0 tx_drop=0 event_drop=0 reset_reconfig=0 effective_hz=0.000
BNO_TX kind=3 event=0 req=0 enq=0 drop=0 done=0 bytes=0
BNO_REPORT kind=3 report_id=8 interval_us=20000 requested_hz=50.000 enable_ok=2 enable_fail=0 callback=5620 switch=5620 kind_convert=5620 events=5620 tx_req=0 tx_enq=0 tx_done=0 tx_drop=0 event_drop=0 reset_reconfig=1 effective_hz=50.014
BNO_TX kind=4 event=0 req=0 enq=0 drop=0 done=0 bytes=0
BNO_REPORT kind=4 report_id=0 interval_us=0 requested_hz=0.000 enable_ok=0 enable_fail=0 callback=0 switch=0 kind_convert=0 events=0 tx_req=0 tx_enq=0 tx_done=0 tx_drop=0 event_drop=0 reset_reconfig=0 effective_hz=0.000
BNO_TX kind=5 event=0 req=0 enq=0 drop=0 done=0 bytes=0
BNO_REPORT kind=5 report_id=0 interval_us=0 requested_hz=0.000 enable_ok=0 enable_fail=0 callback=0 switch=0 kind_convert=0 events=0 tx_req=0 tx_enq=0 tx_done=0 tx_drop=0 event_drop=0 reset_reconfig=0 effective_hz=0.000
DIAG state=FAULT dry=1 bno_ready=1 addr=0x4A init/reinit/poll=1/0/11342 event A/G/M=0/0/0 age_rx_us=4294967295/4294967295/4294967295
IMU cand/pair/call/ok=0/0/0/0 reject=0 dup/order/stale/dt/nonfinite/norm/queue=0/0/0/0/0/0/0 last_ok_age_us=4294967295 dt_us=0 align_samples=0 align_elapsed_us=0
HEALTH state=0 health=0 reason=imu_stale mount=0 imu_age_us=4294967295 imu_gaps=0 reversals=0 covariance=1 finite=1 gnss_age_us=103940007 tof_age_us=4294967295 obs=1
BNO_TS ACCEL events=0 unique=0 exact=1 overflow=0 dup=0 reverse=0 rollover=0 sensor_dt_us=0/0.00/0 rx_dt_us=0/0.00/0 pair_first=0/0 pair_last=0/0
BNO_TS GYRO events=0 unique=0 exact=1 overflow=0 dup=0 reverse=0 rollover=0 sensor_dt_us=0/0.00/0 rx_dt_us=0/0.00/0 pair_first=0/0 pair_last=0/0
BNO_TS MAG events=0 unique=0 exact=1 overflow=0 dup=0 reverse=0 rollover=0 sensor_dt_us=0/0.00/0 rx_dt_us=0/0.00/0 pair_first=0/0 pair_last=0/0
BNO_VEC ACCEL_SENSOR_AND_ESKF_INPUT events=0 nonfinite=0
BNO_VEC GYRO_SENSOR_AND_ESKF_INPUT events=0 nonfinite=0
BNO_VEC MAG_SENSOR events=0 nonfinite=0
LINK queue/drop/high=1/0/3 tof=3445
TXDIAG frames_s=117 bytes_s=16485 total_frames=13081 total_bytes=1839420 queue=0 high=3 drops=0 bno_drop=0 partial=0 zero=0 write_calls=256199 max_write_us=136 free_heap=250036 min_free_heap=250036 usage_pct=17.89
BNO_TX kind=1 event=0 req=0 enq=0 drop=0 done=0 bytes=0
BNO_REPORT kind=1 report_id=0 interval_us=0 requested_hz=0.000 enable_ok=0 enable_fail=0 callback=0 switch=0 kind_convert=0 events=0 tx_req=0 tx_enq=0 tx_done=0 tx_drop=0 event_drop=0 reset_reconfig=0 effective_hz=0.000
BNO_TX kind=2 event=0 req=0 enq=0 drop=0 done=0 bytes=0
BNO_REPORT kind=2 report_id=0 interval_us=0 requested_hz=0.000 enable_ok=0 enable_fail=0 callback=0 switch=0 kind_convert=0 events=0 tx_req=0 tx_enq=0 tx_done=0 tx_drop=0 event_drop=0 reset_reconfig=0 effective_hz=0.000
BNO_TX kind=3 event=0 req=0 enq=0 drop=0 done=0 bytes=0
BNO_REPORT kind=3 report_id=8 interval_us=20000 requested_hz=50.000 enable_ok=2 enable_fail=0 callback=5670 switch=5670 kind_convert=5670 events=5670 tx_req=0 tx_enq=0 tx_done=0 tx_drop=0 event_drop=0 reset_reconfig=1 effective_hz=50.014
BNO_TX kind=4 event=0 req=0 enq=0 drop=0 done=0 bytes=0
BNO_REPORT kind=4 report_id=0 interval_us=0 requested_hz=0.000 enable_ok=0 enable_fail=0 callback=0 switch=0 kind_convert=0 events=0 tx_req=0 tx_enq=0 tx_done=0 tx_drop=0 event_drop=0 reset_reconfig=0 effective_hz=0.000
BNO_TX kind=5 event=0 req=0 enq=0 drop=0 done=0 bytes=0
BNO_REPORT kind=5 report_id=0 interval_us=0 requested_hz=0.000 enable_ok=0 enable_fail=0 callback=0 switch=0 kind_convert=0 events=0 tx_req=0 tx_enq=0 tx_done=0 tx_drop=0 event_drop=0 reset_reconfig=0 effective_hz=0.000
DIAG state=FAULT dry=1 bno_ready=1 addr=0x4A init/reinit/poll=1/0/11442 event A/G/M=0/0/0 age_rx_us=4294967295/4294967295/4294967295
IMU cand/pair/call/ok=0/0/0/0 reject=0 dup/order/stale/dt/nonfinite/norm/queue=0/0/0/0/0/0/0 last_ok_age_us=4294967295 dt_us=0 align_samples=0 align_elapsed_us=0
HEALTH state=0 health=0 reason=imu_stale mount=0 imu_age_us=4294967295 imu_gaps=0 reversals=0 covariance=1 finite=1 gnss_age_us=104024339 tof_age_us=4294967295 obs=1
BNO_TS ACCEL events=0 unique=0 exact=1 overflow=0 dup=0 reverse=0 rollover=0 sensor_dt_us=0/0.00/0 rx_dt_us=0/0.00/0 pair_first=0/0 pair_last=0/0
BNO_TS GYRO events=0 unique=0 exact=1 overflow=0 dup=0 reverse=0 rollover=0 sensor_dt_us=0/0.00/0 rx_dt_us=0/0.00/0 pair_first=0/0 pair_last=0/0
BNO_TS MAG events=0 unique=0 exact=1 overflow=0 dup=0 reverse=0 rollover=0 sensor_dt_us=0/0.00/0 rx_dt_us=0/0.00/0 pair_first=0/0 pair_last=0/0
BNO_VEC ACCEL_SENSOR_AND_ESKF_INPUT events=0 nonfinite=0
BNO_VEC GYRO_SENSOR_AND_ESKF_INPUT events=0 nonfinite=0
BNO_VEC MAG_SENSOR events=0 nonfinite=0
LINK queue/drop/high=0/0/3 tof=3475
TXDIAG frames_s=117 bytes_s=16415 total_frames=13199 total_bytes=1855852 queue=0 high=3 drops=0 bno_drop=0 partial=0 zero=0 write_calls=258497 max_write_us=136 free_heap=250036 min_free_heap=250036 usage_pct=17.81
BNO_TX kind=1 event=0 req=0 enq=0 drop=0 done=0 bytes=0
BNO_REPORT kind=1 report_id=0 interval_us=0 requested_hz=0.000 enable_ok=0 enable_fail=0 callback=0 switch=0 kind_convert=0 events=0 tx_req=0 tx_enq=0 tx_done=0 tx_drop=0 event_drop=0 reset_reconfig=0 effective_hz=0.000
BNO_TX kind=2 event=0 req=0 enq=0 drop=0 done=0 bytes=0
BNO_REPORT kind=2 report_id=0 interval_us=0 requested_hz=0.000 enable_ok=0 enable_fail=0 callback=0 switch=0 kind_convert=0 events=0 tx_req=0 tx_enq=0 tx_done=0 tx_drop=0 event_drop=0 reset_reconfig=0 effective_hz=0.000
BNO_TX kind=3 event=0 req=0 enq=0 drop=0 done=0 bytes=0
BNO_REPORT kind=3 report_id=8 interval_us=20000 requested_hz=50.000 enable_ok=2 enable_fail=0 callback=5720 switch=5720 kind_convert=5720 events=5720 tx_req=0 tx_enq=0 tx_done=0 tx_drop=0 event_drop=0 reset_reconfig=1 effective_hz=50.014
BNO_TX kind=4 event=0 req=0 enq=0 drop=0 done=0 bytes=0
BNO_REPORT kind=4 report_id=0 interval_us=0 requested_hz=0.000 enable_ok=0 enable_fail=0 callback=0 switch=0 kind_convert=0 events=0 tx_req=0 tx_enq=0 tx_done=0 tx_drop=0 event_drop=0 reset_reconfig=0 effective_hz=0.000
BNO_TX kind=5 event=0 req=0 enq=0 drop=0 done=0 bytes=0
BNO_REPORT kind=5 report_id=0 interval_us=0 requested_hz=0.000 enable_ok=0 enable_fail=0 callback=0 switch=0 kind_convert=0 events=0 tx_req=0 tx_enq=0 tx_done=0 tx_drop=0 event_drop=0 reset_reconfig=0 effective_hz=0.000
DIAG state=FAULT dry=1 bno_ready=1 addr=0x4A init/reinit/poll=1/0/11542 event A/G/M=0/0/0 age_rx_us=4294967295/4294967295/4294967295
IMU cand/pair/call/ok=0/0/0/0 reject=0 dup/order/stale/dt/nonfinite/norm/queue=0/0/0/0/0/0/0 last_ok_age_us=4294967295 dt_us=0 align_samples=0 align_elapsed_us=0
HEALTH state=0 health=0 reason=imu_stale mount=0 imu_age_us=4294967295 imu_gaps=0 reversals=0 covariance=1 finite=1 gnss_age_us=104036709 tof_age_us=4294967295 obs=1
BNO_TS ACCEL events=0 unique=0 exact=1 overflow=0 dup=0 reverse=0 rollover=0 sensor_dt_us=0/0.00/0 rx_dt_us=0/0.00/0 pair_first=0/0 pair_last=0/0
BNO_TS GYRO events=0 unique=0 exact=1 overflow=0 dup=0 reverse=0 rollover=0 sensor_dt_us=0/0.00/0 rx_dt_us=0/0.00/0 pair_first=0/0 pair_last=0/0
BNO_TS MAG events=0 unique=0 exact=1 overflow=0 dup=0 reverse=0 rollover=0 sensor_dt_us=0/0.00/0 rx_dt_us=0/0.00/0 pair_first=0/0 pair_last=0/0
BNO_VEC ACCEL_SENSOR_AND_ESKF_INPUT events=0 nonfinite=0
BNO_VEC GYRO_SENSOR_AND_ESKF_INPUT events=0 nonfinite=0
BNO_VEC MAG_SENSOR events=0 nonfinite=0
LINK queue/drop/high=2/0/3 tof=3506
TXDIAG frames_s=117 bytes_s=16469 total_frames=13317 total_bytes=1872420 queue=0 high=3 drops=0 bno_drop=0 partial=0 zero=0 write_calls=260801 max_write_us=136 free_heap=250036 min_free_heap=250036 usage_pct=17.87
BNO_TX kind=1 event=0 req=0 enq=0 drop=0 done=0 bytes=0
BNO_REPORT kind=1 report_id=0 interval_us=0 requested_hz=0.000 enable_ok=0 enable_fail=0 callback=0 switch=0 kind_convert=0 events=0 tx_req=0 tx_enq=0 tx_done=0 tx_drop=0 event_drop=0 reset_reconfig=0 effective_hz=0.000
BNO_TX kind=2 event=0 req=0 enq=0 drop=0 done=0 bytes=0
BNO_REPORT kind=2 report_id=0 interval_us=0 requested_hz=0.000 enable_ok=0 enable_fail=0 callback=0 switch=0 kind_convert=0 events=0 tx_req=0 tx_enq=0 tx_done=0 tx_drop=0 event_drop=0 reset_reconfig=0 effective_hz=0.000
BNO_TX kind=3 event=0 req=0 enq=0 drop=0 done=0 bytes=0
BNO_REPORT kind=3 report_id=8 interval_us=20000 requested_hz=50.000 enable_ok=2 enable_fail=0 callback=5771 switch=5771 kind_convert=5771 events=5771 tx_req=0 tx_enq=0 tx_done=0 tx_drop=0 event_drop=0 reset_reconfig=1 effective_hz=50.013
BNO_TX kind=4 event=0 req=0 enq=0 drop=0 done=0 bytes=0
BNO_REPORT kind=4 report_id=0 interval_us=0 requested_hz=0.000 enable_ok=0 enable_fail=0 callback=0 switch=0 kind_convert=0 events=0 tx_req=0 tx_enq=0 tx_done=0 tx_drop=0 event_drop=0 reset_reconfig=0 effective_hz=0.000
BNO_TX kind=5 event=0 req=0 enq=0 drop=0 done=0 bytes=0
BNO_REPORT kind=5 report_id=0 interval_us=0 requested_hz=0.000 enable_ok=0 enable_fail=0 callback=0 switch=0 kind_convert=0 events=0 tx_req=0 tx_enq=0 tx_done=0 tx_drop=0 event_drop=0 reset_reconfig=0 effective_hz=0.000
DIAG state=FAULT dry=1 bno_ready=1 addr=0x4A init/reinit/poll=1/0/11643 event A/G/M=0/0/0 age_rx_us=4294967295/4294967295/4294967295
IMU cand/pair/call/ok=0/0/0/0 reject=0 dup/order/stale/dt/nonfinite/norm/queue=0/0/0/0/0/0/0 last_ok_age_us=4294967295 dt_us=0 align_samples=0 align_elapsed_us=0
HEALTH state=0 health=0 reason=imu_stale mount=0 imu_age_us=4294967295 imu_gaps=0 reversals=0 covariance=1 finite=1 gnss_age_us=104033036 tof_age_us=4294967295 obs=1
BNO_TS ACCEL events=0 unique=0 exact=1 overflow=0 dup=0 reverse=0 rollover=0 sensor_dt_us=0/0.00/0 rx_dt_us=0/0.00/0 pair_first=0/0 pair_last=0/0
BNO_TS GYRO events=0 unique=0 exact=1 overflow=0 dup=0 reverse=0 rollover=0 sensor_dt_us=0/0.00/0 rx_dt_us=0/0.00/0 pair_first=0/0 pair_last=0/0
BNO_TS MAG events=0 unique=0 exact=1 overflow=0 dup=0 reverse=0 rollover=0 sensor_dt_us=0/0.00/0 rx_dt_us=0/0.00/0 pair_first=0/0 pair_last=0/0
BNO_VEC ACCEL_SENSOR_AND_ESKF_INPUT events=0 nonfinite=0
BNO_VEC GYRO_SENSOR_AND_ESKF_INPUT events=0 nonfinite=0
BNO_VEC MAG_SENSOR events=0 nonfinite=0
LINK queue/drop/high=0/0/3 tof=3536
TXDIAG frames_s=114 bytes_s=16039 total_frames=13432 total_bytes=1888476 queue=0 high=3 drops=0 bno_drop=0 partial=0 zero=0 write_calls=263083 max_write_us=136 free_heap=250036 min_free_heap=250036 usage_pct=17.40
BNO_TX kind=1 event=0 req=0 enq=0 drop=0 done=0 bytes=0
BNO_REPORT kind=1 report_id=0 interval_us=0 requested_hz=0.000 enable_ok=0 enable_fail=0 callback=0 switch=0 kind_convert=0 events=0 tx_req=0 tx_enq=0 tx_done=0 tx_drop=0 event_drop=0 reset_reconfig=0 effective_hz=0.000
BNO_TX kind=2 event=0 req=0 enq=0 drop=0 done=0 bytes=0
BNO_REPORT kind=2 report_id=0 interval_us=0 requested_hz=0.000 enable_ok=0 enable_fail=0 callback=0 switch=0 kind_convert=0 events=0 tx_req=0 tx_enq=0 tx_done=0 tx_drop=0 event_drop=0 reset_reconfig=0 effective_hz=0.000
BNO_TX kind=3 event=0 req=0 enq=0 drop=0 done=0 bytes=0
BNO_REPORT kind=3 report_id=8 interval_us=20000 requested_hz=50.000 enable_ok=2 enable_fail=0 callback=5821 switch=5821 kind_convert=5821 events=5821 tx_req=0 tx_enq=0 tx_done=0 tx_drop=0 event_drop=0 reset_reconfig=1 effective_hz=50.015
BNO_TX kind=4 event=0 req=0 enq=0 drop=0 done=0 bytes=0
BNO_REPORT kind=4 report_id=0 interval_us=0 requested_hz=0.000 enable_ok=0 enable_fail=0 callback=0 switch=0 kind_convert=0 events=0 tx_req=0 tx_enq=0 tx_done=0 tx_drop=0 event_drop=0 reset_reconfig=0 effective_hz=0.000
BNO_TX kind=5 event=0 req=0 enq=0 drop=0 done=0 bytes=0
BNO_REPORT kind=5 report_id=0 interval_us=0 requested_hz=0.000 enable_ok=0 enable_fail=0 callback=0 switch=0 kind_convert=0 events=0 tx_req=0 tx_enq=0 tx_done=0 tx_drop=0 event_drop=0 reset_reconfig=0 effective_hz=0.000
P1_CAPTURE_STATS_RESET
TX_DIAG_RESET
DIAG state=FAULT dry=1 bno_ready=1 addr=0x4A init/reinit/poll=0/0/100 event A/G/M=0/0/0 age_rx_us=4294967295/4294967295/4294967295
IMU cand/pair/call/ok=0/0/0/0 reject=0 dup/order/stale/dt/nonfinite/norm/queue=0/0/0/0/0/0/0 last_ok_age_us=4294967295 dt_us=0 align_samples=0 align_elapsed_us=0
HEALTH state=0 health=0 reason=imu_stale mount=0 imu_age_us=4294967295 imu_gaps=0 reversals=0 covariance=1 finite=1 gnss_age_us=104036684 tof_age_us=4294967295 obs=1
BNO_TS ACCEL events=0 unique=0 exact=1 overflow=0 dup=0 reverse=0 rollover=0 sensor_dt_us=0/0.00/0 rx_dt_us=0/0.00/0 pair_first=0/0 pair_last=0/0
BNO_TS GYRO events=0 unique=0 exact=1 overflow=0 dup=0 reverse=0 rollover=0 sensor_dt_us=0/0.00/0 rx_dt_us=0/0.00/0 pair_first=0/0 pair_last=0/0
BNO_TS MAG events=0 unique=0 exact=1 overflow=0 dup=0 reverse=0 rollover=0 sensor_dt_us=0/0.00/0 rx_dt_us=0/0.00/0 pair_first=0/0 pair_last=0/0
BNO_VEC ACCEL_SENSOR_AND_ESKF_INPUT events=0 nonfinite=0
BNO_VEC GYRO_SENSOR_AND_ESKF_INPUT events=0 nonfinite=0
BNO_VEC MAG_SENSOR events=0 nonfinite=0
LINK queue/drop/high=1/0/3 tof=3567
TXDIAG frames_s=169000 bytes_s=20864000 total_frames=169 total_bytes=20864 queue=0 high=3 drops=0 bno_drop=0 partial=0 zero=0 write_calls=2562 max_write_us=135 free_heap=250036 min_free_heap=250036 usage_pct=22638.89
BNO_TX kind=1 event=0 req=0 enq=0 drop=0 done=0 bytes=0
BNO_REPORT kind=1 report_id=0 interval_us=0 requested_hz=0.000 enable_ok=0 enable_fail=0 callback=0 switch=0 kind_convert=0 events=0 tx_req=0 tx_enq=0 tx_done=0 tx_drop=0 event_drop=0 reset_reconfig=0 effective_hz=0.000
BNO_TX kind=2 event=0 req=0 enq=0 drop=0 done=0 bytes=0
BNO_REPORT kind=2 report_id=0 interval_us=0 requested_hz=0.000 enable_ok=0 enable_fail=0 callback=0 switch=0 kind_convert=0 events=0 tx_req=0 tx_enq=0 tx_done=0 tx_drop=0 event_drop=0 reset_reconfig=0 effective_hz=0.000
BNO_TX kind=3 event=50 req=50 enq=50 drop=0 done=50 bytes=4200
BNO_REPORT kind=3 report_id=8 interval_us=20000 requested_hz=50.000 enable_ok=2 enable_fail=0 callback=50 switch=50 kind_convert=50 events=50 tx_req=50 tx_enq=50 tx_done=50 tx_drop=0 event_drop=0 reset_reconfig=1 effective_hz=50.014
BNO_TX kind=4 event=0 req=0 enq=0 drop=0 done=0 bytes=0
BNO_REPORT kind=4 report_id=0 interval_us=0 requested_hz=0.000 enable_ok=0 enable_fail=0 callback=0 switch=0 kind_convert=0 events=0 tx_req=0 tx_enq=0 tx_done=0 tx_drop=0 event_drop=0 reset_reconfig=0 effective_hz=0.000
BNO_TX kind=5 event=0 req=0 enq=0 drop=0 done=0 bytes=0
BNO_REPORT kind=5 report_id=0 interval_us=0 requested_hz=0.000 enable_ok=0 enable_fail=0 callback=0 switch=0 kind_convert=0 events=0 tx_req=0 tx_enq=0 tx_done=0 tx_drop=0 event_drop=0 reset_reconfig=0 effective_hz=0.000
DIAG state=FAULT dry=1 bno_ready=1 addr=0x4A init/reinit/poll=0/0/200 event A/G/M=0/0/0 age_rx_us=4294967295/4294967295/4294967295
IMU cand/pair/call/ok=0/0/0/0 reject=0 dup/order/stale/dt/nonfinite/norm/queue=0/0/0/0/0/0/0 last_ok_age_us=4294967295 dt_us=0 align_samples=0 align_elapsed_us=0
HEALTH state=0 health=0 reason=imu_stale mount=0 imu_age_us=4294967295 imu_gaps=0 reversals=0 covariance=1 finite=1 gnss_age_us=104042906 tof_age_us=4294967295 obs=1
BNO_TS ACCEL events=0 unique=0 exact=1 overflow=0 dup=0 reverse=0 rollover=0 sensor_dt_us=0/0.00/0 rx_dt_us=0/0.00/0 pair_first=0/0 pair_last=0/0
BNO_TS GYRO events=0 unique=0 exact=1 overflow=0 dup=0 reverse=0 rollover=0 sensor_dt_us=0/0.00/0 rx_dt_us=0/0.00/0 pair_first=0/0 pair_last=0/0
BNO_TS MAG events=0 unique=0 exact=1 overflow=0 dup=0 reverse=0 rollover=0 sensor_dt_us=0/0.00/0 rx_dt_us=0/0.00/0 pair_first=0/0 pair_last=0/0
BNO_VEC ACCEL_SENSOR_AND_ESKF_INPUT events=0 nonfinite=0
BNO_VEC GYRO_SENSOR_AND_ESKF_INPUT events=0 nonfinite=0
BNO_VEC MAG_SENSOR events=0 nonfinite=0
LINK queue/drop/high=0/0/4 tof=3597
TXDIAG frames_s=168 bytes_s=20686 total_frames=338 total_bytes=41592 queue=0 high=4 drops=0 bno_drop=0 partial=0 zero=0 write_calls=5235 max_write_us=135 free_heap=250036 min_free_heap=250036 usage_pct=22.45
BNO_TX kind=1 event=0 req=0 enq=0 drop=0 done=0 bytes=0
BNO_REPORT kind=1 report_id=0 interval_us=0 requested_hz=0.000 enable_ok=0 enable_fail=0 callback=0 switch=0 kind_convert=0 events=0 tx_req=0 tx_enq=0 tx_done=0 tx_drop=0 event_drop=0 reset_reconfig=0 effective_hz=0.000
BNO_TX kind=2 event=0 req=0 enq=0 drop=0 done=0 bytes=0
BNO_REPORT kind=2 report_id=0 interval_us=0 requested_hz=0.000 enable_ok=0 enable_fail=0 callback=0 switch=0 kind_convert=0 events=0 tx_req=0 tx_enq=0 tx_done=0 tx_drop=0 event_drop=0 reset_reconfig=0 effective_hz=0.000
BNO_TX kind=3 event=100 req=100 enq=100 drop=0 done=100 bytes=8400
BNO_REPORT kind=3 report_id=8 interval_us=20000 requested_hz=50.000 enable_ok=2 enable_fail=0 callback=100 switch=100 kind_convert=100 events=100 tx_req=100 tx_enq=100 tx_done=100 tx_drop=0 event_drop=0 reset_reconfig=1 effective_hz=50.014
BNO_TX kind=4 event=0 req=0 enq=0 drop=0 done=0 bytes=0
BNO_REPORT kind=4 report_id=0 interval_us=0 requested_hz=0.000 enable_ok=0 enable_fail=0 callback=0 switch=0 kind_convert=0 events=0 tx_req=0 tx_enq=0 tx_done=0 tx_drop=0 event_drop=0 reset_reconfig=0 effective_hz=0.000
BNO_TX kind=5 event=0 req=0 enq=0 drop=0 done=0 bytes=0
BNO_REPORT kind=5 report_id=0 interval_us=0 requested_hz=0.000 enable_ok=0 enable_fail=0 callback=0 switch=0 kind_convert=0 events=0 tx_req=0 tx_enq=0 tx_done=0 tx_drop=0 event_drop=0 reset_reconfig=0 effective_hz=0.000
DIAG state=FAULT dry=1 bno_ready=1 addr=0x4A init/reinit/poll=0/0/300 event A/G/M=0/0/0 age_rx_us=4294967295/4294967295/4294967295
IMU cand/pair/call/ok=0/0/0/0 reject=0 dup/order/stale/dt/nonfinite/norm/queue=0/0/0/0/0/0/0 last_ok_age_us=4294967295 dt_us=0 align_samples=0 align_elapsed_us=0
HEALTH state=0 health=0 reason=imu_stale mount=0 imu_age_us=4294967295 imu_gaps=0 reversals=0 covariance=1 finite=1 gnss_age_us=104056610 tof_age_us=4294967295 obs=1
BNO_TS ACCEL events=0 unique=0 exact=1 overflow=0 dup=0 reverse=0 rollover=0 sensor_dt_us=0/0.00/0 rx_dt_us=0/0.00/0 pair_first=0/0 pair_last=0/0
BNO_TS GYRO events=0 unique=0 exact=1 overflow=0 dup=0 reverse=0 rollover=0 sensor_dt_us=0/0.00/0 rx_dt_us=0/0.00/0 pair_first=0/0 pair_last=0/0
BNO_TS MAG events=0 unique=0 exact=1 overflow=0 dup=0 reverse=0 rollover=0 sensor_dt_us=0/0.00/0 rx_dt_us=0/0.00/0 pair_first=0/0 pair_last=0/0
BNO_VEC ACCEL_SENSOR_AND_ESKF_INPUT events=0 nonfinite=0
BNO_VEC GYRO_SENSOR_AND_ESKF_INPUT events=0 nonfinite=0
BNO_VEC MAG_SENSOR events=0 nonfinite=0
LINK queue/drop/high=1/0/4 tof=3628
TXDIAG frames_s=167 bytes_s=20698 total_frames=507 total_bytes=62456 queue=0 high=4 drops=0 bno_drop=0 partial=0 zero=0 write_calls=7850 max_write_us=135 free_heap=250036 min_free_heap=250036 usage_pct=22.46
BNO_TX kind=1 event=0 req=0 enq=0 drop=0 done=0 bytes=0
BNO_REPORT kind=1 report_id=0 interval_us=0 requested_hz=0.000 enable_ok=0 enable_fail=0 callback=0 switch=0 kind_convert=0 events=0 tx_req=0 tx_enq=0 tx_done=0 tx_drop=0 event_drop=0 reset_reconfig=0 effective_hz=0.000
BNO_TX kind=2 event=0 req=0 enq=0 drop=0 done=0 bytes=0
BNO_REPORT kind=2 report_id=0 interval_us=0 requested_hz=0.000 enable_ok=0 enable_fail=0 callback=0 switch=0 kind_convert=0 events=0 tx_req=0 tx_enq=0 tx_done=0 tx_drop=0 event_drop=0 reset_reconfig=0 effective_hz=0.000
BNO_TX kind=3 event=150 req=150 enq=150 drop=0 done=150 bytes=12600
BNO_REPORT kind=3 report_id=8 interval_us=20000 requested_hz=50.000 enable_ok=2 enable_fail=0 callback=151 switch=151 kind_convert=151 events=151 tx_req=150 tx_enq=150 tx_done=150 tx_drop=0 event_drop=0 reset_reconfig=1 effective_hz=50.011
BNO_TX kind=4 event=0 req=0 enq=0 drop=0 done=0 bytes=0
BNO_REPORT kind=4 report_id=0 interval_us=0 requested_hz=0.000 enable_ok=0 enable_fail=0 callback=0 switch=0 kind_convert=0 events=0 tx_req=0 tx_enq=0 tx_done=0 tx_drop=0 event_drop=0 reset_reconfig=0 effective_hz=0.000
BNO_TX kind=5 event=0 req=0 enq=0 drop=0 done=0 bytes=0
BNO_REPORT kind=5 report_id=0 interval_us=0 requested_hz=0.000 enable_ok=0 enable_fail=0 callback=0 switch=0 kind_convert=0 events=0 tx_req=0 tx_enq=0 tx_done=0 tx_drop=0 event_drop=0 reset_reconfig=0 effective_hz=0.000
DIAG state=FAULT dry=1 bno_ready=1 addr=0x4A init/reinit/poll=0/0/400 event A/G/M=0/0/0 age_rx_us=4294967295/4294967295/4294967295
IMU cand/pair/call/ok=0/0/0/0 reject=0 dup/order/stale/dt/nonfinite/norm/queue=0/0/0/0/0/0/0 last_ok_age_us=4294967295 dt_us=0 align_samples=0 align_elapsed_us=0
HEALTH state=0 health=0 reason=imu_stale mount=0 imu_age_us=4294967295 imu_gaps=0 reversals=0 covariance=1 finite=1 gnss_age_us=104052838 tof_age_us=4294967295 obs=1
BNO_TS ACCEL events=0 unique=0 exact=1 overflow=0 dup=0 reverse=0 rollover=0 sensor_dt_us=0/0.00/0 rx_dt_us=0/0.00/0 pair_first=0/0 pair_last=0/0
BNO_TS GYRO events=0 unique=0 exact=1 overflow=0 dup=0 reverse=0 rollover=0 sensor_dt_us=0/0.00/0 rx_dt_us=0/0.00/0 pair_first=0/0 pair_last=0/0
BNO_TS MAG events=0 unique=0 exact=1 overflow=0 dup=0 reverse=0 rollover=0 sensor_dt_us=0/0.00/0 rx_dt_us=0/0.00/0 pair_first=0/0 pair_last=0/0
BNO_VEC ACCEL_SENSOR_AND_ESKF_INPUT events=0 nonfinite=0
BNO_VEC GYRO_SENSOR_AND_ESKF_INPUT events=0 nonfinite=0
BNO_VEC MAG_SENSOR events=0 nonfinite=0
LINK queue/drop/high=0/0/4 tof=3658
TXDIAG frames_s=170 bytes_s=20784 total_frames=677 total_bytes=83240 queue=0 high=4 drops=0 bno_drop=0 partial=0 zero=0 write_calls=10259 max_write_us=135 free_heap=250036 min_free_heap=250036 usage_pct=22.55
BNO_TX kind=1 event=0 req=0 enq=0 drop=0 done=0 bytes=0
BNO_REPORT kind=1 report_id=0 interval_us=0 requested_hz=0.000 enable_ok=0 enable_fail=0 callback=0 switch=0 kind_convert=0 events=0 tx_req=0 tx_enq=0 tx_done=0 tx_drop=0 event_drop=0 reset_reconfig=0 effective_hz=0.000
BNO_TX kind=2 event=0 req=0 enq=0 drop=0 done=0 bytes=0
BNO_REPORT kind=2 report_id=0 interval_us=0 requested_hz=0.000 enable_ok=0 enable_fail=0 callback=0 switch=0 kind_convert=0 events=0 tx_req=0 tx_enq=0 tx_done=0 tx_drop=0 event_drop=0 reset_reconfig=0 effective_hz=0.000
BNO_TX kind=3 event=200 req=200 enq=200 drop=0 done=200 bytes=16800
BNO_REPORT kind=3 report_id=8 interval_us=20000 requested_hz=50.000 enable_ok=2 enable_fail=0 callback=201 switch=201 kind_convert=201 events=201 tx_req=200 tx_enq=200 tx_done=200 tx_drop=0 event_drop=0 reset_reconfig=1 effective_hz=50.011
BNO_TX kind=4 event=0 req=0 enq=0 drop=0 done=0 bytes=0
BNO_REPORT kind=4 report_id=0 interval_us=0 requested_hz=0.000 enable_ok=0 enable_fail=0 callback=0 switch=0 kind_convert=0 events=0 tx_req=0 tx_enq=0 tx_done=0 tx_drop=0 event_drop=0 reset_reconfig=0 effective_hz=0.000
BNO_TX kind=5 event=0 req=0 enq=0 drop=0 done=0 bytes=0
BNO_REPORT kind=5 report_id=0 interval_us=0 requested_hz=0.000 enable_ok=0 enable_fail=0 callback=0 switch=0 kind_convert=0 events=0 tx_req=0 tx_enq=0 tx_done=0 tx_drop=0 event_drop=0 reset_reconfig=0 effective_hz=0.000
DIAG state=FAULT dry=1 bno_ready=1 addr=0x4A init/reinit/poll=0/0/502 event A/G/M=0/0/0 age_rx_us=4294967295/4294967295/4294967295
IMU cand/pair/call/ok=0/0/0/0 reject=0 dup/order/stale/dt/nonfinite/norm/queue=0/0/0/0/0/0/0 last_ok_age_us=4294967295 dt_us=0 align_samples=0 align_elapsed_us=0
HEALTH state=0 health=0 reason=imu_stale mount=0 imu_age_us=4294967295 imu_gaps=0 reversals=0 covariance=1 finite=1 gnss_age_us=104056828 tof_age_us=4294967295 obs=1
BNO_TS ACCEL events=0 unique=0 exact=1 overflow=0 dup=0 reverse=0 rollover=0 sensor_dt_us=0/0.00/0 rx_dt_us=0/0.00/0 pair_first=0/0 pair_last=0/0
BNO_TS GYRO events=0 unique=0 exact=1 overflow=0 dup=0 reverse=0 rollover=0 sensor_dt_us=0/0.00/0 rx_dt_us=0/0.00/0 pair_first=0/0 pair_last=0/0
BNO_TS MAG events=0 unique=0 exact=1 overflow=0 dup=0 reverse=0 rollover=0 sensor_dt_us=0/0.00/0 rx_dt_us=0/0.00/0 pair_first=0/0 pair_last=0/0
BNO_VEC ACCEL_SENSOR_AND_ESKF_INPUT events=0 nonfinite=0
BNO_VEC GYRO_SENSOR_AND_ESKF_INPUT events=0 nonfinite=0
BNO_VEC MAG_SENSOR events=0 nonfinite=0
LINK queue/drop/high=2/0/4 tof=3689
TXDIAG frames_s=168 bytes_s=20818 total_frames=847 total_bytes=104204 queue=0 high=4 drops=0 bno_drop=0 partial=0 zero=0 write_calls=13237 max_write_us=135 free_heap=250036 min_free_heap=250036 usage_pct=22.59
BNO_TX kind=1 event=0 req=0 enq=0 drop=0 done=0 bytes=0
BNO_REPORT kind=1 report_id=0 interval_us=0 requested_hz=0.000 enable_ok=0 enable_fail=0 callback=0 switch=0 kind_convert=0 events=0 tx_req=0 tx_enq=0 tx_done=0 tx_drop=0 event_drop=0 reset_reconfig=0 effective_hz=0.000
BNO_TX kind=2 event=0 req=0 enq=0 drop=0 done=0 bytes=0
BNO_REPORT kind=2 report_id=0 interval_us=0 requested_hz=0.000 enable_ok=0 enable_fail=0 callback=0 switch=0 kind_convert=0 events=0 tx_req=0 tx_enq=0 tx_done=0 tx_drop=0 event_drop=0 reset_reconfig=0 effective_hz=0.000
BNO_TX kind=3 event=251 req=251 enq=251 drop=0 done=251 bytes=21084
BNO_REPORT kind=3 report_id=8 interval_us=20000 requested_hz=50.000 enable_ok=2 enable_fail=0 callback=251 switch=251 kind_convert=251 events=251 tx_req=251 tx_enq=251 tx_done=251 tx_drop=0 event_drop=0 reset_reconfig=1 effective_hz=50.014
BNO_TX kind=4 event=0 req=0 enq=0 drop=0 done=0 bytes=0
BNO_REPORT kind=4 report_id=0 interval_us=0 requested_hz=0.000 enable_ok=0 enable_fail=0 callback=0 switch=0 kind_convert=0 events=0 tx_req=0 tx_enq=0 tx_done=0 tx_drop=0 event_drop=0 reset_reconfig=0 effective_hz=0.000
BNO_TX kind=5 event=0 req=0 enq=0 drop=0 done=0 bytes=0
BNO_REPORT kind=5 report_id=0 interval_us=0 requested_hz=0.000 enable_ok=0 enable_fail=0 callback=0 switch=0 kind_convert=0 events=0 tx_req=0 tx_enq=0 tx_done=0 tx_drop=0 event_drop=0 reset_reconfig=0 effective_hz=0.000
DIAG state=FAULT dry=1 bno_ready=1 addr=0x4A init/reinit/poll=0/0/602 event A/G/M=0/0/0 age_rx_us=4294967295/4294967295/4294967295
IMU cand/pair/call/ok=0/0/0/0 reject=0 dup/order/stale/dt/nonfinite/norm/queue=0/0/0/0/0/0/0 last_ok_age_us=4294967295 dt_us=0 align_samples=0 align_elapsed_us=0
HEALTH state=0 health=0 reason=imu_stale mount=0 imu_age_us=4294967295 imu_gaps=0 reversals=0 covariance=1 finite=1 gnss_age_us=104062795 tof_age_us=4294967295 obs=1
BNO_TS ACCEL events=0 unique=0 exact=1 overflow=0 dup=0 reverse=0 rollover=0 sensor_dt_us=0/0.00/0 rx_dt_us=0/0.00/0 pair_first=0/0 pair_last=0/0
BNO_TS GYRO events=0 unique=0 exact=1 overflow=0 dup=0 reverse=0 rollover=0 sensor_dt_us=0/0.00/0 rx_dt_us=0/0.00/0 pair_first=0/0 pair_last=0/0
BNO_TS MAG events=0 unique=0 exact=1 overflow=0 dup=0 reverse=0 rollover=0 sensor_dt_us=0/0.00/0 rx_dt_us=0/0.00/0 pair_first=0/0 pair_last=0/0
BNO_VEC ACCEL_SENSOR_AND_ESKF_INPUT events=0 nonfinite=0
BNO_VEC GYRO_SENSOR_AND_ESKF_INPUT events=0 nonfinite=0
BNO_VEC MAG_SENSOR events=0 nonfinite=0
LINK queue/drop/high=0/0/4 tof=3719
TXDIAG frames_s=169 bytes_s=20763 total_frames=1017 total_bytes=124988 queue=0 high=4 drops=0 bno_drop=0 partial=0 zero=0 write_calls=15648 max_write_us=135 free_heap=250036 min_free_heap=250036 usage_pct=22.53
BNO_TX kind=1 event=0 req=0 enq=0 drop=0 done=0 bytes=0
BNO_REPORT kind=1 report_id=0 interval_us=0 requested_hz=0.000 enable_ok=0 enable_fail=0 callback=0 switch=0 kind_convert=0 events=0 tx_req=0 tx_enq=0 tx_done=0 tx_drop=0 event_drop=0 reset_reconfig=0 effective_hz=0.000
BNO_TX kind=2 event=0 req=0 enq=0 drop=0 done=0 bytes=0
BNO_REPORT kind=2 report_id=0 interval_us=0 requested_hz=0.000 enable_ok=0 enable_fail=0 callback=0 switch=0 kind_convert=0 events=0 tx_req=0 tx_enq=0 tx_done=0 tx_drop=0 event_drop=0 reset_reconfig=0 effective_hz=0.000
BNO_TX kind=3 event=301 req=301 enq=301 drop=0 done=301 bytes=25284
BNO_REPORT kind=3 report_id=8 interval_us=20000 requested_hz=50.000 enable_ok=2 enable_fail=0 callback=301 switch=301 kind_convert=301 events=301 tx_req=301 tx_enq=301 tx_done=301 tx_drop=0 event_drop=0 reset_reconfig=1 effective_hz=50.014
BNO_TX kind=4 event=0 req=0 enq=0 drop=0 done=0 bytes=0
BNO_REPORT kind=4 report_id=0 interval_us=0 requested_hz=0.000 enable_ok=0 enable_fail=0 callback=0 switch=0 kind_convert=0 events=0 tx_req=0 tx_enq=0 tx_done=0 tx_drop=0 event_drop=0 reset_reconfig=0 effective_hz=0.000
BNO_TX kind=5 event=0 req=0 enq=0 drop=0 done=0 bytes=0
BNO_REPORT kind=5 report_id=0 interval_us=0 requested_hz=0.000 enable_ok=0 enable_fail=0 callback=0 switch=0 kind_convert=0 events=0 tx_req=0 tx_enq=0 tx_done=0 tx_drop=0 event_drop=0 reset_reconfig=0 effective_hz=0.000
DIAG state=FAULT dry=1 bno_ready=1 addr=0x4A init/reinit/poll=0/0/702 event A/G/M=0/0/0 age_rx_us=4294967295/4294967295/4294967295
IMU cand/pair/call/ok=0/0/0/0 reject=0 dup/order/stale/dt/nonfinite/norm/queue=0/0/0/0/0/0/0 last_ok_age_us=4294967295 dt_us=0 align_samples=0 align_elapsed_us=0
HEALTH state=0 health=0 reason=imu_stale mount=0 imu_age_us=4294967295 imu_gaps=0 reversals=0 covariance=1 finite=1 gnss_age_us=104066483 tof_age_us=4294967295 obs=1
BNO_TS ACCEL events=0 unique=0 exact=1 overflow=0 dup=0 reverse=0 rollover=0 sensor_dt_us=0/0.00/0 rx_dt_us=0/0.00/0 pair_first=0/0 pair_last=0/0
BNO_TS GYRO events=0 unique=0 exact=1 overflow=0 dup=0 reverse=0 rollover=0 sensor_dt_us=0/0.00/0 rx_dt_us=0/0.00/0 pair_first=0/0 pair_last=0/0
BNO_TS MAG events=0 unique=0 exact=1 overflow=0 dup=0 reverse=0 rollover=0 sensor_dt_us=0/0.00/0 rx_dt_us=0/0.00/0 pair_first=0/0 pair_last=0/0
BNO_VEC ACCEL_SENSOR_AND_ESKF_INPUT events=0 nonfinite=0
BNO_VEC GYRO_SENSOR_AND_ESKF_INPUT events=0 nonfinite=0
BNO_VEC MAG_SENSOR events=0 nonfinite=0
LINK queue/drop/high=1/0/4 tof=3750
TXDIAG frames_s=166 bytes_s=20515 total_frames=1185 total_bytes=145668 queue=0 high=4 drops=0 bno_drop=0 partial=0 zero=0 write_calls=18186 max_write_us=135 free_heap=250036 min_free_heap=250036 usage_pct=22.26
BNO_TX kind=1 event=0 req=0 enq=0 drop=0 done=0 bytes=0
BNO_REPORT kind=1 report_id=0 interval_us=0 requested_hz=0.000 enable_ok=0 enable_fail=0 callback=0 switch=0 kind_convert=0 events=0 tx_req=0 tx_enq=0 tx_done=0 tx_drop=0 event_drop=0 reset_reconfig=0 effective_hz=0.000
BNO_TX kind=2 event=0 req=0 enq=0 drop=0 done=0 bytes=0
BNO_REPORT kind=2 report_id=0 interval_us=0 requested_hz=0.000 enable_ok=0 enable_fail=0 callback=0 switch=0 kind_convert=0 events=0 tx_req=0 tx_enq=0 tx_done=0 tx_drop=0 event_drop=0 reset_reconfig=0 effective_hz=0.000
BNO_TX kind=3 event=351 req=351 enq=351 drop=0 done=351 bytes=29484
BNO_REPORT kind=3 report_id=8 interval_us=20000 requested_hz=50.000 enable_ok=2 enable_fail=0 callback=351 switch=351 kind_convert=351 events=351 tx_req=351 tx_enq=351 tx_done=351 tx_drop=0 event_drop=0 reset_reconfig=1 effective_hz=50.014
BNO_TX kind=4 event=0 req=0 enq=0 drop=0 done=0 bytes=0
BNO_REPORT kind=4 report_id=0 interval_us=0 requested_hz=0.000 enable_ok=0 enable_fail=0 callback=0 switch=0 kind_convert=0 events=0 tx_req=0 tx_enq=0 tx_done=0 tx_drop=0 event_drop=0 reset_reconfig=0 effective_hz=0.000
BNO_TX kind=5 event=0 req=0 enq=0 drop=0 done=0 bytes=0
BNO_REPORT kind=5 report_id=0 interval_us=0 requested_hz=0.000 enable_ok=0 enable_fail=0 callback=0 switch=0 kind_convert=0 events=0 tx_req=0 tx_enq=0 tx_done=0 tx_drop=0 event_drop=0 reset_reconfig=0 effective_hz=0.000
DIAG state=FAULT dry=1 bno_ready=1 addr=0x4A init/reinit/poll=0/0/802 event A/G/M=0/0/0 age_rx_us=4294967295/4294967295/4294967295
IMU cand/pair/call/ok=0/0/0/0 reject=0 dup/order/stale/dt/nonfinite/norm/queue=0/0/0/0/0/0/0 last_ok_age_us=4294967295 dt_us=0 align_samples=0 align_elapsed_us=0
HEALTH state=0 health=0 reason=imu_stale mount=0 imu_age_us=4294967295 imu_gaps=0 reversals=0 covariance=1 finite=1 gnss_age_us=104068526 tof_age_us=4294967295 obs=1
BNO_TS ACCEL events=0 unique=0 exact=1 overflow=0 dup=0 reverse=0 rollover=0 sensor_dt_us=0/0.00/0 rx_dt_us=0/0.00/0 pair_first=0/0 pair_last=0/0
BNO_TS GYRO events=0 unique=0 exact=1 overflow=0 dup=0 reverse=0 rollover=0 sensor_dt_us=0/0.00/0 rx_dt_us=0/0.00/0 pair_first=0/0 pair_last=0/0
BNO_TS MAG events=0 unique=0 exact=1 overflow=0 dup=0 reverse=0 rollover=0 sensor_dt_us=0/0.00/0 rx_dt_us=0/0.00/0 pair_first=0/0 pair_last=0/0
BNO_VEC ACCEL_SENSOR_AND_ESKF_INPUT events=0 nonfinite=0
BNO_VEC GYRO_SENSOR_AND_ESKF_INPUT events=0 nonfinite=0
BNO_VEC MAG_SENSOR events=0 nonfinite=0
LINK queue/drop/high=0/0/4 tof=3780
TXDIAG frames_s=169 bytes_s=20728 total_frames=1354 total_bytes=166396 queue=0 high=4 drops=0 bno_drop=0 partial=0 zero=0 write_calls=20759 max_write_us=135 free_heap=250036 min_free_heap=250036 usage_pct=22.49
BNO_TX kind=1 event=0 req=0 enq=0 drop=0 done=0 bytes=0
BNO_REPORT kind=1 report_id=0 interval_us=0 requested_hz=0.000 enable_ok=0 enable_fail=0 callback=0 switch=0 kind_convert=0 events=0 tx_req=0 tx_enq=0 tx_done=0 tx_drop=0 event_drop=0 reset_reconfig=0 effective_hz=0.000
BNO_TX kind=2 event=0 req=0 enq=0 drop=0 done=0 bytes=0
BNO_REPORT kind=2 report_id=0 interval_us=0 requested_hz=0.000 enable_ok=0 enable_fail=0 callback=0 switch=0 kind_convert=0 events=0 tx_req=0 tx_enq=0 tx_done=0 tx_drop=0 event_drop=0 reset_reconfig=0 effective_hz=0.000
BNO_TX kind=3 event=401 req=401 enq=401 drop=0 done=401 bytes=33684
BNO_REPORT kind=3 report_id=8 interval_us=20000 requested_hz=50.000 enable_ok=2 enable_fail=0 callback=401 switch=401 kind_convert=401 events=401 tx_req=401 tx_enq=401 tx_done=401 tx_drop=0 event_drop=0 reset_reconfig=1 effective_hz=50.008
BNO_TX kind=4 event=0 req=0 enq=0 drop=0 done=0 bytes=0
BNO_REPORT kind=4 report_id=0 interval_us=0 requested_hz=0.000 enable_ok=0 enable_fail=0 callback=0 switch=0 kind_convert=0 events=0 tx_req=0 tx_enq=0 tx_done=0 tx_drop=0 event_drop=0 reset_reconfig=0 effective_hz=0.000
BNO_TX kind=5 event=0 req=0 enq=0 drop=0 done=0 bytes=0
BNO_REPORT kind=5 report_id=0 interval_us=0 requested_hz=0.000 enable_ok=0 enable_fail=0 callback=0 switch=0 kind_convert=0 events=0 tx_req=0 tx_enq=0 tx_done=0 tx_drop=0 event_drop=0 reset_reconfig=0 effective_hz=0.000
DIAG state=FAULT dry=1 bno_ready=1 addr=0x4A init/reinit/poll=0/0/903 event A/G/M=0/0/0 age_rx_us=4294967295/4294967295/4294967295
IMU cand/pair/call/ok=0/0/0/0 reject=0 dup/order/stale/dt/nonfinite/norm/queue=0/0/0/0/0/0/0 last_ok_age_us=4294967295 dt_us=0 align_samples=0 align_elapsed_us=0
HEALTH state=0 health=0 reason=imu_stale mount=0 imu_age_us=4294967295 imu_gaps=0 reversals=0 covariance=1 finite=1 gnss_age_us=104077151 tof_age_us=4294967295 obs=1
BNO_TS ACCEL events=0 unique=0 exact=1 overflow=0 dup=0 reverse=0 rollover=0 sensor_dt_us=0/0.00/0 rx_dt_us=0/0.00/0 pair_first=0/0 pair_last=0/0
BNO_TS GYRO events=0 unique=0 exact=1 overflow=0 dup=0 reverse=0 rollover=0 sensor_dt_us=0/0.00/0 rx_dt_us=0/0.00/0 pair_first=0/0 pair_last=0/0
BNO_TS MAG events=0 unique=0 exact=1 overflow=0 dup=0 reverse=0 rollover=0 sensor_dt_us=0/0.00/0 rx_dt_us=0/0.00/0 pair_first=0/0 pair_last=0/0
BNO_VEC ACCEL_SENSOR_AND_ESKF_INPUT events=0 nonfinite=0
BNO_VEC GYRO_SENSOR_AND_ESKF_INPUT events=0 nonfinite=0
BNO_VEC MAG_SENSOR events=0 nonfinite=0
LINK queue/drop/high=2/0/4 tof=3811
TXDIAG frames_s=167 bytes_s=20686 total_frames=1523 total_bytes=187248 queue=0 high=4 drops=0 bno_drop=0 partial=0 zero=0 write_calls=23485 max_write_us=135 free_heap=250036 min_free_heap=250036 usage_pct=22.45
BNO_TX kind=1 event=0 req=0 enq=0 drop=0 done=0 bytes=0
BNO_REPORT kind=1 report_id=0 interval_us=0 requested_hz=0.000 enable_ok=0 enable_fail=0 callback=0 switch=0 kind_convert=0 events=0 tx_req=0 tx_enq=0 tx_done=0 tx_drop=0 event_drop=0 reset_reconfig=0 effective_hz=0.000
BNO_TX kind=2 event=0 req=0 enq=0 drop=0 done=0 bytes=0
BNO_REPORT kind=2 report_id=0 interval_us=0 requested_hz=0.000 enable_ok=0 enable_fail=0 callback=0 switch=0 kind_convert=0 events=0 tx_req=0 tx_enq=0 tx_done=0 tx_drop=0 event_drop=0 reset_reconfig=0 effective_hz=0.000
BNO_TX kind=3 event=452 req=452 enq=452 drop=0 done=452 bytes=37968
BNO_REPORT kind=3 report_id=8 interval_us=20000 requested_hz=50.000 enable_ok=2 enable_fail=0 callback=452 switch=452 kind_convert=452 events=452 tx_req=452 tx_enq=452 tx_done=452 tx_drop=0 event_drop=0 reset_reconfig=1 effective_hz=50.013
BNO_TX kind=4 event=0 req=0 enq=0 drop=0 done=0 bytes=0
BNO_REPORT kind=4 report_id=0 interval_us=0 requested_hz=0.000 enable_ok=0 enable_fail=0 callback=0 switch=0 kind_convert=0 events=0 tx_req=0 tx_enq=0 tx_done=0 tx_drop=0 event_drop=0 reset_reconfig=0 effective_hz=0.000
BNO_TX kind=5 event=0 req=0 enq=0 drop=0 done=0 bytes=0
BNO_REPORT kind=5 report_id=0 interval_us=0 requested_hz=0.000 enable_ok=0 enable_fail=0 callback=0 switch=0 kind_convert=0 events=0 tx_req=0 tx_enq=0 tx_done=0 tx_drop=0 event_drop=0 reset_reconfig=0 effective_hz=0.000
P1_CAPTURE_SEQUENCE first=13433 last=15118 valid=1
P1_CAPTURE_STATS_STOP
BNO_CAPTURE_REPORT kind=1 report_id=0 interval_us=0 requested_hz=0.000 enable_ok=0 enable_fail=0 callback=0 switch=0 kind_convert=0 events=0 tx_event=0 tx_req=0 tx_enq=0 tx_done=0 tx_drop=0 event_drop=0 reset_reconfig=0 effective_hz=0.000
BNO_CAPTURE_REPORT kind=2 report_id=0 interval_us=0 requested_hz=0.000 enable_ok=0 enable_fail=0 callback=0 switch=0 kind_convert=0 events=0 tx_event=0 tx_req=0 tx_enq=0 tx_done=0 tx_drop=0 event_drop=0 reset_reconfig=0 effective_hz=0.000
BNO_CAPTURE_REPORT kind=3 report_id=8 interval_us=20000 requested_hz=50.000 enable_ok=2 enable_fail=0 callback=500 switch=500 kind_convert=500 events=500 tx_event=500 tx_req=500 tx_enq=500 tx_done=500 tx_drop=0 event_drop=0 reset_reconfig=1 effective_hz=50.014
BNO_CAPTURE_REPORT kind=4 report_id=0 interval_us=0 requested_hz=0.000 enable_ok=0 enable_fail=0 callback=0 switch=0 kind_convert=0 events=0 tx_event=0 tx_req=0 tx_enq=0 tx_done=0 tx_drop=0 event_drop=0 reset_reconfig=0 effective_hz=0.000
BNO_CAPTURE_REPORT kind=5 report_id=0 interval_us=0 requested_hz=0.000 enable_ok=0 enable_fail=0 callback=0 switch=0 kind_convert=0 events=0 tx_event=0 tx_req=0 tx_enq=0 tx_done=0 tx_drop=0 event_drop=0 reset_reconfig=0 effective_hz=0.000
TXTYPE type=4 name=BnoQuaternion req=500 enq=500 done=500 bytes=42000
TXTYPE type=5 name=TofFrame req=304 enq=304 done=304 bytes=68096
TXTYPE type=7 name=VescStatus req=304 enq=304 done=304 bytes=26752
TXTYPE type=11 name=TimeSyncReply req=10 enq=10 done=10 bytes=560
TXTYPE type=16 name=GnssProcessResult req=99 enq=99 done=99 bytes=9504
TXTYPE type=22 name=EstimatedState req=100 enq=100 done=100 bytes=14800
TXTYPE type=32 name=Heartbeat req=100 enq=100 done=100 bytes=4000
TXTYPE type=56 name=EskfState req=198 enq=198 done=198 bytes=36432
TXTYPE type=57 name=EskfInnovation req=21 enq=21 done=21 bytes=1512
TXTYPE type=58 name=EskfHealth req=50 enq=50 done=50 bytes=3600
DIAG state=FAULT dry=1 bno_ready=1 addr=0x4A init/reinit/poll=0/0/1004 event A/G/M=0/0/0 age_rx_us=4294967295/4294967295/4294967295
IMU cand/pair/call/ok=0/0/0/0 reject=0 dup/order/stale/dt/nonfinite/norm/queue=0/0/0/0/0/0/0 last_ok_age_us=4294967295 dt_us=0 align_samples=0 align_elapsed_us=0
HEALTH state=0 health=0 reason=imu_stale mount=0 imu_age_us=4294967295 imu_gaps=0 reversals=0 covariance=1 finite=1 gnss_age_us=104078259 tof_age_us=4294967295 obs=1
BNO_TS ACCEL events=0 unique=0 exact=1 overflow=0 dup=0 reverse=0 rollover=0 sensor_dt_us=0/0.00/0 rx_dt_us=0/0.00/0 pair_first=0/0 pair_last=0/0
BNO_TS GYRO events=0 unique=0 exact=1 overflow=0 dup=0 reverse=0 rollover=0 sensor_dt_us=0/0.00/0 rx_dt_us=0/0.00/0 pair_first=0/0 pair_last=0/0
BNO_TS MAG events=0 unique=0 exact=1 overflow=0 dup=0 reverse=0 rollover=0 sensor_dt_us=0/0.00/0 rx_dt_us=0/0.00/0 pair_first=0/0 pair_last=0/0
BNO_VEC ACCEL_SENSOR_AND_ESKF_INPUT events=0 nonfinite=0
BNO_VEC GYRO_SENSOR_AND_ESKF_INPUT events=0 nonfinite=0
BNO_VEC MAG_SENSOR events=0 nonfinite=0
LINK queue/drop/high=0/0/4 tof=3841
TXDIAG frames_s=167 bytes_s=20560 total_frames=1690 total_bytes=207808 queue=0 high=4 drops=0 bno_drop=0 partial=0 zero=0 write_calls=25920 max_write_us=135 free_heap=250036 min_free_heap=250036 usage_pct=22.31
BNO_TX kind=1 event=0 req=0 enq=0 drop=0 done=0 bytes=0
BNO_REPORT kind=1 report_id=0 interval_us=0 requested_hz=0.000 enable_ok=0 enable_fail=0 callback=0 switch=0 kind_convert=0 events=0 tx_req=0 tx_enq=0 tx_done=0 tx_drop=0 event_drop=0 reset_reconfig=0 effective_hz=0.000
BNO_TX kind=2 event=0 req=0 enq=0 drop=0 done=0 bytes=0
BNO_REPORT kind=2 report_id=0 interval_us=0 requested_hz=0.000 enable_ok=0 enable_fail=0 callback=0 switch=0 kind_convert=0 events=0 tx_req=0 tx_enq=0 tx_done=0 tx_drop=0 event_drop=0 reset_reconfig=0 effective_hz=0.000
BNO_TX kind=3 event=500 req=500 enq=500 drop=0 done=500 bytes=42000
BNO_REPORT kind=3 report_id=8 interval_us=20000 requested_hz=50.000 enable_ok=2 enable_fail=0 callback=502 switch=502 kind_convert=502 events=502 tx_req=500 tx_enq=500 tx_done=500 tx_drop=0 event_drop=0 reset_reconfig=1 effective_hz=50.014
BNO_TX kind=4 event=0 req=0 enq=0 drop=0 done=0 bytes=0
BNO_REPORT kind=4 report_id=0 interval_us=0 requested_hz=0.000 enable_ok=0 enable_fail=0 callback=0 switch=0 kind_convert=0 events=0 tx_req=0 tx_enq=0 tx_done=0 tx_drop=0 event_drop=0 reset_reconfig=0 effective_hz=0.000
BNO_TX kind=5 event=0 req=0 enq=0 drop=0 done=0 bytes=0
BNO_REPORT kind=5 report_id=0 interval_us=0 requested_hz=0.000 enable_ok=0 enable_fail=0 callback=0 switch=0 kind_convert=0 events=0 tx_req=0 tx_enq=0 tx_done=0 tx_drop=0 event_drop=0 reset_reconfig=0 effective_hz=0.000
DIAG state=FAULT dry=1 bno_ready=1 addr=0x4A init/reinit/poll=0/0/1104 event A/G/M=0/0/0 age_rx_us=4294967295/4294967295/4294967295
IMU cand/pair/call/ok=0/0/0/0 reject=0 dup/order/stale/dt/nonfinite/norm/queue=0/0/0/0/0/0/0 last_ok_age_us=4294967295 dt_us=0 align_samples=0 align_elapsed_us=0
HEALTH state=0 health=0 reason=imu_stale mount=0 imu_age_us=4294967295 imu_gaps=0 reversals=0 covariance=1 finite=1 gnss_age_us=103997807 tof_age_us=4294967295 obs=1
BNO_TS ACCEL events=0 unique=0 exact=1 overflow=0 dup=0 reverse=0 rollover=0 sensor_dt_us=0/0.00/0 rx_dt_us=0/0.00/0 pair_first=0/0 pair_last=0/0
BNO_TS GYRO events=0 unique=0 exact=1 overflow=0 dup=0 reverse=0 rollover=0 sensor_dt_us=0/0.00/0 rx_dt_us=0/0.00/0 pair_first=0/0 pair_last=0/0
BNO_TS MAG events=0 unique=0 exact=1 overflow=0 dup=0 reverse=0 rollover=0 sensor_dt_us=0/0.00/0 rx_dt_us=0/0.00/0 pair_first=0/0 pair_last=0/0
BNO_VEC ACCEL_SENSOR_AND_ESKF_INPUT events=0 nonfinite=0
BNO_VEC GYRO_SENSOR_AND_ESKF_INPUT events=0 nonfinite=0
BNO_VEC MAG_SENSOR events=0 nonfinite=0
LINK queue/drop/high=1/0/4 tof=3872
TXDIAG frames_s=118 bytes_s=16548 total_frames=1809 total_bytes=224472 queue=0 high=4 drops=0 bno_drop=0 partial=0 zero=0 write_calls=28297 max_write_us=135 free_heap=250036 min_free_heap=250036 usage_pct=17.96
BNO_TX kind=1 event=0 req=0 enq=0 drop=0 done=0 bytes=0
BNO_REPORT kind=1 report_id=0 interval_us=0 requested_hz=0.000 enable_ok=0 enable_fail=0 callback=0 switch=0 kind_convert=0 events=0 tx_req=0 tx_enq=0 tx_done=0 tx_drop=0 event_drop=0 reset_reconfig=0 effective_hz=0.000
BNO_TX kind=2 event=0 req=0 enq=0 drop=0 done=0 bytes=0
BNO_REPORT kind=2 report_id=0 interval_us=0 requested_hz=0.000 enable_ok=0 enable_fail=0 callback=0 switch=0 kind_convert=0 events=0 tx_req=0 tx_enq=0 tx_done=0 tx_drop=0 event_drop=0 reset_reconfig=0 effective_hz=0.000
BNO_TX kind=3 event=500 req=500 enq=500 drop=0 done=500 bytes=42000
BNO_REPORT kind=3 report_id=8 interval_us=20000 requested_hz=50.000 enable_ok=2 enable_fail=0 callback=552 switch=552 kind_convert=552 events=552 tx_req=500 tx_enq=500 tx_done=500 tx_drop=0 event_drop=0 reset_reconfig=1 effective_hz=50.006
BNO_TX kind=4 event=0 req=0 enq=0 drop=0 done=0 bytes=0
BNO_REPORT kind=4 report_id=0 interval_us=0 requested_hz=0.000 enable_ok=0 enable_fail=0 callback=0 switch=0 kind_convert=0 events=0 tx_req=0 tx_enq=0 tx_done=0 tx_drop=0 event_drop=0 reset_reconfig=0 effective_hz=0.000
BNO_TX kind=5 event=0 req=0 enq=0 drop=0 done=0 bytes=0
BNO_REPORT kind=5 report_id=0 interval_us=0 requested_hz=0.000 enable_ok=0 enable_fail=0 callback=0 switch=0 kind_convert=0 events=0 tx_req=0 tx_enq=0 tx_done=0 tx_drop=0 event_drop=0 reset_reconfig=0 effective_hz=0.000
DIAG state=FAULT dry=1 bno_ready=1 addr=0x4A init/reinit/poll=0/0/1204 event A/G/M=0/0/0 age_rx_us=4294967295/4294967295/4294967295
IMU cand/pair/call/ok=0/0/0/0 reject=0 dup/order/stale/dt/nonfinite/norm/queue=0/0/0/0/0/0/0 last_ok_age_us=4294967295 dt_us=0 align_samples=0 align_elapsed_us=0
HEALTH state=0 health=0 reason=imu_stale mount=0 imu_age_us=4294967295 imu_gaps=0 reversals=0 covariance=1 finite=1 gnss_age_us=104081889 tof_age_us=4294967295 obs=1
BNO_TS ACCEL events=0 unique=0 exact=1 overflow=0 dup=0 reverse=0 rollover=0 sensor_dt_us=0/0.00/0 rx_dt_us=0/0.00/0 pair_first=0/0 pair_last=0/0
BNO_TS GYRO events=0 unique=0 exact=1 overflow=0 dup=0 reverse=0 rollover=0 sensor_dt_us=0/0.00/0 rx_dt_us=0/0.00/0 pair_first=0/0 pair_last=0/0
BNO_TS MAG events=0 unique=0 exact=1 overflow=0 dup=0 reverse=0 rollover=0 sensor_dt_us=0/0.00/0 rx_dt_us=0/0.00/0 pair_first=0/0 pair_last=0/0
BNO_VEC ACCEL_SENSOR_AND_ESKF_INPUT events=0 nonfinite=0
BNO_VEC GYRO_SENSOR_AND_ESKF_INPUT events=0 nonfinite=0
BNO_VEC MAG_SENSOR events=0 nonfinite=0
LINK queue/drop/high=0/0/4 tof=3902
TXDIAG frames_s=117 bytes_s=16248 total_frames=1926 total_bytes=240720 queue=0 high=4 drops=0 bno_drop=0 partial=0 zero=0 write_calls=30670 max_write_us=135 free_heap=250036 min_free_heap=250036 usage_pct=17.63
BNO_TX kind=1 event=0 req=0 enq=0 drop=0 done=0 bytes=0
BNO_REPORT kind=1 report_id=0 interval_us=0 requested_hz=0.000 enable_ok=0 enable_fail=0 callback=0 switch=0 kind_convert=0 events=0 tx_req=0 tx_enq=0 tx_done=0 tx_drop=0 event_drop=0 reset_reconfig=0 effective_hz=0.000
BNO_TX kind=2 event=0 req=0 enq=0 drop=0 done=0 bytes=0
BNO_REPORT kind=2 report_id=0 interval_us=0 requested_hz=0.000 enable_ok=0 enable_fail=0 callback=0 switch=0 kind_convert=0 events=0 tx_req=0 tx_enq=0 tx_done=0 tx_drop=0 event_drop=0 reset_reconfig=0 effective_hz=0.000
BNO_TX kind=3 event=500 req=500 enq=500 drop=0 done=500 bytes=42000
BNO_REPORT kind=3 report_id=8 interval_us=20000 requested_hz=50.000 enable_ok=2 enable_fail=0 callback=602 switch=602 kind_convert=602 events=602 tx_req=500 tx_enq=500 tx_done=500 tx_drop=0 event_drop=0 reset_reconfig=1 effective_hz=50.006
BNO_TX kind=4 event=0 req=0 enq=0 drop=0 done=0 bytes=0
BNO_REPORT kind=4 report_id=0 interval_us=0 requested_hz=0.000 enable_ok=0 enable_fail=0 callback=0 switch=0 kind_convert=0 events=0 tx_req=0 tx_enq=0 tx_done=0 tx_drop=0 event_drop=0 reset_reconfig=0 effective_hz=0.000
BNO_TX kind=5 event=0 req=0 enq=0 drop=0 done=0 bytes=0
BNO_REPORT kind=5 report_id=0 interval_us=0 requested_hz=0.000 enable_ok=0 enable_fail=0 callback=0 switch=0 kind_convert=0 events=0 tx_req=0 tx_enq=0 tx_done=0 tx_drop=0 event_drop=0 reset_reconfig=0 effective_hz=0.000
DIAG state=FAULT dry=1 bno_ready=1 addr=0x4A init/reinit/poll=0/0/1304 event A/G/M=0/0/0 age_rx_us=4294967295/4294967295/4294967295
IMU cand/pair/call/ok=0/0/0/0 reject=0 dup/order/stale/dt/nonfinite/norm/queue=0/0/0/0/0/0/0 last_ok_age_us=4294967295 dt_us=0 align_samples=0 align_elapsed_us=0
HEALTH state=0 health=0 reason=imu_stale mount=0 imu_age_us=4294967295 imu_gaps=0 reversals=0 covariance=1 finite=1 gnss_age_us=104088882 tof_age_us=4294967295 obs=1
BNO_TS ACCEL events=0 unique=0 exact=1 overflow=0 dup=0 reverse=0 rollover=0 sensor_dt_us=0/0.00/0 rx_dt_us=0/0.00/0 pair_first=0/0 pair_last=0/0
BNO_TS GYRO events=0 unique=0 exact=1 overflow=0 dup=0 reverse=0 rollover=0 sensor_dt_us=0/0.00/0 rx_dt_us=0/0.00/0 pair_first=0/0 pair_last=0/0
BNO_TS MAG events=0 unique=0 exact=1 overflow=0 dup=0 reverse=0 rollover=0 sensor_dt_us=0/0.00/0 rx_dt_us=0/0.00/0 pair_first=0/0 pair_last=0/0
BNO_VEC ACCEL_SENSOR_AND_ESKF_INPUT events=0 nonfinite=0
BNO_VEC GYRO_SENSOR_AND_ESKF_INPUT events=0 nonfinite=0
BNO_VEC MAG_SENSOR events=0 nonfinite=0
LINK queue/drop/high=1/0/4 tof=3933
TXDIAG frames_s=117 bytes_s=16436 total_frames=2044 total_bytes=257288 queue=0 high=4 drops=0 bno_drop=0 partial=0 zero=0 write_calls=33248 max_write_us=135 free_heap=250036 min_free_heap=250036 usage_pct=17.83
BNO_TX kind=1 event=0 req=0 enq=0 drop=0 done=0 bytes=0
BNO_REPORT kind=1 report_id=0 interval_us=0 requested_hz=0.000 enable_ok=0 enable_fail=0 callback=0 switch=0 kind_convert=0 events=0 tx_req=0 tx_enq=0 tx_done=0 tx_drop=0 event_drop=0 reset_reconfig=0 effective_hz=0.000
BNO_TX kind=2 event=0 req=0 enq=0 drop=0 done=0 bytes=0
BNO_REPORT kind=2 report_id=0 interval_us=0 requested_hz=0.000 enable_ok=0 enable_fail=0 callback=0 switch=0 kind_convert=0 events=0 tx_req=0 tx_enq=0 tx_done=0 tx_drop=0 event_drop=0 reset_reconfig=0 effective_hz=0.000
BNO_TX kind=3 event=500 req=500 enq=500 drop=0 done=500 bytes=42000
BNO_REPORT kind=3 report_id=8 interval_us=20000 requested_hz=50.000 enable_ok=2 enable_fail=0 callback=653 switch=653 kind_convert=653 events=653 tx_req=500 tx_enq=500 tx_done=500 tx_drop=0 event_drop=0 reset_reconfig=1 effective_hz=50.006
BNO_TX kind=4 event=0 req=0 enq=0 drop=0 done=0 bytes=0
BNO_REPORT kind=4 report_id=0 interval_us=0 requested_hz=0.000 enable_ok=0 enable_fail=0 callback=0 switch=0 kind_convert=0 events=0 tx_req=0 tx_enq=0 tx_done=0 tx_drop=0 event_drop=0 reset_reconfig=0 effective_hz=0.000
BNO_TX kind=5 event=0 req=0 enq=0 drop=0 done=0 bytes=0
BNO_REPORT kind=5 report_id=0 interval_us=0 requested_hz=0.000 enable_ok=0 enable_fail=0 callback=0 switch=0 kind_convert=0 events=0 tx_req=0 tx_enq=0 tx_done=0 tx_drop=0 event_drop=0 reset_reconfig=0 effective_hz=0.000
DIAG state=FAULT dry=1 bno_ready=1 addr=0x4A init/reinit/poll=0/0/1405 event A/G/M=0/0/0 age_rx_us=4294967295/4294967295/4294967295
IMU cand/pair/call/ok=0/0/0/0 reject=0 dup/order/stale/dt/nonfinite/norm/queue=0/0/0/0/0/0/0 last_ok_age_us=4294967295 dt_us=0 align_samples=0 align_elapsed_us=0
HEALTH state=0 health=0 reason=imu_stale mount=0 imu_age_us=4294967295 imu_gaps=0 reversals=0 covariance=1 finite=1 gnss_age_us=104091997 tof_age_us=4294967295 obs=1
BNO_TS ACCEL events=0 unique=0 exact=1 overflow=0 dup=0 reverse=0 rollover=0 sensor_dt_us=0/0.00/0 rx_dt_us=0/0.00/0 pair_first=0/0 pair_last=0/0
BNO_TS GYRO events=0 unique=0 exact=1 overflow=0 dup=0 reverse=0 rollover=0 sensor_dt_us=0/0.00/0 rx_dt_us=0/0.00/0 pair_first=0/0 pair_last=0/0
BNO_TS MAG events=0 unique=0 exact=1 overflow=0 dup=0 reverse=0 rollover=0 sensor_dt_us=0/0.00/0 rx_dt_us=0/0.00/0 pair_first=0/0 pair_last=0/0
BNO_VEC ACCEL_SENSOR_AND_ESKF_INPUT events=0 nonfinite=0
BNO_VEC GYRO_SENSOR_AND_ESKF_INPUT events=0 nonfinite=0
BNO_VEC MAG_SENSOR events=0 nonfinite=0
LINK queue/drop/high=0/0/4 tof=3963
TXDIAG frames_s=118 bytes_s=16448 total_frames=2162 total_bytes=273720 queue=0 high=4 drops=0 bno_drop=0 partial=0 zero=0 write_calls=35444 max_write_us=135 free_heap=250036 min_free_heap=250036 usage_pct=17.85
BNO_TX kind=1 event=0 req=0 enq=0 drop=0 done=0 bytes=0
BNO_REPORT kind=1 report_id=0 interval_us=0 requested_hz=0.000 enable_ok=0 enable_fail=0 callback=0 switch=0 kind_convert=0 events=0 tx_req=0 tx_enq=0 tx_done=0 tx_drop=0 event_drop=0 reset_reconfig=0 effective_hz=0.000
BNO_TX kind=2 event=0 req=0 enq=0 drop=0 done=0 bytes=0
BNO_REPORT kind=2 report_id=0 interval_us=0 requested_hz=0.000 enable_ok=0 enable_fail=0 callback=0 switch=0 kind_convert=0 events=0 tx_req=0 tx_enq=0 tx_done=0 tx_drop=0 event_drop=0 reset_reconfig=0 effective_hz=0.000
BNO_TX kind=3 event=500 req=500 enq=500 drop=0 done=500 bytes=42000
BNO_REPORT kind=3 report_id=8 interval_us=20000 requested_hz=50.000 enable_ok=2 enable_fail=0 callback=703 switch=703 kind_convert=703 events=703 tx_req=500 tx_enq=500 tx_done=500 tx_drop=0 event_drop=0 reset_reconfig=1 effective_hz=50.014
BNO_TX kind=4 event=0 req=0 enq=0 drop=0 done=0 bytes=0
BNO_REPORT kind=4 report_id=0 interval_us=0 requested_hz=0.000 enable_ok=0 enable_fail=0 callback=0 switch=0 kind_convert=0 events=0 tx_req=0 tx_enq=0 tx_done=0 tx_drop=0 event_drop=0 reset_reconfig=0 effective_hz=0.000
BNO_TX kind=5 event=0 req=0 enq=0 drop=0 done=0 bytes=0
BNO_REPORT kind=5 report_id=0 interval_us=0 requested_hz=0.000 enable_ok=0 enable_fail=0 callback=0 switch=0 kind_convert=0 events=0 tx_req=0 tx_enq=0 tx_done=0 tx_drop=0 event_drop=0 reset_reconfig=0 effective_hz=0.000
DIAG state=FAULT dry=1 bno_ready=1 addr=0x4A init/reinit/poll=0/0/1506 event A/G/M=0/0/0 age_rx_us=4294967295/4294967295/4294967295
IMU cand/pair/call/ok=0/0/0/0 reject=0 dup/order/stale/dt/nonfinite/norm/queue=0/0/0/0/0/0/0 last_ok_age_us=4294967295 dt_us=0 align_samples=0 align_elapsed_us=0
HEALTH state=0 health=0 reason=imu_stale mount=0 imu_age_us=4294967295 imu_gaps=0 reversals=0 covariance=1 finite=1 gnss_age_us=104099773 tof_age_us=4294967295 obs=1
BNO_TS ACCEL events=0 unique=0 exact=1 overflow=0 dup=0 reverse=0 rollover=0 sensor_dt_us=0/0.00/0 rx_dt_us=0/0.00/0 pair_first=0/0 pair_last=0/0
BNO_TS GYRO events=0 unique=0 exact=1 overflow=0 dup=0 reverse=0 rollover=0 sensor_dt_us=0/0.00/0 rx_dt_us=0/0.00/0 pair_first=0/0 pair_last=0/0
BNO_TS MAG events=0 unique=0 exact=1 overflow=0 dup=0 reverse=0 rollover=0 sensor_dt_us=0/0.00/0 rx_dt_us=0/0.00/0 pair_first=0/0 pair_last=0/0
BNO_VEC ACCEL_SENSOR_AND_ESKF_INPUT events=0 nonfinite=0
BNO_VEC GYRO_SENSOR_AND_ESKF_INPUT events=0 nonfinite=0
BNO_VEC MAG_SENSOR events=0 nonfinite=0
LINK queue/drop/high=1/0/4 tof=3994
TXDIAG frames_s=116 bytes_s=16420 total_frames=2280 total_bytes=290288 queue=0 high=4 drops=0 bno_drop=0 partial=0 zero=0 write_calls=37707 max_write_us=135 free_heap=250036 min_free_heap=250036 usage_pct=17.82
BNO_TX kind=1 event=0 req=0 enq=0 drop=0 done=0 bytes=0
BNO_REPORT kind=1 report_id=0 interval_us=0 requested_hz=0.000 enable_ok=0 enable_fail=0 callback=0 switch=0 kind_convert=0 events=0 tx_req=0 tx_enq=0 tx_done=0 tx_drop=0 event_drop=0 reset_reconfig=0 effective_hz=0.000
BNO_TX kind=2 event=0 req=0 enq=0 drop=0 done=0 bytes=0
BNO_REPORT kind=2 report_id=0 interval_us=0 requested_hz=0.000 enable_ok=0 enable_fail=0 callback=0 switch=0 kind_convert=0 events=0 tx_req=0 tx_enq=0 tx_done=0 tx_drop=0 event_drop=0 reset_reconfig=0 effective_hz=0.000
BNO_TX kind=3 event=500 req=500 enq=500 drop=0 done=500 bytes=42000
BNO_REPORT kind=3 report_id=8 interval_us=20000 requested_hz=50.000 enable_ok=2 enable_fail=0 callback=753 switch=753 kind_convert=753 events=753 tx_req=500 tx_enq=500 tx_done=500 tx_drop=0 event_drop=0 reset_reconfig=1 effective_hz=50.014
BNO_TX kind=4 event=0 req=0 enq=0 drop=0 done=0 bytes=0
BNO_REPORT kind=4 report_id=0 interval_us=0 requested_hz=0.000 enable_ok=0 enable_fail=0 callback=0 switch=0 kind_convert=0 events=0 tx_req=0 tx_enq=0 tx_done=0 tx_drop=0 event_drop=0 reset_reconfig=0 effective_hz=0.000
BNO_TX kind=5 event=0 req=0 enq=0 drop=0 done=0 bytes=0
BNO_REPORT kind=5 report_id=0 interval_us=0 requested_hz=0.000 enable_ok=0 enable_fail=0 callback=0 switch=0 kind_convert=0 events=0 tx_req=0 tx_enq=0 tx_done=0 tx_drop=0 event_drop=0 reset_reconfig=0 effective_hz=0.000
DIAG state=FAULT dry=1 bno_ready=1 addr=0x4A init/reinit/poll=0/0/1606 event A/G/M=0/0/0 age_rx_us=4294967295/4294967295/4294967295
IMU cand/pair/call/ok=0/0/0/0 reject=0 dup/order/stale/dt/nonfinite/norm/queue=0/0/0/0/0/0/0 last_ok_age_us=4294967295 dt_us=0 align_samples=0 align_elapsed_us=0
HEALTH state=0 health=0 reason=imu_stale mount=0 imu_age_us=4294967295 imu_gaps=0 reversals=0 covariance=1 finite=1 gnss_age_us=104097673 tof_age_us=4294967295 obs=1
BNO_TS ACCEL events=0 unique=0 exact=1 overflow=0 dup=0 reverse=0 rollover=0 sensor_dt_us=0/0.00/0 rx_dt_us=0/0.00/0 pair_first=0/0 pair_last=0/0
BNO_TS GYRO events=0 unique=0 exact=1 overflow=0 dup=0 reverse=0 rollover=0 sensor_dt_us=0/0.00/0 rx_dt_us=0/0.00/0 pair_first=0/0 pair_last=0/0
BNO_TS MAG events=0 unique=0 exact=1 overflow=0 dup=0 reverse=0 rollover=0 sensor_dt_us=0/0.00/0 rx_dt_us=0/0.00/0 pair_first=0/0 pair_last=0/0
BNO_VEC ACCEL_SENSOR_AND_ESKF_INPUT events=0 nonfinite=0
BNO_VEC GYRO_SENSOR_AND_ESKF_INPUT events=0 nonfinite=0
BNO_VEC MAG_SENSOR events=0 nonfinite=0
LINK queue/drop/high=0/0/4 tof=4024
TXDIAG frames_s=118 bytes_s=16432 total_frames=2398 total_bytes=306720 queue=0 high=4 drops=0 bno_drop=0 partial=0 zero=0 write_calls=39857 max_write_us=135 free_heap=250036 min_free_heap=250036 usage_pct=17.83
BNO_TX kind=1 event=0 req=0 enq=0 drop=0 done=0 bytes=0
BNO_REPORT kind=1 report_id=0 interval_us=0 requested_hz=0.000 enable_ok=0 enable_fail=0 callback=0 switch=0 kind_convert=0 events=0 tx_req=0 tx_enq=0 tx_done=0 tx_drop=0 event_drop=0 reset_reconfig=0 effective_hz=0.000
BNO_TX kind=2 event=0 req=0 enq=0 drop=0 done=0 bytes=0
BNO_REPORT kind=2 report_id=0 interval_us=0 requested_hz=0.000 enable_ok=0 enable_fail=0 callback=0 switch=0 kind_convert=0 events=0 tx_req=0 tx_enq=0 tx_done=0 tx_drop=0 event_drop=0 reset_reconfig=0 effective_hz=0.000
BNO_TX kind=3 event=500 req=500 enq=500 drop=0 done=500 bytes=42000
BNO_REPORT kind=3 report_id=8 interval_us=20000 requested_hz=50.000 enable_ok=2 enable_fail=0 callback=803 switch=803 kind_convert=803 events=803 tx_req=500 tx_enq=500 tx_done=500 tx_drop=0 event_drop=0 reset_reconfig=1 effective_hz=50.014
BNO_TX kind=4 event=0 req=0 enq=0 drop=0 done=0 bytes=0
BNO_REPORT kind=4 report_id=0 interval_us=0 requested_hz=0.000 enable_ok=0 enable_fail=0 callback=0 switch=0 kind_convert=0 events=0 tx_req=0 tx_enq=0 tx_done=0 tx_drop=0 event_drop=0 reset_reconfig=0 effective_hz=0.000
BNO_TX kind=5 event=0 req=0 enq=0 drop=0 done=0 bytes=0
BNO_REPORT kind=5 report_id=0 interval_us=0 requested_hz=0.000 enable_ok=0 enable_fail=0 callback=0 switch=0 kind_convert=0 events=0 tx_req=0 tx_enq=0 tx_done=0 tx_drop=0 event_drop=0 reset_reconfig=0 effective_hz=0.000
DIAG state=FAULT dry=1 bno_ready=1 addr=0x4A init/reinit/poll=0/0/1706 event A/G/M=0/0/0 age_rx_us=4294967295/4294967295/4294967295
IMU cand/pair/call/ok=0/0/0/0 reject=0 dup/order/stale/dt/nonfinite/norm/queue=0/0/0/0/0/0/0 last_ok_age_us=4294967295 dt_us=0 align_samples=0 align_elapsed_us=0
HEALTH state=0 health=0 reason=imu_stale mount=0 imu_age_us=4294967295 imu_gaps=0 reversals=0 covariance=1 finite=1 gnss_age_us=104107369 tof_age_us=4294967295 obs=1
BNO_TS ACCEL events=0 unique=0 exact=1 overflow=0 dup=0 reverse=0 rollover=0 sensor_dt_us=0/0.00/0 rx_dt_us=0/0.00/0 pair_first=0/0 pair_last=0/0
BNO_TS GYRO events=0 unique=0 exact=1 overflow=0 dup=0 reverse=0 rollover=0 sensor_dt_us=0/0.00/0 rx_dt_us=0/0.00/0 pair_first=0/0 pair_last=0/0
BNO_TS MAG events=0 unique=0 exact=1 overflow=0 dup=0 reverse=0 rollover=0 sensor_dt_us=0/0.00/0 rx_dt_us=0/0.00/0 pair_first=0/0 pair_last=0/0
BNO_VEC ACCEL_SENSOR_AND_ESKF_INPUT events=0 nonfinite=0
BNO_VEC GYRO_SENSOR_AND_ESKF_INPUT events=0 nonfinite=0
BNO_VEC MAG_SENSOR events=0 nonfinite=0
LINK queue/drop/high=1/0/4 tof=4055
TXDIAG frames_s=119 bytes_s=16547 total_frames=2518 total_bytes=323400 queue=0 high=4 drops=0 bno_drop=0 partial=0 zero=0 write_calls=42008 max_write_us=135 free_heap=250036 min_free_heap=250036 usage_pct=17.95
BNO_TX kind=1 event=0 req=0 enq=0 drop=0 done=0 bytes=0
BNO_REPORT kind=1 report_id=0 interval_us=0 requested_hz=0.000 enable_ok=0 enable_fail=0 callback=0 switch=0 kind_convert=0 events=0 tx_req=0 tx_enq=0 tx_done=0 tx_drop=0 event_drop=0 reset_reconfig=0 effective_hz=0.000
BNO_TX kind=2 event=0 req=0 enq=0 drop=0 done=0 bytes=0
BNO_REPORT kind=2 report_id=0 interval_us=0 requested_hz=0.000 enable_ok=0 enable_fail=0 callback=0 switch=0 kind_convert=0 events=0 tx_req=0 tx_enq=0 tx_done=0 tx_drop=0 event_drop=0 reset_reconfig=0 effective_hz=0.000
BNO_TX kind=3 event=500 req=500 enq=500 drop=0 done=500 bytes=42000
BNO_REPORT kind=3 report_id=8 interval_us=20000 requested_hz=50.000 enable_ok=2 enable_fail=0 callback=854 switch=854 kind_convert=854 events=854 tx_req=500 tx_enq=500 tx_done=500 tx_drop=0 event_drop=0 reset_reconfig=1 effective_hz=50.014
BNO_TX kind=4 event=0 req=0 enq=0 drop=0 done=0 bytes=0
BNO_REPORT kind=4 report_id=0 interval_us=0 requested_hz=0.000 enable_ok=0 enable_fail=0 callback=0 switch=0 kind_convert=0 events=0 tx_req=0 tx_enq=0 tx_done=0 tx_drop=0 event_drop=0 reset_reconfig=0 effective_hz=0.000
BNO_TX kind=5 event=0 req=0 enq=0 drop=0 done=0 bytes=0
BNO_REPORT kind=5 report_id=0 interval_us=0 requested_hz=0.000 enable_ok=0 enable_fail=0 callback=0 switch=0 kind_convert=0 events=0 tx_req=0 tx_enq=0 tx_done=0 tx_drop=0 event_drop=0 reset_reconfig=0 effective_hz=0.000
DIAG state=FAULT dry=1 bno_ready=1 addr=0x4A init/reinit/poll=0/0/1806 event A/G/M=0/0/0 age_rx_us=4294967295/4294967295/4294967295
IMU cand/pair/call/ok=0/0/0/0 reject=0 dup/order/stale/dt/nonfinite/norm/queue=0/0/0/0/0/0/0 last_ok_age_us=4294967295 dt_us=0 align_samples=0 align_elapsed_us=0
HEALTH state=0 health=0 reason=imu_stale mount=0 imu_age_us=4294967295 imu_gaps=0 reversals=0 covariance=1 finite=1 gnss_age_us=104109811 tof_age_us=4294967295 obs=1
BNO_TS ACCEL events=0 unique=0 exact=1 overflow=0 dup=0 reverse=0 rollover=0 sensor_dt_us=0/0.00/0 rx_dt_us=0/0.00/0 pair_first=0/0 pair_last=0/0
BNO_TS GYRO events=0 unique=0 exact=1 overflow=0 dup=0 reverse=0 rollover=0 sensor_dt_us=0/0.00/0 rx_dt_us=0/0.00/0 pair_first=0/0 pair_last=0/0
BNO_TS MAG events=0 unique=0 exact=1 overflow=0 dup=0 reverse=0 rollover=0 sensor_dt_us=0/0.00/0 rx_dt_us=0/0.00/0 pair_first=0/0 pair_last=0/0
BNO_VEC ACCEL_SENSOR_AND_ESKF_INPUT events=0 nonfinite=0
BNO_VEC GYRO_SENSOR_AND_ESKF_INPUT events=0 nonfinite=0
BNO_VEC MAG_SENSOR events=0 nonfinite=0
LINK queue/drop/high=0/0/4 tof=4085
TXDIAG frames_s=118 bytes_s=16448 total_frames=2636 total_bytes=339832 queue=0 high=4 drops=0 bno_drop=0 partial=0 zero=0 write_calls=44307 max_write_us=135 free_heap=250036 min_free_heap=250036 usage_pct=17.85
BNO_TX kind=1 event=0 req=0 enq=0 drop=0 done=0 bytes=0
BNO_REPORT kind=1 report_id=0 interval_us=0 requested_hz=0.000 enable_ok=0 enable_fail=0 callback=0 switch=0 kind_convert=0 events=0 tx_req=0 tx_enq=0 tx_done=0 tx_drop=0 event_drop=0 reset_reconfig=0 effective_hz=0.000
BNO_TX kind=2 event=0 req=0 enq=0 drop=0 done=0 bytes=0
BNO_REPORT kind=2 report_id=0 interval_us=0 requested_hz=0.000 enable_ok=0 enable_fail=0 callback=0 switch=0 kind_convert=0 events=0 tx_req=0 tx_enq=0 tx_done=0 tx_drop=0 event_drop=0 reset_reconfig=0 effective_hz=0.000
BNO_TX kind=3 event=500 req=500 enq=500 drop=0 done=500 bytes=42000
BNO_REPORT kind=3 report_id=8 interval_us=20000 requested_hz=50.000 enable_ok=2 enable_fail=0 callback=904 switch=904 kind_convert=904 events=904 tx_req=500 tx_enq=500 tx_done=500 tx_drop=0 event_drop=0 reset_reconfig=1 effective_hz=50.014
BNO_TX kind=4 event=0 req=0 enq=0 drop=0 done=0 bytes=0
BNO_REPORT kind=4 report_id=0 interval_us=0 requested_hz=0.000 enable_ok=0 enable_fail=0 callback=0 switch=0 kind_convert=0 events=0 tx_req=0 tx_enq=0 tx_done=0 tx_drop=0 event_drop=0 reset_reconfig=0 effective_hz=0.000
BNO_TX kind=5 event=0 req=0 enq=0 drop=0 done=0 bytes=0
BNO_REPORT kind=5 report_id=0 interval_us=0 requested_hz=0.000 enable_ok=0 enable_fail=0 callback=0 switch=0 kind_convert=0 events=0 tx_req=0 tx_enq=0 tx_done=0 tx_drop=0 event_drop=0 reset_reconfig=0 effective_hz=0.000
DIAG state=FAULT dry=1 bno_ready=1 addr=0x4A init/reinit/poll=0/0/1908 event A/G/M=0/0/0 age_rx_us=4294967295/4294967295/4294967295
IMU cand/pair/call/ok=0/0/0/0 reject=0 dup/order/stale/dt/nonfinite/norm/queue=0/0/0/0/0/0/0 last_ok_age_us=4294967295 dt_us=0 align_samples=0 align_elapsed_us=0
HEALTH state=0 health=0 reason=imu_stale mount=0 imu_age_us=4294967295 imu_gaps=0 reversals=0 covariance=1 finite=1 gnss_age_us=104110358 tof_age_us=4294967295 obs=1
BNO_TS ACCEL events=0 unique=0 exact=1 overflow=0 dup=0 reverse=0 rollover=0 sensor_dt_us=0/0.00/0 rx_dt_us=0/0.00/0 pair_first=0/0 pair_last=0/0
BNO_TS GYRO events=0 unique=0 exact=1 overflow=0 dup=0 reverse=0 rollover=0 sensor_dt_us=0/0.00/0 rx_dt_us=0/0.00/0 pair_first=0/0 pair_last=0/0
BNO_TS MAG events=0 unique=0 exact=1 overflow=0 dup=0 reverse=0 rollover=0 sensor_dt_us=0/0.00/0 rx_dt_us=0/0.00/0 pair_first=0/0 pair_last=0/0
BNO_VEC ACCEL_SENSOR_AND_ESKF_INPUT events=0 nonfinite=0
BNO_VEC GYRO_SENSOR_AND_ESKF_INPUT events=0 nonfinite=0
BNO_VEC MAG_SENSOR events=0 nonfinite=0
LINK queue/drop/high=1/0/4 tof=4116
TXDIAG frames_s=115 bytes_s=16237 total_frames=2753 total_bytes=356216 queue=1 high=4 drops=0 bno_drop=0 partial=0 zero=0 write_calls=46524 max_write_us=135 free_heap=250036 min_free_heap=250036 usage_pct=17.62
BNO_TX kind=1 event=0 req=0 enq=0 drop=0 done=0 bytes=0
BNO_REPORT kind=1 report_id=0 interval_us=0 requested_hz=0.000 enable_ok=0 enable_fail=0 callback=0 switch=0 kind_convert=0 events=0 tx_req=0 tx_enq=0 tx_done=0 tx_drop=0 event_drop=0 reset_reconfig=0 effective_hz=0.000
BNO_TX kind=2 event=0 req=0 enq=0 drop=0 done=0 bytes=0
BNO_REPORT kind=2 report_id=0 interval_us=0 requested_hz=0.000 enable_ok=0 enable_fail=0 callback=0 switch=0 kind_convert=0 events=0 tx_req=0 tx_enq=0 tx_done=0 tx_drop=0 event_drop=0 reset_reconfig=0 effective_hz=0.000
BNO_TX kind=3 event=500 req=500 enq=500 drop=0 done=500 bytes=42000
BNO_REPORT kind=3 report_id=8 interval_us=20000 requested_hz=50.000 enable_ok=2 enable_fail=0 callback=954 switch=954 kind_convert=954 events=954 tx_req=500 tx_enq=500 tx_done=500 tx_drop=0 event_drop=0 reset_reconfig=1 effective_hz=50.012
BNO_TX kind=4 event=0 req=0 enq=0 drop=0 done=0 bytes=0
BNO_REPORT kind=4 report_id=0 interval_us=0 requested_hz=0.000 enable_ok=0 enable_fail=0 callback=0 switch=0 kind_convert=0 events=0 tx_req=0 tx_enq=0 tx_done=0 tx_drop=0 event_drop=0 reset_reconfig=0 effective_hz=0.000
BNO_TX kind=5 event=0 req=0 enq=0 drop=0 done=0 bytes=0
BNO_REPORT kind=5 report_id=0 interval_us=0 requested_hz=0.000 enable_ok=0 enable_fail=0 callback=0 switch=0 kind_convert=0 events=0 tx_req=0 tx_enq=0 tx_done=0 tx_drop=0 event_drop=0 reset_reconfig=0 effective_hz=0.000
DIAG state=FAULT dry=1 bno_ready=1 addr=0x4A init/reinit/poll=0/0/2008 event A/G/M=0/0/0 age_rx_us=4294967295/4294967295/4294967295
IMU cand/pair/call/ok=0/0/0/0 reject=0 dup/order/stale/dt/nonfinite/norm/queue=0/0/0/0/0/0/0 last_ok_age_us=4294967295 dt_us=0 align_samples=0 align_elapsed_us=0
HEALTH state=0 health=0 reason=imu_stale mount=0 imu_age_us=4294967295 imu_gaps=0 reversals=0 covariance=1 finite=1 gnss_age_us=104118899 tof_age_us=4294967295 obs=1
BNO_TS ACCEL events=0 unique=0 exact=1 overflow=0 dup=0 reverse=0 rollover=0 sensor_dt_us=0/0.00/0 rx_dt_us=0/0.00/0 pair_first=0/0 pair_last=0/0
BNO_TS GYRO events=0 unique=0 exact=1 overflow=0 dup=0 reverse=0 rollover=0 sensor_dt_us=0/0.00/0 rx_dt_us=0/0.00/0 pair_first=0/0 pair_last=0/0
BNO_TS MAG events=0 unique=0 exact=1 overflow=0 dup=0 reverse=0 rollover=0 sensor_dt_us=0/0.00/0 rx_dt_us=0/0.00/0 pair_first=0/0 pair_last=0/0
BNO_VEC ACCEL_SENSOR_AND_ESKF_INPUT events=0 nonfinite=0
BNO_VEC GYRO_SENSOR_AND_ESKF_INPUT events=0 nonfinite=0
BNO_VEC MAG_SENSOR events=0 nonfinite=0
LINK queue/drop/high=0/0/4 tof=4146
TXDIAG frames_s=118 bytes_s=16432 total_frames=2871 total_bytes=372648 queue=0 high=4 drops=0 bno_drop=0 partial=0 zero=0 write_calls=48775 max_write_us=135 free_heap=250036 min_free_heap=250036 usage_pct=17.83
BNO_TX kind=1 event=0 req=0 enq=0 drop=0 done=0 bytes=0
BNO_REPORT kind=1 report_id=0 interval_us=0 requested_hz=0.000 enable_ok=0 enable_fail=0 callback=0 switch=0 kind_convert=0 events=0 tx_req=0 tx_enq=0 tx_done=0 tx_drop=0 event_drop=0 reset_reconfig=0 effective_hz=0.000
BNO_TX kind=2 event=0 req=0 enq=0 drop=0 done=0 bytes=0
BNO_REPORT kind=2 report_id=0 interval_us=0 requested_hz=0.000 enable_ok=0 enable_fail=0 callback=0 switch=0 kind_convert=0 events=0 tx_req=0 tx_enq=0 tx_done=0 tx_drop=0 event_drop=0 reset_reconfig=0 effective_hz=0.000
BNO_TX kind=3 event=500 req=500 enq=500 drop=0 done=500 bytes=42000
BNO_REPORT kind=3 report_id=8 interval_us=20000 requested_hz=50.000 enable_ok=2 enable_fail=0 callback=1004 switch=1004 kind_convert=1004 events=1004 tx_req=500 tx_enq=500 tx_done=500 tx_drop=0 event_drop=0 reset_reconfig=1 effective_hz=50.014
BNO_TX kind=4 event=0 req=0 enq=0 drop=0 done=0 bytes=0
BNO_REPORT kind=4 report_id=0 interval_us=0 requested_hz=0.000 enable_ok=0 enable_fail=0 callback=0 switch=0 kind_convert=0 events=0 tx_req=0 tx_enq=0 tx_done=0 tx_drop=0 event_drop=0 reset_reconfig=0 effective_hz=0.000
BNO_TX kind=5 event=0 req=0 enq=0 drop=0 done=0 bytes=0
BNO_REPORT kind=5 report_id=0 interval_us=0 requested_hz=0.000 enable_ok=0 enable_fail=0 callback=0 switch=0 kind_convert=0 events=0 tx_req=0 tx_enq=0 tx_done=0 tx_drop=0 event_drop=0 reset_reconfig=0 effective_hz=0.000
DIAG state=FAULT dry=1 bno_ready=1 addr=0x4A init/reinit/poll=0/0/2108 event A/G/M=0/0/0 age_rx_us=4294967295/4294967295/4294967295
IMU cand/pair/call/ok=0/0/0/0 reject=0 dup/order/stale/dt/nonfinite/norm/queue=0/0/0/0/0/0/0 last_ok_age_us=4294967295 dt_us=0 align_samples=0 align_elapsed_us=0
HEALTH state=0 health=0 reason=imu_stale mount=0 imu_age_us=4294967295 imu_gaps=0 reversals=0 covariance=1 finite=1 gnss_age_us=104125386 tof_age_us=4294967295 obs=1
BNO_TS ACCEL events=0 unique=0 exact=1 overflow=0 dup=0 reverse=0 rollover=0 sensor_dt_us=0/0.00/0 rx_dt_us=0/0.00/0 pair_first=0/0 pair_last=0/0
BNO_TS GYRO events=0 unique=0 exact=1 overflow=0 dup=0 reverse=0 rollover=0 sensor_dt_us=0/0.00/0 rx_dt_us=0/0.00/0 pair_first=0/0 pair_last=0/0
BNO_TS MAG events=0 unique=0 exact=1 overflow=0 dup=0 reverse=0 rollover=0 sensor_dt_us=0/0.00/0 rx_dt_us=0/0.00/0 pair_first=0/0 pair_last=0/0
BNO_VEC ACCEL_SENSOR_AND_ESKF_INPUT events=0 nonfinite=0
BNO_VEC GYRO_SENSOR_AND_ESKF_INPUT events=0 nonfinite=0
BNO_VEC MAG_SENSOR events=0 nonfinite=0
LINK queue/drop/high=1/0/4 tof=4177
TXDIAG frames_s=116 bytes_s=16357 total_frames=2988 total_bytes=389120 queue=0 high=4 drops=0 bno_drop=0 partial=0 zero=0 write_calls=51073 max_write_us=135 free_heap=250036 min_free_heap=250036 usage_pct=17.75
BNO_TX kind=1 event=0 req=0 enq=0 drop=0 done=0 bytes=0
BNO_REPORT kind=1 report_id=0 interval_us=0 requested_hz=0.000 enable_ok=0 enable_fail=0 callback=0 switch=0 kind_convert=0 events=0 tx_req=0 tx_enq=0 tx_done=0 tx_drop=0 event_drop=0 reset_reconfig=0 effective_hz=0.000
BNO_TX kind=2 event=0 req=0 enq=0 drop=0 done=0 bytes=0
BNO_REPORT kind=2 report_id=0 interval_us=0 requested_hz=0.000 enable_ok=0 enable_fail=0 callback=0 switch=0 kind_convert=0 events=0 tx_req=0 tx_enq=0 tx_done=0 tx_drop=0 event_drop=0 reset_reconfig=0 effective_hz=0.000
BNO_TX kind=3 event=500 req=500 enq=500 drop=0 done=500 bytes=42000
BNO_REPORT kind=3 report_id=8 interval_us=20000 requested_hz=50.000 enable_ok=2 enable_fail=0 callback=1054 switch=1054 kind_convert=1054 events=1054 tx_req=500 tx_enq=500 tx_done=500 tx_drop=0 event_drop=0 reset_reconfig=1 effective_hz=50.014
BNO_TX kind=4 event=0 req=0 enq=0 drop=0 done=0 bytes=0
BNO_REPORT kind=4 report_id=0 interval_us=0 requested_hz=0.000 enable_ok=0 enable_fail=0 callback=0 switch=0 kind_convert=0 events=0 tx_req=0 tx_enq=0 tx_done=0 tx_drop=0 event_drop=0 reset_reconfig=0 effective_hz=0.000
BNO_TX kind=5 event=0 req=0 enq=0 drop=0 done=0 bytes=0
BNO_REPORT kind=5 report_id=0 interval_us=0 requested_hz=0.000 enable_ok=0 enable_fail=0 callback=0 switch=0 kind_convert=0 events=0 tx_req=0 tx_enq=0 tx_done=0 tx_drop=0 event_drop=0 reset_reconfig=0 effective_hz=0.000
DIAG state=FAULT dry=1 bno_ready=1 addr=0x4A init/reinit/poll=0/0/2208 event A/G/M=0/0/0 age_rx_us=4294967295/4294967295/4294967295
IMU cand/pair/call/ok=0/0/0/0 reject=0 dup/order/stale/dt/nonfinite/norm/queue=0/0/0/0/0/0/0 last_ok_age_us=4294967295 dt_us=0 align_samples=0 align_elapsed_us=0
HEALTH state=0 health=0 reason=imu_stale mount=0 imu_age_us=4294967295 imu_gaps=0 reversals=0 covariance=1 finite=1 gnss_age_us=104125637 tof_age_us=4294967295 obs=1
BNO_TS ACCEL events=0 unique=0 exact=1 overflow=0 dup=0 reverse=0 rollover=0 sensor_dt_us=0/0.00/0 rx_dt_us=0/0.00/0 pair_first=0/0 pair_last=0/0
BNO_TS GYRO events=0 unique=0 exact=1 overflow=0 dup=0 reverse=0 rollover=0 sensor_dt_us=0/0.00/0 rx_dt_us=0/0.00/0 pair_first=0/0 pair_last=0/0
BNO_TS MAG events=0 unique=0 exact=1 overflow=0 dup=0 reverse=0 rollover=0 sensor_dt_us=0/0.00/0 rx_dt_us=0/0.00/0 pair_first=0/0 pair_last=0/0
BNO_VEC ACCEL_SENSOR_AND_ESKF_INPUT events=0 nonfinite=0
BNO_VEC GYRO_SENSOR_AND_ESKF_INPUT events=0 nonfinite=0
BNO_VEC MAG_SENSOR events=0 nonfinite=0
LINK queue/drop/high=0/0/4 tof=4207
TXDIAG frames_s=116 bytes_s=16319 total_frames=3105 total_bytes=405456 queue=0 high=4 drops=0 bno_drop=0 partial=0 zero=0 write_calls=53371 max_write_us=135 free_heap=250036 min_free_heap=250036 usage_pct=17.71
BNO_TX kind=1 event=0 req=0 enq=0 drop=0 done=0 bytes=0
BNO_REPORT kind=1 report_id=0 interval_us=0 requested_hz=0.000 enable_ok=0 enable_fail=0 callback=0 switch=0 kind_convert=0 events=0 tx_req=0 tx_enq=0 tx_done=0 tx_drop=0 event_drop=0 reset_reconfig=0 effective_hz=0.000
BNO_TX kind=2 event=0 req=0 enq=0 drop=0 done=0 bytes=0
BNO_REPORT kind=2 report_id=0 interval_us=0 requested_hz=0.000 enable_ok=0 enable_fail=0 callback=0 switch=0 kind_convert=0 events=0 tx_req=0 tx_enq=0 tx_done=0 tx_drop=0 event_drop=0 reset_reconfig=0 effective_hz=0.000
BNO_TX kind=3 event=500 req=500 enq=500 drop=0 done=500 bytes=42000
BNO_REPORT kind=3 report_id=8 interval_us=20000 requested_hz=50.000 enable_ok=2 enable_fail=0 callback=1104 switch=1104 kind_convert=1104 events=1104 tx_req=500 tx_enq=500 tx_done=500 tx_drop=0 event_drop=0 reset_reconfig=1 effective_hz=50.014
BNO_TX kind=4 event=0 req=0 enq=0 drop=0 done=0 bytes=0
BNO_REPORT kind=4 report_id=0 interval_us=0 requested_hz=0.000 enable_ok=0 enable_fail=0 callback=0 switch=0 kind_convert=0 events=0 tx_req=0 tx_enq=0 tx_done=0 tx_drop=0 event_drop=0 reset_reconfig=0 effective_hz=0.000
BNO_TX kind=5 event=0 req=0 enq=0 drop=0 done=0 bytes=0
BNO_REPORT kind=5 report_id=0 interval_us=0 requested_hz=0.000 enable_ok=0 enable_fail=0 callback=0 switch=0 kind_convert=0 events=0 tx_req=0 tx_enq=0 tx_done=0 tx_drop=0 event_drop=0 reset_reconfig=0 effective_hz=0.000
DIAG state=FAULT dry=1 bno_ready=1 addr=0x4A init/reinit/poll=0/0/2309 event A/G/M=0/0/0 age_rx_us=4294967295/4294967295/4294967295
IMU cand/pair/call/ok=0/0/0/0 reject=0 dup/order/stale/dt/nonfinite/norm/queue=0/0/0/0/0/0/0 last_ok_age_us=4294967295 dt_us=0 align_samples=0 align_elapsed_us=0
HEALTH state=0 health=0 reason=imu_stale mount=0 imu_age_us=4294967295 imu_gaps=0 reversals=0 covariance=1 finite=1 gnss_age_us=104127869 tof_age_us=4294967295 obs=1
BNO_TS ACCEL events=0 unique=0 exact=1 overflow=0 dup=0 reverse=0 rollover=0 sensor_dt_us=0/0.00/0 rx_dt_us=0/0.00/0 pair_first=0/0 pair_last=0/0
BNO_TS GYRO events=0 unique=0 exact=1 overflow=0 dup=0 reverse=0 rollover=0 sensor_dt_us=0/0.00/0 rx_dt_us=0/0.00/0 pair_first=0/0 pair_last=0/0
BNO_TS MAG events=0 unique=0 exact=1 overflow=0 dup=0 reverse=0 rollover=0 sensor_dt_us=0/0.00/0 rx_dt_us=0/0.00/0 pair_first=0/0 pair_last=0/0
BNO_VEC ACCEL_SENSOR_AND_ESKF_INPUT events=0 nonfinite=0
BNO_VEC GYRO_SENSOR_AND_ESKF_INPUT events=0 nonfinite=0
BNO_VEC MAG_SENSOR events=0 nonfinite=0
LINK queue/drop/high=1/0/4 tof=4238
TXDIAG frames_s=117 bytes_s=16452 total_frames=3223 total_bytes=422024 queue=0 high=4 drops=0 bno_drop=0 partial=0 zero=0 write_calls=55530 max_write_us=135 free_heap=250036 min_free_heap=250036 usage_pct=17.85
BNO_TX kind=1 event=0 req=0 enq=0 drop=0 done=0 bytes=0
BNO_REPORT kind=1 report_id=0 interval_us=0 requested_hz=0.000 enable_ok=0 enable_fail=0 callback=0 switch=0 kind_convert=0 events=0 tx_req=0 tx_enq=0 tx_done=0 tx_drop=0 event_drop=0 reset_reconfig=0 effective_hz=0.000
BNO_TX kind=2 event=0 req=0 enq=0 drop=0 done=0 bytes=0
BNO_REPORT kind=2 report_id=0 interval_us=0 requested_hz=0.000 enable_ok=0 enable_fail=0 callback=0 switch=0 kind_convert=0 events=0 tx_req=0 tx_enq=0 tx_done=0 tx_drop=0 event_drop=0 reset_reconfig=0 effective_hz=0.000
BNO_TX kind=3 event=500 req=500 enq=500 drop=0 done=500 bytes=42000
BNO_REPORT kind=3 report_id=8 interval_us=20000 requested_hz=50.000 enable_ok=2 enable_fail=0 callback=1155 switch=1155 kind_convert=1155 events=1155 tx_req=500 tx_enq=500 tx_done=500 tx_drop=0 event_drop=0 reset_reconfig=1 effective_hz=50.012
BNO_TX kind=4 event=0 req=0 enq=0 drop=0 done=0 bytes=0
BNO_REPORT kind=4 report_id=0 interval_us=0 requested_hz=0.000 enable_ok=0 enable_fail=0 callback=0 switch=0 kind_convert=0 events=0 tx_req=0 tx_enq=0 tx_done=0 tx_drop=0 event_drop=0 reset_reconfig=0 effective_hz=0.000
BNO_TX kind=5 event=0 req=0 enq=0 drop=0 done=0 bytes=0
BNO_REPORT kind=5 report_id=0 interval_us=0 requested_hz=0.000 enable_ok=0 enable_fail=0 callback=0 switch=0 kind_convert=0 events=0 tx_req=0 tx_enq=0 tx_done=0 tx_drop=0 event_drop=0 reset_reconfig=0 effective_hz=0.000
DIAG state=FAULT dry=1 bno_ready=1 addr=0x4A init/reinit/poll=0/0/2409 event A/G/M=0/0/0 age_rx_us=4294967295/4294967295/4294967295
IMU cand/pair/call/ok=0/0/0/0 reject=0 dup/order/stale/dt/nonfinite/norm/queue=0/0/0/0/0/0/0 last_ok_age_us=4294967295 dt_us=0 align_samples=0 align_elapsed_us=0
HEALTH state=0 health=0 reason=imu_stale mount=0 imu_age_us=4294967295 imu_gaps=0 reversals=0 covariance=1 finite=1 gnss_age_us=104121067 tof_age_us=4294967295 obs=1
BNO_TS ACCEL events=0 unique=0 exact=1 overflow=0 dup=0 reverse=0 rollover=0 sensor_dt_us=0/0.00/0 rx_dt_us=0/0.00/0 pair_first=0/0 pair_last=0/0
BNO_TS GYRO events=0 unique=0 exact=1 overflow=0 dup=0 reverse=0 rollover=0 sensor_dt_us=0/0.00/0 rx_dt_us=0/0.00/0 pair_first=0/0 pair_last=0/0
BNO_TS MAG events=0 unique=0 exact=1 overflow=0 dup=0 reverse=0 rollover=0 sensor_dt_us=0/0.00/0 rx_dt_us=0/0.00/0 pair_first=0/0 pair_last=0/0
BNO_VEC ACCEL_SENSOR_AND_ESKF_INPUT events=0 nonfinite=0
BNO_VEC GYRO_SENSOR_AND_ESKF_INPUT events=0 nonfinite=0
BNO_VEC MAG_SENSOR events=0 nonfinite=0
LINK queue/drop/high=0/0/4 tof=4268
TXDIAG frames_s=117 bytes_s=16248 total_frames=3340 total_bytes=438272 queue=0 high=4 drops=0 bno_drop=0 partial=0 zero=0 write_calls=57594 max_write_us=135 free_heap=250036 min_free_heap=250036 usage_pct=17.63
BNO_TX kind=1 event=0 req=0 enq=0 drop=0 done=0 bytes=0
BNO_REPORT kind=1 report_id=0 interval_us=0 requested_hz=0.000 enable_ok=0 enable_fail=0 callback=0 switch=0 kind_convert=0 events=0 tx_req=0 tx_enq=0 tx_done=0 tx_drop=0 event_drop=0 reset_reconfig=0 effective_hz=0.000
BNO_TX kind=2 event=0 req=0 enq=0 drop=0 done=0 bytes=0
BNO_REPORT kind=2 report_id=0 interval_us=0 requested_hz=0.000 enable_ok=0 enable_fail=0 callback=0 switch=0 kind_convert=0 events=0 tx_req=0 tx_enq=0 tx_done=0 tx_drop=0 event_drop=0 reset_reconfig=0 effective_hz=0.000
BNO_TX kind=3 event=500 req=500 enq=500 drop=0 done=500 bytes=42000
BNO_REPORT kind=3 report_id=8 interval_us=20000 requested_hz=50.000 enable_ok=2 enable_fail=0 callback=1205 switch=1205 kind_convert=1205 events=1205 tx_req=500 tx_enq=500 tx_done=500 tx_drop=0 event_drop=0 reset_reconfig=1 effective_hz=50.014
BNO_TX kind=4 event=0 req=0 enq=0 drop=0 done=0 bytes=0
BNO_REPORT kind=4 report_id=0 interval_us=0 requested_hz=0.000 enable_ok=0 enable_fail=0 callback=0 switch=0 kind_convert=0 events=0 tx_req=0 tx_enq=0 tx_done=0 tx_drop=0 event_drop=0 reset_reconfig=0 effective_hz=0.000
BNO_TX kind=5 event=0 req=0 enq=0 drop=0 done=0 bytes=0
BNO_REPORT kind=5 report_id=0 interval_us=0 requested_hz=0.000 enable_ok=0 enable_fail=0 callback=0 switch=0 kind_convert=0 events=0 tx_req=0 tx_enq=0 tx_done=0 tx_drop=0 event_drop=0 reset_reconfig=0 effective_hz=0.000
DIAG state=FAULT dry=1 bno_ready=1 addr=0x4A init/reinit/poll=0/0/2510 event A/G/M=0/0/0 age_rx_us=4294967295/4294967295/4294967295
IMU cand/pair/call/ok=0/0/0/0 reject=0 dup/order/stale/dt/nonfinite/norm/queue=0/0/0/0/0/0/0 last_ok_age_us=4294967295 dt_us=0 align_samples=0 align_elapsed_us=0
HEALTH state=0 health=0 reason=imu_stale mount=0 imu_age_us=4294967295 imu_gaps=0 reversals=0 covariance=1 finite=1 gnss_age_us=104123818 tof_age_us=4294967295 obs=1
BNO_TS ACCEL events=0 unique=0 exact=1 overflow=0 dup=0 reverse=0 rollover=0 sensor_dt_us=0/0.00/0 rx_dt_us=0/0.00/0 pair_first=0/0 pair_last=0/0
BNO_TS GYRO events=0 unique=0 exact=1 overflow=0 dup=0 reverse=0 rollover=0 sensor_dt_us=0/0.00/0 rx_dt_us=0/0.00/0 pair_first=0/0 pair_last=0/0
BNO_TS MAG events=0 unique=0 exact=1 overflow=0 dup=0 reverse=0 rollover=0 sensor_dt_us=0/0.00/0 rx_dt_us=0/0.00/0 pair_first=0/0 pair_last=0/0
BNO_VEC ACCEL_SENSOR_AND_ESKF_INPUT events=0 nonfinite=0
BNO_VEC GYRO_SENSOR_AND_ESKF_INPUT events=0 nonfinite=0
BNO_VEC MAG_SENSOR events=0 nonfinite=0
LINK queue/drop/high=1/0/4 tof=4299
TXDIAG frames_s=117 bytes_s=16436 total_frames=3458 total_bytes=454840 queue=0 high=4 drops=0 bno_drop=0 partial=0 zero=0 write_calls=59822 max_write_us=135 free_heap=250036 min_free_heap=250036 usage_pct=17.83
BNO_TX kind=1 event=0 req=0 enq=0 drop=0 done=0 bytes=0
BNO_REPORT kind=1 report_id=0 interval_us=0 requested_hz=0.000 enable_ok=0 enable_fail=0 callback=0 switch=0 kind_convert=0 events=0 tx_req=0 tx_enq=0 tx_done=0 tx_drop=0 event_drop=0 reset_reconfig=0 effective_hz=0.000
BNO_TX kind=2 event=0 req=0 enq=0 drop=0 done=0 bytes=0
BNO_REPORT kind=2 report_id=0 interval_us=0 requested_hz=0.000 enable_ok=0 enable_fail=0 callback=0 switch=0 kind_convert=0 events=0 tx_req=0 tx_enq=0 tx_done=0 tx_drop=0 event_drop=0 reset_reconfig=0 effective_hz=0.000
BNO_TX kind=3 event=500 req=500 enq=500 drop=0 done=500 bytes=42000
BNO_REPORT kind=3 report_id=8 interval_us=20000 requested_hz=50.000 enable_ok=2 enable_fail=0 callback=1255 switch=1255 kind_convert=1255 events=1255 tx_req=500 tx_enq=500 tx_done=500 tx_drop=0 event_drop=0 reset_reconfig=1 effective_hz=50.014
BNO_TX kind=4 event=0 req=0 enq=0 drop=0 done=0 bytes=0
BNO_REPORT kind=4 report_id=0 interval_us=0 requested_hz=0.000 enable_ok=0 enable_fail=0 callback=0 switch=0 kind_convert=0 events=0 tx_req=0 tx_enq=0 tx_done=0 tx_drop=0 event_drop=0 reset_reconfig=0 effective_hz=0.000
BNO_TX kind=5 event=0 req=0 enq=0 drop=0 done=0 bytes=0
BNO_REPORT kind=5 report_id=0 interval_us=0 requested_hz=0.000 enable_ok=0 enable_fail=0 callback=0 switch=0 kind_convert=0 events=0 tx_req=0 tx_enq=0 tx_done=0 tx_drop=0 event_drop=0 reset_reconfig=0 effective_hz=0.000
DIAG state=FAULT dry=1 bno_ready=1 addr=0x4A init/reinit/poll=0/0/2610 event A/G/M=0/0/0 age_rx_us=4294967295/4294967295/4294967295
IMU cand/pair/call/ok=0/0/0/0 reject=0 dup/order/stale/dt/nonfinite/norm/queue=0/0/0/0/0/0/0 last_ok_age_us=4294967295 dt_us=0 align_samples=0 align_elapsed_us=0
HEALTH state=0 health=0 reason=imu_stale mount=0 imu_age_us=4294967295 imu_gaps=0 reversals=0 covariance=1 finite=1 gnss_age_us=104122609 tof_age_us=4294967295 obs=1
BNO_TS ACCEL events=0 unique=0 exact=1 overflow=0 dup=0 reverse=0 rollover=0 sensor_dt_us=0/0.00/0 rx_dt_us=0/0.00/0 pair_first=0/0 pair_last=0/0
BNO_TS GYRO events=0 unique=0 exact=1 overflow=0 dup=0 reverse=0 rollover=0 sensor_dt_us=0/0.00/0 rx_dt_us=0/0.00/0 pair_first=0/0 pair_last=0/0
BNO_TS MAG events=0 unique=0 exact=1 overflow=0 dup=0 reverse=0 rollover=0 sensor_dt_us=0/0.00/0 rx_dt_us=0/0.00/0 pair_first=0/0 pair_last=0/0
BNO_VEC ACCEL_SENSOR_AND_ESKF_INPUT events=0 nonfinite=0
BNO_VEC GYRO_SENSOR_AND_ESKF_INPUT events=0 nonfinite=0
BNO_VEC MAG_SENSOR events=0 nonfinite=0
LINK queue/drop/high=0/0/4 tof=4329
TXDIAG frames_s=118 bytes_s=16432 total_frames=3576 total_bytes=471272 queue=0 high=4 drops=0 bno_drop=0 partial=0 zero=0 write_calls=61940 max_write_us=135 free_heap=250036 min_free_heap=250036 usage_pct=17.83
BNO_TX kind=1 event=0 req=0 enq=0 drop=0 done=0 bytes=0
BNO_REPORT kind=1 report_id=0 interval_us=0 requested_hz=0.000 enable_ok=0 enable_fail=0 callback=0 switch=0 kind_convert=0 events=0 tx_req=0 tx_enq=0 tx_done=0 tx_drop=0 event_drop=0 reset_reconfig=0 effective_hz=0.000
BNO_TX kind=2 event=0 req=0 enq=0 drop=0 done=0 bytes=0
BNO_REPORT kind=2 report_id=0 interval_us=0 requested_hz=0.000 enable_ok=0 enable_fail=0 callback=0 switch=0 kind_convert=0 events=0 tx_req=0 tx_enq=0 tx_done=0 tx_drop=0 event_drop=0 reset_reconfig=0 effective_hz=0.000
BNO_TX kind=3 event=500 req=500 enq=500 drop=0 done=500 bytes=42000
BNO_REPORT kind=3 report_id=8 interval_us=20000 requested_hz=50.000 enable_ok=2 enable_fail=0 callback=1305 switch=1305 kind_convert=1305 events=1305 tx_req=500 tx_enq=500 tx_done=500 tx_drop=0 event_drop=0 reset_reconfig=1 effective_hz=50.014
BNO_TX kind=4 event=0 req=0 enq=0 drop=0 done=0 bytes=0
BNO_REPORT kind=4 report_id=0 interval_us=0 requested_hz=0.000 enable_ok=0 enable_fail=0 callback=0 switch=0 kind_convert=0 events=0 tx_req=0 tx_enq=0 tx_done=0 tx_drop=0 event_drop=0 reset_reconfig=0 effective_hz=0.000
BNO_TX kind=5 event=0 req=0 enq=0 drop=0 done=0 bytes=0
BNO_REPORT kind=5 report_id=0 interval_us=0 requested_hz=0.000 enable_ok=0 enable_fail=0 callback=0 switch=0 kind_convert=0 events=0 tx_req=0 tx_enq=0 tx_done=0 tx_drop=0 event_drop=0 reset_reconfig=0 effective_hz=0.000
DIAG state=FAULT dry=1 bno_ready=1 addr=0x4A init/reinit/poll=0/0/2710 event A/G/M=0/0/0 age_rx_us=4294967295/4294967295/4294967295
IMU cand/pair/call/ok=0/0/0/0 reject=0 dup/order/stale/dt/nonfinite/norm/queue=0/0/0/0/0/0/0 last_ok_age_us=4294967295 dt_us=0 align_samples=0 align_elapsed_us=0
HEALTH state=0 health=0 reason=imu_stale mount=0 imu_age_us=4294967295 imu_gaps=0 reversals=0 covariance=1 finite=1 gnss_age_us=104125578 tof_age_us=4294967295 obs=1
BNO_TS ACCEL events=0 unique=0 exact=1 overflow=0 dup=0 reverse=0 rollover=0 sensor_dt_us=0/0.00/0 rx_dt_us=0/0.00/0 pair_first=0/0 pair_last=0/0
BNO_TS GYRO events=0 unique=0 exact=1 overflow=0 dup=0 reverse=0 rollover=0 sensor_dt_us=0/0.00/0 rx_dt_us=0/0.00/0 pair_first=0/0 pair_last=0/0
BNO_TS MAG events=0 unique=0 exact=1 overflow=0 dup=0 reverse=0 rollover=0 sensor_dt_us=0/0.00/0 rx_dt_us=0/0.00/0 pair_first=0/0 pair_last=0/0
BNO_VEC ACCEL_SENSOR_AND_ESKF_INPUT events=0 nonfinite=0
BNO_VEC GYRO_SENSOR_AND_ESKF_INPUT events=0 nonfinite=0
BNO_VEC MAG_SENSOR events=0 nonfinite=0
LINK queue/drop/high=1/0/4 tof=4360
TXDIAG frames_s=118 bytes_s=16507 total_frames=3695 total_bytes=487912 queue=0 high=4 drops=0 bno_drop=0 partial=0 zero=0 write_calls=64609 max_write_us=135 free_heap=250036 min_free_heap=250036 usage_pct=17.91
BNO_TX kind=1 event=0 req=0 enq=0 drop=0 done=0 bytes=0
BNO_REPORT kind=1 report_id=0 interval_us=0 requested_hz=0.000 enable_ok=0 enable_fail=0 callback=0 switch=0 kind_convert=0 events=0 tx_req=0 tx_enq=0 tx_done=0 tx_drop=0 event_drop=0 reset_reconfig=0 effective_hz=0.000
BNO_TX kind=2 event=0 req=0 enq=0 drop=0 done=0 bytes=0
BNO_REPORT kind=2 report_id=0 interval_us=0 requested_hz=0.000 enable_ok=0 enable_fail=0 callback=0 switch=0 kind_convert=0 events=0 tx_req=0 tx_enq=0 tx_done=0 tx_drop=0 event_drop=0 reset_reconfig=0 effective_hz=0.000
BNO_TX kind=3 event=500 req=500 enq=500 drop=0 done=500 bytes=42000
BNO_REPORT kind=3 report_id=8 interval_us=20000 requested_hz=50.000 enable_ok=2 enable_fail=0 callback=1356 switch=1356 kind_convert=1356 events=1356 tx_req=500 tx_enq=500 tx_done=500 tx_drop=0 event_drop=0 reset_reconfig=1 effective_hz=50.013
BNO_TX kind=4 event=0 req=0 enq=0 drop=0 done=0 bytes=0
BNO_REPORT kind=4 report_id=0 interval_us=0 requested_hz=0.000 enable_ok=0 enable_fail=0 callback=0 switch=0 kind_convert=0 events=0 tx_req=0 tx_enq=0 tx_done=0 tx_drop=0 event_drop=0 reset_reconfig=0 effective_hz=0.000
BNO_TX kind=5 event=0 req=0 enq=0 drop=0 done=0 bytes=0
BNO_REPORT kind=5 report_id=0 interval_us=0 requested_hz=0.000 enable_ok=0 enable_fail=0 callback=0 switch=0 kind_convert=0 events=0 tx_req=0 tx_enq=0 tx_done=0 tx_drop=0 event_drop=0 reset_reconfig=0 effective_hz=0.000
DIAG state=FAULT dry=1 bno_ready=1 addr=0x4A init/reinit/poll=0/0/2810 event A/G/M=0/0/0 age_rx_us=4294967295/4294967295/4294967295
IMU cand/pair/call/ok=0/0/0/0 reject=0 dup/order/stale/dt/nonfinite/norm/queue=0/0/0/0/0/0/0 last_ok_age_us=4294967295 dt_us=0 align_samples=0 align_elapsed_us=0
HEALTH state=0 health=0 reason=imu_stale mount=0 imu_age_us=4294967295 imu_gaps=0 reversals=0 covariance=1 finite=1 gnss_age_us=104127231 tof_age_us=4294967295 obs=1
BNO_TS ACCEL events=0 unique=0 exact=1 overflow=0 dup=0 reverse=0 rollover=0 sensor_dt_us=0/0.00/0 rx_dt_us=0/0.00/0 pair_first=0/0 pair_last=0/0
BNO_TS GYRO events=0 unique=0 exact=1 overflow=0 dup=0 reverse=0 rollover=0 sensor_dt_us=0/0.00/0 rx_dt_us=0/0.00/0 pair_first=0/0 pair_last=0/0
BNO_TS MAG events=0 unique=0 exact=1 overflow=0 dup=0 reverse=0 rollover=0 sensor_dt_us=0/0.00/0 rx_dt_us=0/0.00/0 pair_first=0/0 pair_last=0/0
BNO_VEC ACCEL_SENSOR_AND_ESKF_INPUT events=0 nonfinite=0
BNO_VEC GYRO_SENSOR_AND_ESKF_INPUT events=0 nonfinite=0
BNO_VEC MAG_SENSOR events=0 nonfinite=0
LINK queue/drop/high=0/0/4 tof=4390
TXDIAG frames_s=119 bytes_s=16504 total_frames=3814 total_bytes=504416 queue=0 high=4 drops=0 bno_drop=0 partial=0 zero=0 write_calls=66975 max_write_us=135 free_heap=250036 min_free_heap=250036 usage_pct=17.91
BNO_TX kind=1 event=0 req=0 enq=0 drop=0 done=0 bytes=0
BNO_REPORT kind=1 report_id=0 interval_us=0 requested_hz=0.000 enable_ok=0 enable_fail=0 callback=0 switch=0 kind_convert=0 events=0 tx_req=0 tx_enq=0 tx_done=0 tx_drop=0 event_drop=0 reset_reconfig=0 effective_hz=0.000
BNO_TX kind=2 event=0 req=0 enq=0 drop=0 done=0 bytes=0
BNO_REPORT kind=2 report_id=0 interval_us=0 requested_hz=0.000 enable_ok=0 enable_fail=0 callback=0 switch=0 kind_convert=0 events=0 tx_req=0 tx_enq=0 tx_done=0 tx_drop=0 event_drop=0 reset_reconfig=0 effective_hz=0.000
BNO_TX kind=3 event=500 req=500 enq=500 drop=0 done=500 bytes=42000
BNO_REPORT kind=3 report_id=8 interval_us=20000 requested_hz=50.000 enable_ok=2 enable_fail=0 callback=1406 switch=1406 kind_convert=1406 events=1406 tx_req=500 tx_enq=500 tx_done=500 tx_drop=0 event_drop=0 reset_reconfig=1 effective_hz=50.014
BNO_TX kind=4 event=0 req=0 enq=0 drop=0 done=0 bytes=0
BNO_REPORT kind=4 report_id=0 interval_us=0 requested_hz=0.000 enable_ok=0 enable_fail=0 callback=0 switch=0 kind_convert=0 events=0 tx_req=0 tx_enq=0 tx_done=0 tx_drop=0 event_drop=0 reset_reconfig=0 effective_hz=0.000
BNO_TX kind=5 event=0 req=0 enq=0 drop=0 done=0 bytes=0
BNO_REPORT kind=5 report_id=0 interval_us=0 requested_hz=0.000 enable_ok=0 enable_fail=0 callback=0 switch=0 kind_convert=0 events=0 tx_req=0 tx_enq=0 tx_done=0 tx_drop=0 event_drop=0 reset_reconfig=0 effective_hz=0.000
DIAG state=FAULT dry=1 bno_ready=1 addr=0x4A init/reinit/poll=0/0/2912 event A/G/M=0/0/0 age_rx_us=4294967295/4294967295/4294967295
IMU cand/pair/call/ok=0/0/0/0 reject=0 dup/order/stale/dt/nonfinite/norm/queue=0/0/0/0/0/0/0 last_ok_age_us=4294967295 dt_us=0 align_samples=0 align_elapsed_us=0
HEALTH state=0 health=0 reason=imu_stale mount=0 imu_age_us=4294967295 imu_gaps=0 reversals=0 covariance=1 finite=1 gnss_age_us=104127545 tof_age_us=4294967295 obs=1
BNO_TS ACCEL events=0 unique=0 exact=1 overflow=0 dup=0 reverse=0 rollover=0 sensor_dt_us=0/0.00/0 rx_dt_us=0/0.00/0 pair_first=0/0 pair_last=0/0
BNO_TS GYRO events=0 unique=0 exact=1 overflow=0 dup=0 reverse=0 rollover=0 sensor_dt_us=0/0.00/0 rx_dt_us=0/0.00/0 pair_first=0/0 pair_last=0/0
BNO_TS MAG events=0 unique=0 exact=1 overflow=0 dup=0 reverse=0 rollover=0 sensor_dt_us=0/0.00/0 rx_dt_us=0/0.00/0 pair_first=0/0 pair_last=0/0
BNO_VEC ACCEL_SENSOR_AND_ESKF_INPUT events=0 nonfinite=0
BNO_VEC GYRO_SENSOR_AND_ESKF_INPUT events=0 nonfinite=0
BNO_VEC MAG_SENSOR events=0 nonfinite=0
LINK queue/drop/high=1/0/4 tof=4421
TXDIAG frames_s=118 bytes_s=16524 total_frames=3933 total_bytes=521056 queue=0 high=4 drops=0 bno_drop=0 partial=0 zero=0 write_calls=69314 max_write_us=135 free_heap=250036 min_free_heap=250036 usage_pct=17.93
BNO_TX kind=1 event=0 req=0 enq=0 drop=0 done=0 bytes=0
BNO_REPORT kind=1 report_id=0 interval_us=0 requested_hz=0.000 enable_ok=0 enable_fail=0 callback=0 switch=0 kind_convert=0 events=0 tx_req=0 tx_enq=0 tx_done=0 tx_drop=0 event_drop=0 reset_reconfig=0 effective_hz=0.000
BNO_TX kind=2 event=0 req=0 enq=0 drop=0 done=0 bytes=0
BNO_REPORT kind=2 report_id=0 interval_us=0 requested_hz=0.000 enable_ok=0 enable_fail=0 callback=0 switch=0 kind_convert=0 events=0 tx_req=0 tx_enq=0 tx_done=0 tx_drop=0 event_drop=0 reset_reconfig=0 effective_hz=0.000
BNO_TX kind=3 event=500 req=500 enq=500 drop=0 done=500 bytes=42000
BNO_REPORT kind=3 report_id=8 interval_us=20000 requested_hz=50.000 enable_ok=2 enable_fail=0 callback=1456 switch=1456 kind_convert=1456 events=1456 tx_req=500 tx_enq=500 tx_done=500 tx_drop=0 event_drop=0 reset_reconfig=1 effective_hz=50.014
BNO_TX kind=4 event=0 req=0 enq=0 drop=0 done=0 bytes=0
BNO_REPORT kind=4 report_id=0 interval_us=0 requested_hz=0.000 enable_ok=0 enable_fail=0 callback=0 switch=0 kind_convert=0 events=0 tx_req=0 tx_enq=0 tx_done=0 tx_drop=0 event_drop=0 reset_reconfig=0 effective_hz=0.000
BNO_TX kind=5 event=0 req=0 enq=0 drop=0 done=0 bytes=0
BNO_REPORT kind=5 report_id=0 interval_us=0 requested_hz=0.000 enable_ok=0 enable_fail=0 callback=0 switch=0 kind_convert=0 events=0 tx_req=0 tx_enq=0 tx_done=0 tx_drop=0 event_drop=0 reset_reconfig=0 effective_hz=0.000
DIAG state=FAULT dry=1 bno_ready=1 addr=0x4A init/reinit/poll=0/0/3012 event A/G/M=0/0/0 age_rx_us=4294967295/4294967295/4294967295
IMU cand/pair/call/ok=0/0/0/0 reject=0 dup/order/stale/dt/nonfinite/norm/queue=0/0/0/0/0/0/0 last_ok_age_us=4294967295 dt_us=0 align_samples=0 align_elapsed_us=0
HEALTH state=0 health=0 reason=imu_stale mount=0 imu_age_us=4294967295 imu_gaps=0 reversals=0 covariance=1 finite=1 gnss_age_us=104125016 tof_age_us=4294967295 obs=1
BNO_TS ACCEL events=0 unique=0 exact=1 overflow=0 dup=0 reverse=0 rollover=0 sensor_dt_us=0/0.00/0 rx_dt_us=0/0.00/0 pair_first=0/0 pair_last=0/0
BNO_TS GYRO events=0 unique=0 exact=1 overflow=0 dup=0 reverse=0 rollover=0 sensor_dt_us=0/0.00/0 rx_dt_us=0/0.00/0 pair_first=0/0 pair_last=0/0
BNO_TS MAG events=0 unique=0 exact=1 overflow=0 dup=0 reverse=0 rollover=0 sensor_dt_us=0/0.00/0 rx_dt_us=0/0.00/0 pair_first=0/0 pair_last=0/0
BNO_VEC ACCEL_SENSOR_AND_ESKF_INPUT events=0 nonfinite=0
BNO_VEC GYRO_SENSOR_AND_ESKF_INPUT events=0 nonfinite=0
BNO_VEC MAG_SENSOR events=0 nonfinite=0
LINK queue/drop/high=0/0/4 tof=4451
TXDIAG frames_s=114 bytes_s=16079 total_frames=4048 total_bytes=537152 queue=0 high=4 drops=0 bno_drop=0 partial=0 zero=0 write_calls=71543 max_write_us=135 free_heap=250036 min_free_heap=250036 usage_pct=17.45
BNO_TX kind=1 event=0 req=0 enq=0 drop=0 done=0 bytes=0
BNO_REPORT kind=1 report_id=0 interval_us=0 requested_hz=0.000 enable_ok=0 enable_fail=0 callback=0 switch=0 kind_convert=0 events=0 tx_req=0 tx_enq=0 tx_done=0 tx_drop=0 event_drop=0 reset_reconfig=0 effective_hz=0.000
BNO_TX kind=2 event=0 req=0 enq=0 drop=0 done=0 bytes=0
BNO_REPORT kind=2 report_id=0 interval_us=0 requested_hz=0.000 enable_ok=0 enable_fail=0 callback=0 switch=0 kind_convert=0 events=0 tx_req=0 tx_enq=0 tx_done=0 tx_drop=0 event_drop=0 reset_reconfig=0 effective_hz=0.000
BNO_TX kind=3 event=500 req=500 enq=500 drop=0 done=500 bytes=42000
BNO_REPORT kind=3 report_id=8 interval_us=20000 requested_hz=50.000 enable_ok=2 enable_fail=0 callback=1506 switch=1506 kind_convert=1506 events=1506 tx_req=500 tx_enq=500 tx_done=500 tx_drop=0 event_drop=0 reset_reconfig=1 effective_hz=50.014
BNO_TX kind=4 event=0 req=0 enq=0 drop=0 done=0 bytes=0
BNO_REPORT kind=4 report_id=0 interval_us=0 requested_hz=0.000 enable_ok=0 enable_fail=0 callback=0 switch=0 kind_convert=0 events=0 tx_req=0 tx_enq=0 tx_done=0 tx_drop=0 event_drop=0 reset_reconfig=0 effective_hz=0.000
BNO_TX kind=5 event=0 req=0 enq=0 drop=0 done=0 bytes=0
BNO_REPORT kind=5 report_id=0 interval_us=0 requested_hz=0.000 enable_ok=0 enable_fail=0 callback=0 switch=0 kind_convert=0 events=0 tx_req=0 tx_enq=0 tx_done=0 tx_drop=0 event_drop=0 reset_reconfig=0 effective_hz=0.000
