DIAG state=FAULT dry=1 bno_ready=1 addr=0x4A init/reinit/poll=1/0/14656 event A/G/M=0/0/0 age_rx_us=4294967295/4294967295/4294967295
IMU cand/pair/call/ok=0/0/0/0 reject=0 dup/order/stale/dt/nonfinite/norm/queue=0/0/0/0/0/0/0 last_ok_age_us=4294967295 dt_us=0 align_samples=0 align_elapsed_us=0
HEALTH state=0 health=0 reason=imu_stale mount=0 imu_age_us=4294967295 imu_gaps=0 reversals=0 covariance=1 finite=1 gnss_age_us=140425259 tof_age_us=4294967295 obs=1
BNO_TS ACCEL events=0 unique=0 exact=1 overflow=0 dup=0 reverse=0 rollover=0 sensor_dt_us=0/0.00/0 rx_dt_us=0/0.00/0 pair_first=0/0 pair_last=0/0
BNO_TS GYRO events=0 unique=0 exact=1 overflow=0 dup=0 reverse=0 rollover=0 sensor_dt_us=0/0.00/0 rx_dt_us=0/0.00/0 pair_first=0/0 pair_last=0/0
BNO_TS MAG events=0 unique=0 exact=1 overflow=0 dup=0 reverse=0 rollover=0 sensor_dt_us=0/0.00/0 rx_dt_us=0/0.00/0 pair_first=0/0 pair_last=0/0
BNO_VEC ACCEL_SENSOR_AND_ESKF_INPUT events=0 nonfinite=0
BNO_VEC GYRO_SENSOR_AND_ESKF_INPUT events=0 nonfinite=0
BNO_VEC MAG_SENSOR events=0 nonfinite=0
LINK queue/drop/high=0/0/3 tof=4451
TXDIAG frames_s=117 bytes_s=16405 total_frames=16989 total_bytes=2384260 queue=0 high=3 drops=0 bno_drop=0 partial=0 zero=0 write_calls=329798 max_write_us=198 free_heap=250036 min_free_heap=250036 usage_pct=17.80
BNO_TX kind=1 event=0 req=0 enq=0 drop=0 done=0 bytes=0
BNO_REPORT kind=1 report_id=0 interval_us=0 requested_hz=0.000 enable_ok=0 enable_fail=0 callback=0 switch=0 kind_convert=0 events=0 tx_req=0 tx_enq=0 tx_done=0 tx_drop=0 event_drop=0 reset_reconfig=0 effective_hz=0.000
BNO_TX kind=2 event=0 req=0 enq=0 drop=0 done=0 bytes=0
BNO_REPORT kind=2 report_id=0 interval_us=0 requested_hz=0.000 enable_ok=0 enable_fail=0 callback=0 switch=0 kind_convert=0 events=0 tx_req=0 tx_enq=0 tx_done=0 tx_drop=0 event_drop=0 reset_reconfig=0 effective_hz=0.000
BNO_TX kind=3 event=0 req=0 enq=0 drop=0 done=0 bytes=0
BNO_REPORT kind=3 report_id=8 interval_us=20000 requested_hz=50.000 enable_ok=2 enable_fail=0 callback=7327 switch=7327 kind_convert=7327 events=7327 tx_req=0 tx_enq=0 tx_done=0 tx_drop=0 event_drop=0 reset_reconfig=1 effective_hz=50.015
BNO_TX kind=4 event=0 req=0 enq=0 drop=0 done=0 bytes=0
BNO_REPORT kind=4 report_id=0 interval_us=0 requested_hz=0.000 enable_ok=0 enable_fail=0 callback=0 switch=0 kind_convert=0 events=0 tx_req=0 tx_enq=0 tx_done=0 tx_drop=0 event_drop=0 reset_reconfig=0 effective_hz=0.000
BNO_TX kind=5 event=0 req=0 enq=0 drop=0 done=0 bytes=0
BNO_REPORT kind=5 report_id=0 interval_us=0 requested_hz=0.000 enable_ok=0 enable_fail=0 callback=0 switch=0 kind_convert=0 events=0 tx_req=0 tx_enq=0 tx_done=0 tx_drop=0 event_drop=0 reset_reconfig=0 effective_hz=0.000
DIAG state=FAULT dry=1 bno_ready=1 addr=0x4A init/reinit/poll=1/0/14756 event A/G/M=0/0/0 age_rx_us=4294967295/4294967295/4294967295
IMU cand/pair/call/ok=0/0/0/0 reject=0 dup/order/stale/dt/nonfinite/norm/queue=0/0/0/0/0/0/0 last_ok_age_us=4294967295 dt_us=0 align_samples=0 align_elapsed_us=0
HEALTH state=0 health=0 reason=imu_stale mount=0 imu_age_us=4294967295 imu_gaps=0 reversals=0 covariance=1 finite=1 gnss_age_us=141258320 tof_age_us=4294967295 obs=1
BNO_TS ACCEL events=0 unique=0 exact=1 overflow=0 dup=0 reverse=0 rollover=0 sensor_dt_us=0/0.00/0 rx_dt_us=0/0.00/0 pair_first=0/0 pair_last=0/0
BNO_TS GYRO events=0 unique=0 exact=1 overflow=0 dup=0 reverse=0 rollover=0 sensor_dt_us=0/0.00/0 rx_dt_us=0/0.00/0 pair_first=0/0 pair_last=0/0
BNO_TS MAG events=0 unique=0 exact=1 overflow=0 dup=0 reverse=0 rollover=0 sensor_dt_us=0/0.00/0 rx_dt_us=0/0.00/0 pair_first=0/0 pair_last=0/0
BNO_VEC ACCEL_SENSOR_AND_ESKF_INPUT events=0 nonfinite=0
BNO_VEC GYRO_SENSOR_AND_ESKF_INPUT events=0 nonfinite=0
BNO_VEC MAG_SENSOR events=0 nonfinite=0
LINK queue/drop/high=1/0/3 tof=4482
TXDIAG frames_s=115 bytes_s=16318 total_frames=17105 total_bytes=2400660 queue=1 high=3 drops=0 bno_drop=0 partial=0 zero=0 write_calls=332094 max_write_us=198 free_heap=250036 min_free_heap=250036 usage_pct=17.71
BNO_TX kind=1 event=0 req=0 enq=0 drop=0 done=0 bytes=0
BNO_REPORT kind=1 report_id=0 interval_us=0 requested_hz=0.000 enable_ok=0 enable_fail=0 callback=0 switch=0 kind_convert=0 events=0 tx_req=0 tx_enq=0 tx_done=0 tx_drop=0 event_drop=0 reset_reconfig=0 effective_hz=0.000
BNO_TX kind=2 event=0 req=0 enq=0 drop=0 done=0 bytes=0
BNO_REPORT kind=2 report_id=0 interval_us=0 requested_hz=0.000 enable_ok=0 enable_fail=0 callback=0 switch=0 kind_convert=0 events=0 tx_req=0 tx_enq=0 tx_done=0 tx_drop=0 event_drop=0 reset_reconfig=0 effective_hz=0.000
BNO_TX kind=3 event=0 req=0 enq=0 drop=0 done=0 bytes=0
BNO_REPORT kind=3 report_id=8 interval_us=20000 requested_hz=50.000 enable_ok=2 enable_fail=0 callback=7377 switch=7377 kind_convert=7377 events=7377 tx_req=0 tx_enq=0 tx_done=0 tx_drop=0 event_drop=0 reset_reconfig=1 effective_hz=50.015
BNO_TX kind=4 event=0 req=0 enq=0 drop=0 done=0 bytes=0
BNO_REPORT kind=4 report_id=0 interval_us=0 requested_hz=0.000 enable_ok=0 enable_fail=0 callback=0 switch=0 kind_convert=0 events=0 tx_req=0 tx_enq=0 tx_done=0 tx_drop=0 event_drop=0 reset_reconfig=0 effective_hz=0.000
BNO_TX kind=5 event=0 req=0 enq=0 drop=0 done=0 bytes=0
BNO_REPORT kind=5 report_id=0 interval_us=0 requested_hz=0.000 enable_ok=0 enable_fail=0 callback=0 switch=0 kind_convert=0 events=0 tx_req=0 tx_enq=0 tx_done=0 tx_drop=0 event_drop=0 reset_reconfig=0 effective_hz=0.000
DIAG state=FAULT dry=1 bno_ready=1 addr=0x4A init/reinit/poll=1/0/14856 event A/G/M=0/0/0 age_rx_us=4294967295/4294967295/4294967295
IMU cand/pair/call/ok=0/0/0/0 reject=0 dup/order/stale/dt/nonfinite/norm/queue=0/0/0/0/0/0/0 last_ok_age_us=4294967295 dt_us=0 align_samples=0 align_elapsed_us=0
HEALTH state=0 health=0 reason=imu_stale mount=0 imu_age_us=4294967295 imu_gaps=0 reversals=0 covariance=1 finite=1 gnss_age_us=140433588 tof_age_us=4294967295 obs=1
BNO_TS ACCEL events=0 unique=0 exact=1 overflow=0 dup=0 reverse=0 rollover=0 sensor_dt_us=0/0.00/0 rx_dt_us=0/0.00/0 pair_first=0/0 pair_last=0/0
BNO_TS GYRO events=0 unique=0 exact=1 overflow=0 dup=0 reverse=0 rollover=0 sensor_dt_us=0/0.00/0 rx_dt_us=0/0.00/0 pair_first=0/0 pair_last=0/0
BNO_TS MAG events=0 unique=0 exact=1 overflow=0 dup=0 reverse=0 rollover=0 sensor_dt_us=0/0.00/0 rx_dt_us=0/0.00/0 pair_first=0/0 pair_last=0/0
BNO_VEC ACCEL_SENSOR_AND_ESKF_INPUT events=0 nonfinite=0
BNO_VEC GYRO_SENSOR_AND_ESKF_INPUT events=0 nonfinite=0
BNO_VEC MAG_SENSOR events=0 nonfinite=0
LINK queue/drop/high=1/0/3 tof=4512
TXDIAG frames_s=120 bytes_s=16605 total_frames=17226 total_bytes=2417332 queue=0 high=3 drops=0 bno_drop=0 partial=0 zero=0 write_calls=334453 max_write_us=198 free_heap=250036 min_free_heap=250036 usage_pct=18.02
BNO_TX kind=1 event=0 req=0 enq=0 drop=0 done=0 bytes=0
BNO_REPORT kind=1 report_id=0 interval_us=0 requested_hz=0.000 enable_ok=0 enable_fail=0 callback=0 switch=0 kind_convert=0 events=0 tx_req=0 tx_enq=0 tx_done=0 tx_drop=0 event_drop=0 reset_reconfig=0 effective_hz=0.000
BNO_TX kind=2 event=0 req=0 enq=0 drop=0 done=0 bytes=0
BNO_REPORT kind=2 report_id=0 interval_us=0 requested_hz=0.000 enable_ok=0 enable_fail=0 callback=0 switch=0 kind_convert=0 events=0 tx_req=0 tx_enq=0 tx_done=0 tx_drop=0 event_drop=0 reset_reconfig=0 effective_hz=0.000
BNO_TX kind=3 event=0 req=0 enq=0 drop=0 done=0 bytes=0
BNO_REPORT kind=3 report_id=8 interval_us=20000 requested_hz=50.000 enable_ok=2 enable_fail=0 callback=7427 switch=7427 kind_convert=7427 events=7427 tx_req=0 tx_enq=0 tx_done=0 tx_drop=0 event_drop=0 reset_reconfig=1 effective_hz=50.013
BNO_TX kind=4 event=0 req=0 enq=0 drop=0 done=0 bytes=0
BNO_REPORT kind=4 report_id=0 interval_us=0 requested_hz=0.000 enable_ok=0 enable_fail=0 callback=0 switch=0 kind_convert=0 events=0 tx_req=0 tx_enq=0 tx_done=0 tx_drop=0 event_drop=0 reset_reconfig=0 effective_hz=0.000
BNO_TX kind=5 event=0 req=0 enq=0 drop=0 done=0 bytes=0
BNO_REPORT kind=5 report_id=0 interval_us=0 requested_hz=0.000 enable_ok=0 enable_fail=0 callback=0 switch=0 kind_convert=0 events=0 tx_req=0 tx_enq=0 tx_done=0 tx_drop=0 event_drop=0 reset_reconfig=0 effective_hz=0.000
DIAG state=FAULT dry=1 bno_ready=1 addr=0x4A init/reinit/poll=1/0/14956 event A/G/M=0/0/0 age_rx_us=4294967295/4294967295/4294967295
IMU cand/pair/call/ok=0/0/0/0 reject=0 dup/order/stale/dt/nonfinite/norm/queue=0/0/0/0/0/0/0 last_ok_age_us=4294967295 dt_us=0 align_samples=0 align_elapsed_us=0
HEALTH state=0 health=0 reason=imu_stale mount=0 imu_age_us=4294967295 imu_gaps=0 reversals=0 covariance=1 finite=1 gnss_age_us=141261237 tof_age_us=4294967295 obs=1
BNO_TS ACCEL events=0 unique=0 exact=1 overflow=0 dup=0 reverse=0 rollover=0 sensor_dt_us=0/0.00/0 rx_dt_us=0/0.00/0 pair_first=0/0 pair_last=0/0
BNO_TS GYRO events=0 unique=0 exact=1 overflow=0 dup=0 reverse=0 rollover=0 sensor_dt_us=0/0.00/0 rx_dt_us=0/0.00/0 pair_first=0/0 pair_last=0/0
BNO_TS MAG events=0 unique=0 exact=1 overflow=0 dup=0 reverse=0 rollover=0 sensor_dt_us=0/0.00/0 rx_dt_us=0/0.00/0 pair_first=0/0 pair_last=0/0
BNO_VEC ACCEL_SENSOR_AND_ESKF_INPUT events=0 nonfinite=0
BNO_VEC GYRO_SENSOR_AND_ESKF_INPUT events=0 nonfinite=0
BNO_VEC MAG_SENSOR events=0 nonfinite=0
LINK queue/drop/high=1/0/3 tof=4543
TXDIAG frames_s=114 bytes_s=16119 total_frames=17341 total_bytes=2433548 queue=0 high=3 drops=0 bno_drop=0 partial=0 zero=0 write_calls=336629 max_write_us=198 free_heap=250036 min_free_heap=250036 usage_pct=17.49
BNO_TX kind=1 event=0 req=0 enq=0 drop=0 done=0 bytes=0
BNO_REPORT kind=1 report_id=0 interval_us=0 requested_hz=0.000 enable_ok=0 enable_fail=0 callback=0 switch=0 kind_convert=0 events=0 tx_req=0 tx_enq=0 tx_done=0 tx_drop=0 event_drop=0 reset_reconfig=0 effective_hz=0.000
BNO_TX kind=2 event=0 req=0 enq=0 drop=0 done=0 bytes=0
BNO_REPORT kind=2 report_id=0 interval_us=0 requested_hz=0.000 enable_ok=0 enable_fail=0 callback=0 switch=0 kind_convert=0 events=0 tx_req=0 tx_enq=0 tx_done=0 tx_drop=0 event_drop=0 reset_reconfig=0 effective_hz=0.000
BNO_TX kind=3 event=0 req=0 enq=0 drop=0 done=0 bytes=0
BNO_REPORT kind=3 report_id=8 interval_us=20000 requested_hz=50.000 enable_ok=2 enable_fail=0 callback=7478 switch=7478 kind_convert=7478 events=7478 tx_req=0 tx_enq=0 tx_done=0 tx_drop=0 event_drop=0 reset_reconfig=1 effective_hz=50.014
BNO_TX kind=4 event=0 req=0 enq=0 drop=0 done=0 bytes=0
BNO_REPORT kind=4 report_id=0 interval_us=0 requested_hz=0.000 enable_ok=0 enable_fail=0 callback=0 switch=0 kind_convert=0 events=0 tx_req=0 tx_enq=0 tx_done=0 tx_drop=0 event_drop=0 reset_reconfig=0 effective_hz=0.000
BNO_TX kind=5 event=0 req=0 enq=0 drop=0 done=0 bytes=0
BNO_REPORT kind=5 report_id=0 interval_us=0 requested_hz=0.000 enable_ok=0 enable_fail=0 callback=0 switch=0 kind_convert=0 events=0 tx_req=0 tx_enq=0 tx_done=0 tx_drop=0 event_drop=0 reset_reconfig=0 effective_hz=0.000
DIAG state=FAULT dry=1 bno_ready=1 addr=0x4A init/reinit/poll=1/0/15056 event A/G/M=0/0/0 age_rx_us=4294967295/4294967295/4294967295
IMU cand/pair/call/ok=0/0/0/0 reject=0 dup/order/stale/dt/nonfinite/norm/queue=0/0/0/0/0/0/0 last_ok_age_us=4294967295 dt_us=0 align_samples=0 align_elapsed_us=0
HEALTH state=0 health=0 reason=imu_stale mount=0 imu_age_us=4294967295 imu_gaps=0 reversals=0 covariance=1 finite=1 gnss_age_us=140438169 tof_age_us=4294967295 obs=1
BNO_TS ACCEL events=0 unique=0 exact=1 overflow=0 dup=0 reverse=0 rollover=0 sensor_dt_us=0/0.00/0 rx_dt_us=0/0.00/0 pair_first=0/0 pair_last=0/0
BNO_TS GYRO events=0 unique=0 exact=1 overflow=0 dup=0 reverse=0 rollover=0 sensor_dt_us=0/0.00/0 rx_dt_us=0/0.00/0 pair_first=0/0 pair_last=0/0
BNO_TS MAG events=0 unique=0 exact=1 overflow=0 dup=0 reverse=0 rollover=0 sensor_dt_us=0/0.00/0 rx_dt_us=0/0.00/0 pair_first=0/0 pair_last=0/0
BNO_VEC ACCEL_SENSOR_AND_ESKF_INPUT events=0 nonfinite=0
BNO_VEC GYRO_SENSOR_AND_ESKF_INPUT events=0 nonfinite=0
BNO_VEC MAG_SENSOR events=0 nonfinite=0
LINK queue/drop/high=0/0/3 tof=4573
TXDIAG frames_s=119 bytes_s=16544 total_frames=17460 total_bytes=2450076 queue=0 high=3 drops=0 bno_drop=0 partial=0 zero=0 write_calls=338780 max_write_us=198 free_heap=250036 min_free_heap=250036 usage_pct=17.95
BNO_TX kind=1 event=0 req=0 enq=0 drop=0 done=0 bytes=0
BNO_REPORT kind=1 report_id=0 interval_us=0 requested_hz=0.000 enable_ok=0 enable_fail=0 callback=0 switch=0 kind_convert=0 events=0 tx_req=0 tx_enq=0 tx_done=0 tx_drop=0 event_drop=0 reset_reconfig=0 effective_hz=0.000
BNO_TX kind=2 event=0 req=0 enq=0 drop=0 done=0 bytes=0
BNO_REPORT kind=2 report_id=0 interval_us=0 requested_hz=0.000 enable_ok=0 enable_fail=0 callback=0 switch=0 kind_convert=0 events=0 tx_req=0 tx_enq=0 tx_done=0 tx_drop=0 event_drop=0 reset_reconfig=0 effective_hz=0.000
BNO_TX kind=3 event=0 req=0 enq=0 drop=0 done=0 bytes=0
BNO_REPORT kind=3 report_id=8 interval_us=20000 requested_hz=50.000 enable_ok=2 enable_fail=0 callback=7528 switch=7528 kind_convert=7528 events=7528 tx_req=0 tx_enq=0 tx_done=0 tx_drop=0 event_drop=0 reset_reconfig=1 effective_hz=50.014
BNO_TX kind=4 event=0 req=0 enq=0 drop=0 done=0 bytes=0
BNO_REPORT kind=4 report_id=0 interval_us=0 requested_hz=0.000 enable_ok=0 enable_fail=0 callback=0 switch=0 kind_convert=0 events=0 tx_req=0 tx_enq=0 tx_done=0 tx_drop=0 event_drop=0 reset_reconfig=0 effective_hz=0.000
BNO_TX kind=5 event=0 req=0 enq=0 drop=0 done=0 bytes=0
BNO_REPORT kind=5 report_id=0 interval_us=0 requested_hz=0.000 enable_ok=0 enable_fail=0 callback=0 switch=0 kind_convert=0 events=0 tx_req=0 tx_enq=0 tx_done=0 tx_drop=0 event_drop=0 reset_reconfig=0 effective_hz=0.000
DIAG state=FAULT dry=1 bno_ready=1 addr=0x4A init/reinit/poll=1/0/15158 event A/G/M=0/0/0 age_rx_us=4294967295/4294967295/4294967295
IMU cand/pair/call/ok=0/0/0/0 reject=0 dup/order/stale/dt/nonfinite/norm/queue=0/0/0/0/0/0/0 last_ok_age_us=4294967295 dt_us=0 align_samples=0 align_elapsed_us=0
HEALTH state=0 health=0 reason=imu_stale mount=0 imu_age_us=4294967295 imu_gaps=0 reversals=0 covariance=1 finite=1 gnss_age_us=141262685 tof_age_us=4294967295 obs=1
BNO_TS ACCEL events=0 unique=0 exact=1 overflow=0 dup=0 reverse=0 rollover=0 sensor_dt_us=0/0.00/0 rx_dt_us=0/0.00/0 pair_first=0/0 pair_last=0/0
BNO_TS GYRO events=0 unique=0 exact=1 overflow=0 dup=0 reverse=0 rollover=0 sensor_dt_us=0/0.00/0 rx_dt_us=0/0.00/0 pair_first=0/0 pair_last=0/0
BNO_TS MAG events=0 unique=0 exact=1 overflow=0 dup=0 reverse=0 rollover=0 sensor_dt_us=0/0.00/0 rx_dt_us=0/0.00/0 pair_first=0/0 pair_last=0/0
BNO_VEC ACCEL_SENSOR_AND_ESKF_INPUT events=0 nonfinite=0
BNO_VEC GYRO_SENSOR_AND_ESKF_INPUT events=0 nonfinite=0
BNO_VEC MAG_SENSOR events=0 nonfinite=0
LINK queue/drop/high=1/0/3 tof=4604
TXDIAG frames_s=113 bytes_s=16174 total_frames=17575 total_bytes=2466396 queue=0 high=3 drops=0 bno_drop=0 partial=0 zero=0 write_calls=341075 max_write_us=198 free_heap=250036 min_free_heap=250036 usage_pct=17.55
BNO_TX kind=1 event=0 req=0 enq=0 drop=0 done=0 bytes=0
BNO_REPORT kind=1 report_id=0 interval_us=0 requested_hz=0.000 enable_ok=0 enable_fail=0 callback=0 switch=0 kind_convert=0 events=0 tx_req=0 tx_enq=0 tx_done=0 tx_drop=0 event_drop=0 reset_reconfig=0 effective_hz=0.000
BNO_TX kind=2 event=0 req=0 enq=0 drop=0 done=0 bytes=0
BNO_REPORT kind=2 report_id=0 interval_us=0 requested_hz=0.000 enable_ok=0 enable_fail=0 callback=0 switch=0 kind_convert=0 events=0 tx_req=0 tx_enq=0 tx_done=0 tx_drop=0 event_drop=0 reset_reconfig=0 effective_hz=0.000
BNO_TX kind=3 event=0 req=0 enq=0 drop=0 done=0 bytes=0
BNO_REPORT kind=3 report_id=8 interval_us=20000 requested_hz=50.000 enable_ok=2 enable_fail=0 callback=7578 switch=7578 kind_convert=7578 events=7578 tx_req=0 tx_enq=0 tx_done=0 tx_drop=0 event_drop=0 reset_reconfig=1 effective_hz=50.015
BNO_TX kind=4 event=0 req=0 enq=0 drop=0 done=0 bytes=0
BNO_REPORT kind=4 report_id=0 interval_us=0 requested_hz=0.000 enable_ok=0 enable_fail=0 callback=0 switch=0 kind_convert=0 events=0 tx_req=0 tx_enq=0 tx_done=0 tx_drop=0 event_drop=0 reset_reconfig=0 effective_hz=0.000
BNO_TX kind=5 event=0 req=0 enq=0 drop=0 done=0 bytes=0
BNO_REPORT kind=5 report_id=0 interval_us=0 requested_hz=0.000 enable_ok=0 enable_fail=0 callback=0 switch=0 kind_convert=0 events=0 tx_req=0 tx_enq=0 tx_done=0 tx_drop=0 event_drop=0 reset_reconfig=0 effective_hz=0.000
P1_CAPTURE_STATS_RESET
TX_DIAG_RESET
DIAG state=FAULT dry=1 bno_ready=1 addr=0x4A init/reinit/poll=0/0/89 event A/G/M=0/0/0 age_rx_us=4294967295/4294967295/4294967295
IMU cand/pair/call/ok=0/0/0/0 reject=0 dup/order/stale/dt/nonfinite/norm/queue=0/0/0/0/0/0/0 last_ok_age_us=4294967295 dt_us=0 align_samples=0 align_elapsed_us=0
HEALTH state=0 health=0 reason=imu_stale mount=0 imu_age_us=4294967295 imu_gaps=0 reversals=0 covariance=1 finite=1 gnss_age_us=140450966 tof_age_us=4294967295 obs=1
BNO_TS ACCEL events=0 unique=0 exact=1 overflow=0 dup=0 reverse=0 rollover=0 sensor_dt_us=0/0.00/0 rx_dt_us=0/0.00/0 pair_first=0/0 pair_last=0/0
BNO_TS GYRO events=0 unique=0 exact=1 overflow=0 dup=0 reverse=0 rollover=0 sensor_dt_us=0/0.00/0 rx_dt_us=0/0.00/0 pair_first=0/0 pair_last=0/0
BNO_TS MAG events=0 unique=0 exact=1 overflow=0 dup=0 reverse=0 rollover=0 sensor_dt_us=0/0.00/0 rx_dt_us=0/0.00/0 pair_first=0/0 pair_last=0/0
BNO_VEC ACCEL_SENSOR_AND_ESKF_INPUT events=0 nonfinite=0
BNO_VEC GYRO_SENSOR_AND_ESKF_INPUT events=0 nonfinite=0
BNO_VEC MAG_SENSOR events=0 nonfinite=0
LINK queue/drop/high=1/0/3 tof=4634
TXDIAG frames_s=153000 bytes_s=18704000 total_frames=153 total_bytes=18704 queue=0 high=3 drops=0 bno_drop=0 partial=0 zero=0 write_calls=2522 max_write_us=99 free_heap=250036 min_free_heap=250036 usage_pct=20295.14
BNO_TX kind=1 event=0 req=0 enq=0 drop=0 done=0 bytes=0
BNO_REPORT kind=1 report_id=0 interval_us=0 requested_hz=0.000 enable_ok=0 enable_fail=0 callback=0 switch=0 kind_convert=0 events=0 tx_req=0 tx_enq=0 tx_done=0 tx_drop=0 event_drop=0 reset_reconfig=0 effective_hz=0.000
BNO_TX kind=2 event=0 req=0 enq=0 drop=0 done=0 bytes=0
BNO_REPORT kind=2 report_id=0 interval_us=0 requested_hz=0.000 enable_ok=0 enable_fail=0 callback=0 switch=0 kind_convert=0 events=0 tx_req=0 tx_enq=0 tx_done=0 tx_drop=0 event_drop=0 reset_reconfig=0 effective_hz=0.000
BNO_TX kind=3 event=45 req=45 enq=45 drop=0 done=45 bytes=3780
BNO_REPORT kind=3 report_id=8 interval_us=20000 requested_hz=50.000 enable_ok=2 enable_fail=0 callback=45 switch=45 kind_convert=45 events=45 tx_req=45 tx_enq=45 tx_done=45 tx_drop=0 event_drop=0 reset_reconfig=1 effective_hz=49.996
BNO_TX kind=4 event=0 req=0 enq=0 drop=0 done=0 bytes=0
BNO_REPORT kind=4 report_id=0 interval_us=0 requested_hz=0.000 enable_ok=0 enable_fail=0 callback=0 switch=0 kind_convert=0 events=0 tx_req=0 tx_enq=0 tx_done=0 tx_drop=0 event_drop=0 reset_reconfig=0 effective_hz=0.000
BNO_TX kind=5 event=0 req=0 enq=0 drop=0 done=0 bytes=0
BNO_REPORT kind=5 report_id=0 interval_us=0 requested_hz=0.000 enable_ok=0 enable_fail=0 callback=0 switch=0 kind_convert=0 events=0 tx_req=0 tx_enq=0 tx_done=0 tx_drop=0 event_drop=0 reset_reconfig=0 effective_hz=0.000
DIAG state=FAULT dry=1 bno_ready=1 addr=0x4A init/reinit/poll=0/0/189 event A/G/M=0/0/0 age_rx_us=4294967295/4294967295/4294967295
IMU cand/pair/call/ok=0/0/0/0 reject=0 dup/order/stale/dt/nonfinite/norm/queue=0/0/0/0/0/0/0 last_ok_age_us=4294967295 dt_us=0 align_samples=0 align_elapsed_us=0
HEALTH state=0 health=0 reason=imu_stale mount=0 imu_age_us=4294967295 imu_gaps=0 reversals=0 covariance=1 finite=1 gnss_age_us=140460640 tof_age_us=4294967295 obs=1
BNO_TS ACCEL events=0 unique=0 exact=1 overflow=0 dup=0 reverse=0 rollover=0 sensor_dt_us=0/0.00/0 rx_dt_us=0/0.00/0 pair_first=0/0 pair_last=0/0
BNO_TS GYRO events=0 unique=0 exact=1 overflow=0 dup=0 reverse=0 rollover=0 sensor_dt_us=0/0.00/0 rx_dt_us=0/0.00/0 pair_first=0/0 pair_last=0/0
BNO_TS MAG events=0 unique=0 exact=1 overflow=0 dup=0 reverse=0 rollover=0 sensor_dt_us=0/0.00/0 rx_dt_us=0/0.00/0 pair_first=0/0 pair_last=0/0
BNO_VEC ACCEL_SENSOR_AND_ESKF_INPUT events=0 nonfinite=0
BNO_VEC GYRO_SENSOR_AND_ESKF_INPUT events=0 nonfinite=0
BNO_VEC MAG_SENSOR events=0 nonfinite=0
LINK queue/drop/high=1/0/3 tof=4665
TXDIAG frames_s=166 bytes_s=20495 total_frames=321 total_bytes=39384 queue=1 high=3 drops=0 bno_drop=0 partial=0 zero=0 write_calls=4922 max_write_us=99 free_heap=250036 min_free_heap=250036 usage_pct=22.24
BNO_TX kind=1 event=0 req=0 enq=0 drop=0 done=0 bytes=0
BNO_REPORT kind=1 report_id=0 interval_us=0 requested_hz=0.000 enable_ok=0 enable_fail=0 callback=0 switch=0 kind_convert=0 events=0 tx_req=0 tx_enq=0 tx_done=0 tx_drop=0 event_drop=0 reset_reconfig=0 effective_hz=0.000
BNO_TX kind=2 event=0 req=0 enq=0 drop=0 done=0 bytes=0
BNO_REPORT kind=2 report_id=0 interval_us=0 requested_hz=0.000 enable_ok=0 enable_fail=0 callback=0 switch=0 kind_convert=0 events=0 tx_req=0 tx_enq=0 tx_done=0 tx_drop=0 event_drop=0 reset_reconfig=0 effective_hz=0.000
BNO_TX kind=3 event=95 req=95 enq=95 drop=0 done=95 bytes=7980
BNO_REPORT kind=3 report_id=8 interval_us=20000 requested_hz=50.000 enable_ok=2 enable_fail=0 callback=96 switch=96 kind_convert=96 events=96 tx_req=95 tx_enq=95 tx_done=95 tx_drop=0 event_drop=0 reset_reconfig=1 effective_hz=49.998
BNO_TX kind=4 event=0 req=0 enq=0 drop=0 done=0 bytes=0
BNO_REPORT kind=4 report_id=0 interval_us=0 requested_hz=0.000 enable_ok=0 enable_fail=0 callback=0 switch=0 kind_convert=0 events=0 tx_req=0 tx_enq=0 tx_done=0 tx_drop=0 event_drop=0 reset_reconfig=0 effective_hz=0.000
BNO_TX kind=5 event=0 req=0 enq=0 drop=0 done=0 bytes=0
BNO_REPORT kind=5 report_id=0 interval_us=0 requested_hz=0.000 enable_ok=0 enable_fail=0 callback=0 switch=0 kind_convert=0 events=0 tx_req=0 tx_enq=0 tx_done=0 tx_drop=0 event_drop=0 reset_reconfig=0 effective_hz=0.000
DIAG state=FAULT dry=1 bno_ready=1 addr=0x4A init/reinit/poll=0/0/289 event A/G/M=0/0/0 age_rx_us=4294967295/4294967295/4294967295
IMU cand/pair/call/ok=0/0/0/0 reject=0 dup/order/stale/dt/nonfinite/norm/queue=0/0/0/0/0/0/0 last_ok_age_us=4294967295 dt_us=0 align_samples=0 align_elapsed_us=0
HEALTH state=0 health=0 reason=imu_stale mount=0 imu_age_us=4294967295 imu_gaps=0 reversals=0 covariance=1 finite=1 gnss_age_us=140455207 tof_age_us=4294967295 obs=1
BNO_TS ACCEL events=0 unique=0 exact=1 overflow=0 dup=0 reverse=0 rollover=0 sensor_dt_us=0/0.00/0 rx_dt_us=0/0.00/0 pair_first=0/0 pair_last=0/0
BNO_TS GYRO events=0 unique=0 exact=1 overflow=0 dup=0 reverse=0 rollover=0 sensor_dt_us=0/0.00/0 rx_dt_us=0/0.00/0 pair_first=0/0 pair_last=0/0
BNO_TS MAG events=0 unique=0 exact=1 overflow=0 dup=0 reverse=0 rollover=0 sensor_dt_us=0/0.00/0 rx_dt_us=0/0.00/0 pair_first=0/0 pair_last=0/0
BNO_VEC ACCEL_SENSOR_AND_ESKF_INPUT events=0 nonfinite=0
BNO_VEC GYRO_SENSOR_AND_ESKF_INPUT events=0 nonfinite=0
BNO_VEC MAG_SENSOR events=0 nonfinite=0
LINK queue/drop/high=0/0/3 tof=4695
TXDIAG frames_s=169 bytes_s=20728 total_frames=490 total_bytes=60112 queue=0 high=3 drops=0 bno_drop=0 partial=0 zero=0 write_calls=7373 max_write_us=99 free_heap=250036 min_free_heap=250036 usage_pct=22.49
BNO_TX kind=1 event=0 req=0 enq=0 drop=0 done=0 bytes=0
BNO_REPORT kind=1 report_id=0 interval_us=0 requested_hz=0.000 enable_ok=0 enable_fail=0 callback=0 switch=0 kind_convert=0 events=0 tx_req=0 tx_enq=0 tx_done=0 tx_drop=0 event_drop=0 reset_reconfig=0 effective_hz=0.000
BNO_TX kind=2 event=0 req=0 enq=0 drop=0 done=0 bytes=0
BNO_REPORT kind=2 report_id=0 interval_us=0 requested_hz=0.000 enable_ok=0 enable_fail=0 callback=0 switch=0 kind_convert=0 events=0 tx_req=0 tx_enq=0 tx_done=0 tx_drop=0 event_drop=0 reset_reconfig=0 effective_hz=0.000
BNO_TX kind=3 event=145 req=145 enq=145 drop=0 done=145 bytes=12180
BNO_REPORT kind=3 report_id=8 interval_us=20000 requested_hz=50.000 enable_ok=2 enable_fail=0 callback=146 switch=145 kind_convert=145 events=145 tx_req=145 tx_enq=145 tx_done=145 tx_drop=0 event_drop=0 reset_reconfig=1 effective_hz=50.005
BNO_TX kind=4 event=0 req=0 enq=0 drop=0 done=0 bytes=0
BNO_REPORT kind=4 report_id=0 interval_us=0 requested_hz=0.000 enable_ok=0 enable_fail=0 callback=0 switch=0 kind_convert=0 events=0 tx_req=0 tx_enq=0 tx_done=0 tx_drop=0 event_drop=0 reset_reconfig=0 effective_hz=0.000
BNO_TX kind=5 event=0 req=0 enq=0 drop=0 done=0 bytes=0
BNO_REPORT kind=5 report_id=0 interval_us=0 requested_hz=0.000 enable_ok=0 enable_fail=0 callback=0 switch=0 kind_convert=0 events=0 tx_req=0 tx_enq=0 tx_done=0 tx_drop=0 event_drop=0 reset_reconfig=0 effective_hz=0.000
DIAG state=FAULT dry=1 bno_ready=1 addr=0x4A init/reinit/poll=0/0/391 event A/G/M=0/0/0 age_rx_us=4294967295/4294967295/4294967295
IMU cand/pair/call/ok=0/0/0/0 reject=0 dup/order/stale/dt/nonfinite/norm/queue=0/0/0/0/0/0/0 last_ok_age_us=4294967295 dt_us=0 align_samples=0 align_elapsed_us=0
HEALTH state=0 health=0 reason=imu_stale mount=0 imu_age_us=4294967295 imu_gaps=0 reversals=0 covariance=1 finite=1 gnss_age_us=140460902 tof_age_us=4294967295 obs=1
BNO_TS ACCEL events=0 unique=0 exact=1 overflow=0 dup=0 reverse=0 rollover=0 sensor_dt_us=0/0.00/0 rx_dt_us=0/0.00/0 pair_first=0/0 pair_last=0/0
BNO_TS GYRO events=0 unique=0 exact=1 overflow=0 dup=0 reverse=0 rollover=0 sensor_dt_us=0/0.00/0 rx_dt_us=0/0.00/0 pair_first=0/0 pair_last=0/0
BNO_TS MAG events=0 unique=0 exact=1 overflow=0 dup=0 reverse=0 rollover=0 sensor_dt_us=0/0.00/0 rx_dt_us=0/0.00/0 pair_first=0/0 pair_last=0/0
BNO_VEC ACCEL_SENSOR_AND_ESKF_INPUT events=0 nonfinite=0
BNO_VEC GYRO_SENSOR_AND_ESKF_INPUT events=0 nonfinite=0
BNO_VEC MAG_SENSOR events=0 nonfinite=0
LINK queue/drop/high=1/0/3 tof=4726
TXDIAG frames_s=168 bytes_s=20781 total_frames=660 total_bytes=81060 queue=0 high=3 drops=0 bno_drop=0 partial=0 zero=0 write_calls=9925 max_write_us=101 free_heap=250036 min_free_heap=250036 usage_pct=22.55
BNO_TX kind=1 event=0 req=0 enq=0 drop=0 done=0 bytes=0
BNO_REPORT kind=1 report_id=0 interval_us=0 requested_hz=0.000 enable_ok=0 enable_fail=0 callback=0 switch=0 kind_convert=0 events=0 tx_req=0 tx_enq=0 tx_done=0 tx_drop=0 event_drop=0 reset_reconfig=0 effective_hz=0.000
BNO_TX kind=2 event=0 req=0 enq=0 drop=0 done=0 bytes=0
BNO_REPORT kind=2 report_id=0 interval_us=0 requested_hz=0.000 enable_ok=0 enable_fail=0 callback=0 switch=0 kind_convert=0 events=0 tx_req=0 tx_enq=0 tx_done=0 tx_drop=0 event_drop=0 reset_reconfig=0 effective_hz=0.000
BNO_TX kind=3 event=196 req=196 enq=196 drop=0 done=196 bytes=16464
BNO_REPORT kind=3 report_id=8 interval_us=20000 requested_hz=50.000 enable_ok=2 enable_fail=0 callback=196 switch=196 kind_convert=196 events=196 tx_req=196 tx_enq=196 tx_done=196 tx_drop=0 event_drop=0 reset_reconfig=1 effective_hz=49.999
BNO_TX kind=4 event=0 req=0 enq=0 drop=0 done=0 bytes=0
BNO_REPORT kind=4 report_id=0 interval_us=0 requested_hz=0.000 enable_ok=0 enable_fail=0 callback=0 switch=0 kind_convert=0 events=0 tx_req=0 tx_enq=0 tx_done=0 tx_drop=0 event_drop=0 reset_reconfig=0 effective_hz=0.000
BNO_TX kind=5 event=0 req=0 enq=0 drop=0 done=0 bytes=0
BNO_REPORT kind=5 report_id=0 interval_us=0 requested_hz=0.000 enable_ok=0 enable_fail=0 callback=0 switch=0 kind_convert=0 events=0 tx_req=0 tx_enq=0 tx_done=0 tx_drop=0 event_drop=0 reset_reconfig=0 effective_hz=0.000
DIAG state=FAULT dry=1 bno_ready=1 addr=0x4A init/reinit/poll=0/0/491 event A/G/M=0/0/0 age_rx_us=4294967295/4294967295/4294967295
IMU cand/pair/call/ok=0/0/0/0 reject=0 dup/order/stale/dt/nonfinite/norm/queue=0/0/0/0/0/0/0 last_ok_age_us=4294967295 dt_us=0 align_samples=0 align_elapsed_us=0
HEALTH state=0 health=0 reason=imu_stale mount=0 imu_age_us=4294967295 imu_gaps=0 reversals=0 covariance=1 finite=1 gnss_age_us=140462215 tof_age_us=4294967295 obs=1
BNO_TS ACCEL events=0 unique=0 exact=1 overflow=0 dup=0 reverse=0 rollover=0 sensor_dt_us=0/0.00/0 rx_dt_us=0/0.00/0 pair_first=0/0 pair_last=0/0
BNO_TS GYRO events=0 unique=0 exact=1 overflow=0 dup=0 reverse=0 rollover=0 sensor_dt_us=0/0.00/0 rx_dt_us=0/0.00/0 pair_first=0/0 pair_last=0/0
BNO_TS MAG events=0 unique=0 exact=1 overflow=0 dup=0 reverse=0 rollover=0 sensor_dt_us=0/0.00/0 rx_dt_us=0/0.00/0 pair_first=0/0 pair_last=0/0
BNO_VEC ACCEL_SENSOR_AND_ESKF_INPUT events=0 nonfinite=0
BNO_VEC GYRO_SENSOR_AND_ESKF_INPUT events=0 nonfinite=0
BNO_VEC MAG_SENSOR events=0 nonfinite=0
LINK queue/drop/high=1/0/3 tof=4756
TXDIAG frames_s=169 bytes_s=20728 total_frames=829 total_bytes=101788 queue=0 high=3 drops=0 bno_drop=0 partial=0 zero=0 write_calls=12421 max_write_us=151 free_heap=250036 min_free_heap=250036 usage_pct=22.49
BNO_TX kind=1 event=0 req=0 enq=0 drop=0 done=0 bytes=0
BNO_REPORT kind=1 report_id=0 interval_us=0 requested_hz=0.000 enable_ok=0 enable_fail=0 callback=0 switch=0 kind_convert=0 events=0 tx_req=0 tx_enq=0 tx_done=0 tx_drop=0 event_drop=0 reset_reconfig=0 effective_hz=0.000
BNO_TX kind=2 event=0 req=0 enq=0 drop=0 done=0 bytes=0
BNO_REPORT kind=2 report_id=0 interval_us=0 requested_hz=0.000 enable_ok=0 enable_fail=0 callback=0 switch=0 kind_convert=0 events=0 tx_req=0 tx_enq=0 tx_done=0 tx_drop=0 event_drop=0 reset_reconfig=0 effective_hz=0.000
BNO_TX kind=3 event=246 req=246 enq=246 drop=0 done=246 bytes=20664
BNO_REPORT kind=3 report_id=8 interval_us=20000 requested_hz=50.000 enable_ok=2 enable_fail=0 callback=246 switch=246 kind_convert=246 events=246 tx_req=246 tx_enq=246 tx_done=246 tx_drop=0 event_drop=0 reset_reconfig=1 effective_hz=50.011
BNO_TX kind=4 event=0 req=0 enq=0 drop=0 done=0 bytes=0
BNO_REPORT kind=4 report_id=0 interval_us=0 requested_hz=0.000 enable_ok=0 enable_fail=0 callback=0 switch=0 kind_convert=0 events=0 tx_req=0 tx_enq=0 tx_done=0 tx_drop=0 event_drop=0 reset_reconfig=0 effective_hz=0.000
BNO_TX kind=5 event=0 req=0 enq=0 drop=0 done=0 bytes=0
BNO_REPORT kind=5 report_id=0 interval_us=0 requested_hz=0.000 enable_ok=0 enable_fail=0 callback=0 switch=0 kind_convert=0 events=0 tx_req=0 tx_enq=0 tx_done=0 tx_drop=0 event_drop=0 reset_reconfig=0 effective_hz=0.000
DIAG state=FAULT dry=1 bno_ready=1 addr=0x4A init/reinit/poll=0/0/591 event A/G/M=0/0/0 age_rx_us=4294967295/4294967295/4294967295
IMU cand/pair/call/ok=0/0/0/0 reject=0 dup/order/stale/dt/nonfinite/norm/queue=0/0/0/0/0/0/0 last_ok_age_us=4294967295 dt_us=0 align_samples=0 align_elapsed_us=0
HEALTH state=0 health=0 reason=imu_stale mount=0 imu_age_us=4294967295 imu_gaps=0 reversals=0 covariance=1 finite=1 gnss_age_us=140465339 tof_age_us=4294967295 obs=1
BNO_TS ACCEL events=0 unique=0 exact=1 overflow=0 dup=0 reverse=0 rollover=0 sensor_dt_us=0/0.00/0 rx_dt_us=0/0.00/0 pair_first=0/0 pair_last=0/0
BNO_TS GYRO events=0 unique=0 exact=1 overflow=0 dup=0 reverse=0 rollover=0 sensor_dt_us=0/0.00/0 rx_dt_us=0/0.00/0 pair_first=0/0 pair_last=0/0
BNO_TS MAG events=0 unique=0 exact=1 overflow=0 dup=0 reverse=0 rollover=0 sensor_dt_us=0/0.00/0 rx_dt_us=0/0.00/0 pair_first=0/0 pair_last=0/0
BNO_VEC ACCEL_SENSOR_AND_ESKF_INPUT events=0 nonfinite=0
BNO_VEC GYRO_SENSOR_AND_ESKF_INPUT events=0 nonfinite=0
BNO_VEC MAG_SENSOR events=0 nonfinite=0
LINK queue/drop/high=1/0/3 tof=4787
TXDIAG frames_s=167 bytes_s=20698 total_frames=998 total_bytes=122652 queue=0 high=3 drops=0 bno_drop=0 partial=0 zero=0 write_calls=14806 max_write_us=151 free_heap=250036 min_free_heap=250036 usage_pct=22.46
BNO_TX kind=1 event=0 req=0 enq=0 drop=0 done=0 bytes=0
BNO_REPORT kind=1 report_id=0 interval_us=0 requested_hz=0.000 enable_ok=0 enable_fail=0 callback=0 switch=0 kind_convert=0 events=0 tx_req=0 tx_enq=0 tx_done=0 tx_drop=0 event_drop=0 reset_reconfig=0 effective_hz=0.000
BNO_TX kind=2 event=0 req=0 enq=0 drop=0 done=0 bytes=0
BNO_REPORT kind=2 report_id=0 interval_us=0 requested_hz=0.000 enable_ok=0 enable_fail=0 callback=0 switch=0 kind_convert=0 events=0 tx_req=0 tx_enq=0 tx_done=0 tx_drop=0 event_drop=0 reset_reconfig=0 effective_hz=0.000
BNO_TX kind=3 event=296 req=296 enq=296 drop=0 done=296 bytes=24864
BNO_REPORT kind=3 report_id=8 interval_us=20000 requested_hz=50.000 enable_ok=2 enable_fail=0 callback=296 switch=296 kind_convert=296 events=296 tx_req=296 tx_enq=296 tx_done=296 tx_drop=0 event_drop=0 reset_reconfig=1 effective_hz=50.012
BNO_TX kind=4 event=0 req=0 enq=0 drop=0 done=0 bytes=0
BNO_REPORT kind=4 report_id=0 interval_us=0 requested_hz=0.000 enable_ok=0 enable_fail=0 callback=0 switch=0 kind_convert=0 events=0 tx_req=0 tx_enq=0 tx_done=0 tx_drop=0 event_drop=0 reset_reconfig=0 effective_hz=0.000
BNO_TX kind=5 event=0 req=0 enq=0 drop=0 done=0 bytes=0
BNO_REPORT kind=5 report_id=0 interval_us=0 requested_hz=0.000 enable_ok=0 enable_fail=0 callback=0 switch=0 kind_convert=0 events=0 tx_req=0 tx_enq=0 tx_done=0 tx_drop=0 event_drop=0 reset_reconfig=0 effective_hz=0.000
DIAG state=FAULT dry=1 bno_ready=1 addr=0x4A init/reinit/poll=0/0/691 event A/G/M=0/0/0 age_rx_us=4294967295/4294967295/4294967295
IMU cand/pair/call/ok=0/0/0/0 reject=0 dup/order/stale/dt/nonfinite/norm/queue=0/0/0/0/0/0/0 last_ok_age_us=4294967295 dt_us=0 align_samples=0 align_elapsed_us=0
HEALTH state=0 health=0 reason=imu_stale mount=0 imu_age_us=4294967295 imu_gaps=0 reversals=0 covariance=1 finite=1 gnss_age_us=140475737 tof_age_us=4294967295 obs=1
BNO_TS ACCEL events=0 unique=0 exact=1 overflow=0 dup=0 reverse=0 rollover=0 sensor_dt_us=0/0.00/0 rx_dt_us=0/0.00/0 pair_first=0/0 pair_last=0/0
BNO_TS GYRO events=0 unique=0 exact=1 overflow=0 dup=0 reverse=0 rollover=0 sensor_dt_us=0/0.00/0 rx_dt_us=0/0.00/0 pair_first=0/0 pair_last=0/0
BNO_TS MAG events=0 unique=0 exact=1 overflow=0 dup=0 reverse=0 rollover=0 sensor_dt_us=0/0.00/0 rx_dt_us=0/0.00/0 pair_first=0/0 pair_last=0/0
BNO_VEC ACCEL_SENSOR_AND_ESKF_INPUT events=0 nonfinite=0
BNO_VEC GYRO_SENSOR_AND_ESKF_INPUT events=0 nonfinite=0
BNO_VEC MAG_SENSOR events=0 nonfinite=0
LINK queue/drop/high=0/0/3 tof=4817
TXDIAG frames_s=167 bytes_s=20396 total_frames=1165 total_bytes=143048 queue=0 high=3 drops=0 bno_drop=0 partial=0 zero=0 write_calls=17156 max_write_us=151 free_heap=250036 min_free_heap=250036 usage_pct=22.13
BNO_TX kind=1 event=0 req=0 enq=0 drop=0 done=0 bytes=0
BNO_REPORT kind=1 report_id=0 interval_us=0 requested_hz=0.000 enable_ok=0 enable_fail=0 callback=0 switch=0 kind_convert=0 events=0 tx_req=0 tx_enq=0 tx_done=0 tx_drop=0 event_drop=0 reset_reconfig=0 effective_hz=0.000
BNO_TX kind=2 event=0 req=0 enq=0 drop=0 done=0 bytes=0
BNO_REPORT kind=2 report_id=0 interval_us=0 requested_hz=0.000 enable_ok=0 enable_fail=0 callback=0 switch=0 kind_convert=0 events=0 tx_req=0 tx_enq=0 tx_done=0 tx_drop=0 event_drop=0 reset_reconfig=0 effective_hz=0.000
BNO_TX kind=3 event=346 req=346 enq=346 drop=0 done=346 bytes=29064
BNO_REPORT kind=3 report_id=8 interval_us=20000 requested_hz=50.000 enable_ok=2 enable_fail=0 callback=346 switch=346 kind_convert=346 events=346 tx_req=346 tx_enq=346 tx_done=346 tx_drop=0 event_drop=0 reset_reconfig=1 effective_hz=50.012
BNO_TX kind=4 event=0 req=0 enq=0 drop=0 done=0 bytes=0
BNO_REPORT kind=4 report_id=0 interval_us=0 requested_hz=0.000 enable_ok=0 enable_fail=0 callback=0 switch=0 kind_convert=0 events=0 tx_req=0 tx_enq=0 tx_done=0 tx_drop=0 event_drop=0 reset_reconfig=0 effective_hz=0.000
BNO_TX kind=5 event=0 req=0 enq=0 drop=0 done=0 bytes=0
BNO_REPORT kind=5 report_id=0 interval_us=0 requested_hz=0.000 enable_ok=0 enable_fail=0 callback=0 switch=0 kind_convert=0 events=0 tx_req=0 tx_enq=0 tx_done=0 tx_drop=0 event_drop=0 reset_reconfig=0 effective_hz=0.000
DIAG state=FAULT dry=1 bno_ready=1 addr=0x4A init/reinit/poll=0/0/793 event A/G/M=0/0/0 age_rx_us=4294967295/4294967295/4294967295
IMU cand/pair/call/ok=0/0/0/0 reject=0 dup/order/stale/dt/nonfinite/norm/queue=0/0/0/0/0/0/0 last_ok_age_us=4294967295 dt_us=0 align_samples=0 align_elapsed_us=0
HEALTH state=0 health=0 reason=imu_stale mount=0 imu_age_us=4294967295 imu_gaps=0 reversals=0 covariance=1 finite=1 gnss_age_us=140487091 tof_age_us=4294967295 obs=1
BNO_TS ACCEL events=0 unique=0 exact=1 overflow=0 dup=0 reverse=0 rollover=0 sensor_dt_us=0/0.00/0 rx_dt_us=0/0.00/0 pair_first=0/0 pair_last=0/0
BNO_TS GYRO events=0 unique=0 exact=1 overflow=0 dup=0 reverse=0 rollover=0 sensor_dt_us=0/0.00/0 rx_dt_us=0/0.00/0 pair_first=0/0 pair_last=0/0
BNO_TS MAG events=0 unique=0 exact=1 overflow=0 dup=0 reverse=0 rollover=0 sensor_dt_us=0/0.00/0 rx_dt_us=0/0.00/0 pair_first=0/0 pair_last=0/0
BNO_VEC ACCEL_SENSOR_AND_ESKF_INPUT events=0 nonfinite=0
BNO_VEC GYRO_SENSOR_AND_ESKF_INPUT events=0 nonfinite=0
BNO_VEC MAG_SENSOR events=0 nonfinite=0
LINK queue/drop/high=1/0/3 tof=4848
TXDIAG frames_s=168 bytes_s=20845 total_frames=1336 total_bytes=164144 queue=0 high=3 drops=0 bno_drop=0 partial=0 zero=0 write_calls=19696 max_write_us=151 free_heap=250036 min_free_heap=250036 usage_pct=22.62
BNO_TX kind=1 event=0 req=0 enq=0 drop=0 done=0 bytes=0
BNO_REPORT kind=1 report_id=0 interval_us=0 requested_hz=0.000 enable_ok=0 enable_fail=0 callback=0 switch=0 kind_convert=0 events=0 tx_req=0 tx_enq=0 tx_done=0 tx_drop=0 event_drop=0 reset_reconfig=0 effective_hz=0.000
BNO_TX kind=2 event=0 req=0 enq=0 drop=0 done=0 bytes=0
BNO_REPORT kind=2 report_id=0 interval_us=0 requested_hz=0.000 enable_ok=0 enable_fail=0 callback=0 switch=0 kind_convert=0 events=0 tx_req=0 tx_enq=0 tx_done=0 tx_drop=0 event_drop=0 reset_reconfig=0 effective_hz=0.000
BNO_TX kind=3 event=397 req=397 enq=397 drop=0 done=397 bytes=33348
BNO_REPORT kind=3 report_id=8 interval_us=20000 requested_hz=50.000 enable_ok=2 enable_fail=0 callback=397 switch=397 kind_convert=397 events=397 tx_req=397 tx_enq=397 tx_done=397 tx_drop=0 event_drop=0 reset_reconfig=1 effective_hz=50.013
BNO_TX kind=4 event=0 req=0 enq=0 drop=0 done=0 bytes=0
BNO_REPORT kind=4 report_id=0 interval_us=0 requested_hz=0.000 enable_ok=0 enable_fail=0 callback=0 switch=0 kind_convert=0 events=0 tx_req=0 tx_enq=0 tx_done=0 tx_drop=0 event_drop=0 reset_reconfig=0 effective_hz=0.000
BNO_TX kind=5 event=0 req=0 enq=0 drop=0 done=0 bytes=0
BNO_REPORT kind=5 report_id=0 interval_us=0 requested_hz=0.000 enable_ok=0 enable_fail=0 callback=0 switch=0 kind_convert=0 events=0 tx_req=0 tx_enq=0 tx_done=0 tx_drop=0 event_drop=0 reset_reconfig=0 effective_hz=0.000
DIAG state=FAULT dry=1 bno_ready=1 addr=0x4A init/reinit/poll=0/0/893 event A/G/M=0/0/0 age_rx_us=4294967295/4294967295/4294967295
IMU cand/pair/call/ok=0/0/0/0 reject=0 dup/order/stale/dt/nonfinite/norm/queue=0/0/0/0/0/0/0 last_ok_age_us=4294967295 dt_us=0 align_samples=0 align_elapsed_us=0
HEALTH state=0 health=0 reason=imu_stale mount=0 imu_age_us=4294967295 imu_gaps=0 reversals=0 covariance=1 finite=1 gnss_age_us=140482515 tof_age_us=4294967295 obs=1
BNO_TS ACCEL events=0 unique=0 exact=1 overflow=0 dup=0 reverse=0 rollover=0 sensor_dt_us=0/0.00/0 rx_dt_us=0/0.00/0 pair_first=0/0 pair_last=0/0
BNO_TS GYRO events=0 unique=0 exact=1 overflow=0 dup=0 reverse=0 rollover=0 sensor_dt_us=0/0.00/0 rx_dt_us=0/0.00/0 pair_first=0/0 pair_last=0/0
BNO_TS MAG events=0 unique=0 exact=1 overflow=0 dup=0 reverse=0 rollover=0 sensor_dt_us=0/0.00/0 rx_dt_us=0/0.00/0 pair_first=0/0 pair_last=0/0
BNO_VEC ACCEL_SENSOR_AND_ESKF_INPUT events=0 nonfinite=0
BNO_VEC GYRO_SENSOR_AND_ESKF_INPUT events=0 nonfinite=0
BNO_VEC MAG_SENSOR events=0 nonfinite=0
LINK queue/drop/high=0/0/3 tof=4878
TXDIAG frames_s=170 bytes_s=20820 total_frames=1506 total_bytes=184944 queue=0 high=3 drops=0 bno_drop=0 partial=0 zero=0 write_calls=22208 max_write_us=151 free_heap=250036 min_free_heap=250036 usage_pct=22.59
BNO_TX kind=1 event=0 req=0 enq=0 drop=0 done=0 bytes=0
BNO_REPORT kind=1 report_id=0 interval_us=0 requested_hz=0.000 enable_ok=0 enable_fail=0 callback=0 switch=0 kind_convert=0 events=0 tx_req=0 tx_enq=0 tx_done=0 tx_drop=0 event_drop=0 reset_reconfig=0 effective_hz=0.000
BNO_TX kind=2 event=0 req=0 enq=0 drop=0 done=0 bytes=0
BNO_REPORT kind=2 report_id=0 interval_us=0 requested_hz=0.000 enable_ok=0 enable_fail=0 callback=0 switch=0 kind_convert=0 events=0 tx_req=0 tx_enq=0 tx_done=0 tx_drop=0 event_drop=0 reset_reconfig=0 effective_hz=0.000
BNO_TX kind=3 event=447 req=447 enq=447 drop=0 done=447 bytes=37548
BNO_REPORT kind=3 report_id=8 interval_us=20000 requested_hz=50.000 enable_ok=2 enable_fail=0 callback=447 switch=447 kind_convert=447 events=447 tx_req=447 tx_enq=447 tx_done=447 tx_drop=0 event_drop=0 reset_reconfig=1 effective_hz=50.012
BNO_TX kind=4 event=0 req=0 enq=0 drop=0 done=0 bytes=0
BNO_REPORT kind=4 report_id=0 interval_us=0 requested_hz=0.000 enable_ok=0 enable_fail=0 callback=0 switch=0 kind_convert=0 events=0 tx_req=0 tx_enq=0 tx_done=0 tx_drop=0 event_drop=0 reset_reconfig=0 effective_hz=0.000
BNO_TX kind=5 event=0 req=0 enq=0 drop=0 done=0 bytes=0
BNO_REPORT kind=5 report_id=0 interval_us=0 requested_hz=0.000 enable_ok=0 enable_fail=0 callback=0 switch=0 kind_convert=0 events=0 tx_req=0 tx_enq=0 tx_done=0 tx_drop=0 event_drop=0 reset_reconfig=0 effective_hz=0.000
DIAG state=FAULT dry=1 bno_ready=1 addr=0x4A init/reinit/poll=0/0/993 event A/G/M=0/0/0 age_rx_us=4294967295/4294967295/4294967295
IMU cand/pair/call/ok=0/0/0/0 reject=0 dup/order/stale/dt/nonfinite/norm/queue=0/0/0/0/0/0/0 last_ok_age_us=4294967295 dt_us=0 align_samples=0 align_elapsed_us=0
HEALTH state=0 health=0 reason=imu_stale mount=0 imu_age_us=4294967295 imu_gaps=0 reversals=0 covariance=1 finite=1 gnss_age_us=140487697 tof_age_us=4294967295 obs=1
BNO_TS ACCEL events=0 unique=0 exact=1 overflow=0 dup=0 reverse=0 rollover=0 sensor_dt_us=0/0.00/0 rx_dt_us=0/0.00/0 pair_first=0/0 pair_last=0/0
BNO_TS GYRO events=0 unique=0 exact=1 overflow=0 dup=0 reverse=0 rollover=0 sensor_dt_us=0/0.00/0 rx_dt_us=0/0.00/0 pair_first=0/0 pair_last=0/0
BNO_TS MAG events=0 unique=0 exact=1 overflow=0 dup=0 reverse=0 rollover=0 sensor_dt_us=0/0.00/0 rx_dt_us=0/0.00/0 pair_first=0/0 pair_last=0/0
BNO_VEC ACCEL_SENSOR_AND_ESKF_INPUT events=0 nonfinite=0
BNO_VEC GYRO_SENSOR_AND_ESKF_INPUT events=0 nonfinite=0
BNO_VEC MAG_SENSOR events=0 nonfinite=0
LINK queue/drop/high=2/0/3 tof=4909
TXDIAG frames_s=166 bytes_s=20657 total_frames=1673 total_bytes=205705 queue=1 high=3 drops=0 bno_drop=0 partial=0 zero=0 write_calls=24828 max_write_us=151 free_heap=250036 min_free_heap=250036 usage_pct=22.41
BNO_TX kind=1 event=0 req=0 enq=0 drop=0 done=0 bytes=0
BNO_REPORT kind=1 report_id=0 interval_us=0 requested_hz=0.000 enable_ok=0 enable_fail=0 callback=0 switch=0 kind_convert=0 events=0 tx_req=0 tx_enq=0 tx_done=0 tx_drop=0 event_drop=0 reset_reconfig=0 effective_hz=0.000
BNO_TX kind=2 event=0 req=0 enq=0 drop=0 done=0 bytes=0
BNO_REPORT kind=2 report_id=0 interval_us=0 requested_hz=0.000 enable_ok=0 enable_fail=0 callback=0 switch=0 kind_convert=0 events=0 tx_req=0 tx_enq=0 tx_done=0 tx_drop=0 event_drop=0 reset_reconfig=0 effective_hz=0.000
BNO_TX kind=3 event=497 req=497 enq=497 drop=0 done=497 bytes=41748
BNO_REPORT kind=3 report_id=8 interval_us=20000 requested_hz=50.000 enable_ok=2 enable_fail=0 callback=497 switch=497 kind_convert=497 events=497 tx_req=497 tx_enq=497 tx_done=497 tx_drop=0 event_drop=0 reset_reconfig=1 effective_hz=50.013
BNO_TX kind=4 event=0 req=0 enq=0 drop=0 done=0 bytes=0
BNO_REPORT kind=4 report_id=0 interval_us=0 requested_hz=0.000 enable_ok=0 enable_fail=0 callback=0 switch=0 kind_convert=0 events=0 tx_req=0 tx_enq=0 tx_done=0 tx_drop=0 event_drop=0 reset_reconfig=0 effective_hz=0.000
BNO_TX kind=5 event=0 req=0 enq=0 drop=0 done=0 bytes=0
BNO_REPORT kind=5 report_id=0 interval_us=0 requested_hz=0.000 enable_ok=0 enable_fail=0 callback=0 switch=0 kind_convert=0 events=0 tx_req=0 tx_enq=0 tx_done=0 tx_drop=0 event_drop=0 reset_reconfig=0 effective_hz=0.000
P1_CAPTURE_SEQUENCE first=17587 last=19281 valid=1
P1_CAPTURE_STATS_STOP
BNO_CAPTURE_REPORT kind=1 report_id=0 interval_us=0 requested_hz=0.000 enable_ok=0 enable_fail=0 callback=0 switch=0 kind_convert=0 events=0 tx_event=0 tx_req=0 tx_enq=0 tx_done=0 tx_drop=0 event_drop=0 reset_reconfig=0 effective_hz=0.000
BNO_CAPTURE_REPORT kind=2 report_id=0 interval_us=0 requested_hz=0.000 enable_ok=0 enable_fail=0 callback=0 switch=0 kind_convert=0 events=0 tx_event=0 tx_req=0 tx_enq=0 tx_done=0 tx_drop=0 event_drop=0 reset_reconfig=0 effective_hz=0.000
BNO_CAPTURE_REPORT kind=3 report_id=8 interval_us=20000 requested_hz=50.000 enable_ok=2 enable_fail=0 callback=506 switch=506 kind_convert=506 events=506 tx_event=506 tx_req=506 tx_enq=506 tx_done=506 tx_drop=0 event_drop=0 reset_reconfig=1 effective_hz=50.013
BNO_CAPTURE_REPORT kind=4 report_id=0 interval_us=0 requested_hz=0.000 enable_ok=0 enable_fail=0 callback=0 switch=0 kind_convert=0 events=0 tx_event=0 tx_req=0 tx_enq=0 tx_done=0 tx_drop=0 event_drop=0 reset_reconfig=0 effective_hz=0.000
BNO_CAPTURE_REPORT kind=5 report_id=0 interval_us=0 requested_hz=0.000 enable_ok=0 enable_fail=0 callback=0 switch=0 kind_convert=0 events=0 tx_event=0 tx_req=0 tx_enq=0 tx_done=0 tx_drop=0 event_drop=0 reset_reconfig=0 effective_hz=0.000
TXTYPE type=4 name=BnoQuaternion req=506 enq=506 done=506 bytes=42504
TXTYPE type=5 name=TofFrame req=304 enq=304 done=304 bytes=68096
TXTYPE type=7 name=VescStatus req=303 enq=303 done=303 bytes=26664
TXTYPE type=11 name=TimeSyncReply req=10 enq=10 done=10 bytes=560
TXTYPE type=16 name=GnssProcessResult req=99 enq=99 done=99 bytes=9504
TXTYPE type=22 name=EstimatedState req=100 enq=100 done=100 bytes=14800
TXTYPE type=32 name=Heartbeat req=101 enq=101 done=101 bytes=4040
TXTYPE type=56 name=EskfState req=199 enq=199 done=199 bytes=36616
TXTYPE type=57 name=EskfInnovation req=23 enq=23 done=23 bytes=1656
TXTYPE type=58 name=EskfHealth req=50 enq=50 done=50 bytes=3600
DIAG state=FAULT dry=1 bno_ready=1 addr=0x4A init/reinit/poll=0/0/1093 event A/G/M=0/0/0 age_rx_us=4294967295/4294967295/4294967295
IMU cand/pair/call/ok=0/0/0/0 reject=0 dup/order/stale/dt/nonfinite/norm/queue=0/0/0/0/0/0/0 last_ok_age_us=4294967295 dt_us=0 align_samples=0 align_elapsed_us=0
HEALTH state=0 health=0 reason=imu_stale mount=0 imu_age_us=4294967295 imu_gaps=0 reversals=0 covariance=1 finite=1 gnss_age_us=140469897 tof_age_us=4294967295 obs=1
BNO_TS ACCEL events=0 unique=0 exact=1 overflow=0 dup=0 reverse=0 rollover=0 sensor_dt_us=0/0.00/0 rx_dt_us=0/0.00/0 pair_first=0/0 pair_last=0/0
BNO_TS GYRO events=0 unique=0 exact=1 overflow=0 dup=0 reverse=0 rollover=0 sensor_dt_us=0/0.00/0 rx_dt_us=0/0.00/0 pair_first=0/0 pair_last=0/0
BNO_TS MAG events=0 unique=0 exact=1 overflow=0 dup=0 reverse=0 rollover=0 sensor_dt_us=0/0.00/0 rx_dt_us=0/0.00/0 pair_first=0/0 pair_last=0/0
BNO_VEC ACCEL_SENSOR_AND_ESKF_INPUT events=0 nonfinite=0
BNO_VEC GYRO_SENSOR_AND_ESKF_INPUT events=0 nonfinite=0
BNO_VEC MAG_SENSOR events=0 nonfinite=0
LINK queue/drop/high=0/0/3 tof=4936
TXDIAG frames_s=121 bytes_s=15999 total_frames=1794 total_bytes=221704 queue=0 high=3 drops=0 bno_drop=0 partial=0 zero=0 write_calls=27265 max_write_us=151 free_heap=250036 min_free_heap=250036 usage_pct=17.36
BNO_TX kind=1 event=0 req=0 enq=0 drop=0 done=0 bytes=0
BNO_REPORT kind=1 report_id=0 interval_us=0 requested_hz=0.000 enable_ok=0 enable_fail=0 callback=0 switch=0 kind_convert=0 events=0 tx_req=0 tx_enq=0 tx_done=0 tx_drop=0 event_drop=0 reset_reconfig=0 effective_hz=0.000
BNO_TX kind=2 event=0 req=0 enq=0 drop=0 done=0 bytes=0
BNO_REPORT kind=2 report_id=0 interval_us=0 requested_hz=0.000 enable_ok=0 enable_fail=0 callback=0 switch=0 kind_convert=0 events=0 tx_req=0 tx_enq=0 tx_done=0 tx_drop=0 event_drop=0 reset_reconfig=0 effective_hz=0.000
BNO_TX kind=3 event=506 req=506 enq=506 drop=0 done=506 bytes=42504
BNO_REPORT kind=3 report_id=8 interval_us=20000 requested_hz=50.000 enable_ok=2 enable_fail=0 callback=547 switch=547 kind_convert=547 events=547 tx_req=506 tx_enq=506 tx_done=506 tx_drop=0 event_drop=0 reset_reconfig=1 effective_hz=50.013
BNO_TX kind=4 event=0 req=0 enq=0 drop=0 done=0 bytes=0
BNO_REPORT kind=4 report_id=0 interval_us=0 requested_hz=0.000 enable_ok=0 enable_fail=0 callback=0 switch=0 kind_convert=0 events=0 tx_req=0 tx_enq=0 tx_done=0 tx_drop=0 event_drop=0 reset_reconfig=0 effective_hz=0.000
BNO_TX kind=5 event=0 req=0 enq=0 drop=0 done=0 bytes=0
BNO_REPORT kind=5 report_id=0 interval_us=0 requested_hz=0.000 enable_ok=0 enable_fail=0 callback=0 switch=0 kind_convert=0 events=0 tx_req=0 tx_enq=0 tx_done=0 tx_drop=0 event_drop=0 reset_reconfig=0 effective_hz=0.000
DIAG state=FAULT dry=1 bno_ready=1 addr=0x4A init/reinit/poll=0/0/1193 event A/G/M=0/0/0 age_rx_us=4294967295/4294967295/4294967295
IMU cand/pair/call/ok=0/0/0/0 reject=0 dup/order/stale/dt/nonfinite/norm/queue=0/0/0/0/0/0/0 last_ok_age_us=4294967295 dt_us=0 align_samples=0 align_elapsed_us=0
HEALTH state=0 health=0 reason=imu_stale mount=0 imu_age_us=4294967295 imu_gaps=0 reversals=0 covariance=1 finite=1 gnss_age_us=140467505 tof_age_us=4294967295 obs=1
BNO_TS ACCEL events=0 unique=0 exact=1 overflow=0 dup=0 reverse=0 rollover=0 sensor_dt_us=0/0.00/0 rx_dt_us=0/0.00/0 pair_first=0/0 pair_last=0/0
BNO_TS GYRO events=0 unique=0 exact=1 overflow=0 dup=0 reverse=0 rollover=0 sensor_dt_us=0/0.00/0 rx_dt_us=0/0.00/0 pair_first=0/0 pair_last=0/0
BNO_TS MAG events=0 unique=0 exact=1 overflow=0 dup=0 reverse=0 rollover=0 sensor_dt_us=0/0.00/0 rx_dt_us=0/0.00/0 pair_first=0/0 pair_last=0/0
BNO_VEC ACCEL_SENSOR_AND_ESKF_INPUT events=0 nonfinite=0
BNO_VEC GYRO_SENSOR_AND_ESKF_INPUT events=0 nonfinite=0
BNO_VEC MAG_SENSOR events=0 nonfinite=0
LINK queue/drop/high=1/0/3 tof=4967
TXDIAG frames_s=117 bytes_s=16452 total_frames=1912 total_bytes=238272 queue=0 high=3 drops=0 bno_drop=0 partial=0 zero=0 write_calls=29529 max_write_us=151 free_heap=250036 min_free_heap=250036 usage_pct=17.85
BNO_TX kind=1 event=0 req=0 enq=0 drop=0 done=0 bytes=0
BNO_REPORT kind=1 report_id=0 interval_us=0 requested_hz=0.000 enable_ok=0 enable_fail=0 callback=0 switch=0 kind_convert=0 events=0 tx_req=0 tx_enq=0 tx_done=0 tx_drop=0 event_drop=0 reset_reconfig=0 effective_hz=0.000
BNO_TX kind=2 event=0 req=0 enq=0 drop=0 done=0 bytes=0
BNO_REPORT kind=2 report_id=0 interval_us=0 requested_hz=0.000 enable_ok=0 enable_fail=0 callback=0 switch=0 kind_convert=0 events=0 tx_req=0 tx_enq=0 tx_done=0 tx_drop=0 event_drop=0 reset_reconfig=0 effective_hz=0.000
BNO_TX kind=3 event=506 req=506 enq=506 drop=0 done=506 bytes=42504
BNO_REPORT kind=3 report_id=8 interval_us=20000 requested_hz=50.000 enable_ok=2 enable_fail=0 callback=598 switch=598 kind_convert=598 events=598 tx_req=506 tx_enq=506 tx_done=506 tx_drop=0 event_drop=0 reset_reconfig=1 effective_hz=50.013
BNO_TX kind=4 event=0 req=0 enq=0 drop=0 done=0 bytes=0
BNO_REPORT kind=4 report_id=0 interval_us=0 requested_hz=0.000 enable_ok=0 enable_fail=0 callback=0 switch=0 kind_convert=0 events=0 tx_req=0 tx_enq=0 tx_done=0 tx_drop=0 event_drop=0 reset_reconfig=0 effective_hz=0.000
BNO_TX kind=5 event=0 req=0 enq=0 drop=0 done=0 bytes=0
BNO_REPORT kind=5 report_id=0 interval_us=0 requested_hz=0.000 enable_ok=0 enable_fail=0 callback=0 switch=0 kind_convert=0 events=0 tx_req=0 tx_enq=0 tx_done=0 tx_drop=0 event_drop=0 reset_reconfig=0 effective_hz=0.000
DIAG state=FAULT dry=1 bno_ready=1 addr=0x4A init/reinit/poll=0/0/1293 event A/G/M=0/0/0 age_rx_us=4294967295/4294967295/4294967295
IMU cand/pair/call/ok=0/0/0/0 reject=0 dup/order/stale/dt/nonfinite/norm/queue=0/0/0/0/0/0/0 last_ok_age_us=4294967295 dt_us=0 align_samples=0 align_elapsed_us=0
HEALTH state=0 health=0 reason=imu_stale mount=0 imu_age_us=4294967295 imu_gaps=0 reversals=0 covariance=1 finite=1 gnss_age_us=140474146 tof_age_us=4294967295 obs=1
BNO_TS ACCEL events=0 unique=0 exact=1 overflow=0 dup=0 reverse=0 rollover=0 sensor_dt_us=0/0.00/0 rx_dt_us=0/0.00/0 pair_first=0/0 pair_last=0/0
BNO_TS GYRO events=0 unique=0 exact=1 overflow=0 dup=0 reverse=0 rollover=0 sensor_dt_us=0/0.00/0 rx_dt_us=0/0.00/0 pair_first=0/0 pair_last=0/0
BNO_TS MAG events=0 unique=0 exact=1 overflow=0 dup=0 reverse=0 rollover=0 sensor_dt_us=0/0.00/0 rx_dt_us=0/0.00/0 pair_first=0/0 pair_last=0/0
BNO_VEC ACCEL_SENSOR_AND_ESKF_INPUT events=0 nonfinite=0
BNO_VEC GYRO_SENSOR_AND_ESKF_INPUT events=0 nonfinite=0
BNO_VEC MAG_SENSOR events=0 nonfinite=0
LINK queue/drop/high=0/0/3 tof=4997
TXDIAG frames_s=118 bytes_s=16432 total_frames=2030 total_bytes=254704 queue=0 high=3 drops=0 bno_drop=0 partial=0 zero=0 write_calls=31891 max_write_us=151 free_heap=250036 min_free_heap=250036 usage_pct=17.83
BNO_TX kind=1 event=0 req=0 enq=0 drop=0 done=0 bytes=0
BNO_REPORT kind=1 report_id=0 interval_us=0 requested_hz=0.000 enable_ok=0 enable_fail=0 callback=0 switch=0 kind_convert=0 events=0 tx_req=0 tx_enq=0 tx_done=0 tx_drop=0 event_drop=0 reset_reconfig=0 effective_hz=0.000
BNO_TX kind=2 event=0 req=0 enq=0 drop=0 done=0 bytes=0
BNO_REPORT kind=2 report_id=0 interval_us=0 requested_hz=0.000 enable_ok=0 enable_fail=0 callback=0 switch=0 kind_convert=0 events=0 tx_req=0 tx_enq=0 tx_done=0 tx_drop=0 event_drop=0 reset_reconfig=0 effective_hz=0.000
BNO_TX kind=3 event=506 req=506 enq=506 drop=0 done=506 bytes=42504
BNO_REPORT kind=3 report_id=8 interval_us=20000 requested_hz=50.000 enable_ok=2 enable_fail=0 callback=648 switch=648 kind_convert=648 events=648 tx_req=506 tx_enq=506 tx_done=506 tx_drop=0 event_drop=0 reset_reconfig=1 effective_hz=50.013
BNO_TX kind=4 event=0 req=0 enq=0 drop=0 done=0 bytes=0
BNO_REPORT kind=4 report_id=0 interval_us=0 requested_hz=0.000 enable_ok=0 enable_fail=0 callback=0 switch=0 kind_convert=0 events=0 tx_req=0 tx_enq=0 tx_done=0 tx_drop=0 event_drop=0 reset_reconfig=0 effective_hz=0.000
BNO_TX kind=5 event=0 req=0 enq=0 drop=0 done=0 bytes=0
BNO_REPORT kind=5 report_id=0 interval_us=0 requested_hz=0.000 enable_ok=0 enable_fail=0 callback=0 switch=0 kind_convert=0 events=0 tx_req=0 tx_enq=0 tx_done=0 tx_drop=0 event_drop=0 reset_reconfig=0 effective_hz=0.000
DIAG state=FAULT dry=1 bno_ready=1 addr=0x4A init/reinit/poll=0/0/1395 event A/G/M=0/0/0 age_rx_us=4294967295/4294967295/4294967295
IMU cand/pair/call/ok=0/0/0/0 reject=0 dup/order/stale/dt/nonfinite/norm/queue=0/0/0/0/0/0/0 last_ok_age_us=4294967295 dt_us=0 align_samples=0 align_elapsed_us=0
HEALTH state=0 health=0 reason=imu_stale mount=0 imu_age_us=4294967295 imu_gaps=0 reversals=0 covariance=1 finite=1 gnss_age_us=140472876 tof_age_us=4294967295 obs=1
BNO_TS ACCEL events=0 unique=0 exact=1 overflow=0 dup=0 reverse=0 rollover=0 sensor_dt_us=0/0.00/0 rx_dt_us=0/0.00/0 pair_first=0/0 pair_last=0/0
BNO_TS GYRO events=0 unique=0 exact=1 overflow=0 dup=0 reverse=0 rollover=0 sensor_dt_us=0/0.00/0 rx_dt_us=0/0.00/0 pair_first=0/0 pair_last=0/0
BNO_TS MAG events=0 unique=0 exact=1 overflow=0 dup=0 reverse=0 rollover=0 sensor_dt_us=0/0.00/0 rx_dt_us=0/0.00/0 pair_first=0/0 pair_last=0/0
BNO_VEC ACCEL_SENSOR_AND_ESKF_INPUT events=0 nonfinite=0
BNO_VEC GYRO_SENSOR_AND_ESKF_INPUT events=0 nonfinite=0
BNO_VEC MAG_SENSOR events=0 nonfinite=0
LINK queue/drop/high=1/0/3 tof=5028
TXDIAG frames_s=118 bytes_s=16476 total_frames=2149 total_bytes=271312 queue=0 high=3 drops=0 bno_drop=0 partial=0 zero=0 write_calls=34126 max_write_us=151 free_heap=250036 min_free_heap=250036 usage_pct=17.88
BNO_TX kind=1 event=0 req=0 enq=0 drop=0 done=0 bytes=0
BNO_REPORT kind=1 report_id=0 interval_us=0 requested_hz=0.000 enable_ok=0 enable_fail=0 callback=0 switch=0 kind_convert=0 events=0 tx_req=0 tx_enq=0 tx_done=0 tx_drop=0 event_drop=0 reset_reconfig=0 effective_hz=0.000
BNO_TX kind=2 event=0 req=0 enq=0 drop=0 done=0 bytes=0
BNO_REPORT kind=2 report_id=0 interval_us=0 requested_hz=0.000 enable_ok=0 enable_fail=0 callback=0 switch=0 kind_convert=0 events=0 tx_req=0 tx_enq=0 tx_done=0 tx_drop=0 event_drop=0 reset_reconfig=0 effective_hz=0.000
BNO_TX kind=3 event=506 req=506 enq=506 drop=0 done=506 bytes=42504
BNO_REPORT kind=3 report_id=8 interval_us=20000 requested_hz=50.000 enable_ok=2 enable_fail=0 callback=698 switch=698 kind_convert=698 events=698 tx_req=506 tx_enq=506 tx_done=506 tx_drop=0 event_drop=0 reset_reconfig=1 effective_hz=50.014
BNO_TX kind=4 event=0 req=0 enq=0 drop=0 done=0 bytes=0
BNO_REPORT kind=4 report_id=0 interval_us=0 requested_hz=0.000 enable_ok=0 enable_fail=0 callback=0 switch=0 kind_convert=0 events=0 tx_req=0 tx_enq=0 tx_done=0 tx_drop=0 event_drop=0 reset_reconfig=0 effective_hz=0.000
BNO_TX kind=5 event=0 req=0 enq=0 drop=0 done=0 bytes=0
BNO_REPORT kind=5 report_id=0 interval_us=0 requested_hz=0.000 enable_ok=0 enable_fail=0 callback=0 switch=0 kind_convert=0 events=0 tx_req=0 tx_enq=0 tx_done=0 tx_drop=0 event_drop=0 reset_reconfig=0 effective_hz=0.000
DIAG state=FAULT dry=1 bno_ready=1 addr=0x4A init/reinit/poll=0/0/1495 event A/G/M=0/0/0 age_rx_us=4294967295/4294967295/4294967295
IMU cand/pair/call/ok=0/0/0/0 reject=0 dup/order/stale/dt/nonfinite/norm/queue=0/0/0/0/0/0/0 last_ok_age_us=4294967295 dt_us=0 align_samples=0 align_elapsed_us=0
HEALTH state=0 health=0 reason=imu_stale mount=0 imu_age_us=4294967295 imu_gaps=0 reversals=0 covariance=1 finite=1 gnss_age_us=140463801 tof_age_us=4294967295 obs=1
BNO_TS ACCEL events=0 unique=0 exact=1 overflow=0 dup=0 reverse=0 rollover=0 sensor_dt_us=0/0.00/0 rx_dt_us=0/0.00/0 pair_first=0/0 pair_last=0/0
BNO_TS GYRO events=0 unique=0 exact=1 overflow=0 dup=0 reverse=0 rollover=0 sensor_dt_us=0/0.00/0 rx_dt_us=0/0.00/0 pair_first=0/0 pair_last=0/0
BNO_TS MAG events=0 unique=0 exact=1 overflow=0 dup=0 reverse=0 rollover=0 sensor_dt_us=0/0.00/0 rx_dt_us=0/0.00/0 pair_first=0/0 pair_last=0/0
BNO_VEC ACCEL_SENSOR_AND_ESKF_INPUT events=0 nonfinite=0
BNO_VEC GYRO_SENSOR_AND_ESKF_INPUT events=0 nonfinite=0
BNO_VEC MAG_SENSOR events=0 nonfinite=0
LINK queue/drop/high=0/0/3 tof=5058
TXDIAG frames_s=117 bytes_s=16264 total_frames=2266 total_bytes=287560 queue=1 high=3 drops=0 bno_drop=0 partial=0 zero=0 write_calls=36192 max_write_us=151 free_heap=250036 min_free_heap=250036 usage_pct=17.65
BNO_TX kind=1 event=0 req=0 enq=0 drop=0 done=0 bytes=0
BNO_REPORT kind=1 report_id=0 interval_us=0 requested_hz=0.000 enable_ok=0 enable_fail=0 callback=0 switch=0 kind_convert=0 events=0 tx_req=0 tx_enq=0 tx_done=0 tx_drop=0 event_drop=0 reset_reconfig=0 effective_hz=0.000
BNO_TX kind=2 event=0 req=0 enq=0 drop=0 done=0 bytes=0
BNO_REPORT kind=2 report_id=0 interval_us=0 requested_hz=0.000 enable_ok=0 enable_fail=0 callback=0 switch=0 kind_convert=0 events=0 tx_req=0 tx_enq=0 tx_done=0 tx_drop=0 event_drop=0 reset_reconfig=0 effective_hz=0.000
BNO_TX kind=3 event=506 req=506 enq=506 drop=0 done=506 bytes=42504
BNO_REPORT kind=3 report_id=8 interval_us=20000 requested_hz=50.000 enable_ok=2 enable_fail=0 callback=748 switch=748 kind_convert=748 events=748 tx_req=506 tx_enq=506 tx_done=506 tx_drop=0 event_drop=0 reset_reconfig=1 effective_hz=50.013
BNO_TX kind=4 event=0 req=0 enq=0 drop=0 done=0 bytes=0
BNO_REPORT kind=4 report_id=0 interval_us=0 requested_hz=0.000 enable_ok=0 enable_fail=0 callback=0 switch=0 kind_convert=0 events=0 tx_req=0 tx_enq=0 tx_done=0 tx_drop=0 event_drop=0 reset_reconfig=0 effective_hz=0.000
BNO_TX kind=5 event=0 req=0 enq=0 drop=0 done=0 bytes=0
BNO_REPORT kind=5 report_id=0 interval_us=0 requested_hz=0.000 enable_ok=0 enable_fail=0 callback=0 switch=0 kind_convert=0 events=0 tx_req=0 tx_enq=0 tx_done=0 tx_drop=0 event_drop=0 reset_reconfig=0 effective_hz=0.000
DIAG state=FAULT dry=1 bno_ready=1 addr=0x4A init/reinit/poll=0/0/1595 event A/G/M=0/0/0 age_rx_us=4294967295/4294967295/4294967295
IMU cand/pair/call/ok=0/0/0/0 reject=0 dup/order/stale/dt/nonfinite/norm/queue=0/0/0/0/0/0/0 last_ok_age_us=4294967295 dt_us=0 align_samples=0 align_elapsed_us=0
HEALTH state=0 health=0 reason=imu_stale mount=0 imu_age_us=4294967295 imu_gaps=0 reversals=0 covariance=1 finite=1 gnss_age_us=140466854 tof_age_us=4294967295 obs=1
BNO_TS ACCEL events=0 unique=0 exact=1 overflow=0 dup=0 reverse=0 rollover=0 sensor_dt_us=0/0.00/0 rx_dt_us=0/0.00/0 pair_first=0/0 pair_last=0/0
BNO_TS GYRO events=0 unique=0 exact=1 overflow=0 dup=0 reverse=0 rollover=0 sensor_dt_us=0/0.00/0 rx_dt_us=0/0.00/0 pair_first=0/0 pair_last=0/0
BNO_TS MAG events=0 unique=0 exact=1 overflow=0 dup=0 reverse=0 rollover=0 sensor_dt_us=0/0.00/0 rx_dt_us=0/0.00/0 pair_first=0/0 pair_last=0/0
BNO_VEC ACCEL_SENSOR_AND_ESKF_INPUT events=0 nonfinite=0
BNO_VEC GYRO_SENSOR_AND_ESKF_INPUT events=0 nonfinite=0
BNO_VEC MAG_SENSOR events=0 nonfinite=0
LINK queue/drop/high=1/0/3 tof=5089
TXDIAG frames_s=117 bytes_s=16436 total_frames=2384 total_bytes=304128 queue=0 high=3 drops=0 bno_drop=0 partial=0 zero=0 write_calls=38322 max_write_us=151 free_heap=250036 min_free_heap=250036 usage_pct=17.83
BNO_TX kind=1 event=0 req=0 enq=0 drop=0 done=0 bytes=0
BNO_REPORT kind=1 report_id=0 interval_us=0 requested_hz=0.000 enable_ok=0 enable_fail=0 callback=0 switch=0 kind_convert=0 events=0 tx_req=0 tx_enq=0 tx_done=0 tx_drop=0 event_drop=0 reset_reconfig=0 effective_hz=0.000
BNO_TX kind=2 event=0 req=0 enq=0 drop=0 done=0 bytes=0
BNO_REPORT kind=2 report_id=0 interval_us=0 requested_hz=0.000 enable_ok=0 enable_fail=0 callback=0 switch=0 kind_convert=0 events=0 tx_req=0 tx_enq=0 tx_done=0 tx_drop=0 event_drop=0 reset_reconfig=0 effective_hz=0.000
BNO_TX kind=3 event=506 req=506 enq=506 drop=0 done=506 bytes=42504
BNO_REPORT kind=3 report_id=8 interval_us=20000 requested_hz=50.000 enable_ok=2 enable_fail=0 callback=798 switch=798 kind_convert=798 events=798 tx_req=506 tx_enq=506 tx_done=506 tx_drop=0 event_drop=0 reset_reconfig=1 effective_hz=50.013
BNO_TX kind=4 event=0 req=0 enq=0 drop=0 done=0 bytes=0
BNO_REPORT kind=4 report_id=0 interval_us=0 requested_hz=0.000 enable_ok=0 enable_fail=0 callback=0 switch=0 kind_convert=0 events=0 tx_req=0 tx_enq=0 tx_done=0 tx_drop=0 event_drop=0 reset_reconfig=0 effective_hz=0.000
BNO_TX kind=5 event=0 req=0 enq=0 drop=0 done=0 bytes=0
BNO_REPORT kind=5 report_id=0 interval_us=0 requested_hz=0.000 enable_ok=0 enable_fail=0 callback=0 switch=0 kind_convert=0 events=0 tx_req=0 tx_enq=0 tx_done=0 tx_drop=0 event_drop=0 reset_reconfig=0 effective_hz=0.000
DIAG state=FAULT dry=1 bno_ready=1 addr=0x4A init/reinit/poll=0/0/1695 event A/G/M=0/0/0 age_rx_us=4294967295/4294967295/4294967295
IMU cand/pair/call/ok=0/0/0/0 reject=0 dup/order/stale/dt/nonfinite/norm/queue=0/0/0/0/0/0/0 last_ok_age_us=4294967295 dt_us=0 align_samples=0 align_elapsed_us=0
HEALTH state=0 health=0 reason=imu_stale mount=0 imu_age_us=4294967295 imu_gaps=0 reversals=0 covariance=1 finite=1 gnss_age_us=140460110 tof_age_us=4294967295 obs=1
BNO_TS ACCEL events=0 unique=0 exact=1 overflow=0 dup=0 reverse=0 rollover=0 sensor_dt_us=0/0.00/0 rx_dt_us=0/0.00/0 pair_first=0/0 pair_last=0/0
BNO_TS GYRO events=0 unique=0 exact=1 overflow=0 dup=0 reverse=0 rollover=0 sensor_dt_us=0/0.00/0 rx_dt_us=0/0.00/0 pair_first=0/0 pair_last=0/0
BNO_TS MAG events=0 unique=0 exact=1 overflow=0 dup=0 reverse=0 rollover=0 sensor_dt_us=0/0.00/0 rx_dt_us=0/0.00/0 pair_first=0/0 pair_last=0/0
BNO_VEC ACCEL_SENSOR_AND_ESKF_INPUT events=0 nonfinite=0
BNO_VEC GYRO_SENSOR_AND_ESKF_INPUT events=0 nonfinite=0
BNO_VEC MAG_SENSOR events=0 nonfinite=0
LINK queue/drop/high=0/0/4 tof=5119
TXDIAG frames_s=118 bytes_s=16448 total_frames=2502 total_bytes=320560 queue=0 high=4 drops=0 bno_drop=0 partial=0 zero=0 write_calls=40635 max_write_us=151 free_heap=250036 min_free_heap=250036 usage_pct=17.85
BNO_TX kind=1 event=0 req=0 enq=0 drop=0 done=0 bytes=0
BNO_REPORT kind=1 report_id=0 interval_us=0 requested_hz=0.000 enable_ok=0 enable_fail=0 callback=0 switch=0 kind_convert=0 events=0 tx_req=0 tx_enq=0 tx_done=0 tx_drop=0 event_drop=0 reset_reconfig=0 effective_hz=0.000
BNO_TX kind=2 event=0 req=0 enq=0 drop=0 done=0 bytes=0
BNO_REPORT kind=2 report_id=0 interval_us=0 requested_hz=0.000 enable_ok=0 enable_fail=0 callback=0 switch=0 kind_convert=0 events=0 tx_req=0 tx_enq=0 tx_done=0 tx_drop=0 event_drop=0 reset_reconfig=0 effective_hz=0.000
BNO_TX kind=3 event=506 req=506 enq=506 drop=0 done=506 bytes=42504
BNO_REPORT kind=3 report_id=8 interval_us=20000 requested_hz=50.000 enable_ok=2 enable_fail=0 callback=848 switch=848 kind_convert=848 events=848 tx_req=506 tx_enq=506 tx_done=506 tx_drop=0 event_drop=0 reset_reconfig=1 effective_hz=50.014
BNO_TX kind=4 event=0 req=0 enq=0 drop=0 done=0 bytes=0
BNO_REPORT kind=4 report_id=0 interval_us=0 requested_hz=0.000 enable_ok=0 enable_fail=0 callback=0 switch=0 kind_convert=0 events=0 tx_req=0 tx_enq=0 tx_done=0 tx_drop=0 event_drop=0 reset_reconfig=0 effective_hz=0.000
BNO_TX kind=5 event=0 req=0 enq=0 drop=0 done=0 bytes=0
BNO_REPORT kind=5 report_id=0 interval_us=0 requested_hz=0.000 enable_ok=0 enable_fail=0 callback=0 switch=0 kind_convert=0 events=0 tx_req=0 tx_enq=0 tx_done=0 tx_drop=0 event_drop=0 reset_reconfig=0 effective_hz=0.000
DIAG state=FAULT dry=1 bno_ready=1 addr=0x4A init/reinit/poll=0/0/1797 event A/G/M=0/0/0 age_rx_us=4294967295/4294967295/4294967295
IMU cand/pair/call/ok=0/0/0/0 reject=0 dup/order/stale/dt/nonfinite/norm/queue=0/0/0/0/0/0/0 last_ok_age_us=4294967295 dt_us=0 align_samples=0 align_elapsed_us=0
HEALTH state=0 health=0 reason=imu_stale mount=0 imu_age_us=4294967295 imu_gaps=0 reversals=0 covariance=1 finite=1 gnss_age_us=140463856 tof_age_us=4294967295 obs=1
BNO_TS ACCEL events=0 unique=0 exact=1 overflow=0 dup=0 reverse=0 rollover=0 sensor_dt_us=0/0.00/0 rx_dt_us=0/0.00/0 pair_first=0/0 pair_last=0/0
BNO_TS GYRO events=0 unique=0 exact=1 overflow=0 dup=0 reverse=0 rollover=0 sensor_dt_us=0/0.00/0 rx_dt_us=0/0.00/0 pair_first=0/0 pair_last=0/0
BNO_TS MAG events=0 unique=0 exact=1 overflow=0 dup=0 reverse=0 rollover=0 sensor_dt_us=0/0.00/0 rx_dt_us=0/0.00/0 pair_first=0/0 pair_last=0/0
BNO_VEC ACCEL_SENSOR_AND_ESKF_INPUT events=0 nonfinite=0
BNO_VEC GYRO_SENSOR_AND_ESKF_INPUT events=0 nonfinite=0
BNO_VEC MAG_SENSOR events=0 nonfinite=0
LINK queue/drop/high=1/0/4 tof=5150
TXDIAG frames_s=116 bytes_s=16420 total_frames=2620 total_bytes=337128 queue=0 high=4 drops=0 bno_drop=0 partial=0 zero=0 write_calls=42953 max_write_us=151 free_heap=250036 min_free_heap=250036 usage_pct=17.82
BNO_TX kind=1 event=0 req=0 enq=0 drop=0 done=0 bytes=0
BNO_REPORT kind=1 report_id=0 interval_us=0 requested_hz=0.000 enable_ok=0 enable_fail=0 callback=0 switch=0 kind_convert=0 events=0 tx_req=0 tx_enq=0 tx_done=0 tx_drop=0 event_drop=0 reset_reconfig=0 effective_hz=0.000
BNO_TX kind=2 event=0 req=0 enq=0 drop=0 done=0 bytes=0
BNO_REPORT kind=2 report_id=0 interval_us=0 requested_hz=0.000 enable_ok=0 enable_fail=0 callback=0 switch=0 kind_convert=0 events=0 tx_req=0 tx_enq=0 tx_done=0 tx_drop=0 event_drop=0 reset_reconfig=0 effective_hz=0.000
BNO_TX kind=3 event=506 req=506 enq=506 drop=0 done=506 bytes=42504
BNO_REPORT kind=3 report_id=8 interval_us=20000 requested_hz=50.000 enable_ok=2 enable_fail=0 callback=899 switch=899 kind_convert=899 events=899 tx_req=506 tx_enq=506 tx_done=506 tx_drop=0 event_drop=0 reset_reconfig=1 effective_hz=50.014
BNO_TX kind=4 event=0 req=0 enq=0 drop=0 done=0 bytes=0
BNO_REPORT kind=4 report_id=0 interval_us=0 requested_hz=0.000 enable_ok=0 enable_fail=0 callback=0 switch=0 kind_convert=0 events=0 tx_req=0 tx_enq=0 tx_done=0 tx_drop=0 event_drop=0 reset_reconfig=0 effective_hz=0.000
BNO_TX kind=5 event=0 req=0 enq=0 drop=0 done=0 bytes=0
BNO_REPORT kind=5 report_id=0 interval_us=0 requested_hz=0.000 enable_ok=0 enable_fail=0 callback=0 switch=0 kind_convert=0 events=0 tx_req=0 tx_enq=0 tx_done=0 tx_drop=0 event_drop=0 reset_reconfig=0 effective_hz=0.000
DIAG state=FAULT dry=1 bno_ready=1 addr=0x4A init/reinit/poll=0/0/1897 event A/G/M=0/0/0 age_rx_us=4294967295/4294967295/4294967295
IMU cand/pair/call/ok=0/0/0/0 reject=0 dup/order/stale/dt/nonfinite/norm/queue=0/0/0/0/0/0/0 last_ok_age_us=4294967295 dt_us=0 align_samples=0 align_elapsed_us=0
HEALTH state=0 health=0 reason=imu_stale mount=0 imu_age_us=4294967295 imu_gaps=0 reversals=0 covariance=1 finite=1 gnss_age_us=140460186 tof_age_us=4294967295 obs=1
BNO_TS ACCEL events=0 unique=0 exact=1 overflow=0 dup=0 reverse=0 rollover=0 sensor_dt_us=0/0.00/0 rx_dt_us=0/0.00/0 pair_first=0/0 pair_last=0/0
BNO_TS GYRO events=0 unique=0 exact=1 overflow=0 dup=0 reverse=0 rollover=0 sensor_dt_us=0/0.00/0 rx_dt_us=0/0.00/0 pair_first=0/0 pair_last=0/0
BNO_TS MAG events=0 unique=0 exact=1 overflow=0 dup=0 reverse=0 rollover=0 sensor_dt_us=0/0.00/0 rx_dt_us=0/0.00/0 pair_first=0/0 pair_last=0/0
BNO_VEC ACCEL_SENSOR_AND_ESKF_INPUT events=0 nonfinite=0
BNO_VEC GYRO_SENSOR_AND_ESKF_INPUT events=0 nonfinite=0
BNO_VEC MAG_SENSOR events=0 nonfinite=0
LINK queue/drop/high=0/0/4 tof=5180
TXDIAG frames_s=117 bytes_s=16415 total_frames=2738 total_bytes=353560 queue=0 high=4 drops=0 bno_drop=0 partial=0 zero=0 write_calls=45224 max_write_us=151 free_heap=250036 min_free_heap=250036 usage_pct=17.81
BNO_TX kind=1 event=0 req=0 enq=0 drop=0 done=0 bytes=0
BNO_REPORT kind=1 report_id=0 interval_us=0 requested_hz=0.000 enable_ok=0 enable_fail=0 callback=0 switch=0 kind_convert=0 events=0 tx_req=0 tx_enq=0 tx_done=0 tx_drop=0 event_drop=0 reset_reconfig=0 effective_hz=0.000
BNO_TX kind=2 event=0 req=0 enq=0 drop=0 done=0 bytes=0
BNO_REPORT kind=2 report_id=0 interval_us=0 requested_hz=0.000 enable_ok=0 enable_fail=0 callback=0 switch=0 kind_convert=0 events=0 tx_req=0 tx_enq=0 tx_done=0 tx_drop=0 event_drop=0 reset_reconfig=0 effective_hz=0.000
BNO_TX kind=3 event=506 req=506 enq=506 drop=0 done=506 bytes=42504
BNO_REPORT kind=3 report_id=8 interval_us=20000 requested_hz=50.000 enable_ok=2 enable_fail=0 callback=949 switch=949 kind_convert=949 events=949 tx_req=506 tx_enq=506 tx_done=506 tx_drop=0 event_drop=0 reset_reconfig=1 effective_hz=50.013
BNO_TX kind=4 event=0 req=0 enq=0 drop=0 done=0 bytes=0
BNO_REPORT kind=4 report_id=0 interval_us=0 requested_hz=0.000 enable_ok=0 enable_fail=0 callback=0 switch=0 kind_convert=0 events=0 tx_req=0 tx_enq=0 tx_done=0 tx_drop=0 event_drop=0 reset_reconfig=0 effective_hz=0.000
BNO_TX kind=5 event=0 req=0 enq=0 drop=0 done=0 bytes=0
BNO_REPORT kind=5 report_id=0 interval_us=0 requested_hz=0.000 enable_ok=0 enable_fail=0 callback=0 switch=0 kind_convert=0 events=0 tx_req=0 tx_enq=0 tx_done=0 tx_drop=0 event_drop=0 reset_reconfig=0 effective_hz=0.000
DIAG state=FAULT dry=1 bno_ready=1 addr=0x4A init/reinit/poll=0/0/1997 event A/G/M=0/0/0 age_rx_us=4294967295/4294967295/4294967295
IMU cand/pair/call/ok=0/0/0/0 reject=0 dup/order/stale/dt/nonfinite/norm/queue=0/0/0/0/0/0/0 last_ok_age_us=4294967295 dt_us=0 align_samples=0 align_elapsed_us=0
HEALTH state=0 health=0 reason=imu_stale mount=0 imu_age_us=4294967295 imu_gaps=0 reversals=0 covariance=1 finite=1 gnss_age_us=140460911 tof_age_us=4294967295 obs=1
BNO_TS ACCEL events=0 unique=0 exact=1 overflow=0 dup=0 reverse=0 rollover=0 sensor_dt_us=0/0.00/0 rx_dt_us=0/0.00/0 pair_first=0/0 pair_last=0/0
BNO_TS GYRO events=0 unique=0 exact=1 overflow=0 dup=0 reverse=0 rollover=0 sensor_dt_us=0/0.00/0 rx_dt_us=0/0.00/0 pair_first=0/0 pair_last=0/0
BNO_TS MAG events=0 unique=0 exact=1 overflow=0 dup=0 reverse=0 rollover=0 sensor_dt_us=0/0.00/0 rx_dt_us=0/0.00/0 pair_first=0/0 pair_last=0/0
BNO_VEC ACCEL_SENSOR_AND_ESKF_INPUT events=0 nonfinite=0
BNO_VEC GYRO_SENSOR_AND_ESKF_INPUT events=0 nonfinite=0
BNO_VEC MAG_SENSOR events=0 nonfinite=0
LINK queue/drop/high=1/0/4 tof=5211
TXDIAG frames_s=117 bytes_s=16452 total_frames=2856 total_bytes=370128 queue=0 high=4 drops=0 bno_drop=0 partial=0 zero=0 write_calls=47381 max_write_us=151 free_heap=250036 min_free_heap=250036 usage_pct=17.85
BNO_TX kind=1 event=0 req=0 enq=0 drop=0 done=0 bytes=0
BNO_REPORT kind=1 report_id=0 interval_us=0 requested_hz=0.000 enable_ok=0 enable_fail=0 callback=0 switch=0 kind_convert=0 events=0 tx_req=0 tx_enq=0 tx_done=0 tx_drop=0 event_drop=0 reset_reconfig=0 effective_hz=0.000
BNO_TX kind=2 event=0 req=0 enq=0 drop=0 done=0 bytes=0
BNO_REPORT kind=2 report_id=0 interval_us=0 requested_hz=0.000 enable_ok=0 enable_fail=0 callback=0 switch=0 kind_convert=0 events=0 tx_req=0 tx_enq=0 tx_done=0 tx_drop=0 event_drop=0 reset_reconfig=0 effective_hz=0.000
BNO_TX kind=3 event=506 req=506 enq=506 drop=0 done=506 bytes=42504
BNO_REPORT kind=3 report_id=8 interval_us=20000 requested_hz=50.000 enable_ok=2 enable_fail=0 callback=999 switch=999 kind_convert=999 events=999 tx_req=506 tx_enq=506 tx_done=506 tx_drop=0 event_drop=0 reset_reconfig=1 effective_hz=50.015
BNO_TX kind=4 event=0 req=0 enq=0 drop=0 done=0 bytes=0
BNO_REPORT kind=4 report_id=0 interval_us=0 requested_hz=0.000 enable_ok=0 enable_fail=0 callback=0 switch=0 kind_convert=0 events=0 tx_req=0 tx_enq=0 tx_done=0 tx_drop=0 event_drop=0 reset_reconfig=0 effective_hz=0.000
BNO_TX kind=5 event=0 req=0 enq=0 drop=0 done=0 bytes=0
BNO_REPORT kind=5 report_id=0 interval_us=0 requested_hz=0.000 enable_ok=0 enable_fail=0 callback=0 switch=0 kind_convert=0 events=0 tx_req=0 tx_enq=0 tx_done=0 tx_drop=0 event_drop=0 reset_reconfig=0 effective_hz=0.000
DIAG state=FAULT dry=1 bno_ready=1 addr=0x4A init/reinit/poll=0/0/2097 event A/G/M=0/0/0 age_rx_us=4294967295/4294967295/4294967295
IMU cand/pair/call/ok=0/0/0/0 reject=0 dup/order/stale/dt/nonfinite/norm/queue=0/0/0/0/0/0/0 last_ok_age_us=4294967295 dt_us=0 align_samples=0 align_elapsed_us=0
HEALTH state=0 health=0 reason=imu_stale mount=0 imu_age_us=4294967295 imu_gaps=0 reversals=0 covariance=1 finite=1 gnss_age_us=140459162 tof_age_us=4294967295 obs=1
BNO_TS ACCEL events=0 unique=0 exact=1 overflow=0 dup=0 reverse=0 rollover=0 sensor_dt_us=0/0.00/0 rx_dt_us=0/0.00/0 pair_first=0/0 pair_last=0/0
BNO_TS GYRO events=0 unique=0 exact=1 overflow=0 dup=0 reverse=0 rollover=0 sensor_dt_us=0/0.00/0 rx_dt_us=0/0.00/0 pair_first=0/0 pair_last=0/0
BNO_TS MAG events=0 unique=0 exact=1 overflow=0 dup=0 reverse=0 rollover=0 sensor_dt_us=0/0.00/0 rx_dt_us=0/0.00/0 pair_first=0/0 pair_last=0/0
BNO_VEC ACCEL_SENSOR_AND_ESKF_INPUT events=0 nonfinite=0
BNO_VEC GYRO_SENSOR_AND_ESKF_INPUT events=0 nonfinite=0
BNO_VEC MAG_SENSOR events=0 nonfinite=0
LINK queue/drop/high=0/0/4 tof=5241
TXDIAG frames_s=117 bytes_s=16264 total_frames=2973 total_bytes=386376 queue=0 high=4 drops=0 bno_drop=0 partial=0 zero=0 write_calls=49565 max_write_us=151 free_heap=250036 min_free_heap=250036 usage_pct=17.65
BNO_TX kind=1 event=0 req=0 enq=0 drop=0 done=0 bytes=0
BNO_REPORT kind=1 report_id=0 interval_us=0 requested_hz=0.000 enable_ok=0 enable_fail=0 callback=0 switch=0 kind_convert=0 events=0 tx_req=0 tx_enq=0 tx_done=0 tx_drop=0 event_drop=0 reset_reconfig=0 effective_hz=0.000
BNO_TX kind=2 event=0 req=0 enq=0 drop=0 done=0 bytes=0
BNO_REPORT kind=2 report_id=0 interval_us=0 requested_hz=0.000 enable_ok=0 enable_fail=0 callback=0 switch=0 kind_convert=0 events=0 tx_req=0 tx_enq=0 tx_done=0 tx_drop=0 event_drop=0 reset_reconfig=0 effective_hz=0.000
BNO_TX kind=3 event=506 req=506 enq=506 drop=0 done=506 bytes=42504
BNO_REPORT kind=3 report_id=8 interval_us=20000 requested_hz=50.000 enable_ok=2 enable_fail=0 callback=1049 switch=1049 kind_convert=1049 events=1049 tx_req=506 tx_enq=506 tx_done=506 tx_drop=0 event_drop=0 reset_reconfig=1 effective_hz=50.011
BNO_TX kind=4 event=0 req=0 enq=0 drop=0 done=0 bytes=0
BNO_REPORT kind=4 report_id=0 interval_us=0 requested_hz=0.000 enable_ok=0 enable_fail=0 callback=0 switch=0 kind_convert=0 events=0 tx_req=0 tx_enq=0 tx_done=0 tx_drop=0 event_drop=0 reset_reconfig=0 effective_hz=0.000
BNO_TX kind=5 event=0 req=0 enq=0 drop=0 done=0 bytes=0
BNO_REPORT kind=5 report_id=0 interval_us=0 requested_hz=0.000 enable_ok=0 enable_fail=0 callback=0 switch=0 kind_convert=0 events=0 tx_req=0 tx_enq=0 tx_done=0 tx_drop=0 event_drop=0 reset_reconfig=0 effective_hz=0.000
DIAG state=FAULT dry=1 bno_ready=1 addr=0x4A init/reinit/poll=0/0/2198 event A/G/M=0/0/0 age_rx_us=4294967295/4294967295/4294967295
IMU cand/pair/call/ok=0/0/0/0 reject=0 dup/order/stale/dt/nonfinite/norm/queue=0/0/0/0/0/0/0 last_ok_age_us=4294967295 dt_us=0 align_samples=0 align_elapsed_us=0
HEALTH state=0 health=0 reason=imu_stale mount=0 imu_age_us=4294967295 imu_gaps=0 reversals=0 covariance=1 finite=1 gnss_age_us=140463821 tof_age_us=4294967295 obs=1
BNO_TS ACCEL events=0 unique=0 exact=1 overflow=0 dup=0 reverse=0 rollover=0 sensor_dt_us=0/0.00/0 rx_dt_us=0/0.00/0 pair_first=0/0 pair_last=0/0
BNO_TS GYRO events=0 unique=0 exact=1 overflow=0 dup=0 reverse=0 rollover=0 sensor_dt_us=0/0.00/0 rx_dt_us=0/0.00/0 pair_first=0/0 pair_last=0/0
BNO_TS MAG events=0 unique=0 exact=1 overflow=0 dup=0 reverse=0 rollover=0 sensor_dt_us=0/0.00/0 rx_dt_us=0/0.00/0 pair_first=0/0 pair_last=0/0
BNO_VEC ACCEL_SENSOR_AND_ESKF_INPUT events=0 nonfinite=0
BNO_VEC GYRO_SENSOR_AND_ESKF_INPUT events=0 nonfinite=0
BNO_VEC MAG_SENSOR events=0 nonfinite=0
LINK queue/drop/high=1/0/4 tof=5272
TXDIAG frames_s=117 bytes_s=16436 total_frames=3091 total_bytes=402944 queue=0 high=4 drops=0 bno_drop=0 partial=0 zero=0 write_calls=51771 max_write_us=151 free_heap=250036 min_free_heap=250036 usage_pct=17.83
BNO_TX kind=1 event=0 req=0 enq=0 drop=0 done=0 bytes=0
BNO_REPORT kind=1 report_id=0 interval_us=0 requested_hz=0.000 enable_ok=0 enable_fail=0 callback=0 switch=0 kind_convert=0 events=0 tx_req=0 tx_enq=0 tx_done=0 tx_drop=0 event_drop=0 reset_reconfig=0 effective_hz=0.000
BNO_TX kind=2 event=0 req=0 enq=0 drop=0 done=0 bytes=0
BNO_REPORT kind=2 report_id=0 interval_us=0 requested_hz=0.000 enable_ok=0 enable_fail=0 callback=0 switch=0 kind_convert=0 events=0 tx_req=0 tx_enq=0 tx_done=0 tx_drop=0 event_drop=0 reset_reconfig=0 effective_hz=0.000
BNO_TX kind=3 event=506 req=506 enq=506 drop=0 done=506 bytes=42504
BNO_REPORT kind=3 report_id=8 interval_us=20000 requested_hz=50.000 enable_ok=2 enable_fail=0 callback=1100 switch=1100 kind_convert=1100 events=1100 tx_req=506 tx_enq=506 tx_done=506 tx_drop=0 event_drop=0 reset_reconfig=1 effective_hz=50.014
BNO_TX kind=4 event=0 req=0 enq=0 drop=0 done=0 bytes=0
BNO_REPORT kind=4 report_id=0 interval_us=0 requested_hz=0.000 enable_ok=0 enable_fail=0 callback=0 switch=0 kind_convert=0 events=0 tx_req=0 tx_enq=0 tx_done=0 tx_drop=0 event_drop=0 reset_reconfig=0 effective_hz=0.000
BNO_TX kind=5 event=0 req=0 enq=0 drop=0 done=0 bytes=0
BNO_REPORT kind=5 report_id=0 interval_us=0 requested_hz=0.000 enable_ok=0 enable_fail=0 callback=0 switch=0 kind_convert=0 events=0 tx_req=0 tx_enq=0 tx_done=0 tx_drop=0 event_drop=0 reset_reconfig=0 effective_hz=0.000
DIAG state=FAULT dry=1 bno_ready=1 addr=0x4A init/reinit/poll=0/0/2298 event A/G/M=0/0/0 age_rx_us=4294967295/4294967295/4294967295
IMU cand/pair/call/ok=0/0/0/0 reject=0 dup/order/stale/dt/nonfinite/norm/queue=0/0/0/0/0/0/0 last_ok_age_us=4294967295 dt_us=0 align_samples=0 align_elapsed_us=0
HEALTH state=0 health=0 reason=imu_stale mount=0 imu_age_us=4294967295 imu_gaps=0 reversals=0 covariance=1 finite=1 gnss_age_us=140459112 tof_age_us=4294967295 obs=1
BNO_TS ACCEL events=0 unique=0 exact=1 overflow=0 dup=0 reverse=0 rollover=0 sensor_dt_us=0/0.00/0 rx_dt_us=0/0.00/0 pair_first=0/0 pair_last=0/0
BNO_TS GYRO events=0 unique=0 exact=1 overflow=0 dup=0 reverse=0 rollover=0 sensor_dt_us=0/0.00/0 rx_dt_us=0/0.00/0 pair_first=0/0 pair_last=0/0
BNO_TS MAG events=0 unique=0 exact=1 overflow=0 dup=0 reverse=0 rollover=0 sensor_dt_us=0/0.00/0 rx_dt_us=0/0.00/0 pair_first=0/0 pair_last=0/0
BNO_VEC ACCEL_SENSOR_AND_ESKF_INPUT events=0 nonfinite=0
BNO_VEC GYRO_SENSOR_AND_ESKF_INPUT events=0 nonfinite=0
BNO_VEC MAG_SENSOR events=0 nonfinite=0
LINK queue/drop/high=0/0/4 tof=5302
TXDIAG frames_s=117 bytes_s=16415 total_frames=3209 total_bytes=419376 queue=0 high=4 drops=0 bno_drop=0 partial=0 zero=0 write_calls=53983 max_write_us=151 free_heap=250036 min_free_heap=250036 usage_pct=17.81
BNO_TX kind=1 event=0 req=0 enq=0 drop=0 done=0 bytes=0
BNO_REPORT kind=1 report_id=0 interval_us=0 requested_hz=0.000 enable_ok=0 enable_fail=0 callback=0 switch=0 kind_convert=0 events=0 tx_req=0 tx_enq=0 tx_done=0 tx_drop=0 event_drop=0 reset_reconfig=0 effective_hz=0.000
BNO_TX kind=2 event=0 req=0 enq=0 drop=0 done=0 bytes=0
BNO_REPORT kind=2 report_id=0 interval_us=0 requested_hz=0.000 enable_ok=0 enable_fail=0 callback=0 switch=0 kind_convert=0 events=0 tx_req=0 tx_enq=0 tx_done=0 tx_drop=0 event_drop=0 reset_reconfig=0 effective_hz=0.000
BNO_TX kind=3 event=506 req=506 enq=506 drop=0 done=506 bytes=42504
BNO_REPORT kind=3 report_id=8 interval_us=20000 requested_hz=50.000 enable_ok=2 enable_fail=0 callback=1150 switch=1150 kind_convert=1150 events=1150 tx_req=506 tx_enq=506 tx_done=506 tx_drop=0 event_drop=0 reset_reconfig=1 effective_hz=50.014
BNO_TX kind=4 event=0 req=0 enq=0 drop=0 done=0 bytes=0
BNO_REPORT kind=4 report_id=0 interval_us=0 requested_hz=0.000 enable_ok=0 enable_fail=0 callback=0 switch=0 kind_convert=0 events=0 tx_req=0 tx_enq=0 tx_done=0 tx_drop=0 event_drop=0 reset_reconfig=0 effective_hz=0.000
BNO_TX kind=5 event=0 req=0 enq=0 drop=0 done=0 bytes=0
BNO_REPORT kind=5 report_id=0 interval_us=0 requested_hz=0.000 enable_ok=0 enable_fail=0 callback=0 switch=0 kind_convert=0 events=0 tx_req=0 tx_enq=0 tx_done=0 tx_drop=0 event_drop=0 reset_reconfig=0 effective_hz=0.000
DIAG state=FAULT dry=1 bno_ready=1 addr=0x4A init/reinit/poll=0/0/2399 event A/G/M=0/0/0 age_rx_us=4294967295/4294967295/4294967295
IMU cand/pair/call/ok=0/0/0/0 reject=0 dup/order/stale/dt/nonfinite/norm/queue=0/0/0/0/0/0/0 last_ok_age_us=4294967295 dt_us=0 align_samples=0 align_elapsed_us=0
HEALTH state=0 health=0 reason=imu_stale mount=0 imu_age_us=4294967295 imu_gaps=0 reversals=0 covariance=1 finite=1 gnss_age_us=140457604 tof_age_us=4294967295 obs=1
BNO_TS ACCEL events=0 unique=0 exact=1 overflow=0 dup=0 reverse=0 rollover=0 sensor_dt_us=0/0.00/0 rx_dt_us=0/0.00/0 pair_first=0/0 pair_last=0/0
BNO_TS GYRO events=0 unique=0 exact=1 overflow=0 dup=0 reverse=0 rollover=0 sensor_dt_us=0/0.00/0 rx_dt_us=0/0.00/0 pair_first=0/0 pair_last=0/0
BNO_TS MAG events=0 unique=0 exact=1 overflow=0 dup=0 reverse=0 rollover=0 sensor_dt_us=0/0.00/0 rx_dt_us=0/0.00/0 pair_first=0/0 pair_last=0/0
BNO_VEC ACCEL_SENSOR_AND_ESKF_INPUT events=0 nonfinite=0
BNO_VEC GYRO_SENSOR_AND_ESKF_INPUT events=0 nonfinite=0
BNO_VEC MAG_SENSOR events=0 nonfinite=0
LINK queue/drop/high=1/0/4 tof=5333
TXDIAG frames_s=117 bytes_s=16452 total_frames=3327 total_bytes=435944 queue=0 high=4 drops=0 bno_drop=0 partial=0 zero=0 write_calls=56180 max_write_us=151 free_heap=250036 min_free_heap=250036 usage_pct=17.85
BNO_TX kind=1 event=0 req=0 enq=0 drop=0 done=0 bytes=0
BNO_REPORT kind=1 report_id=0 interval_us=0 requested_hz=0.000 enable_ok=0 enable_fail=0 callback=0 switch=0 kind_convert=0 events=0 tx_req=0 tx_enq=0 tx_done=0 tx_drop=0 event_drop=0 reset_reconfig=0 effective_hz=0.000
BNO_TX kind=2 event=0 req=0 enq=0 drop=0 done=0 bytes=0
BNO_REPORT kind=2 report_id=0 interval_us=0 requested_hz=0.000 enable_ok=0 enable_fail=0 callback=0 switch=0 kind_convert=0 events=0 tx_req=0 tx_enq=0 tx_done=0 tx_drop=0 event_drop=0 reset_reconfig=0 effective_hz=0.000
BNO_TX kind=3 event=506 req=506 enq=506 drop=0 done=506 bytes=42504
BNO_REPORT kind=3 report_id=8 interval_us=20000 requested_hz=50.000 enable_ok=2 enable_fail=0 callback=1200 switch=1200 kind_convert=1200 events=1200 tx_req=506 tx_enq=506 tx_done=506 tx_drop=0 event_drop=0 reset_reconfig=1 effective_hz=50.013
BNO_TX kind=4 event=0 req=0 enq=0 drop=0 done=0 bytes=0
BNO_REPORT kind=4 report_id=0 interval_us=0 requested_hz=0.000 enable_ok=0 enable_fail=0 callback=0 switch=0 kind_convert=0 events=0 tx_req=0 tx_enq=0 tx_done=0 tx_drop=0 event_drop=0 reset_reconfig=0 effective_hz=0.000
BNO_TX kind=5 event=0 req=0 enq=0 drop=0 done=0 bytes=0
BNO_REPORT kind=5 report_id=0 interval_us=0 requested_hz=0.000 enable_ok=0 enable_fail=0 callback=0 switch=0 kind_convert=0 events=0 tx_req=0 tx_enq=0 tx_done=0 tx_drop=0 event_drop=0 reset_reconfig=0 effective_hz=0.000
DIAG state=FAULT dry=1 bno_ready=1 addr=0x4A init/reinit/poll=0/0/2499 event A/G/M=0/0/0 age_rx_us=4294967295/4294967295/4294967295
IMU cand/pair/call/ok=0/0/0/0 reject=0 dup/order/stale/dt/nonfinite/norm/queue=0/0/0/0/0/0/0 last_ok_age_us=4294967295 dt_us=0 align_samples=0 align_elapsed_us=0
HEALTH state=0 health=0 reason=imu_stale mount=0 imu_age_us=4294967295 imu_gaps=0 reversals=0 covariance=1 finite=1 gnss_age_us=140544880 tof_age_us=4294967295 obs=1
BNO_TS ACCEL events=0 unique=0 exact=1 overflow=0 dup=0 reverse=0 rollover=0 sensor_dt_us=0/0.00/0 rx_dt_us=0/0.00/0 pair_first=0/0 pair_last=0/0
BNO_TS GYRO events=0 unique=0 exact=1 overflow=0 dup=0 reverse=0 rollover=0 sensor_dt_us=0/0.00/0 rx_dt_us=0/0.00/0 pair_first=0/0 pair_last=0/0
BNO_TS MAG events=0 unique=0 exact=1 overflow=0 dup=0 reverse=0 rollover=0 sensor_dt_us=0/0.00/0 rx_dt_us=0/0.00/0 pair_first=0/0 pair_last=0/0
BNO_VEC ACCEL_SENSOR_AND_ESKF_INPUT events=0 nonfinite=0
BNO_VEC GYRO_SENSOR_AND_ESKF_INPUT events=0 nonfinite=0
BNO_VEC MAG_SENSOR events=0 nonfinite=0
LINK queue/drop/high=0/0/4 tof=5363
TXDIAG frames_s=116 bytes_s=16215 total_frames=3444 total_bytes=452192 queue=0 high=4 drops=0 bno_drop=0 partial=0 zero=0 write_calls=58418 max_write_us=151 free_heap=250036 min_free_heap=250036 usage_pct=17.59
BNO_TX kind=1 event=0 req=0 enq=0 drop=0 done=0 bytes=0
BNO_REPORT kind=1 report_id=0 interval_us=0 requested_hz=0.000 enable_ok=0 enable_fail=0 callback=0 switch=0 kind_convert=0 events=0 tx_req=0 tx_enq=0 tx_done=0 tx_drop=0 event_drop=0 reset_reconfig=0 effective_hz=0.000
BNO_TX kind=2 event=0 req=0 enq=0 drop=0 done=0 bytes=0
BNO_REPORT kind=2 report_id=0 interval_us=0 requested_hz=0.000 enable_ok=0 enable_fail=0 callback=0 switch=0 kind_convert=0 events=0 tx_req=0 tx_enq=0 tx_done=0 tx_drop=0 event_drop=0 reset_reconfig=0 effective_hz=0.000
BNO_TX kind=3 event=506 req=506 enq=506 drop=0 done=506 bytes=42504
BNO_REPORT kind=3 report_id=8 interval_us=20000 requested_hz=50.000 enable_ok=2 enable_fail=0 callback=1250 switch=1250 kind_convert=1250 events=1250 tx_req=506 tx_enq=506 tx_done=506 tx_drop=0 event_drop=0 reset_reconfig=1 effective_hz=50.014
BNO_TX kind=4 event=0 req=0 enq=0 drop=0 done=0 bytes=0
BNO_REPORT kind=4 report_id=0 interval_us=0 requested_hz=0.000 enable_ok=0 enable_fail=0 callback=0 switch=0 kind_convert=0 events=0 tx_req=0 tx_enq=0 tx_done=0 tx_drop=0 event_drop=0 reset_reconfig=0 effective_hz=0.000
BNO_TX kind=5 event=0 req=0 enq=0 drop=0 done=0 bytes=0
BNO_REPORT kind=5 report_id=0 interval_us=0 requested_hz=0.000 enable_ok=0 enable_fail=0 callback=0 switch=0 kind_convert=0 events=0 tx_req=0 tx_enq=0 tx_done=0 tx_drop=0 event_drop=0 reset_reconfig=0 effective_hz=0.000
DIAG state=FAULT dry=1 bno_ready=1 addr=0x4A init/reinit/poll=0/0/2599 event A/G/M=0/0/0 age_rx_us=4294967295/4294967295/4294967295
IMU cand/pair/call/ok=0/0/0/0 reject=0 dup/order/stale/dt/nonfinite/norm/queue=0/0/0/0/0/0/0 last_ok_age_us=4294967295 dt_us=0 align_samples=0 align_elapsed_us=0
HEALTH state=0 health=0 reason=imu_stale mount=0 imu_age_us=4294967295 imu_gaps=0 reversals=0 covariance=1 finite=1 gnss_age_us=140553718 tof_age_us=4294967295 obs=1
BNO_TS ACCEL events=0 unique=0 exact=1 overflow=0 dup=0 reverse=0 rollover=0 sensor_dt_us=0/0.00/0 rx_dt_us=0/0.00/0 pair_first=0/0 pair_last=0/0
BNO_TS GYRO events=0 unique=0 exact=1 overflow=0 dup=0 reverse=0 rollover=0 sensor_dt_us=0/0.00/0 rx_dt_us=0/0.00/0 pair_first=0/0 pair_last=0/0
BNO_TS MAG events=0 unique=0 exact=1 overflow=0 dup=0 reverse=0 rollover=0 sensor_dt_us=0/0.00/0 rx_dt_us=0/0.00/0 pair_first=0/0 pair_last=0/0
BNO_VEC ACCEL_SENSOR_AND_ESKF_INPUT events=0 nonfinite=0
BNO_VEC GYRO_SENSOR_AND_ESKF_INPUT events=0 nonfinite=0
BNO_VEC MAG_SENSOR events=0 nonfinite=0
LINK queue/drop/high=1/0/4 tof=5394
TXDIAG frames_s=118 bytes_s=16540 total_frames=3563 total_bytes=468832 queue=0 high=4 drops=0 bno_drop=0 partial=0 zero=0 write_calls=60570 max_write_us=151 free_heap=250036 min_free_heap=250036 usage_pct=17.95
BNO_TX kind=1 event=0 req=0 enq=0 drop=0 done=0 bytes=0
BNO_REPORT kind=1 report_id=0 interval_us=0 requested_hz=0.000 enable_ok=0 enable_fail=0 callback=0 switch=0 kind_convert=0 events=0 tx_req=0 tx_enq=0 tx_done=0 tx_drop=0 event_drop=0 reset_reconfig=0 effective_hz=0.000
BNO_TX kind=2 event=0 req=0 enq=0 drop=0 done=0 bytes=0
BNO_REPORT kind=2 report_id=0 interval_us=0 requested_hz=0.000 enable_ok=0 enable_fail=0 callback=0 switch=0 kind_convert=0 events=0 tx_req=0 tx_enq=0 tx_done=0 tx_drop=0 event_drop=0 reset_reconfig=0 effective_hz=0.000
BNO_TX kind=3 event=506 req=506 enq=506 drop=0 done=506 bytes=42504
BNO_REPORT kind=3 report_id=8 interval_us=20000 requested_hz=50.000 enable_ok=2 enable_fail=0 callback=1301 switch=1301 kind_convert=1301 events=1301 tx_req=506 tx_enq=506 tx_done=506 tx_drop=0 event_drop=0 reset_reconfig=1 effective_hz=50.014
BNO_TX kind=4 event=0 req=0 enq=0 drop=0 done=0 bytes=0
BNO_REPORT kind=4 report_id=0 interval_us=0 requested_hz=0.000 enable_ok=0 enable_fail=0 callback=0 switch=0 kind_convert=0 events=0 tx_req=0 tx_enq=0 tx_done=0 tx_drop=0 event_drop=0 reset_reconfig=0 effective_hz=0.000
BNO_TX kind=5 event=0 req=0 enq=0 drop=0 done=0 bytes=0
BNO_REPORT kind=5 report_id=0 interval_us=0 requested_hz=0.000 enable_ok=0 enable_fail=0 callback=0 switch=0 kind_convert=0 events=0 tx_req=0 tx_enq=0 tx_done=0 tx_drop=0 event_drop=0 reset_reconfig=0 effective_hz=0.000
DIAG state=FAULT dry=1 bno_ready=1 addr=0x4A init/reinit/poll=0/0/2699 event A/G/M=0/0/0 age_rx_us=4294967295/4294967295/4294967295
IMU cand/pair/call/ok=0/0/0/0 reject=0 dup/order/stale/dt/nonfinite/norm/queue=0/0/0/0/0/0/0 last_ok_age_us=4294967295 dt_us=0 align_samples=0 align_elapsed_us=0
HEALTH state=0 health=0 reason=imu_stale mount=0 imu_age_us=4294967295 imu_gaps=0 reversals=0 covariance=1 finite=1 gnss_age_us=140551175 tof_age_us=4294967295 obs=1
BNO_TS ACCEL events=0 unique=0 exact=1 overflow=0 dup=0 reverse=0 rollover=0 sensor_dt_us=0/0.00/0 rx_dt_us=0/0.00/0 pair_first=0/0 pair_last=0/0
BNO_TS GYRO events=0 unique=0 exact=1 overflow=0 dup=0 reverse=0 rollover=0 sensor_dt_us=0/0.00/0 rx_dt_us=0/0.00/0 pair_first=0/0 pair_last=0/0
BNO_TS MAG events=0 unique=0 exact=1 overflow=0 dup=0 reverse=0 rollover=0 sensor_dt_us=0/0.00/0 rx_dt_us=0/0.00/0 pair_first=0/0 pair_last=0/0
BNO_VEC ACCEL_SENSOR_AND_ESKF_INPUT events=0 nonfinite=0
BNO_VEC GYRO_SENSOR_AND_ESKF_INPUT events=0 nonfinite=0
BNO_VEC MAG_SENSOR events=0 nonfinite=0
LINK queue/drop/high=0/0/4 tof=5424
TXDIAG frames_s=118 bytes_s=16487 total_frames=3682 total_bytes=485336 queue=0 high=4 drops=0 bno_drop=0 partial=0 zero=0 write_calls=62800 max_write_us=151 free_heap=250036 min_free_heap=250036 usage_pct=17.89
BNO_TX kind=1 event=0 req=0 enq=0 drop=0 done=0 bytes=0
BNO_REPORT kind=1 report_id=0 interval_us=0 requested_hz=0.000 enable_ok=0 enable_fail=0 callback=0 switch=0 kind_convert=0 events=0 tx_req=0 tx_enq=0 tx_done=0 tx_drop=0 event_drop=0 reset_reconfig=0 effective_hz=0.000
BNO_TX kind=2 event=0 req=0 enq=0 drop=0 done=0 bytes=0
BNO_REPORT kind=2 report_id=0 interval_us=0 requested_hz=0.000 enable_ok=0 enable_fail=0 callback=0 switch=0 kind_convert=0 events=0 tx_req=0 tx_enq=0 tx_done=0 tx_drop=0 event_drop=0 reset_reconfig=0 effective_hz=0.000
BNO_TX kind=3 event=506 req=506 enq=506 drop=0 done=506 bytes=42504
BNO_REPORT kind=3 report_id=8 interval_us=20000 requested_hz=50.000 enable_ok=2 enable_fail=0 callback=1351 switch=1351 kind_convert=1351 events=1351 tx_req=506 tx_enq=506 tx_done=506 tx_drop=0 event_drop=0 reset_reconfig=1 effective_hz=50.014
BNO_TX kind=4 event=0 req=0 enq=0 drop=0 done=0 bytes=0
BNO_REPORT kind=4 report_id=0 interval_us=0 requested_hz=0.000 enable_ok=0 enable_fail=0 callback=0 switch=0 kind_convert=0 events=0 tx_req=0 tx_enq=0 tx_done=0 tx_drop=0 event_drop=0 reset_reconfig=0 effective_hz=0.000
BNO_TX kind=5 event=0 req=0 enq=0 drop=0 done=0 bytes=0
BNO_REPORT kind=5 report_id=0 interval_us=0 requested_hz=0.000 enable_ok=0 enable_fail=0 callback=0 switch=0 kind_convert=0 events=0 tx_req=0 tx_enq=0 tx_done=0 tx_drop=0 event_drop=0 reset_reconfig=0 effective_hz=0.000
DIAG state=FAULT dry=1 bno_ready=1 addr=0x4A init/reinit/poll=0/0/2801 event A/G/M=0/0/0 age_rx_us=4294967295/4294967295/4294967295
IMU cand/pair/call/ok=0/0/0/0 reject=0 dup/order/stale/dt/nonfinite/norm/queue=0/0/0/0/0/0/0 last_ok_age_us=4294967295 dt_us=0 align_samples=0 align_elapsed_us=0
HEALTH state=0 health=0 reason=imu_stale mount=0 imu_age_us=4294967295 imu_gaps=0 reversals=0 covariance=1 finite=1 gnss_age_us=140555567 tof_age_us=4294967295 obs=1
BNO_TS ACCEL events=0 unique=0 exact=1 overflow=0 dup=0 reverse=0 rollover=0 sensor_dt_us=0/0.00/0 rx_dt_us=0/0.00/0 pair_first=0/0 pair_last=0/0
BNO_TS GYRO events=0 unique=0 exact=1 overflow=0 dup=0 reverse=0 rollover=0 sensor_dt_us=0/0.00/0 rx_dt_us=0/0.00/0 pair_first=0/0 pair_last=0/0
BNO_TS MAG events=0 unique=0 exact=1 overflow=0 dup=0 reverse=0 rollover=0 sensor_dt_us=0/0.00/0 rx_dt_us=0/0.00/0 pair_first=0/0 pair_last=0/0
BNO_VEC ACCEL_SENSOR_AND_ESKF_INPUT events=0 nonfinite=0
BNO_VEC GYRO_SENSOR_AND_ESKF_INPUT events=0 nonfinite=0
BNO_VEC MAG_SENSOR events=0 nonfinite=0
LINK queue/drop/high=1/0/4 tof=5455
TXDIAG frames_s=118 bytes_s=16507 total_frames=3801 total_bytes=501976 queue=0 high=4 drops=0 bno_drop=0 partial=0 zero=0 write_calls=65111 max_write_us=151 free_heap=250036 min_free_heap=250036 usage_pct=17.91
BNO_TX kind=1 event=0 req=0 enq=0 drop=0 done=0 bytes=0
BNO_REPORT kind=1 report_id=0 interval_us=0 requested_hz=0.000 enable_ok=0 enable_fail=0 callback=0 switch=0 kind_convert=0 events=0 tx_req=0 tx_enq=0 tx_done=0 tx_drop=0 event_drop=0 reset_reconfig=0 effective_hz=0.000
BNO_TX kind=2 event=0 req=0 enq=0 drop=0 done=0 bytes=0
BNO_REPORT kind=2 report_id=0 interval_us=0 requested_hz=0.000 enable_ok=0 enable_fail=0 callback=0 switch=0 kind_convert=0 events=0 tx_req=0 tx_enq=0 tx_done=0 tx_drop=0 event_drop=0 reset_reconfig=0 effective_hz=0.000
BNO_TX kind=3 event=506 req=506 enq=506 drop=0 done=506 bytes=42504
BNO_REPORT kind=3 report_id=8 interval_us=20000 requested_hz=50.000 enable_ok=2 enable_fail=0 callback=1401 switch=1401 kind_convert=1401 events=1401 tx_req=506 tx_enq=506 tx_done=506 tx_drop=0 event_drop=0 reset_reconfig=1 effective_hz=50.012
BNO_TX kind=4 event=0 req=0 enq=0 drop=0 done=0 bytes=0
BNO_REPORT kind=4 report_id=0 interval_us=0 requested_hz=0.000 enable_ok=0 enable_fail=0 callback=0 switch=0 kind_convert=0 events=0 tx_req=0 tx_enq=0 tx_done=0 tx_drop=0 event_drop=0 reset_reconfig=0 effective_hz=0.000
BNO_TX kind=5 event=0 req=0 enq=0 drop=0 done=0 bytes=0
BNO_REPORT kind=5 report_id=0 interval_us=0 requested_hz=0.000 enable_ok=0 enable_fail=0 callback=0 switch=0 kind_convert=0 events=0 tx_req=0 tx_enq=0 tx_done=0 tx_drop=0 event_drop=0 reset_reconfig=0 effective_hz=0.000
DIAG state=FAULT dry=1 bno_ready=1 addr=0x4A init/reinit/poll=0/0/2901 event A/G/M=0/0/0 age_rx_us=4294967295/4294967295/4294967295
IMU cand/pair/call/ok=0/0/0/0 reject=0 dup/order/stale/dt/nonfinite/norm/queue=0/0/0/0/0/0/0 last_ok_age_us=4294967295 dt_us=0 align_samples=0 align_elapsed_us=0
HEALTH state=0 health=0 reason=imu_stale mount=0 imu_age_us=4294967295 imu_gaps=0 reversals=0 covariance=1 finite=1 gnss_age_us=140560981 tof_age_us=4294967295 obs=1
BNO_TS ACCEL events=0 unique=0 exact=1 overflow=0 dup=0 reverse=0 rollover=0 sensor_dt_us=0/0.00/0 rx_dt_us=0/0.00/0 pair_first=0/0 pair_last=0/0
BNO_TS GYRO events=0 unique=0 exact=1 overflow=0 dup=0 reverse=0 rollover=0 sensor_dt_us=0/0.00/0 rx_dt_us=0/0.00/0 pair_first=0/0 pair_last=0/0
BNO_TS MAG events=0 unique=0 exact=1 overflow=0 dup=0 reverse=0 rollover=0 sensor_dt_us=0/0.00/0 rx_dt_us=0/0.00/0 pair_first=0/0 pair_last=0/0
BNO_VEC ACCEL_SENSOR_AND_ESKF_INPUT events=0 nonfinite=0
BNO_VEC GYRO_SENSOR_AND_ESKF_INPUT events=0 nonfinite=0
BNO_VEC MAG_SENSOR events=0 nonfinite=0
LINK queue/drop/high=0/0/4 tof=5485
TXDIAG frames_s=117 bytes_s=16264 total_frames=3918 total_bytes=518224 queue=0 high=4 drops=0 bno_drop=0 partial=0 zero=0 write_calls=67351 max_write_us=151 free_heap=250036 min_free_heap=250036 usage_pct=17.65
BNO_TX kind=1 event=0 req=0 enq=0 drop=0 done=0 bytes=0
BNO_REPORT kind=1 report_id=0 interval_us=0 requested_hz=0.000 enable_ok=0 enable_fail=0 callback=0 switch=0 kind_convert=0 events=0 tx_req=0 tx_enq=0 tx_done=0 tx_drop=0 event_drop=0 reset_reconfig=0 effective_hz=0.000
BNO_TX kind=2 event=0 req=0 enq=0 drop=0 done=0 bytes=0
BNO_REPORT kind=2 report_id=0 interval_us=0 requested_hz=0.000 enable_ok=0 enable_fail=0 callback=0 switch=0 kind_convert=0 events=0 tx_req=0 tx_enq=0 tx_done=0 tx_drop=0 event_drop=0 reset_reconfig=0 effective_hz=0.000
BNO_TX kind=3 event=506 req=506 enq=506 drop=0 done=506 bytes=42504
BNO_REPORT kind=3 report_id=8 interval_us=20000 requested_hz=50.000 enable_ok=2 enable_fail=0 callback=1451 switch=1451 kind_convert=1451 events=1451 tx_req=506 tx_enq=506 tx_done=506 tx_drop=0 event_drop=0 reset_reconfig=1 effective_hz=50.014
BNO_TX kind=4 event=0 req=0 enq=0 drop=0 done=0 bytes=0
BNO_REPORT kind=4 report_id=0 interval_us=0 requested_hz=0.000 enable_ok=0 enable_fail=0 callback=0 switch=0 kind_convert=0 events=0 tx_req=0 tx_enq=0 tx_done=0 tx_drop=0 event_drop=0 reset_reconfig=0 effective_hz=0.000
BNO_TX kind=5 event=0 req=0 enq=0 drop=0 done=0 bytes=0
BNO_REPORT kind=5 report_id=0 interval_us=0 requested_hz=0.000 enable_ok=0 enable_fail=0 callback=0 switch=0 kind_convert=0 events=0 tx_req=0 tx_enq=0 tx_done=0 tx_drop=0 event_drop=0 reset_reconfig=0 effective_hz=0.000
DIAG state=FAULT dry=1 bno_ready=1 addr=0x4A init/reinit/poll=0/0/3001 event A/G/M=0/0/0 age_rx_us=4294967295/4294967295/4294967295
IMU cand/pair/call/ok=0/0/0/0 reject=0 dup/order/stale/dt/nonfinite/norm/queue=0/0/0/0/0/0/0 last_ok_age_us=4294967295 dt_us=0 align_samples=0 align_elapsed_us=0
HEALTH state=0 health=0 reason=imu_stale mount=0 imu_age_us=4294967295 imu_gaps=0 reversals=0 covariance=1 finite=1 gnss_age_us=140566876 tof_age_us=4294967295 obs=1
BNO_TS ACCEL events=0 unique=0 exact=1 overflow=0 dup=0 reverse=0 rollover=0 sensor_dt_us=0/0.00/0 rx_dt_us=0/0.00/0 pair_first=0/0 pair_last=0/0
BNO_TS GYRO events=0 unique=0 exact=1 overflow=0 dup=0 reverse=0 rollover=0 sensor_dt_us=0/0.00/0 rx_dt_us=0/0.00/0 pair_first=0/0 pair_last=0/0
BNO_TS MAG events=0 unique=0 exact=1 overflow=0 dup=0 reverse=0 rollover=0 sensor_dt_us=0/0.00/0 rx_dt_us=0/0.00/0 pair_first=0/0 pair_last=0/0
BNO_VEC ACCEL_SENSOR_AND_ESKF_INPUT events=0 nonfinite=0
BNO_VEC GYRO_SENSOR_AND_ESKF_INPUT events=0 nonfinite=0
BNO_VEC MAG_SENSOR events=0 nonfinite=0
LINK queue/drop/high=1/0/4 tof=5516
TXDIAG frames_s=117 bytes_s=16469 total_frames=4036 total_bytes=534792 queue=0 high=4 drops=0 bno_drop=0 partial=0 zero=0 write_calls=69593 max_write_us=151 free_heap=250036 min_free_heap=250036 usage_pct=17.87
BNO_TX kind=1 event=0 req=0 enq=0 drop=0 done=0 bytes=0
BNO_REPORT kind=1 report_id=0 interval_us=0 requested_hz=0.000 enable_ok=0 enable_fail=0 callback=0 switch=0 kind_convert=0 events=0 tx_req=0 tx_enq=0 tx_done=0 tx_drop=0 event_drop=0 reset_reconfig=0 effective_hz=0.000
BNO_TX kind=2 event=0 req=0 enq=0 drop=0 done=0 bytes=0
BNO_REPORT kind=2 report_id=0 interval_us=0 requested_hz=0.000 enable_ok=0 enable_fail=0 callback=0 switch=0 kind_convert=0 events=0 tx_req=0 tx_enq=0 tx_done=0 tx_drop=0 event_drop=0 reset_reconfig=0 effective_hz=0.000
BNO_TX kind=3 event=506 req=506 enq=506 drop=0 done=506 bytes=42504
BNO_REPORT kind=3 report_id=8 interval_us=20000 requested_hz=50.000 enable_ok=2 enable_fail=0 callback=1501 switch=1501 kind_convert=1501 events=1501 tx_req=506 tx_enq=506 tx_done=506 tx_drop=0 event_drop=0 reset_reconfig=1 effective_hz=50.014
BNO_TX kind=4 event=0 req=0 enq=0 drop=0 done=0 bytes=0
BNO_REPORT kind=4 report_id=0 interval_us=0 requested_hz=0.000 enable_ok=0 enable_fail=0 callback=0 switch=0 kind_convert=0 events=0 tx_req=0 tx_enq=0 tx_done=0 tx_drop=0 event_drop=0 reset_reconfig=0 effective_hz=0.000
BNO_TX kind=5 event=0 req=0 enq=0 drop=0 done=0 bytes=0
BNO_REPORT kind=5 report_id=0 interval_us=0 requested_hz=0.000 enable_ok=0 enable_fail=0 callback=0 switch=0 kind_convert=0 events=0 tx_req=0 tx_enq=0 tx_done=0 tx_drop=0 event_drop=0 reset_reconfig=0 effective_hz=0.000
