XIAO UART baud=921600 rx=GPIO8 tx=GPIO9 bytes=719815 frames=6699 bytes_s=14052 frames_s=130 crc/cobs/len=0/1/0 seqgap=44 age_ms=15 type=56 log=0 q=0 rec=0 final=0
RXDIAG max_us=1856 budget_hits=0 byte/frame/time=0/0/0 rx_buf_max=260 loop_period_max_us=95305 loop_exec_max_us=20936 free_heap=153628 min_free_heap=153364 reset_reason=0 bno_kind_1to5_s=0/0/0/0/0 queue=0 high=0 drops=0
RXDETAIL service_calls=48842 service_bytes_avg=14 service_bytes_max=0 service_frames_avg=0 service_frames_max=0 service_bytes_s=14140 service_frames_s=131 rxbuf_full_obs=0 bno_valid=0 bno_invalid=0 unknown=0 uart_overflow=framework_unavailable trial_rx_bytes=719903 trial_frames=6700 trial_bno=0 trial_crc/cobs/len=0/1/0
RXTASK mode=dispatch read_calls=48843 zero_reads=41622 read_bytes_max=260 rx_task_max_us=1856 rx_task_continuous_max_us=1856 stack_hwm_min_bytes=4920 cobs_delimiters=6702 rx_current=0 rx_max=260 rx_full=0 overflow=framework_unavailable
XIAO UART baud=921600 rx=GPIO8 tx=GPIO9 bytes=733863 frames=6830 bytes_s=14048 frames_s=131 crc/cobs/len=0/1/0 seqgap=48 age_ms=0 type=5 log=0 q=0 rec=0 final=0
RXDIAG max_us=1856 budget_hits=0 byte/frame/time=0/0/0 rx_buf_max=260 loop_period_max_us=95305 loop_exec_max_us=20936 free_heap=153628 min_free_heap=153364 reset_reason=0 bno_kind_1to5_s=0/0/0/0/0 queue=0 high=0 drops=0
RXDETAIL service_calls=49784 service_bytes_avg=14 service_bytes_max=0 service_frames_avg=0 service_frames_max=0 service_bytes_s=13960 service_frames_s=130 rxbuf_full_obs=0 bno_valid=0 bno_invalid=0 unknown=0 uart_overflow=framework_unavailable trial_rx_bytes=733863 trial_frames=6830 trial_bno=0 trial_crc/cobs/len=0/1/0
RXTASK mode=dispatch read_calls=49785 zero_reads=42434 read_bytes_max=260 rx_task_max_us=1856 rx_task_continuous_max_us=1856 stack_hwm_min_bytes=4920 cobs_delimiters=6831 rx_current=0 rx_max=260 rx_full=0 overflow=framework_unavailable
XIAO UART baud=921600 rx=GPIO8 tx=GPIO9 bytes=748047 frames=6963 bytes_s=14184 frames_s=133 crc/cobs/len=0/1/0 seqgap=48 age_ms=0 type=7 log=0 q=0 rec=0 final=0
RXDIAG max_us=1961 budget_hits=0 byte/frame/time=0/0/0 rx_buf_max=272 loop_period_max_us=95305 loop_exec_max_us=21123 free_heap=153628 min_free_heap=153364 reset_reason=0 bno_kind_1to5_s=0/0/0/0/0 queue=0 high=0 drops=0
RXDETAIL service_calls=50737 service_bytes_avg=14 service_bytes_max=0 service_frames_avg=0 service_frames_max=0 service_bytes_s=14224 service_frames_s=134 rxbuf_full_obs=0 bno_valid=0 bno_invalid=0 unknown=0 uart_overflow=framework_unavailable trial_rx_bytes=748087 trial_frames=6964 trial_bno=0 trial_crc/cobs/len=0/1/0
RXTASK mode=dispatch read_calls=50739 zero_reads=43263 read_bytes_max=272 rx_task_max_us=1961 rx_task_continuous_max_us=1961 stack_hwm_min_bytes=4920 cobs_delimiters=6966 rx_current=0 rx_max=272 rx_full=0 overflow=framework_unavailable
XIAO UART baud=921600 rx=GPIO8 tx=GPIO9 bytes=762231 frames=7095 bytes_s=14184 frames_s=132 crc/cobs/len=0/1/0 seqgap=48 age_ms=0 type=24 log=0 q=0 rec=0 final=0
RXDIAG max_us=1961 budget_hits=0 byte/frame/time=0/0/0 rx_buf_max=272 loop_period_max_us=95305 loop_exec_max_us=21123 free_heap=153628 min_free_heap=153364 reset_reason=0 bno_kind_1to5_s=0/0/0/0/0 queue=0 high=0 drops=0
RXDETAIL service_calls=51693 service_bytes_avg=14 service_bytes_max=0 service_frames_avg=0 service_frames_max=0 service_bytes_s=14232 service_frames_s=132 rxbuf_full_obs=0 bno_valid=0 bno_invalid=0 unknown=0 uart_overflow=framework_unavailable trial_rx_bytes=762319 trial_frames=7096 trial_bno=0 trial_crc/cobs/len=0/1/0
RXTASK mode=dispatch read_calls=51695 zero_reads=44090 read_bytes_max=272 rx_task_max_us=1961 rx_task_continuous_max_us=1961 stack_hwm_min_bytes=4920 cobs_delimiters=7097 rx_current=0 rx_max=272 rx_full=0 overflow=framework_unavailable
XIAO UART baud=921600 rx=GPIO8 tx=GPIO9 bytes=776187 frames=7225 bytes_s=13956 frames_s=130 crc/cobs/len=0/1/0 seqgap=48 age_ms=9 type=32 log=0 q=0 rec=0 final=0
RXDIAG max_us=1961 budget_hits=0 byte/frame/time=0/0/0 rx_buf_max=272 loop_period_max_us=95305 loop_exec_max_us=21123 free_heap=152828 min_free_heap=152172 reset_reason=0 bno_kind_1to5_s=0/0/0/0/0 queue=0 high=0 drops=0
RXDETAIL service_calls=52631 service_bytes_avg=14 service_bytes_max=0 service_frames_avg=0 service_frames_max=0 service_bytes_s=13868 service_frames_s=129 rxbuf_full_obs=0 bno_valid=0 bno_invalid=0 unknown=0 uart_overflow=framework_unavailable trial_rx_bytes=776187 trial_frames=7225 trial_bno=0 trial_crc/cobs/len=0/1/0
RXTASK mode=dispatch read_calls=52633 zero_reads=44893 read_bytes_max=272 rx_task_max_us=1961 rx_task_continuous_max_us=1961 stack_hwm_min_bytes=4920 cobs_delimiters=7226 rx_current=0 rx_max=272 rx_full=0 overflow=framework_unavailable
TRIAL_START mode=raw rx_bytes=0 service_bytes=0 frames=0 bno_valid=0 seq_gap=0 crc/cobs/len=0/0/0 unknown=0 bno_invalid=0 rxbuf_full=0 service_calls=0 read_calls=0 zero_reads=0 delimiters=0 bno_kind=0/0/0/0/0 bno_log_enqueue=0
XIAO UART baud=921600 rx=GPIO8 tx=GPIO9 bytes=793463 frames=0 bytes_s=17276 frames_s=0 crc/cobs/len=0/1/0 seqgap=48 age_ms=374 type=24 log=1 q=0 rec=5 final=0
RXDIAG max_us=1961 budget_hits=0 byte/frame/time=0/0/0 rx_buf_max=272 loop_period_max_us=97682 loop_exec_max_us=96758 free_heap=147780 min_free_heap=144464 reset_reason=0 bno_kind_1to5_s=0/0/0/0/0 queue=0 high=1 drops=0
RXDETAIL service_calls=53591 service_bytes_avg=14 service_bytes_max=0 service_frames_avg=0 service_frames_max=0 service_bytes_s=17396 service_frames_s=0 rxbuf_full_obs=0 bno_valid=0 bno_invalid=0 unknown=0 uart_overflow=framework_unavailable trial_rx_bytes=7280 trial_frames=0 trial_bno=0 trial_crc/cobs/len=0/0/0
RXTASK mode=raw read_calls=53593 zero_reads=45669 read_bytes_max=272 rx_task_max_us=1961 rx_task_continuous_max_us=1961 stack_hwm_min_bytes=4920 cobs_delimiters=7398 rx_current=0 rx_max=272 rx_full=0 overflow=framework_unavailable
XIAO UART baud=921600 rx=GPIO8 tx=GPIO9 bytes=819075 frames=0 bytes_s=25612 frames_s=0 crc/cobs/len=0/1/0 seqgap=48 age_ms=1374 type=24 log=1 q=1 rec=48 final=0
RXDIAG max_us=1961 budget_hits=0 byte/frame/time=0/0/0 rx_buf_max=272 loop_period_max_us=97682 loop_exec_max_us=96758 free_heap=147780 min_free_heap=144464 reset_reason=0 bno_kind_1to5_s=0/0/0/0/0 queue=1 high=3 drops=0
RXDETAIL service_calls=54582 service_bytes_avg=15 service_bytes_max=0 service_frames_avg=0 service_frames_max=0 service_bytes_s=25640 service_frames_s=0 rxbuf_full_obs=0 bno_valid=0 bno_invalid=0 unknown=0 uart_overflow=framework_unavailable trial_rx_bytes=32920 trial_frames=0 trial_bno=0 trial_crc/cobs/len=0/0/0
RXTASK mode=raw read_calls=54584 zero_reads=46403 read_bytes_max=272 rx_task_max_us=1961 rx_task_continuous_max_us=1961 stack_hwm_min_bytes=4920 cobs_delimiters=7666 rx_current=0 rx_max=272 rx_full=0 overflow=framework_unavailable
XIAO UART baud=921600 rx=GPIO8 tx=GPIO9 bytes=845031 frames=0 bytes_s=25956 frames_s=0 crc/cobs/len=0/1/0 seqgap=48 age_ms=2375 type=24 log=1 q=1 rec=93 final=0
RXDIAG max_us=1961 budget_hits=0 byte/frame/time=0/0/0 rx_buf_max=272 loop_period_max_us=97682 loop_exec_max_us=96758 free_heap=147780 min_free_heap=144464 reset_reason=0 bno_kind_1to5_s=0/0/0/0/0 queue=1 high=9 drops=0
RXDETAIL service_calls=55574 service_bytes_avg=15 service_bytes_max=0 service_frames_avg=0 service_frames_max=0 service_bytes_s=25808 service_frames_s=0 rxbuf_full_obs=0 bno_valid=0 bno_invalid=0 unknown=0 uart_overflow=framework_unavailable trial_rx_bytes=58728 trial_frames=0 trial_bno=0 trial_crc/cobs/len=0/0/0
RXTASK mode=raw read_calls=55575 zero_reads=47123 read_bytes_max=272 rx_task_max_us=1961 rx_task_continuous_max_us=1961 stack_hwm_min_bytes=4920 cobs_delimiters=7937 rx_current=56 rx_max=272 rx_full=0 overflow=framework_unavailable
XIAO UART baud=921600 rx=GPIO8 tx=GPIO9 bytes=870843 frames=0 bytes_s=25812 frames_s=0 crc/cobs/len=0/1/0 seqgap=48 age_ms=3376 type=24 log=1 q=1 rec=138 final=0
RXDIAG max_us=1961 budget_hits=0 byte/frame/time=0/0/0 rx_buf_max=272 loop_period_max_us=97682 loop_exec_max_us=96758 free_heap=147780 min_free_heap=144464 reset_reason=0 bno_kind_1to5_s=0/0/0/0/0 queue=1 high=9 drops=0
RXDETAIL service_calls=56566 service_bytes_avg=15 service_bytes_max=0 service_frames_avg=0 service_frames_max=0 service_bytes_s=25900 service_frames_s=0 rxbuf_full_obs=0 bno_valid=0 bno_invalid=0 unknown=0 uart_overflow=framework_unavailable trial_rx_bytes=84628 trial_frames=0 trial_bno=0 trial_crc/cobs/len=0/0/0
RXTASK mode=raw read_calls=56567 zero_reads=47843 read_bytes_max=272 rx_task_max_us=1961 rx_task_continuous_max_us=1961 stack_hwm_min_bytes=4920 cobs_delimiters=8208 rx_current=0 rx_max=272 rx_full=0 overflow=framework_unavailable
XIAO UART baud=921600 rx=GPIO8 tx=GPIO9 bytes=896651 frames=0 bytes_s=25808 frames_s=0 crc/cobs/len=0/1/0 seqgap=48 age_ms=4377 type=24 log=1 q=1 rec=183 final=0
RXDIAG max_us=1961 budget_hits=0 byte/frame/time=0/0/0 rx_buf_max=272 loop_period_max_us=97682 loop_exec_max_us=96758 free_heap=147720 min_free_heap=142604 reset_reason=0 bno_kind_1to5_s=0/0/0/0/0 queue=1 high=9 drops=0
RXDETAIL service_calls=57557 service_bytes_avg=15 service_bytes_max=0 service_frames_avg=0 service_frames_max=0 service_bytes_s=25804 service_frames_s=0 rxbuf_full_obs=0 bno_valid=0 bno_invalid=0 unknown=0 uart_overflow=framework_unavailable trial_rx_bytes=110432 trial_frames=0 trial_bno=0 trial_crc/cobs/len=0/0/0
RXTASK mode=raw read_calls=57558 zero_reads=48559 read_bytes_max=272 rx_task_max_us=1961 rx_task_continuous_max_us=1961 stack_hwm_min_bytes=4920 cobs_delimiters=8479 rx_current=56 rx_max=272 rx_full=0 overflow=framework_unavailable
XIAO UART baud=921600 rx=GPIO8 tx=GPIO9 bytes=922411 frames=0 bytes_s=25760 frames_s=0 crc/cobs/len=0/1/0 seqgap=48 age_ms=5378 type=24 log=1 q=1 rec=229 final=0
RXDIAG max_us=1961 budget_hits=0 byte/frame/time=0/0/0 rx_buf_max=272 loop_period_max_us=97682 loop_exec_max_us=96758 free_heap=147728 min_free_heap=142604 reset_reason=0 bno_kind_1to5_s=0/0/0/0/0 queue=1 high=12 drops=0
RXDETAIL service_calls=58548 service_bytes_avg=15 service_bytes_max=0 service_frames_avg=0 service_frames_max=0 service_bytes_s=25676 service_frames_s=0 rxbuf_full_obs=0 bno_valid=0 bno_invalid=0 unknown=0 uart_overflow=framework_unavailable trial_rx_bytes=136108 trial_frames=0 trial_bno=0 trial_crc/cobs/len=0/0/0
RXTASK mode=raw read_calls=58549 zero_reads=49281 read_bytes_max=272 rx_task_max_us=1961 rx_task_continuous_max_us=1961 stack_hwm_min_bytes=4920 cobs_delimiters=8749 rx_current=0 rx_max=272 rx_full=0 overflow=framework_unavailable
XIAO UART baud=921600 rx=GPIO8 tx=GPIO9 bytes=948307 frames=0 bytes_s=25896 frames_s=0 crc/cobs/len=0/1/0 seqgap=48 age_ms=6378 type=24 log=1 q=1 rec=275 final=0
RXDIAG max_us=1961 budget_hits=0 byte/frame/time=0/0/0 rx_buf_max=272 loop_period_max_us=97682 loop_exec_max_us=96758 free_heap=147728 min_free_heap=142604 reset_reason=0 bno_kind_1to5_s=0/0/0/0/0 queue=1 high=12 drops=0
RXDETAIL service_calls=59536 service_bytes_avg=15 service_bytes_max=0 service_frames_avg=0 service_frames_max=0 service_bytes_s=25896 service_frames_s=0 rxbuf_full_obs=0 bno_valid=0 bno_invalid=0 unknown=0 uart_overflow=framework_unavailable trial_rx_bytes=162004 trial_frames=0 trial_bno=0 trial_crc/cobs/len=0/0/0
RXTASK mode=raw read_calls=59538 zero_reads=50005 read_bytes_max=272 rx_task_max_us=1961 rx_task_continuous_max_us=1961 stack_hwm_min_bytes=4920 cobs_delimiters=9021 rx_current=0 rx_max=272 rx_full=0 overflow=framework_unavailable
XIAO UART baud=921600 rx=GPIO8 tx=GPIO9 bytes=973887 frames=0 bytes_s=25580 frames_s=0 crc/cobs/len=0/1/0 seqgap=48 age_ms=7378 type=24 log=1 q=1 rec=321 final=0
RXDIAG max_us=1961 budget_hits=0 byte/frame/time=0/0/0 rx_buf_max=272 loop_period_max_us=97682 loop_exec_max_us=96758 free_heap=147728 min_free_heap=142604 reset_reason=0 bno_kind_1to5_s=0/0/0/0/0 queue=1 high=12 drops=0
RXDETAIL service_calls=60527 service_bytes_avg=16 service_bytes_max=0 service_frames_avg=0 service_frames_max=0 service_bytes_s=25728 service_frames_s=0 rxbuf_full_obs=0 bno_valid=0 bno_invalid=0 unknown=0 uart_overflow=framework_unavailable trial_rx_bytes=187732 trial_frames=0 trial_bno=0 trial_crc/cobs/len=0/0/0
RXTASK mode=raw read_calls=60529 zero_reads=50724 read_bytes_max=272 rx_task_max_us=1961 rx_task_continuous_max_us=1961 stack_hwm_min_bytes=4920 cobs_delimiters=9290 rx_current=56 rx_max=272 rx_full=0 overflow=framework_unavailable
XIAO UART baud=921600 rx=GPIO8 tx=GPIO9 bytes=999843 frames=0 bytes_s=25956 frames_s=0 crc/cobs/len=0/1/0 seqgap=48 age_ms=8378 type=24 log=1 q=1 rec=367 final=0
RXDIAG max_us=1961 budget_hits=0 byte/frame/time=0/0/0 rx_buf_max=272 loop_period_max_us=97682 loop_exec_max_us=96758 free_heap=147504 min_free_heap=142604 reset_reason=0 bno_kind_1to5_s=0/0/0/0/0 queue=1 high=12 drops=0
RXDETAIL service_calls=61520 service_bytes_avg=16 service_bytes_max=0 service_frames_avg=0 service_frames_max=0 service_bytes_s=25808 service_frames_s=0 rxbuf_full_obs=0 bno_valid=0 bno_invalid=0 unknown=0 uart_overflow=framework_unavailable trial_rx_bytes=213540 trial_frames=0 trial_bno=0 trial_crc/cobs/len=0/0/0
RXTASK mode=raw read_calls=61521 zero_reads=51446 read_bytes_max=272 rx_task_max_us=1961 rx_task_continuous_max_us=1961 stack_hwm_min_bytes=4920 cobs_delimiters=9561 rx_current=56 rx_max=272 rx_full=0 overflow=framework_unavailable
XIAO UART baud=921600 rx=GPIO8 tx=GPIO9 bytes=1025051 frames=0 bytes_s=25208 frames_s=0 crc/cobs/len=0/1/0 seqgap=48 age_ms=9380 type=24 log=1 q=1 rec=413 final=0
RXDIAG max_us=1961 budget_hits=0 byte/frame/time=0/0/0 rx_buf_max=272 loop_period_max_us=97682 loop_exec_max_us=96758 free_heap=147504 min_free_heap=142604 reset_reason=0 bno_kind_1to5_s=0/0/0/0/0 queue=1 high=12 drops=0
RXDETAIL service_calls=62511 service_bytes_avg=16 service_bytes_max=0 service_frames_avg=0 service_frames_max=0 service_bytes_s=25328 service_frames_s=0 rxbuf_full_obs=0 bno_valid=0 bno_invalid=0 unknown=0 uart_overflow=framework_unavailable trial_rx_bytes=238868 trial_frames=0 trial_bno=0 trial_crc/cobs/len=0/0/0
RXTASK mode=raw read_calls=62513 zero_reads=52182 read_bytes_max=272 rx_task_max_us=1961 rx_task_continuous_max_us=1961 stack_hwm_min_bytes=4920 cobs_delimiters=9828 rx_current=0 rx_max=272 rx_full=0 overflow=framework_unavailable
SDTRACE count=29 write_calls=120
SDTRACE us=57609167 src=log_start op=mkdir ok=1 rec=0 q=0 req=0 actual=0
SDTRACE us=57613391 src=log_start op=exists ok=1 rec=0 q=0 req=0 actual=0
SDTRACE us=57618245 src=log_start op=exists ok=1 rec=0 q=0 req=0 actual=0
SDTRACE us=57622835 src=log_start op=exists ok=1 rec=0 q=0 req=0 actual=0
SDTRACE us=57627709 src=log_start op=exists ok=1 rec=0 q=0 req=0 actual=0
SDTRACE us=57632545 src=log_start op=exists ok=1 rec=0 q=0 req=0 actual=0
SDTRACE us=57637321 src=log_start op=exists ok=1 rec=0 q=0 req=0 actual=0
SDTRACE us=57642317 src=log_start op=exists ok=1 rec=0 q=0 req=0 actual=0
SDTRACE us=57647195 src=log_start op=exists ok=1 rec=0 q=0 req=0 actual=0
SDTRACE us=57651778 src=log_start op=exists ok=1 rec=0 q=0 req=0 actual=0
SDTRACE us=57661284 src=log_start op=exists ok=1 rec=0 q=0 req=0 actual=0
SDTRACE us=57669685 src=log_start op=exists ok=1 rec=0 q=0 req=0 actual=0
SDTRACE us=57677591 src=log_start op=exists ok=0 rec=0 q=0 req=0 actual=0
SDTRACE us=57695154 src=log_start op=open ok=1 rec=0 q=0 req=0 actual=0
SDTRACE us=59118294 src=writer op=write ok=1 rec=63 q=0 req=512 actual=512
SDTRACE us=59118334 src=writer op=write ok=1 rec=63 q=0 req=512 actual=512
SDTRACE us=59118370 src=writer op=write ok=1 rec=63 q=0 req=512 actual=512
SDTRACE us=59171302 src=writer op=write ok=1 rec=63 q=9 req=512 actual=512
SDTRACE us=60234529 src=writer op=write ok=1 rec=122 q=8 req=512 actual=512
SDTRACE us=62124847 src=writer op=write ok=1 rec=185 q=12 req=512 actual=512
SDTRACE us=63157202 src=writer op=write ok=1 rec=245 q=5 req=512 actual=512
SDTRACE us=64219799 src=writer op=write ok=1 rec=304 q=8 req=512 actual=512
SDTRACE us=65976677 src=writer op=write ok=1 rec=366 q=0 req=512 actual=512
SDTRACE us=67146189 src=writer op=write ok=1 rec=427 q=4 req=512 actual=512
SDTRACE us=67722442 src=writer op=flush ok=1 rec=457 q=0 req=0 actual=0
SDTRACE us=67722794 src=writer op=close ok=1 rec=457 q=0 req=0 actual=0
SDTRACE us=67743554 src=summary op=open ok=1 rec=457 q=0 req=0 actual=0
SDTRACE us=67747331 src=summary op=write ok=1 rec=457 q=0 req=0 actual=0
SDTRACE us=67758374 src=summary op=close ok=1 rec=457 q=0 req=0 actual=0
TRIAL_END mode=raw rx_bytes=258560 service_bytes=258560 frames=0 bno_valid=0 seq_gap=0 crc/cobs/len=0/0/0 unknown=0 bno_invalid=0 rxbuf_full=0 service_calls=9975 read_calls=9975 zero_reads=7289 delimiters=2713 bno_kind=0/0/0/0/0 bno_log_enqueue=0
XIAO UART baud=921600 rx=GPIO8 tx=GPIO9 bytes=1048811 frames=0 bytes_s=23760 frames_s=0 crc/cobs/len=0/1/0 seqgap=48 age_ms=10453 type=24 log=0 q=0 rec=457 final=0
RXDIAG max_us=1961 budget_hits=0 byte/frame/time=0/0/0 rx_buf_max=272 loop_period_max_us=97682 loop_exec_max_us=96758 free_heap=151872 min_free_heap=142604 reset_reason=0 bno_kind_1to5_s=0/0/0/0/0 queue=0 high=12 drops=0
RXDETAIL service_calls=63577 service_bytes_avg=16 service_bytes_max=0 service_frames_avg=0 service_frames_max=0 service_bytes_s=23824 service_frames_s=0 rxbuf_full_obs=0 bno_valid=0 bno_invalid=0 unknown=0 uart_overflow=framework_unavailable trial_rx_bytes=262692 trial_frames=0 trial_bno=0 trial_crc/cobs/len=0/0/0
RXTASK mode=raw read_calls=63579 zero_reads=53000 read_bytes_max=272 rx_task_max_us=1961 rx_task_continuous_max_us=1961 stack_hwm_min_bytes=4920 cobs_delimiters=10070 rx_current=0 rx_max=272 rx_full=0 overflow=framework_unavailable
XIAO UART baud=921600 rx=GPIO8 tx=GPIO9 bytes=1063075 frames=0 bytes_s=14264 frames_s=0 crc/cobs/len=0/1/0 seqgap=48 age_ms=11460 type=24 log=0 q=0 rec=457 final=0
RXDIAG max_us=1961 budget_hits=0 byte/frame/time=0/0/0 rx_buf_max=272 loop_period_max_us=97682 loop_exec_max_us=96758 free_heap=151872 min_free_heap=142604 reset_reason=0 bno_kind_1to5_s=0/0/0/0/0 queue=0 high=12 drops=0
RXDETAIL service_calls=64574 service_bytes_avg=16 service_bytes_max=0 service_frames_avg=0 service_frames_max=0 service_bytes_s=14080 service_frames_s=0 rxbuf_full_obs=0 bno_valid=0 bno_invalid=0 unknown=0 uart_overflow=framework_unavailable trial_rx_bytes=276772 trial_frames=0 trial_bno=0 trial_crc/cobs/len=0/0/0
RXTASK mode=raw read_calls=64574 zero_reads=53836 read_bytes_max=272 rx_task_max_us=1961 rx_task_continuous_max_us=1961 stack_hwm_min_bytes=4920 cobs_delimiters=10203 rx_current=0 rx_max=272 rx_full=0 overflow=framework_unavailable
XIAO UART baud=921600 rx=GPIO8 tx=GPIO9 bytes=1077383 frames=0 bytes_s=14308 frames_s=0 crc/cobs/len=0/1/0 seqgap=48 age_ms=12463 type=24 log=0 q=0 rec=457 final=0
RXDIAG max_us=1961 budget_hits=0 byte/frame/time=0/0/0 rx_buf_max=272 loop_period_max_us=97682 loop_exec_max_us=96758 free_heap=151648 min_free_heap=142604 reset_reason=0 bno_kind_1to5_s=0/0/0/0/0 queue=0 high=12 drops=0
RXDETAIL service_calls=65569 service_bytes_avg=16 service_bytes_max=0 service_frames_avg=0 service_frames_max=0 service_bytes_s=14348 service_frames_s=0 rxbuf_full_obs=0 bno_valid=0 bno_invalid=0 unknown=0 uart_overflow=framework_unavailable trial_rx_bytes=291120 trial_frames=0 trial_bno=0 trial_crc/cobs/len=0/0/0
RXTASK mode=raw read_calls=65571 zero_reads=54680 read_bytes_max=272 rx_task_max_us=1961 rx_task_continuous_max_us=1961 stack_hwm_min_bytes=4920 cobs_delimiters=10338 rx_current=0 rx_max=272 rx_full=0 overflow=framework_unavailable
XIAO UART baud=921600 rx=GPIO8 tx=GPIO9 bytes=1091639 frames=0 bytes_s=14256 frames_s=0 crc/cobs/len=0/1/0 seqgap=48 age_ms=13467 type=24 log=0 q=0 rec=457 final=0
RXDIAG max_us=1961 budget_hits=0 byte/frame/time=0/0/0 rx_buf_max=272 loop_period_max_us=97682 loop_exec_max_us=96758 free_heap=151648 min_free_heap=142604 reset_reason=0 bno_kind_1to5_s=0/0/0/0/0 queue=0 high=12 drops=0
RXDETAIL service_calls=66562 service_bytes_avg=16 service_bytes_max=0 service_frames_avg=0 service_frames_max=0 service_bytes_s=14216 service_frames_s=0 rxbuf_full_obs=0 bno_valid=0 bno_invalid=0 unknown=0 uart_overflow=framework_unavailable trial_rx_bytes=305336 trial_frames=0 trial_bno=0 trial_crc/cobs/len=0/0/0
RXTASK mode=raw read_calls=66563 zero_reads=55519 read_bytes_max=272 rx_task_max_us=1961 rx_task_continuous_max_us=1961 stack_hwm_min_bytes=4920 cobs_delimiters=10470 rx_current=56 rx_max=272 rx_full=0 overflow=framework_unavailable
XIAO UART baud=921600 rx=GPIO8 tx=GPIO9 bytes=1105947 frames=0 bytes_s=14308 frames_s=0 crc/cobs/len=0/1/0 seqgap=48 age_ms=14477 type=24 log=0 q=0 rec=457 final=0
RXDIAG max_us=1961 budget_hits=0 byte/frame/time=0/0/0 rx_buf_max=272 loop_period_max_us=97682 loop_exec_max_us=96758 free_heap=151648 min_free_heap=142604 reset_reason=0 bno_kind_1to5_s=0/0/0/0/0 queue=0 high=12 drops=0
RXDETAIL service_calls=67562 service_bytes_avg=16 service_bytes_max=0 service_frames_avg=0 service_frames_max=0 service_bytes_s=14308 service_frames_s=0 rxbuf_full_obs=0 bno_valid=0 bno_invalid=0 unknown=0 uart_overflow=framework_unavailable trial_rx_bytes=319644 trial_frames=0 trial_bno=0 trial_crc/cobs/len=0/0/0
RXTASK mode=raw read_calls=67563 zero_reads=56365 read_bytes_max=272 rx_task_max_us=1961 rx_task_continuous_max_us=1961 stack_hwm_min_bytes=4920 cobs_delimiters=10604 rx_current=28 rx_max=272 rx_full=0 overflow=framework_unavailable
XIAO UART baud=921600 rx=GPIO8 tx=GPIO9 bytes=1120259 frames=0 bytes_s=14312 frames_s=0 crc/cobs/len=0/1/0 seqgap=48 age_ms=15495 type=24 log=0 q=0 rec=457 final=0
RXDIAG max_us=1961 budget_hits=0 byte/frame/time=0/0/0 rx_buf_max=272 loop_period_max_us=97682 loop_exec_max_us=96758 free_heap=151648 min_free_heap=142604 reset_reason=0 bno_kind_1to5_s=0/0/0/0/0 queue=0 high=12 drops=0
RXDETAIL service_calls=68568 service_bytes_avg=16 service_bytes_max=0 service_frames_avg=0 service_frames_max=0 service_bytes_s=14312 service_frames_s=0 rxbuf_full_obs=0 bno_valid=0 bno_invalid=0 unknown=0 uart_overflow=framework_unavailable trial_rx_bytes=333956 trial_frames=0 trial_bno=0 trial_crc/cobs/len=0/0/0
RXTASK mode=raw read_calls=68570 zero_reads=57217 read_bytes_max=272 rx_task_max_us=1961 rx_task_continuous_max_us=1961 stack_hwm_min_bytes=4920 cobs_delimiters=10736 rx_current=0 rx_max=272 rx_full=0 overflow=framework_unavailable
XIAO UART baud=921600 rx=GPIO8 tx=GPIO9 bytes=1134523 frames=0 bytes_s=14264 frames_s=0 crc/cobs/len=0/1/0 seqgap=48 age_ms=16508 type=24 log=0 q=0 rec=457 final=0
RXDIAG max_us=1961 budget_hits=0 byte/frame/time=0/0/0 rx_buf_max=272 loop_period_max_us=97682 loop_exec_max_us=96758 free_heap=151424 min_free_heap=142604 reset_reason=0 bno_kind_1to5_s=0/0/0/0/0 queue=0 high=12 drops=0
RXDETAIL service_calls=69571 service_bytes_avg=16 service_bytes_max=0 service_frames_avg=0 service_frames_max=0 service_bytes_s=14264 service_frames_s=0 rxbuf_full_obs=0 bno_valid=0 bno_invalid=0 unknown=0 uart_overflow=framework_unavailable trial_rx_bytes=348220 trial_frames=0 trial_bno=0 trial_crc/cobs/len=0/0/0
RXTASK mode=raw read_calls=69572 zero_reads=58072 read_bytes_max=272 rx_task_max_us=1961 rx_task_continuous_max_us=1961 stack_hwm_min_bytes=4920 cobs_delimiters=10870 rx_current=0 rx_max=272 rx_full=0 overflow=framework_unavailable
XIAO UART baud=921600 rx=GPIO8 tx=GPIO9 bytes=1148899 frames=0 bytes_s=14376 frames_s=0 crc/cobs/len=0/1/0 seqgap=48 age_ms=17523 type=24 log=0 q=0 rec=457 final=0
RXDIAG max_us=1961 budget_hits=0 byte/frame/time=0/0/0 rx_buf_max=272 loop_period_max_us=97682 loop_exec_max_us=96758 free_heap=151424 min_free_heap=142604 reset_reason=0 bno_kind_1to5_s=0/0/0/0/0 queue=0 high=12 drops=0
RXDETAIL service_calls=70576 service_bytes_avg=16 service_bytes_max=0 service_frames_avg=0 service_frames_max=0 service_bytes_s=14376 service_frames_s=0 rxbuf_full_obs=0 bno_valid=0 bno_invalid=0 unknown=0 uart_overflow=framework_unavailable trial_rx_bytes=362596 trial_frames=0 trial_bno=0 trial_crc/cobs/len=0/0/0
RXTASK mode=raw read_calls=70577 zero_reads=58932 read_bytes_max=272 rx_task_max_us=1961 rx_task_continuous_max_us=1961 stack_hwm_min_bytes=4920 cobs_delimiters=11005 rx_current=0 rx_max=272 rx_full=0 overflow=framework_unavailable
XIAO UART baud=921600 rx=GPIO8 tx=GPIO9 bytes=1163131 frames=0 bytes_s=14232 frames_s=0 crc/cobs/len=0/1/0 seqgap=48 age_ms=18531 type=24 log=0 q=0 rec=457 final=0
RXDIAG max_us=1961 budget_hits=0 byte/frame/time=0/0/0 rx_buf_max=272 loop_period_max_us=97682 loop_exec_max_us=96758 free_heap=151424 min_free_heap=142604 reset_reason=0 bno_kind_1to5_s=0/0/0/0/0 queue=0 high=12 drops=0
RXDETAIL service_calls=71575 service_bytes_avg=16 service_bytes_max=0 service_frames_avg=0 service_frames_max=0 service_bytes_s=14232 service_frames_s=0 rxbuf_full_obs=0 bno_valid=0 bno_invalid=0 unknown=0 uart_overflow=framework_unavailable trial_rx_bytes=376828 trial_frames=0 trial_bno=0 trial_crc/cobs/len=0/0/0
RXTASK mode=raw read_calls=71576 zero_reads=59786 read_bytes_max=272 rx_task_max_us=1961 rx_task_continuous_max_us=1961 stack_hwm_min_bytes=4920 cobs_delimiters=11137 rx_current=0 rx_max=272 rx_full=0 overflow=framework_unavailable
XIAO UART baud=921600 rx=GPIO8 tx=GPIO9 bytes=1177271 frames=0 bytes_s=14140 frames_s=0 crc/cobs/len=0/1/0 seqgap=48 age_ms=19539 type=24 log=0 q=0 rec=457 final=0
RXDIAG max_us=1961 budget_hits=0 byte/frame/time=0/0/0 rx_buf_max=272 loop_period_max_us=97682 loop_exec_max_us=96758 free_heap=151424 min_free_heap=142604 reset_reason=0 bno_kind_1to5_s=0/0/0/0/0 queue=0 high=12 drops=0
RXDETAIL service_calls=72574 service_bytes_avg=16 service_bytes_max=0 service_frames_avg=0 service_frames_max=0 service_bytes_s=14140 service_frames_s=0 rxbuf_full_obs=0 bno_valid=0 bno_invalid=0 unknown=0 uart_overflow=framework_unavailable trial_rx_bytes=390968 trial_frames=0 trial_bno=0 trial_crc/cobs/len=0/0/0
RXTASK mode=raw read_calls=72575 zero_reads=60640 read_bytes_max=272 rx_task_max_us=1961 rx_task_continuous_max_us=1961 stack_hwm_min_bytes=4920 cobs_delimiters=11268 rx_current=0 rx_max=272 rx_full=0 overflow=framework_unavailable
XIAO UART baud=921600 rx=GPIO8 tx=GPIO9 bytes=1191231 frames=0 bytes_s=13960 frames_s=0 crc/cobs/len=0/1/0 seqgap=48 age_ms=20540 type=24 log=0 q=0 rec=457 final=0
RXDIAG max_us=1961 budget_hits=0 byte/frame/time=0/0/0 rx_buf_max=272 loop_period_max_us=97682 loop_exec_max_us=96758 free_heap=151200 min_free_heap=142604 reset_reason=0 bno_kind_1to5_s=0/0/0/0/0 queue=0 high=12 drops=0
RXDETAIL service_calls=73566 service_bytes_avg=16 service_bytes_max=0 service_frames_avg=0 service_frames_max=0 service_bytes_s=13960 service_frames_s=0 rxbuf_full_obs=0 bno_valid=0 bno_invalid=0 unknown=0 uart_overflow=framework_unavailable trial_rx_bytes=404928 trial_frames=0 trial_bno=0 trial_crc/cobs/len=0/0/0
RXTASK mode=raw read_calls=73567 zero_reads=61484 read_bytes_max=272 rx_task_max_us=1961 rx_task_continuous_max_us=1961 stack_hwm_min_bytes=4920 cobs_delimiters=11398 rx_current=0 rx_max=272 rx_full=0 overflow=framework_unavailable
XIAO UART baud=921600 rx=GPIO8 tx=GPIO9 bytes=1205235 frames=0 bytes_s=14004 frames_s=0 crc/cobs/len=0/1/0 seqgap=48 age_ms=21547 type=24 log=0 q=0 rec=457 final=0
RXDIAG max_us=1961 budget_hits=0 byte/frame/time=0/0/0 rx_buf_max=272 loop_period_max_us=97682 loop_exec_max_us=96758 free_heap=151200 min_free_heap=142604 reset_reason=0 bno_kind_1to5_s=0/0/0/0/0 queue=0 high=12 drops=0
RXDETAIL service_calls=74564 service_bytes_avg=16 service_bytes_max=0 service_frames_avg=0 service_frames_max=0 service_bytes_s=14004 service_frames_s=0 rxbuf_full_obs=0 bno_valid=0 bno_invalid=0 unknown=0 uart_overflow=framework_unavailable trial_rx_bytes=418932 trial_frames=0 trial_bno=0 trial_crc/cobs/len=0/0/0
RXTASK mode=raw read_calls=74565 zero_reads=62332 read_bytes_max=272 rx_task_max_us=1961 rx_task_continuous_max_us=1961 stack_hwm_min_bytes=4920 cobs_delimiters=11529 rx_current=0 rx_max=272 rx_full=0 overflow=framework_unavailable
XIAO UART baud=921600 rx=GPIO8 tx=GPIO9 bytes=1219467 frames=0 bytes_s=14232 frames_s=0 crc/cobs/len=0/1/0 seqgap=48 age_ms=22553 type=24 log=0 q=0 rec=457 final=0
RXDIAG max_us=1961 budget_hits=0 byte/frame/time=0/0/0 rx_buf_max=272 loop_period_max_us=97682 loop_exec_max_us=96758 free_heap=151200 min_free_heap=142604 reset_reason=0 bno_kind_1to5_s=0/0/0/0/0 queue=0 high=12 drops=0
RXDETAIL service_calls=75561 service_bytes_avg=16 service_bytes_max=0 service_frames_avg=0 service_frames_max=0 service_bytes_s=14232 service_frames_s=0 rxbuf_full_obs=0 bno_valid=0 bno_invalid=0 unknown=0 uart_overflow=framework_unavailable trial_rx_bytes=433164 trial_frames=0 trial_bno=0 trial_crc/cobs/len=0/0/0
RXTASK mode=raw read_calls=75562 zero_reads=63180 read_bytes_max=272 rx_task_max_us=1961 rx_task_continuous_max_us=1961 stack_hwm_min_bytes=4920 cobs_delimiters=11661 rx_current=0 rx_max=272 rx_full=0 overflow=framework_unavailable
XIAO UART baud=921600 rx=GPIO8 tx=GPIO9 bytes=1233515 frames=0 bytes_s=14048 frames_s=0 crc/cobs/len=0/1/0 seqgap=48 age_ms=23561 type=24 log=0 q=0 rec=457 final=0
RXDIAG max_us=1961 budget_hits=0 byte/frame/time=0/0/0 rx_buf_max=272 loop_period_max_us=97682 loop_exec_max_us=96758 free_heap=151200 min_free_heap=142604 reset_reason=0 bno_kind_1to5_s=0/0/0/0/0 queue=0 high=12 drops=0
RXDETAIL service_calls=76560 service_bytes_avg=16 service_bytes_max=0 service_frames_avg=0 service_frames_max=0 service_bytes_s=14048 service_frames_s=0 rxbuf_full_obs=0 bno_valid=0 bno_invalid=0 unknown=0 uart_overflow=framework_unavailable trial_rx_bytes=447212 trial_frames=0 trial_bno=0 trial_crc/cobs/len=0/0/0
RXTASK mode=raw read_calls=76561 zero_reads=64028 read_bytes_max=272 rx_task_max_us=1961 rx_task_continuous_max_us=1961 stack_hwm_min_bytes=4920 cobs_delimiters=11792 rx_current=0 rx_max=272 rx_full=0 overflow=framework_unavailable
XIAO UART baud=921600 rx=GPIO8 tx=GPIO9 bytes=1247695 frames=0 bytes_s=14180 frames_s=0 crc/cobs/len=0/1/0 seqgap=48 age_ms=24566 type=24 log=0 q=0 rec=457 final=0
RXDIAG max_us=1961 budget_hits=0 byte/frame/time=0/0/0 rx_buf_max=272 loop_period_max_us=97682 loop_exec_max_us=96758 free_heap=150976 min_free_heap=142604 reset_reason=0 bno_kind_1to5_s=0/0/0/0/0 queue=0 high=12 drops=0
RXDETAIL service_calls=77556 service_bytes_avg=16 service_bytes_max=0 service_frames_avg=0 service_frames_max=0 service_bytes_s=14180 service_frames_s=0 rxbuf_full_obs=0 bno_valid=0 bno_invalid=0 unknown=0 uart_overflow=framework_unavailable trial_rx_bytes=461392 trial_frames=0 trial_bno=0 trial_crc/cobs/len=0/0/0
RXTASK mode=raw read_calls=77557 zero_reads=64874 read_bytes_max=272 rx_task_max_us=1961 rx_task_continuous_max_us=1961 stack_hwm_min_bytes=4920 cobs_delimiters=11924 rx_current=0 rx_max=272 rx_full=0 overflow=framework_unavailable
XIAO UART baud=921600 rx=GPIO8 tx=GPIO9 bytes=1261927 frames=0 bytes_s=14232 frames_s=0 crc/cobs/len=0/1/0 seqgap=48 age_ms=25572 type=24 log=0 q=0 rec=457 final=0
RXDIAG max_us=1961 budget_hits=0 byte/frame/time=0/0/0 rx_buf_max=272 loop_period_max_us=97682 loop_exec_max_us=96758 free_heap=150976 min_free_heap=142604 reset_reason=0 bno_kind_1to5_s=0/0/0/0/0 queue=0 high=12 drops=0
RXDETAIL service_calls=78552 service_bytes_avg=16 service_bytes_max=0 service_frames_avg=0 service_frames_max=0 service_bytes_s=14232 service_frames_s=0 rxbuf_full_obs=0 bno_valid=0 bno_invalid=0 unknown=0 uart_overflow=framework_unavailable trial_rx_bytes=475624 trial_frames=0 trial_bno=0 trial_crc/cobs/len=0/0/0
RXTASK mode=raw read_calls=78553 zero_reads=65717 read_bytes_max=272 rx_task_max_us=1961 rx_task_continuous_max_us=1961 stack_hwm_min_bytes=4920 cobs_delimiters=12056 rx_current=0 rx_max=272 rx_full=0 overflow=framework_unavailable
XIAO UART baud=921600 rx=GPIO8 tx=GPIO9 bytes=1275751 frames=0 bytes_s=13824 frames_s=0 crc/cobs/len=0/1/0 seqgap=48 age_ms=26575 type=24 log=0 q=0 rec=457 final=0
RXDIAG max_us=1961 budget_hits=0 byte/frame/time=0/0/0 rx_buf_max=272 loop_period_max_us=97682 loop_exec_max_us=96758 free_heap=150976 min_free_heap=142604 reset_reason=0 bno_kind_1to5_s=0/0/0/0/0 queue=0 high=12 drops=0
RXDETAIL service_calls=79547 service_bytes_avg=16 service_bytes_max=0 service_frames_avg=0 service_frames_max=0 service_bytes_s=13824 service_frames_s=0 rxbuf_full_obs=0 bno_valid=0 bno_invalid=0 unknown=0 uart_overflow=framework_unavailable trial_rx_bytes=489448 trial_frames=0 trial_bno=0 trial_crc/cobs/len=0/0/0
RXTASK mode=raw read_calls=79548 zero_reads=66561 read_bytes_max=272 rx_task_max_us=1961 rx_task_continuous_max_us=1961 stack_hwm_min_bytes=4920 cobs_delimiters=12186 rx_current=0 rx_max=272 rx_full=0 overflow=framework_unavailable
XIAO UART baud=921600 rx=GPIO8 tx=GPIO9 bytes=1290071 frames=0 bytes_s=14320 frames_s=0 crc/cobs/len=0/1/0 seqgap=48 age_ms=27584 type=24 log=0 q=0 rec=457 final=0
RXDIAG max_us=1961 budget_hits=0 byte/frame/time=0/0/0 rx_buf_max=272 loop_period_max_us=97682 loop_exec_max_us=96758 free_heap=150976 min_free_heap=142604 reset_reason=0 bno_kind_1to5_s=0/0/0/0/0 queue=0 high=12 drops=0
RXDETAIL service_calls=80547 service_bytes_avg=16 service_bytes_max=0 service_frames_avg=0 service_frames_max=0 service_bytes_s=14320 service_frames_s=0 rxbuf_full_obs=0 bno_valid=0 bno_invalid=0 unknown=0 uart_overflow=framework_unavailable trial_rx_bytes=503768 trial_frames=0 trial_bno=0 trial_crc/cobs/len=0/0/0
RXTASK mode=raw read_calls=80548 zero_reads=67408 read_bytes_max=272 rx_task_max_us=1961 rx_task_continuous_max_us=1961 stack_hwm_min_bytes=4920 cobs_delimiters=12319 rx_current=0 rx_max=272 rx_full=0 overflow=framework_unavailable
XIAO UART baud=921600 rx=GPIO8 tx=GPIO9 bytes=1304379 frames=0 bytes_s=14308 frames_s=0 crc/cobs/len=0/1/0 seqgap=48 age_ms=28593 type=24 log=0 q=0 rec=457 final=0
RXDIAG max_us=1961 budget_hits=0 byte/frame/time=0/0/0 rx_buf_max=272 loop_period_max_us=97682 loop_exec_max_us=96758 free_heap=150976 min_free_heap=142604 reset_reason=0 bno_kind_1to5_s=0/0/0/0/0 queue=0 high=12 drops=0
RXDETAIL service_calls=81546 service_bytes_avg=15 service_bytes_max=0 service_frames_avg=0 service_frames_max=0 service_bytes_s=14308 service_frames_s=0 rxbuf_full_obs=0 bno_valid=0 bno_invalid=0 unknown=0 uart_overflow=framework_unavailable trial_rx_bytes=518076 trial_frames=0 trial_bno=0 trial_crc/cobs/len=0/0/0
RXTASK mode=raw read_calls=81547 zero_reads=68255 read_bytes_max=272 rx_task_max_us=1961 rx_task_continuous_max_us=1961 stack_hwm_min_bytes=4920 cobs_delimiters=12452 rx_current=0 rx_max=272 rx_full=0 overflow=framework_unavailable
XIAO UART baud=921600 rx=GPIO8 tx=GPIO9 bytes=1318251 frames=0 bytes_s=13872 frames_s=0 crc/cobs/len=0/1/0 seqgap=48 age_ms=29598 type=24 log=0 q=0 rec=457 final=0
RXDIAG max_us=1961 budget_hits=0 byte/frame/time=0/0/0 rx_buf_max=272 loop_period_max_us=97682 loop_exec_max_us=96758 free_heap=150976 min_free_heap=142604 reset_reason=0 bno_kind_1to5_s=0/0/0/0/0 queue=0 high=12 drops=0
RXDETAIL service_calls=82541 service_bytes_avg=15 service_bytes_max=0 service_frames_avg=0 service_frames_max=0 service_bytes_s=13872 service_frames_s=0 rxbuf_full_obs=0 bno_valid=0 bno_invalid=0 unknown=0 uart_overflow=framework_unavailable trial_rx_bytes=531948 trial_frames=0 trial_bno=0 trial_crc/cobs/len=0/0/0
RXTASK mode=raw read_calls=82542 zero_reads=69106 read_bytes_max=272 rx_task_max_us=1961 rx_task_continuous_max_us=1961 stack_hwm_min_bytes=4920 cobs_delimiters=12581 rx_current=0 rx_max=272 rx_full=0 overflow=framework_unavailable
XIAO UART baud=921600 rx=GPIO8 tx=GPIO9 bytes=1333415 frames=0 bytes_s=15164 frames_s=0 crc/cobs/len=0/1/0 seqgap=48 age_ms=30724 type=24 log=0 q=0 rec=457 final=0
RXDIAG max_us=1961 budget_hits=0 byte/frame/time=0/0/0 rx_buf_max=272 loop_period_max_us=226968 loop_exec_max_us=284065 free_heap=150436 min_free_heap=142604 reset_reason=0 bno_kind_1to5_s=0/0/0/0/0 queue=0 high=12 drops=0
RXDETAIL service_calls=83660 service_bytes_avg=15 service_bytes_max=0 service_frames_avg=0 service_frames_max=0 service_bytes_s=15164 service_frames_s=0 rxbuf_full_obs=0 bno_valid=0 bno_invalid=0 unknown=0 uart_overflow=framework_unavailable trial_rx_bytes=547112 trial_frames=0 trial_bno=0 trial_crc/cobs/len=0/0/0
RXTASK mode=raw read_calls=83661 zero_reads=70065 read_bytes_max=272 rx_task_max_us=1961 rx_task_continuous_max_us=1961 stack_hwm_min_bytes=4920 cobs_delimiters=12721 rx_current=0 rx_max=272 rx_full=0 overflow=framework_unavailable
