XIAO UART baud=921600 rx=GPIO8 tx=GPIO9 bytes=599668 frames=5486 bytes_s=13724 frames_s=125 crc/cobs/len=0/0/0 seqgap=16 age_ms=2 type=7 log=0 q=0 rec=0 final=0
RXDIAG max_us=2068 budget_hits=0 byte/frame/time=0/0/0 rx_buf_max=256 loop_period_max_us=95686 loop_exec_max_us=20941 free_heap=152672 min_free_heap=151932 reset_reason=0 bno_kind_1to5_s=0/0/0/0/0 queue=0 high=0 drops=0
RXDETAIL service_calls=42140 service_bytes_avg=14 service_bytes_max=256 service_frames_avg=0 service_frames_max=3 service_bytes_s=13724 service_frames_s=125 rxbuf_full_obs=0 bno_valid=0 bno_invalid=0 unknown=0 uart_overflow=framework_unavailable trial_rx_bytes=599668 trial_frames=5486 trial_bno=0 trial_crc/cobs/len=0/0/0
RXTASK mode=dispatch read_calls=42141 zero_reads=36055 read_bytes_max=256 rx_task_max_us=2068 rx_task_continuous_max_us=2068 stack_hwm_min_bytes=4920 cobs_delimiters=5487 rx_current=0 rx_max=256 rx_full=0 overflow=framework_unavailable
XIAO UART baud=921600 rx=GPIO8 tx=GPIO9 bytes=613308 frames=5610 bytes_s=13640 frames_s=124 crc/cobs/len=0/0/0 seqgap=16 age_ms=9 type=22 log=0 q=0 rec=0 final=0
RXDIAG max_us=2068 budget_hits=0 byte/frame/time=0/0/0 rx_buf_max=256 loop_period_max_us=95686 loop_exec_max_us=20941 free_heap=152672 min_free_heap=151932 reset_reason=0 bno_kind_1to5_s=0/0/0/0/0 queue=0 high=0 drops=0
RXDETAIL service_calls=43098 service_bytes_avg=14 service_bytes_max=256 service_frames_avg=0 service_frames_max=3 service_bytes_s=13640 service_frames_s=124 rxbuf_full_obs=0 bno_valid=0 bno_invalid=0 unknown=0 uart_overflow=framework_unavailable trial_rx_bytes=613308 trial_frames=5610 trial_bno=0 trial_crc/cobs/len=0/0/0
RXTASK mode=dispatch read_calls=43099 zero_reads=36869 read_bytes_max=256 rx_task_max_us=2068 rx_task_continuous_max_us=2068 stack_hwm_min_bytes=4920 cobs_delimiters=5611 rx_current=0 rx_max=256 rx_full=0 overflow=framework_unavailable
XIAO UART baud=921600 rx=GPIO8 tx=GPIO9 bytes=627080 frames=5735 bytes_s=13772 frames_s=125 crc/cobs/len=0/0/0 seqgap=16 age_ms=6 type=56 log=0 q=0 rec=0 final=0
RXDIAG max_us=2068 budget_hits=0 byte/frame/time=0/0/0 rx_buf_max=256 loop_period_max_us=95686 loop_exec_max_us=20941 free_heap=152672 min_free_heap=151932 reset_reason=0 bno_kind_1to5_s=0/0/0/0/0 queue=0 high=0 drops=0
RXDETAIL service_calls=44056 service_bytes_avg=14 service_bytes_max=256 service_frames_avg=0 service_frames_max=3 service_bytes_s=13800 service_frames_s=126 rxbuf_full_obs=0 bno_valid=0 bno_invalid=0 unknown=0 uart_overflow=framework_unavailable trial_rx_bytes=627108 trial_frames=5736 trial_bno=0 trial_crc/cobs/len=0/0/0
RXTASK mode=dispatch read_calls=44057 zero_reads=37682 read_bytes_max=256 rx_task_max_us=2068 rx_task_continuous_max_us=2068 stack_hwm_min_bytes=4920 cobs_delimiters=5736 rx_current=0 rx_max=256 rx_full=0 overflow=framework_unavailable
XIAO UART baud=921600 rx=GPIO8 tx=GPIO9 bytes=640412 frames=5858 bytes_s=13332 frames_s=123 crc/cobs/len=0/0/0 seqgap=16 age_ms=9 type=7 log=0 q=0 rec=0 final=0
RXDIAG max_us=2068 budget_hits=0 byte/frame/time=0/0/0 rx_buf_max=256 loop_period_max_us=95686 loop_exec_max_us=20941 free_heap=152672 min_free_heap=151932 reset_reason=0 bno_kind_1to5_s=0/0/0/0/0 queue=0 high=0 drops=0
RXDETAIL service_calls=45013 service_bytes_avg=14 service_bytes_max=256 service_frames_avg=0 service_frames_max=3 service_bytes_s=13424 service_frames_s=122 rxbuf_full_obs=0 bno_valid=0 bno_invalid=0 unknown=0 uart_overflow=framework_unavailable trial_rx_bytes=640532 trial_frames=5858 trial_bno=0 trial_crc/cobs/len=0/0/0
RXTASK mode=dispatch read_calls=45014 zero_reads=38498 read_bytes_max=256 rx_task_max_us=2068 rx_task_continuous_max_us=2068 stack_hwm_min_bytes=4920 cobs_delimiters=5860 rx_current=0 rx_max=256 rx_full=0 overflow=framework_unavailable
XIAO UART baud=921600 rx=GPIO8 tx=GPIO9 bytes=654004 frames=5983 bytes_s=13592 frames_s=125 crc/cobs/len=0/0/0 seqgap=18 age_ms=9 type=7 log=0 q=0 rec=0 final=0
RXDIAG max_us=2068 budget_hits=0 byte/frame/time=0/0/0 rx_buf_max=256 loop_period_max_us=95686 loop_exec_max_us=20941 free_heap=152672 min_free_heap=151932 reset_reason=0 bno_kind_1to5_s=0/0/0/0/0 queue=0 high=0 drops=0
RXDETAIL service_calls=45957 service_bytes_avg=14 service_bytes_max=256 service_frames_avg=0 service_frames_max=4 service_bytes_s=13472 service_frames_s=125 rxbuf_full_obs=0 bno_valid=0 bno_invalid=0 unknown=0 uart_overflow=framework_unavailable trial_rx_bytes=654004 trial_frames=5983 trial_bno=0 trial_crc/cobs/len=0/0/0
RXTASK mode=dispatch read_calls=45958 zero_reads=39314 read_bytes_max=256 rx_task_max_us=2068 rx_task_continuous_max_us=2068 stack_hwm_min_bytes=4920 cobs_delimiters=5983 rx_current=0 rx_max=256 rx_full=0 overflow=framework_unavailable
TRIAL_START mode=decode_count rx_bytes=0 service_bytes=0 frames=0 bno_valid=0 seq_gap=0 crc/cobs/len=0/0/0 unknown=0 bno_invalid=0 rxbuf_full=0 service_calls=0 read_calls=0 zero_reads=0 delimiters=0 bno_kind=0/0/0/0/0 bno_log_enqueue=0
XIAO UART baud=921600 rx=GPIO8 tx=GPIO9 bytes=673392 frames=131 bytes_s=19388 frames_s=131 crc/cobs/len=0/0/0 seqgap=20 age_ms=0 type=2 log=1 q=0 rec=40 final=0
RXDIAG max_us=2068 budget_hits=0 byte/frame/time=0/0/0 rx_buf_max=256 loop_period_max_us=111093 loop_exec_max_us=109327 free_heap=147472 min_free_heap=147472 reset_reason=0 bno_kind_1to5_s=32/25/0/12/0 queue=0 high=4 drops=0
RXDETAIL service_calls=46892 service_bytes_avg=14 service_bytes_max=256 service_frames_avg=0 service_frames_max=4 service_bytes_s=19508 service_frames_s=194 rxbuf_full_obs=0 bno_valid=69 bno_invalid=0 unknown=0 uart_overflow=framework_unavailable trial_rx_bytes=12720 trial_frames=133 trial_bno=69 trial_crc/cobs/len=0/0/0
RXTASK mode=decode_count read_calls=46893 zero_reads=40057 read_bytes_max=256 rx_task_max_us=2068 rx_task_continuous_max_us=2068 stack_hwm_min_bytes=4920 cobs_delimiters=6178 rx_current=0 rx_max=256 rx_full=0 overflow=framework_unavailable
XIAO UART baud=921600 rx=GPIO8 tx=GPIO9 bytes=698724 frames=396 bytes_s=25332 frames_s=265 crc/cobs/len=0/0/0 seqgap=22 age_ms=4 type=2 log=1 q=0 rec=84 final=0
RXDIAG max_us=2068 budget_hits=0 byte/frame/time=0/0/0 rx_buf_max=256 loop_period_max_us=111093 loop_exec_max_us=109327 free_heap=147472 min_free_heap=147472 reset_reason=0 bno_kind_1to5_s=63/50/0/25/0 queue=0 high=11 drops=0
RXDETAIL service_calls=47809 service_bytes_avg=14 service_bytes_max=256 service_frames_avg=0 service_frames_max=4 service_bytes_s=25296 service_frames_s=264 rxbuf_full_obs=0 bno_valid=208 bno_invalid=0 unknown=0 uart_overflow=framework_unavailable trial_rx_bytes=38016 trial_frames=397 trial_bno=208 trial_crc/cobs/len=0/0/0
RXTASK mode=decode_count read_calls=47810 zero_reads=40728 read_bytes_max=256 rx_task_max_us=2068 rx_task_continuous_max_us=2068 stack_hwm_min_bytes=4920 cobs_delimiters=6441 rx_current=0 rx_max=256 rx_full=0 overflow=framework_unavailable
XIAO UART baud=921600 rx=GPIO8 tx=GPIO9 bytes=723948 frames=659 bytes_s=25224 frames_s=263 crc/cobs/len=0/0/0 seqgap=22 age_ms=1 type=3 log=1 q=0 rec=128 final=0
RXDIAG max_us=2068 budget_hits=0 byte/frame/time=0/0/0 rx_buf_max=256 loop_period_max_us=111093 loop_exec_max_us=109327 free_heap=147472 min_free_heap=147264 reset_reason=0 bno_kind_1to5_s=63/51/0/25/0 queue=0 high=11 drops=0
RXDETAIL service_calls=48727 service_bytes_avg=14 service_bytes_max=256 service_frames_avg=0 service_frames_max=4 service_bytes_s=25140 service_frames_s=262 rxbuf_full_obs=0 bno_valid=346 bno_invalid=0 unknown=0 uart_overflow=framework_unavailable trial_rx_bytes=63156 trial_frames=659 trial_bno=346 trial_crc/cobs/len=0/0/0
RXTASK mode=decode_count read_calls=48728 zero_reads=41399 read_bytes_max=256 rx_task_max_us=2068 rx_task_continuous_max_us=2068 stack_hwm_min_bytes=4920 cobs_delimiters=6704 rx_current=0 rx_max=256 rx_full=0 overflow=framework_unavailable
XIAO UART baud=921600 rx=GPIO8 tx=GPIO9 bytes=749140 frames=922 bytes_s=25192 frames_s=263 crc/cobs/len=0/0/0 seqgap=22 age_ms=2 type=3 log=1 q=0 rec=172 final=0
RXDIAG max_us=2068 budget_hits=0 byte/frame/time=0/0/0 rx_buf_max=256 loop_period_max_us=111093 loop_exec_max_us=109327 free_heap=147640 min_free_heap=147264 reset_reason=0 bno_kind_1to5_s=63/50/0/25/0 queue=0 high=11 drops=0
RXDETAIL service_calls=49643 service_bytes_avg=15 service_bytes_max=256 service_frames_avg=0 service_frames_max=4 service_bytes_s=25276 service_frames_s=264 rxbuf_full_obs=0 bno_valid=485 bno_invalid=0 unknown=0 uart_overflow=framework_unavailable trial_rx_bytes=88432 trial_frames=923 trial_bno=485 trial_crc/cobs/len=0/0/0
RXTASK mode=decode_count read_calls=49645 zero_reads=42062 read_bytes_max=256 rx_task_max_us=2068 rx_task_continuous_max_us=2068 stack_hwm_min_bytes=4920 cobs_delimiters=6967 rx_current=0 rx_max=256 rx_full=0 overflow=framework_unavailable
XIAO UART baud=921600 rx=GPIO8 tx=GPIO9 bytes=774464 frames=1185 bytes_s=25324 frames_s=263 crc/cobs/len=0/0/0 seqgap=22 age_ms=1 type=56 log=1 q=0 rec=216 final=0
RXDIAG max_us=2068 budget_hits=0 byte/frame/time=0/0/0 rx_buf_max=256 loop_period_max_us=111093 loop_exec_max_us=109327 free_heap=147428 min_free_heap=144188 reset_reason=0 bno_kind_1to5_s=63/50/0/25/0 queue=0 high=11 drops=0
RXDETAIL service_calls=50574 service_bytes_avg=15 service_bytes_max=256 service_frames_avg=0 service_frames_max=4 service_bytes_s=25324 service_frames_s=263 rxbuf_full_obs=0 bno_valid=623 bno_invalid=0 unknown=0 uart_overflow=framework_unavailable trial_rx_bytes=113756 trial_frames=1186 trial_bno=623 trial_crc/cobs/len=0/0/0
RXTASK mode=decode_count read_calls=50576 zero_reads=42732 read_bytes_max=256 rx_task_max_us=2068 rx_task_continuous_max_us=2068 stack_hwm_min_bytes=4920 cobs_delimiters=7230 rx_current=84 rx_max=256 rx_full=0 overflow=framework_unavailable
XIAO UART baud=921600 rx=GPIO8 tx=GPIO9 bytes=799864 frames=1450 bytes_s=25400 frames_s=265 crc/cobs/len=0/0/0 seqgap=22 age_ms=0 type=2 log=1 q=0 rec=260 final=0
RXDIAG max_us=2068 budget_hits=0 byte/frame/time=0/0/0 rx_buf_max=256 loop_period_max_us=111093 loop_exec_max_us=109327 free_heap=147428 min_free_heap=144188 reset_reason=0 bno_kind_1to5_s=64/50/0/26/0 queue=0 high=11 drops=0
RXDETAIL service_calls=51499 service_bytes_avg=15 service_bytes_max=256 service_frames_avg=0 service_frames_max=4 service_bytes_s=25316 service_frames_s=264 rxbuf_full_obs=0 bno_valid=762 bno_invalid=0 unknown=0 uart_overflow=framework_unavailable trial_rx_bytes=139072 trial_frames=1450 trial_bno=762 trial_crc/cobs/len=0/0/0
RXTASK mode=decode_count read_calls=51501 zero_reads=43400 read_bytes_max=256 rx_task_max_us=2068 rx_task_continuous_max_us=2068 stack_hwm_min_bytes=4920 cobs_delimiters=7494 rx_current=0 rx_max=256 rx_full=0 overflow=framework_unavailable
XIAO UART baud=921600 rx=GPIO8 tx=GPIO9 bytes=825100 frames=1712 bytes_s=25236 frames_s=262 crc/cobs/len=0/0/0 seqgap=24 age_ms=0 type=22 log=1 q=0 rec=304 final=0
RXDIAG max_us=2068 budget_hits=0 byte/frame/time=0/0/0 rx_buf_max=256 loop_period_max_us=111093 loop_exec_max_us=109327 free_heap=147576 min_free_heap=144188 reset_reason=0 bno_kind_1to5_s=63/50/0/25/0 queue=0 high=11 drops=0
RXDETAIL service_calls=52433 service_bytes_avg=15 service_bytes_max=256 service_frames_avg=0 service_frames_max=4 service_bytes_s=25328 service_frames_s=263 rxbuf_full_obs=0 bno_valid=900 bno_invalid=0 unknown=0 uart_overflow=framework_unavailable trial_rx_bytes=164400 trial_frames=1713 trial_bno=900 trial_crc/cobs/len=0/0/0
RXTASK mode=decode_count read_calls=52435 zero_reads=44070 read_bytes_max=256 rx_task_max_us=2068 rx_task_continuous_max_us=2068 stack_hwm_min_bytes=4920 cobs_delimiters=7757 rx_current=0 rx_max=256 rx_full=0 overflow=framework_unavailable
XIAO UART baud=921600 rx=GPIO8 tx=GPIO9 bytes=849792 frames=1971 bytes_s=24692 frames_s=259 crc/cobs/len=0/0/0 seqgap=24 age_ms=5 type=20 log=1 q=0 rec=348 final=0
RXDIAG max_us=2068 budget_hits=0 byte/frame/time=0/0/0 rx_buf_max=256 loop_period_max_us=111093 loop_exec_max_us=109327 free_heap=147576 min_free_heap=144188 reset_reason=0 bno_kind_1to5_s=63/50/0/25/0 queue=0 high=11 drops=0
RXDETAIL service_calls=53375 service_bytes_avg=15 service_bytes_max=256 service_frames_avg=0 service_frames_max=4 service_bytes_s=24600 service_frames_s=258 rxbuf_full_obs=0 bno_valid=1038 bno_invalid=0 unknown=0 uart_overflow=framework_unavailable trial_rx_bytes=189000 trial_frames=1971 trial_bno=1038 trial_crc/cobs/len=0/0/0
RXTASK mode=decode_count read_calls=53376 zero_reads=44748 read_bytes_max=256 rx_task_max_us=2068 rx_task_continuous_max_us=2068 stack_hwm_min_bytes=4920 cobs_delimiters=8015 rx_current=84 rx_max=256 rx_full=0 overflow=framework_unavailable
XIAO UART baud=921600 rx=GPIO8 tx=GPIO9 bytes=875380 frames=2237 bytes_s=25588 frames_s=266 crc/cobs/len=0/0/0 seqgap=24 age_ms=1 type=7 log=1 q=0 rec=392 final=0
RXDIAG max_us=2068 budget_hits=0 byte/frame/time=0/0/0 rx_buf_max=256 loop_period_max_us=111093 loop_exec_max_us=109327 free_heap=147352 min_free_heap=144188 reset_reason=0 bno_kind_1to5_s=62/50/0/25/0 queue=0 high=11 drops=0
RXDETAIL service_calls=54308 service_bytes_avg=16 service_bytes_max=256 service_frames_avg=0 service_frames_max=4 service_bytes_s=25672 service_frames_s=267 rxbuf_full_obs=0 bno_valid=1176 bno_invalid=0 unknown=0 uart_overflow=framework_unavailable trial_rx_bytes=214672 trial_frames=2238 trial_bno=1176 trial_crc/cobs/len=0/0/0
RXTASK mode=decode_count read_calls=54309 zero_reads=45415 read_bytes_max=256 rx_task_max_us=2068 rx_task_continuous_max_us=2068 stack_hwm_min_bytes=4920 cobs_delimiters=8282 rx_current=0 rx_max=256 rx_full=0 overflow=framework_unavailable
XIAO UART baud=921600 rx=GPIO8 tx=GPIO9 bytes=900708 frames=2500 bytes_s=25328 frames_s=263 crc/cobs/len=0/0/0 seqgap=24 age_ms=2 type=2 log=1 q=0 rec=436 final=0
RXDIAG max_us=2068 budget_hits=0 byte/frame/time=0/0/0 rx_buf_max=256 loop_period_max_us=111093 loop_exec_max_us=109327 free_heap=147352 min_free_heap=144188 reset_reason=0 bno_kind_1to5_s=64/50/0/25/0 queue=0 high=11 drops=0
RXDETAIL service_calls=55227 service_bytes_avg=16 service_bytes_max=256 service_frames_avg=0 service_frames_max=4 service_bytes_s=25308 service_frames_s=263 rxbuf_full_obs=0 bno_valid=1314 bno_invalid=0 unknown=0 uart_overflow=framework_unavailable trial_rx_bytes=239980 trial_frames=2501 trial_bno=1314 trial_crc/cobs/len=0/0/0
RXTASK mode=decode_count read_calls=55228 zero_reads=46081 read_bytes_max=256 rx_task_max_us=2068 rx_task_continuous_max_us=2068 stack_hwm_min_bytes=4920 cobs_delimiters=8545 rx_current=0 rx_max=256 rx_full=0 overflow=framework_unavailable
SDTRACE count=30 write_calls=116
SDTRACE us=50327811 src=log_start op=mkdir ok=1 rec=0 q=0 req=0 actual=0
SDTRACE us=50332539 src=log_start op=exists ok=1 rec=0 q=0 req=0 actual=0
SDTRACE us=50337223 src=log_start op=exists ok=1 rec=0 q=0 req=0 actual=0
SDTRACE us=50342159 src=log_start op=exists ok=1 rec=0 q=0 req=0 actual=0
SDTRACE us=50346846 src=log_start op=exists ok=1 rec=0 q=0 req=0 actual=0
SDTRACE us=50352232 src=log_start op=exists ok=1 rec=0 q=0 req=0 actual=0
SDTRACE us=50356867 src=log_start op=exists ok=1 rec=0 q=0 req=0 actual=0
SDTRACE us=50361747 src=log_start op=exists ok=1 rec=0 q=0 req=0 actual=0
SDTRACE us=50367311 src=log_start op=exists ok=1 rec=0 q=0 req=0 actual=0
SDTRACE us=50372703 src=log_start op=exists ok=1 rec=0 q=0 req=0 actual=0
SDTRACE us=50381479 src=log_start op=exists ok=1 rec=0 q=0 req=0 actual=0
SDTRACE us=50390730 src=log_start op=exists ok=1 rec=0 q=0 req=0 actual=0
SDTRACE us=50399261 src=log_start op=exists ok=1 rec=0 q=0 req=0 actual=0
SDTRACE us=50406680 src=log_start op=exists ok=0 rec=0 q=0 req=0 actual=0
SDTRACE us=50425701 src=log_start op=open ok=1 rec=0 q=0 req=0 actual=0
SDTRACE us=51766483 src=writer op=write ok=1 rec=62 q=0 req=512 actual=512
SDTRACE us=51766526 src=writer op=write ok=1 rec=62 q=0 req=512 actual=512
SDTRACE us=51766561 src=writer op=write ok=1 rec=62 q=0 req=512 actual=512
SDTRACE us=51831229 src=writer op=write ok=1 rec=62 q=11 req=512 actual=512
SDTRACE us=52890627 src=writer op=write ok=1 rec=121 q=6 req=512 actual=512
SDTRACE us=54784202 src=writer op=write ok=1 rec=184 q=11 req=512 actual=512
SDTRACE us=55848504 src=writer op=write ok=1 rec=244 q=7 req=512 actual=512
SDTRACE us=57039749 src=writer op=write ok=1 rec=305 q=0 req=512 actual=512
SDTRACE us=58801213 src=writer op=write ok=1 rec=367 q=6 req=512 actual=512
SDTRACE us=59879252 src=writer op=write ok=1 rec=427 q=7 req=512 actual=512
SDTRACE us=60445225 src=writer op=flush ok=1 rec=442 q=0 req=0 actual=0
SDTRACE us=60445588 src=writer op=close ok=1 rec=442 q=0 req=0 actual=0
SDTRACE us=60466833 src=summary op=open ok=1 rec=442 q=0 req=0 actual=0
SDTRACE us=60470683 src=summary op=write ok=1 rec=442 q=0 req=0 actual=0
SDTRACE us=60480412 src=summary op=close ok=1 rec=442 q=0 req=0 actual=0
TRIAL_END mode=decode_count rx_bytes=252732 service_bytes=252732 frames=2633 bno_valid=1380 seq_gap=6 crc/cobs/len=0/0/0 unknown=0 bno_invalid=0 rxbuf_full=0 service_calls=9317 read_calls=9317 zero_reads=6741 delimiters=2633 bno_kind=630/500/0/250/0 bno_log_enqueue=0
XIAO UART baud=921600 rx=GPIO8 tx=GPIO9 bytes=920184 frames=2694 bytes_s=19476 frames_s=194 crc/cobs/len=0/0/0 seqgap=24 age_ms=0 type=7 log=0 q=0 rec=442 final=0
RXDIAG max_us=2068 budget_hits=0 byte/frame/time=0/0/0 rx_buf_max=256 loop_period_max_us=111093 loop_exec_max_us=109327 free_heap=151720 min_free_heap=144188 reset_reason=0 bno_kind_1to5_s=30/24/0/12/0 queue=0 high=11 drops=0
RXDETAIL service_calls=56214 service_bytes_avg=16 service_bytes_max=256 service_frames_avg=0 service_frames_max=4 service_bytes_s=19412 service_frames_s=193 rxbuf_full_obs=0 bno_valid=1380 bno_invalid=0 unknown=0 uart_overflow=framework_unavailable trial_rx_bytes=259392 trial_frames=2694 trial_bno=1380 trial_crc/cobs/len=0/0/0
RXTASK mode=decode_count read_calls=56215 zero_reads=46858 read_bytes_max=256 rx_task_max_us=2068 rx_task_continuous_max_us=2068 stack_hwm_min_bytes=4920 cobs_delimiters=8738 rx_current=0 rx_max=256 rx_full=0 overflow=framework_unavailable
XIAO UART baud=921600 rx=GPIO8 tx=GPIO9 bytes=933548 frames=2816 bytes_s=13364 frames_s=122 crc/cobs/len=0/0/0 seqgap=26 age_ms=11 type=7 log=0 q=0 rec=442 final=0
RXDIAG max_us=2068 budget_hits=0 byte/frame/time=0/0/0 rx_buf_max=256 loop_period_max_us=111093 loop_exec_max_us=109327 free_heap=151720 min_free_heap=144188 reset_reason=0 bno_kind_1to5_s=0/0/0/0/0 queue=0 high=11 drops=0
RXDETAIL service_calls=57179 service_bytes_avg=16 service_bytes_max=256 service_frames_avg=0 service_frames_max=4 service_bytes_s=13548 service_frames_s=123 rxbuf_full_obs=0 bno_valid=1380 bno_invalid=0 unknown=0 uart_overflow=framework_unavailable trial_rx_bytes=272940 trial_frames=2817 trial_bno=1380 trial_crc/cobs/len=0/0/0
RXTASK mode=decode_count read_calls=57181 zero_reads=47681 read_bytes_max=256 rx_task_max_us=2068 rx_task_continuous_max_us=2068 stack_hwm_min_bytes=4920 cobs_delimiters=8861 rx_current=0 rx_max=256 rx_full=0 overflow=framework_unavailable
XIAO UART baud=921600 rx=GPIO8 tx=GPIO9 bytes=947276 frames=2941 bytes_s=13728 frames_s=125 crc/cobs/len=0/0/0 seqgap=26 age_ms=2 type=5 log=0 q=0 rec=442 final=0
RXDIAG max_us=2068 budget_hits=0 byte/frame/time=0/0/0 rx_buf_max=256 loop_period_max_us=111093 loop_exec_max_us=109327 free_heap=151496 min_free_heap=144188 reset_reason=0 bno_kind_1to5_s=0/0/0/0/0 queue=0 high=11 drops=0
RXDETAIL service_calls=58146 service_bytes_avg=16 service_bytes_max=256 service_frames_avg=0 service_frames_max=4 service_bytes_s=13544 service_frames_s=124 rxbuf_full_obs=0 bno_valid=1380 bno_invalid=0 unknown=0 uart_overflow=framework_unavailable trial_rx_bytes=286484 trial_frames=2941 trial_bno=1380 trial_crc/cobs/len=0/0/0
RXTASK mode=decode_count read_calls=58148 zero_reads=48510 read_bytes_max=256 rx_task_max_us=2068 rx_task_continuous_max_us=2068 stack_hwm_min_bytes=4920 cobs_delimiters=8985 rx_current=0 rx_max=256 rx_full=0 overflow=framework_unavailable
XIAO UART baud=921600 rx=GPIO8 tx=GPIO9 bytes=960864 frames=3066 bytes_s=13588 frames_s=125 crc/cobs/len=0/0/0 seqgap=26 age_ms=0 type=7 log=0 q=0 rec=442 final=0
RXDIAG max_us=2068 budget_hits=0 byte/frame/time=0/0/0 rx_buf_max=256 loop_period_max_us=111093 loop_exec_max_us=109327 free_heap=151496 min_free_heap=144188 reset_reason=0 bno_kind_1to5_s=0/0/0/0/0 queue=0 high=11 drops=0
RXDETAIL service_calls=59118 service_bytes_avg=16 service_bytes_max=256 service_frames_avg=0 service_frames_max=4 service_bytes_s=13588 service_frames_s=125 rxbuf_full_obs=0 bno_valid=1380 bno_invalid=0 unknown=0 uart_overflow=framework_unavailable trial_rx_bytes=300072 trial_frames=3066 trial_bno=1380 trial_crc/cobs/len=0/0/0
RXTASK mode=decode_count read_calls=59119 zero_reads=49336 read_bytes_max=256 rx_task_max_us=2068 rx_task_continuous_max_us=2068 stack_hwm_min_bytes=4920 cobs_delimiters=9110 rx_current=0 rx_max=256 rx_full=0 overflow=framework_unavailable
XIAO UART baud=921600 rx=GPIO8 tx=GPIO9 bytes=974504 frames=3190 bytes_s=13640 frames_s=124 crc/cobs/len=0/0/0 seqgap=26 age_ms=11 type=56 log=0 q=0 rec=442 final=0
RXDIAG max_us=2068 budget_hits=0 byte/frame/time=0/0/0 rx_buf_max=256 loop_period_max_us=111093 loop_exec_max_us=109327 free_heap=151496 min_free_heap=144188 reset_reason=0 bno_kind_1to5_s=0/0/0/0/0 queue=0 high=11 drops=0
RXDETAIL service_calls=60087 service_bytes_avg=16 service_bytes_max=256 service_frames_avg=0 service_frames_max=4 service_bytes_s=13640 service_frames_s=124 rxbuf_full_obs=0 bno_valid=1380 bno_invalid=0 unknown=0 uart_overflow=framework_unavailable trial_rx_bytes=313712 trial_frames=3190 trial_bno=1380 trial_crc/cobs/len=0/0/0
RXTASK mode=decode_count read_calls=60088 zero_reads=50162 read_bytes_max=256 rx_task_max_us=2068 rx_task_continuous_max_us=2068 stack_hwm_min_bytes=4920 cobs_delimiters=9234 rx_current=88 rx_max=256 rx_full=0 overflow=framework_unavailable
XIAO UART baud=921600 rx=GPIO8 tx=GPIO9 bytes=987956 frames=3313 bytes_s=13452 frames_s=123 crc/cobs/len=0/0/0 seqgap=26 age_ms=7 type=7 log=0 q=0 rec=442 final=0
RXDIAG max_us=2068 budget_hits=0 byte/frame/time=0/0/0 rx_buf_max=256 loop_period_max_us=111093 loop_exec_max_us=109327 free_heap=151496 min_free_heap=144188 reset_reason=0 bno_kind_1to5_s=0/0/0/0/0 queue=0 high=11 drops=0
RXDETAIL service_calls=61048 service_bytes_avg=16 service_bytes_max=256 service_frames_avg=0 service_frames_max=4 service_bytes_s=13452 service_frames_s=123 rxbuf_full_obs=0 bno_valid=1380 bno_invalid=0 unknown=0 uart_overflow=framework_unavailable trial_rx_bytes=327164 trial_frames=3313 trial_bno=1380 trial_crc/cobs/len=0/0/0
RXTASK mode=decode_count read_calls=61050 zero_reads=50985 read_bytes_max=256 rx_task_max_us=2068 rx_task_continuous_max_us=2068 stack_hwm_min_bytes=4920 cobs_delimiters=9358 rx_current=36 rx_max=256 rx_full=0 overflow=framework_unavailable
XIAO UART baud=921600 rx=GPIO8 tx=GPIO9 bytes=1001684 frames=3438 bytes_s=13728 frames_s=125 crc/cobs/len=0/0/0 seqgap=26 age_ms=6 type=7 log=0 q=0 rec=442 final=0
RXDIAG max_us=2068 budget_hits=0 byte/frame/time=0/0/0 rx_buf_max=256 loop_period_max_us=111093 loop_exec_max_us=109327 free_heap=151272 min_free_heap=144188 reset_reason=0 bno_kind_1to5_s=0/0/0/0/0 queue=0 high=11 drops=0
RXDETAIL service_calls=62004 service_bytes_avg=16 service_bytes_max=256 service_frames_avg=0 service_frames_max=4 service_bytes_s=13728 service_frames_s=125 rxbuf_full_obs=0 bno_valid=1380 bno_invalid=0 unknown=0 uart_overflow=framework_unavailable trial_rx_bytes=340892 trial_frames=3438 trial_bno=1380 trial_crc/cobs/len=0/0/0
RXTASK mode=decode_count read_calls=62005 zero_reads=51806 read_bytes_max=256 rx_task_max_us=2068 rx_task_continuous_max_us=2068 stack_hwm_min_bytes=4920 cobs_delimiters=9482 rx_current=0 rx_max=256 rx_full=0 overflow=framework_unavailable
XIAO UART baud=921600 rx=GPIO8 tx=GPIO9 bytes=1015096 frames=3561 bytes_s=13412 frames_s=123 crc/cobs/len=0/0/0 seqgap=26 age_ms=7 type=56 log=0 q=0 rec=442 final=0
RXDIAG max_us=2068 budget_hits=0 byte/frame/time=0/0/0 rx_buf_max=256 loop_period_max_us=111093 loop_exec_max_us=109327 free_heap=151272 min_free_heap=144188 reset_reason=0 bno_kind_1to5_s=0/0/0/0/0 queue=0 high=11 drops=0
RXDETAIL service_calls=62958 service_bytes_avg=16 service_bytes_max=256 service_frames_avg=0 service_frames_max=4 service_bytes_s=13412 service_frames_s=123 rxbuf_full_obs=0 bno_valid=1380 bno_invalid=0 unknown=0 uart_overflow=framework_unavailable trial_rx_bytes=354304 trial_frames=3561 trial_bno=1380 trial_crc/cobs/len=0/0/0
RXTASK mode=decode_count read_calls=62959 zero_reads=52630 read_bytes_max=256 rx_task_max_us=2068 rx_task_continuous_max_us=2068 stack_hwm_min_bytes=4920 cobs_delimiters=9605 rx_current=0 rx_max=256 rx_full=0 overflow=framework_unavailable
XIAO UART baud=921600 rx=GPIO8 tx=GPIO9 bytes=1028800 frames=3687 bytes_s=13704 frames_s=126 crc/cobs/len=0/0/0 seqgap=28 age_ms=6 type=7 log=0 q=0 rec=442 final=0
RXDIAG max_us=2068 budget_hits=0 byte/frame/time=0/0/0 rx_buf_max=256 loop_period_max_us=111093 loop_exec_max_us=109327 free_heap=151272 min_free_heap=144188 reset_reason=0 bno_kind_1to5_s=0/0/0/0/0 queue=0 high=11 drops=0
RXDETAIL service_calls=63908 service_bytes_avg=16 service_bytes_max=256 service_frames_avg=0 service_frames_max=4 service_bytes_s=13704 service_frames_s=126 rxbuf_full_obs=0 bno_valid=1380 bno_invalid=0 unknown=0 uart_overflow=framework_unavailable trial_rx_bytes=368008 trial_frames=3687 trial_bno=1380 trial_crc/cobs/len=0/0/0
RXTASK mode=decode_count read_calls=63909 zero_reads=53456 read_bytes_max=256 rx_task_max_us=2068 rx_task_continuous_max_us=2068 stack_hwm_min_bytes=4920 cobs_delimiters=9731 rx_current=0 rx_max=256 rx_full=0 overflow=framework_unavailable
XIAO UART baud=921600 rx=GPIO8 tx=GPIO9 bytes=1042600 frames=3813 bytes_s=13800 frames_s=126 crc/cobs/len=0/0/0 seqgap=28 age_ms=0 type=7 log=0 q=0 rec=442 final=0
RXDIAG max_us=2068 budget_hits=0 byte/frame/time=0/0/0 rx_buf_max=256 loop_period_max_us=111093 loop_exec_max_us=109327 free_heap=151272 min_free_heap=144188 reset_reason=0 bno_kind_1to5_s=0/0/0/0/0 queue=0 high=11 drops=0
RXDETAIL service_calls=64872 service_bytes_avg=16 service_bytes_max=256 service_frames_avg=0 service_frames_max=4 service_bytes_s=13800 service_frames_s=126 rxbuf_full_obs=0 bno_valid=1380 bno_invalid=0 unknown=0 uart_overflow=framework_unavailable trial_rx_bytes=381808 trial_frames=3813 trial_bno=1380 trial_crc/cobs/len=0/0/0
RXTASK mode=decode_count read_calls=64873 zero_reads=54288 read_bytes_max=256 rx_task_max_us=2068 rx_task_continuous_max_us=2068 stack_hwm_min_bytes=4920 cobs_delimiters=9857 rx_current=0 rx_max=256 rx_full=0 overflow=framework_unavailable
XIAO UART baud=921600 rx=GPIO8 tx=GPIO9 bytes=1055868 frames=3934 bytes_s=13268 frames_s=121 crc/cobs/len=0/0/0 seqgap=28 age_ms=13 type=7 log=0 q=0 rec=442 final=0
RXDIAG max_us=2068 budget_hits=0 byte/frame/time=0/0/0 rx_buf_max=256 loop_period_max_us=111093 loop_exec_max_us=109327 free_heap=151048 min_free_heap=144188 reset_reason=0 bno_kind_1to5_s=0/0/0/0/0 queue=0 high=11 drops=0
RXDETAIL service_calls=65829 service_bytes_avg=16 service_bytes_max=256 service_frames_avg=0 service_frames_max=4 service_bytes_s=13268 service_frames_s=121 rxbuf_full_obs=0 bno_valid=1380 bno_invalid=0 unknown=0 uart_overflow=framework_unavailable trial_rx_bytes=395076 trial_frames=3934 trial_bno=1380 trial_crc/cobs/len=0/0/0
RXTASK mode=decode_count read_calls=65830 zero_reads=55120 read_bytes_max=256 rx_task_max_us=2068 rx_task_continuous_max_us=2068 stack_hwm_min_bytes=4920 cobs_delimiters=9978 rx_current=0 rx_max=256 rx_full=0 overflow=framework_unavailable
XIAO UART baud=921600 rx=GPIO8 tx=GPIO9 bytes=1069708 frames=4061 bytes_s=13840 frames_s=127 crc/cobs/len=0/0/0 seqgap=30 age_ms=0 type=32 log=0 q=0 rec=442 final=0
RXDIAG max_us=2068 budget_hits=0 byte/frame/time=0/0/0 rx_buf_max=256 loop_period_max_us=111093 loop_exec_max_us=109327 free_heap=151048 min_free_heap=144188 reset_reason=0 bno_kind_1to5_s=0/0/0/0/0 queue=0 high=11 drops=0
RXDETAIL service_calls=66788 service_bytes_avg=16 service_bytes_max=256 service_frames_avg=0 service_frames_max=4 service_bytes_s=13840 service_frames_s=127 rxbuf_full_obs=0 bno_valid=1380 bno_invalid=0 unknown=0 uart_overflow=framework_unavailable trial_rx_bytes=408916 trial_frames=4061 trial_bno=1380 trial_crc/cobs/len=0/0/0
RXTASK mode=decode_count read_calls=66789 zero_reads=55955 read_bytes_max=256 rx_task_max_us=2068 rx_task_continuous_max_us=2068 stack_hwm_min_bytes=4920 cobs_delimiters=10105 rx_current=0 rx_max=256 rx_full=0 overflow=framework_unavailable
XIAO UART baud=921600 rx=GPIO8 tx=GPIO9 bytes=1083300 frames=4186 bytes_s=13592 frames_s=125 crc/cobs/len=0/0/0 seqgap=30 age_ms=5 type=32 log=0 q=0 rec=442 final=0
RXDIAG max_us=2068 budget_hits=0 byte/frame/time=0/0/0 rx_buf_max=256 loop_period_max_us=111093 loop_exec_max_us=109327 free_heap=151048 min_free_heap=144188 reset_reason=0 bno_kind_1to5_s=0/0/0/0/0 queue=0 high=11 drops=0
RXDETAIL service_calls=67740 service_bytes_avg=15 service_bytes_max=256 service_frames_avg=0 service_frames_max=4 service_bytes_s=13592 service_frames_s=125 rxbuf_full_obs=0 bno_valid=1380 bno_invalid=0 unknown=0 uart_overflow=framework_unavailable trial_rx_bytes=422508 trial_frames=4186 trial_bno=1380 trial_crc/cobs/len=0/0/0
RXTASK mode=decode_count read_calls=67741 zero_reads=56783 read_bytes_max=256 rx_task_max_us=2068 rx_task_continuous_max_us=2068 stack_hwm_min_bytes=4920 cobs_delimiters=10230 rx_current=0 rx_max=256 rx_full=0 overflow=framework_unavailable
XIAO UART baud=921600 rx=GPIO8 tx=GPIO9 bytes=1096752 frames=4309 bytes_s=13452 frames_s=123 crc/cobs/len=0/0/0 seqgap=32 age_ms=10 type=7 log=0 q=0 rec=442 final=0
RXDIAG max_us=2068 budget_hits=0 byte/frame/time=0/0/0 rx_buf_max=256 loop_period_max_us=111093 loop_exec_max_us=109327 free_heap=151048 min_free_heap=144188 reset_reason=0 bno_kind_1to5_s=0/0/0/0/0 queue=0 high=11 drops=0
RXDETAIL service_calls=68701 service_bytes_avg=15 service_bytes_max=256 service_frames_avg=0 service_frames_max=4 service_bytes_s=13636 service_frames_s=124 rxbuf_full_obs=0 bno_valid=1380 bno_invalid=0 unknown=0 uart_overflow=framework_unavailable trial_rx_bytes=436144 trial_frames=4310 trial_bno=1380 trial_crc/cobs/len=0/0/0
RXTASK mode=decode_count read_calls=68703 zero_reads=57613 read_bytes_max=256 rx_task_max_us=2068 rx_task_continuous_max_us=2068 stack_hwm_min_bytes=4920 cobs_delimiters=10354 rx_current=0 rx_max=256 rx_full=0 overflow=framework_unavailable
XIAO UART baud=921600 rx=GPIO8 tx=GPIO9 bytes=1110480 frames=4434 bytes_s=13728 frames_s=125 crc/cobs/len=0/0/0 seqgap=32 age_ms=12 type=7 log=0 q=0 rec=442 final=0
RXDIAG max_us=2068 budget_hits=0 byte/frame/time=0/0/0 rx_buf_max=256 loop_period_max_us=111093 loop_exec_max_us=109327 free_heap=150824 min_free_heap=144188 reset_reason=0 bno_kind_1to5_s=0/0/0/0/0 queue=0 high=11 drops=0
RXDETAIL service_calls=69657 service_bytes_avg=15 service_bytes_max=256 service_frames_avg=0 service_frames_max=4 service_bytes_s=13544 service_frames_s=124 rxbuf_full_obs=0 bno_valid=1380 bno_invalid=0 unknown=0 uart_overflow=framework_unavailable trial_rx_bytes=449688 trial_frames=4434 trial_bno=1380 trial_crc/cobs/len=0/0/0
RXTASK mode=decode_count read_calls=69658 zero_reads=58444 read_bytes_max=256 rx_task_max_us=2068 rx_task_continuous_max_us=2068 stack_hwm_min_bytes=4920 cobs_delimiters=10478 rx_current=0 rx_max=256 rx_full=0 overflow=framework_unavailable
XIAO UART baud=921600 rx=GPIO8 tx=GPIO9 bytes=1124208 frames=4559 bytes_s=13728 frames_s=125 crc/cobs/len=0/0/0 seqgap=34 age_ms=5 type=7 log=0 q=0 rec=442 final=0
RXDIAG max_us=2068 budget_hits=0 byte/frame/time=0/0/0 rx_buf_max=256 loop_period_max_us=111093 loop_exec_max_us=109327 free_heap=150824 min_free_heap=144188 reset_reason=0 bno_kind_1to5_s=0/0/0/0/0 queue=0 high=11 drops=0
RXDETAIL service_calls=70617 service_bytes_avg=15 service_bytes_max=256 service_frames_avg=0 service_frames_max=4 service_bytes_s=13728 service_frames_s=125 rxbuf_full_obs=0 bno_valid=1380 bno_invalid=0 unknown=0 uart_overflow=framework_unavailable trial_rx_bytes=463416 trial_frames=4559 trial_bno=1380 trial_crc/cobs/len=0/0/0
RXTASK mode=decode_count read_calls=70618 zero_reads=59278 read_bytes_max=256 rx_task_max_us=2068 rx_task_continuous_max_us=2068 stack_hwm_min_bytes=4920 cobs_delimiters=10603 rx_current=0 rx_max=256 rx_full=0 overflow=framework_unavailable
XIAO UART baud=921600 rx=GPIO8 tx=GPIO9 bytes=1137756 frames=4682 bytes_s=13548 frames_s=123 crc/cobs/len=0/0/0 seqgap=34 age_ms=3 type=56 log=0 q=0 rec=442 final=0
RXDIAG max_us=2068 budget_hits=0 byte/frame/time=0/0/0 rx_buf_max=256 loop_period_max_us=111093 loop_exec_max_us=109327 free_heap=150824 min_free_heap=144188 reset_reason=0 bno_kind_1to5_s=0/0/0/0/0 queue=0 high=11 drops=0
RXDETAIL service_calls=71565 service_bytes_avg=15 service_bytes_max=256 service_frames_avg=0 service_frames_max=4 service_bytes_s=13548 service_frames_s=123 rxbuf_full_obs=0 bno_valid=1380 bno_invalid=0 unknown=0 uart_overflow=framework_unavailable trial_rx_bytes=476964 trial_frames=4682 trial_bno=1380 trial_crc/cobs/len=0/0/0
RXTASK mode=decode_count read_calls=71567 zero_reads=60099 read_bytes_max=256 rx_task_max_us=2068 rx_task_continuous_max_us=2068 stack_hwm_min_bytes=4920 cobs_delimiters=10728 rx_current=0 rx_max=256 rx_full=0 overflow=framework_unavailable
XIAO UART baud=921600 rx=GPIO8 tx=GPIO9 bytes=1151324 frames=4808 bytes_s=13568 frames_s=126 crc/cobs/len=0/0/0 seqgap=34 age_ms=5 type=7 log=0 q=0 rec=442 final=0
RXDIAG max_us=2068 budget_hits=0 byte/frame/time=0/0/0 rx_buf_max=256 loop_period_max_us=111093 loop_exec_max_us=109327 free_heap=150824 min_free_heap=144188 reset_reason=0 bno_kind_1to5_s=0/0/0/0/0 queue=0 high=11 drops=0
RXDETAIL service_calls=72527 service_bytes_avg=15 service_bytes_max=256 service_frames_avg=0 service_frames_max=4 service_bytes_s=13568 service_frames_s=126 rxbuf_full_obs=0 bno_valid=1380 bno_invalid=0 unknown=0 uart_overflow=framework_unavailable trial_rx_bytes=490532 trial_frames=4808 trial_bno=1380 trial_crc/cobs/len=0/0/0
RXTASK mode=decode_count read_calls=72528 zero_reads=60934 read_bytes_max=256 rx_task_max_us=2068 rx_task_continuous_max_us=2068 stack_hwm_min_bytes=4920 cobs_delimiters=10852 rx_current=0 rx_max=256 rx_full=0 overflow=framework_unavailable
XIAO UART baud=921600 rx=GPIO8 tx=GPIO9 bytes=1165052 frames=4933 bytes_s=13728 frames_s=125 crc/cobs/len=0/0/0 seqgap=34 age_ms=0 type=7 log=0 q=0 rec=442 final=0
RXDIAG max_us=2068 budget_hits=0 byte/frame/time=0/0/0 rx_buf_max=256 loop_period_max_us=111093 loop_exec_max_us=109327 free_heap=150824 min_free_heap=144188 reset_reason=0 bno_kind_1to5_s=0/0/0/0/0 queue=0 high=11 drops=0
RXDETAIL service_calls=73486 service_bytes_avg=15 service_bytes_max=256 service_frames_avg=0 service_frames_max=4 service_bytes_s=13728 service_frames_s=125 rxbuf_full_obs=0 bno_valid=1380 bno_invalid=0 unknown=0 uart_overflow=framework_unavailable trial_rx_bytes=504260 trial_frames=4933 trial_bno=1380 trial_crc/cobs/len=0/0/0
RXTASK mode=decode_count read_calls=73487 zero_reads=61767 read_bytes_max=256 rx_task_max_us=2068 rx_task_continuous_max_us=2068 stack_hwm_min_bytes=4920 cobs_delimiters=10977 rx_current=0 rx_max=256 rx_full=0 overflow=framework_unavailable
XIAO UART baud=921600 rx=GPIO8 tx=GPIO9 bytes=1178760 frames=5058 bytes_s=13708 frames_s=125 crc/cobs/len=0/0/0 seqgap=34 age_ms=0 type=7 log=0 q=0 rec=442 final=0
RXDIAG max_us=2068 budget_hits=0 byte/frame/time=0/0/0 rx_buf_max=256 loop_period_max_us=111093 loop_exec_max_us=109327 free_heap=150824 min_free_heap=144188 reset_reason=0 bno_kind_1to5_s=0/0/0/0/0 queue=0 high=11 drops=0
RXDETAIL service_calls=74451 service_bytes_avg=15 service_bytes_max=256 service_frames_avg=0 service_frames_max=4 service_bytes_s=13708 service_frames_s=125 rxbuf_full_obs=0 bno_valid=1380 bno_invalid=0 unknown=0 uart_overflow=framework_unavailable trial_rx_bytes=517968 trial_frames=5058 trial_bno=1380 trial_crc/cobs/len=0/0/0
RXTASK mode=decode_count read_calls=74452 zero_reads=62602 read_bytes_max=256 rx_task_max_us=2068 rx_task_continuous_max_us=2068 stack_hwm_min_bytes=4920 cobs_delimiters=11102 rx_current=0 rx_max=256 rx_full=0 overflow=framework_unavailable
XIAO UART baud=921600 rx=GPIO8 tx=GPIO9 bytes=1191996 frames=5179 bytes_s=13236 frames_s=121 crc/cobs/len=0/0/0 seqgap=34 age_ms=9 type=7 log=0 q=0 rec=442 final=0
RXDIAG max_us=2068 budget_hits=0 byte/frame/time=0/0/0 rx_buf_max=256 loop_period_max_us=265289 loop_exec_max_us=180071 free_heap=150020 min_free_heap=144188 reset_reason=0 bno_kind_1to5_s=0/0/0/0/0 queue=0 high=11 drops=0
RXDETAIL service_calls=75402 service_bytes_avg=15 service_bytes_max=256 service_frames_avg=0 service_frames_max=4 service_bytes_s=13236 service_frames_s=121 rxbuf_full_obs=0 bno_valid=1380 bno_invalid=0 unknown=0 uart_overflow=framework_unavailable trial_rx_bytes=531204 trial_frames=5179 trial_bno=1380 trial_crc/cobs/len=0/0/0
RXTASK mode=decode_count read_calls=75403 zero_reads=63425 read_bytes_max=256 rx_task_max_us=2068 rx_task_continuous_max_us=2068 stack_hwm_min_bytes=4920 cobs_delimiters=11223 rx_current=120 rx_max=256 rx_full=0 overflow=framework_unavailable
