BNO_FEATURE phase=initial point=after_set kind=1 report_id=1 status=0 request_us=3611848 response_us=3616933 requested_interval_us=10000 accepted_interval_us=0 requested_hz=100.000 accepted_hz=0.000 flags=0x00 change_sensitivity=0 batch_interval_us=0 sensor_specific=0
BNO_FEATURE phase=initial point=after_set kind=2 report_id=2 status=0 request_us=3621065 response_us=3625780 requested_interval_us=10000 accepted_interval_us=0 requested_hz=100.000 accepted_hz=0.000 flags=0x00 change_sensitivity=0 batch_interval_us=0 sensor_specific=0
BNO_FEATURE phase=initial point=after_set kind=3 report_id=8 status=0 request_us=3629305 response_us=3633471 requested_interval_us=20000 accepted_interval_us=0 requested_hz=50.000 accepted_hz=0.000 flags=0x00 change_sensitivity=0 batch_interval_us=0 sensor_specific=0
BNO_FEATURE phase=initial point=after_set kind=4 report_id=3 status=0 request_us=3637324 response_us=3642202 requested_interval_us=50000 accepted_interval_us=0 requested_hz=20.000 accepted_hz=0.000 flags=0x00 change_sensitivity=0 batch_interval_us=0 sensor_specific=0
BNO_FEATURE phase=initial point=after_set kind=5 report_id=4 status=0 request_us=3646331 response_us=3658318 requested_interval_us=20000 accepted_interval_us=0 requested_hz=50.000 accepted_hz=0.000 flags=0x00 change_sensitivity=0 batch_interval_us=0 sensor_specific=0
BNO_FEATURE phase=initial point=after_all kind=1 report_id=1 status=0 request_us=3659774 response_us=3673482 requested_interval_us=10000 accepted_interval_us=8000 requested_hz=100.000 accepted_hz=125.000 flags=0x00 change_sensitivity=0 batch_interval_us=0 sensor_specific=0
BNO_FEATURE phase=initial point=after_all kind=2 report_id=2 status=0 request_us=3674773 response_us=3682092 requested_interval_us=10000 accepted_interval_us=0 requested_hz=100.000 accepted_hz=0.000 flags=0x00 change_sensitivity=0 batch_interval_us=0 sensor_specific=0
BNO_FEATURE phase=initial point=after_all kind=3 report_id=8 status=0 request_us=3683774 response_us=3692383 requested_interval_us=20000 accepted_interval_us=0 requested_hz=50.000 accepted_hz=0.000 flags=0x00 change_sensitivity=0 batch_interval_us=0 sensor_specific=0
BNO_FEATURE phase=initial point=after_all kind=4 report_id=3 status=0 request_us=3693773 response_us=3701425 requested_interval_us=50000 accepted_interval_us=40000 requested_hz=20.000 accepted_hz=25.000 flags=0x00 change_sensitivity=0 batch_interval_us=0 sensor_specific=0
BNO_FEATURE phase=initial point=after_all kind=5 report_id=4 status=0 request_us=3702774 response_us=3710723 requested_interval_us=20000 accepted_interval_us=0 requested_hz=50.000 accepted_hz=0.000 flags=0x00 change_sensitivity=0 batch_interval_us=0 sensor_specific=0
STATE DISARMED
xiao-boat-control-integration 0.3.5-estimated-state-dry-run boot=2394058445
STATE FAULT
DIAG state=FAULT dry=1 bno_ready=1 addr=0x4A init/reinit/poll=1/0/0 event A/G/M=0/0/0 age_rx_us=4294967295/4294967295/4294967295
IMU cand/pair/call/ok=0/0/0/0 reject=0 dup/order/stale/dt/nonfinite/norm/queue=0/0/0/0/0/0/0 last_ok_age_us=4294967295 dt_us=0 align_samples=0 align_elapsed_us=0
ESKF_DT_REJECT zero/negative/small/large/wrap/source/first/nonfinite=0/0/0/0/0/0/0/0 first_reason=0 first_core_us=0 first_report_seq=0
ESKF_UPDATE calls=gnss:0/0/0 tof:1/0/1 innovation:0/0/0 invalid/dup/geometry/nis/numerical=1/0/0/0/0
HEALTH state=0 health=0 reason=imu_stale mount=0 imu_age_us=4294967295 imu_gaps=0 reversals=0 covariance=1 finite=1 gnss_age_us=4294967295 tof_age_us=4294967295 obs=0
BNO_TS ACCEL events=0 unique=0 exact=1 overflow=0 dup=0 reverse=0 rollover=0 sensor_dt_us=0/0.00/0 rx_dt_us=0/0.00/0 pair_first=0/0 pair_last=0/0
BNO_TS GYRO events=0 unique=0 exact=1 overflow=0 dup=0 reverse=0 rollover=0 sensor_dt_us=0/0.00/0 rx_dt_us=0/0.00/0 pair_first=0/0 pair_last=0/0
BNO_TS MAG events=0 unique=0 exact=1 overflow=0 dup=0 reverse=0 rollover=0 sensor_dt_us=0/0.00/0 rx_dt_us=0/0.00/0 pair_first=0/0 pair_last=0/0
BNO_VEC ACCEL_SENSOR_AND_ESKF_INPUT events=0 nonfinite=0
BNO_VEC GYRO_SENSOR_AND_ESKF_INPUT events=0 nonfinite=0
BNO_VEC MAG_SENSOR events=0 nonfinite=0
LINK queue/drop/high=1/0/1 tof=1
TXDIAG frames_s=2000 bytes_s=264000 total_frames=2 total_bytes=264 queue=0 high=1 drops=0 bno_drop=0 partial=0 zero=0 write_calls=47 max_write_us=0 free_heap=167044 min_free_heap=4294967295 usage_pct=286.46
BNO_FEATURE phase=reset point=after_set kind=1 report_id=1 status=0 request_us=3715599 response_us=3733349 requested_interval_us=10000 accepted_interval_us=8000 requested_hz=100.000 accepted_hz=125.000 flags=0x00 change_sensitivity=0 batch_interval_us=0 sensor_specific=0
BNO_TX kind=1 event=0 req=0 enq=0 drop=0 done=0 bytes=0
BNO_REPORT kind=1 report_id=1 interval_us=10000 requested_hz=100.000 enable_ok=2 enable_fail=0 callback=10 switch=0 kind_convert=0 events=0 tx_req=0 tx_enq=0 tx_done=0 tx_drop=0 event_drop=0 reset_reconfig=0 effective_hz=0.000
BNO_TX kind=2 event=0 req=0 enq=0 drop=0 done=0 bytes=0
BNO_REPORT kind=2 report_id=2 interval_us=10000 requested_hz=100.000 enable_ok=1 enable_fail=0 callback=2 switch=0 kind_convert=0 events=0 tx_req=0 tx_enq=0 tx_done=0 tx_drop=0 event_drop=0 reset_reconfig=0 effective_hz=0.000
BNO_TX kind=3 event=0 req=0 enq=0 drop=0 done=0 bytes=0
BNO_REPORT kind=3 report_id=8 interval_us=20000 requested_hz=50.000 enable_ok=1 enable_fail=0 callback=1 switch=0 kind_convert=0 events=0 tx_req=0 tx_enq=0 tx_done=0 tx_drop=0 event_drop=0 reset_reconfig=0 effective_hz=0.000
BNO_TX kind=4 event=0 req=0 enq=0 drop=0 done=0 bytes=0
BNO_REPORT kind=4 report_id=3 interval_us=50000 requested_hz=20.000 enable_ok=1 enable_fail=0 callback=1 switch=0 kind_convert=0 events=0 tx_req=0 tx_enq=0 tx_done=0 tx_drop=0 event_drop=0 reset_reconfig=0 effective_hz=0.000
BNO_TX kind=5 event=0 req=0 enq=0 drop=0 done=0 bytes=0
BNO_REPORT kind=5 report_id=4 interval_us=20000 requested_hz=50.000 enable_ok=1 enable_fail=0 callback=1 switch=0 kind_convert=0 events=0 tx_req=0 tx_enq=0 tx_done=0 tx_drop=0 event_drop=0 reset_reconfig=0 effective_hz=0.000
BNO_FEATURE phase=reset point=after_set kind=2 report_id=2 status=0 request_us=3736772 response_us=3756804 requested_interval_us=10000 accepted_interval_us=10000 requested_hz=100.000 accepted_hz=100.000 flags=0x00 change_sensitivity=0 batch_interval_us=0 sensor_specific=0
BNO_FEATURE phase=reset point=after_set kind=3 report_id=8 status=0 request_us=3760491 response_us=3769380 requested_interval_us=20000 accepted_interval_us=20000 requested_hz=50.000 accepted_hz=50.000 flags=0x00 change_sensitivity=0 batch_interval_us=0 sensor_specific=0
BNO_FEATURE phase=reset point=after_set kind=4 report_id=3 status=0 request_us=3772807 response_us=3796432 requested_interval_us=50000 accepted_interval_us=40000 requested_hz=20.000 accepted_hz=25.000 flags=0x00 change_sensitivity=0 batch_interval_us=0 sensor_specific=0
BNO_FEATURE phase=reset point=after_set kind=5 report_id=4 status=0 request_us=3799428 response_us=3807940 requested_interval_us=20000 accepted_interval_us=20000 requested_hz=50.000 accepted_hz=50.000 flags=0x00 change_sensitivity=0 batch_interval_us=0 sensor_specific=0
BNO_FEATURE phase=reset point=after_all kind=1 report_id=1 status=0 request_us=3809291 response_us=3824139 requested_interval_us=10000 accepted_interval_us=8000 requested_hz=100.000 accepted_hz=125.000 flags=0x00 change_sensitivity=0 batch_interval_us=0 sensor_specific=0
BNO_FEATURE phase=reset point=after_all kind=2 report_id=2 status=0 request_us=3825288 response_us=3836646 requested_interval_us=10000 accepted_interval_us=10000 requested_hz=100.000 accepted_hz=100.000 flags=0x00 change_sensitivity=0 batch_interval_us=0 sensor_specific=0
BNO_FEATURE phase=reset point=after_all kind=3 report_id=8 status=0 request_us=3837286 response_us=3845677 requested_interval_us=20000 accepted_interval_us=20000 requested_hz=50.000 accepted_hz=50.000 flags=0x00 change_sensitivity=0 batch_interval_us=0 sensor_specific=0
BNO_FEATURE phase=reset point=after_all kind=4 report_id=3 status=0 request_us=3846299 response_us=3856649 requested_interval_us=50000 accepted_interval_us=40000 requested_hz=20.000 accepted_hz=25.000 flags=0x00 change_sensitivity=0 batch_interval_us=0 sensor_specific=0
BNO_FEATURE phase=reset point=after_all kind=5 report_id=4 status=0 request_us=3858285 response_us=3867119 requested_interval_us=20000 accepted_interval_us=20000 requested_hz=50.000 accepted_hz=50.000 flags=0x00 change_sensitivity=0 batch_interval_us=0 sensor_specific=0

***ERROR*** A stack overflow in task Bno has been detected.


Backtrace: 0x40377726:0x3fcf4f00 0x4037afc9:0x3fcf4f20 0x4037e24a:0x3fcf4f40 0x4037cb68:0x3fcf4fc0 0x4037b080:0x3fcf4ff0 0x4037b076:0x3fcf5010 0x00000016:0x00060923 |<-CORRUPTED




ELF file SHA256: 01fd1afa8b6096b1


***ERROR*** A stack overflow in task Bno has been detected.


Backtrace: 0x4037dd72:0x3fcc3650 0x42023969:0x3fcc3690 0x4202446f:0x3fcc36b0 0x42024884:0x3fcc3740 0x4202390d:0x3fcc3770




ELF file SHA256: 01fd1afa8b6096b1

Re-entered core dump! Exception happened during core dump!
Rebooting...
ESP-ROM:esp32s3-20210327
Build:Mar 27 2021
rst:0xc (RTC_SW_CPU_RST),boot:0x2b (SPI_FAST_FLASH_BOOT)
Saved PC:0x4037735c
SPIWP:0xee
mode:DIO, clock div:1
load:0x3fce3808,len:0x4bc
load:0x403c9700,len:0xbd8
load:0x403cc700,len:0x2a0c
entry 0x403c98d0
PERIPH_SCAN 0x29
BNO_FEATURE phase=initial point=after_set kind=1 report_id=1 status=0 request_us=3606696 response_us=3611156 requested_interval_us=10000 accepted_interval_us=0 requested_hz=100.000 accepted_hz=0.000 flags=0x00 change_sensitivity=0 batch_interval_us=0 sensor_specific=0
BNO_FEATURE phase=initial point=after_set kind=2 report_id=2 status=0 request_us=3615201 response_us=3620371 requested_interval_us=10000 accepted_interval_us=0 requested_hz=100.000 accepted_hz=0.000 flags=0x00 change_sensitivity=0 batch_interval_us=0 sensor_specific=0
BNO_FEATURE phase=initial point=after_set kind=3 report_id=8 status=0 request_us=3624214 response_us=3628382 requested_interval_us=20000 accepted_interval_us=0 requested_hz=50.000 accepted_hz=0.000 flags=0x00 change_sensitivity=0 batch_interval_us=0 sensor_specific=0
BNO_FEATURE phase=initial point=after_set kind=4 report_id=3 status=0 request_us=3632203 response_us=3637082 requested_interval_us=50000 accepted_interval_us=0 requested_hz=20.000 accepted_hz=0.000 flags=0x00 change_sensitivity=0 batch_interval_us=0 sensor_specific=0
BNO_FEATURE phase=initial point=after_set kind=5 report_id=4 status=0 request_us=3641207 response_us=3653901 requested_interval_us=20000 accepted_interval_us=0 requested_hz=50.000 accepted_hz=0.000 flags=0x00 change_sensitivity=0 batch_interval_us=0 sensor_specific=0
BNO_FEATURE phase=initial point=after_all kind=1 report_id=1 status=0 request_us=3655667 response_us=3671650 requested_interval_us=10000 accepted_interval_us=8000 requested_hz=100.000 accepted_hz=125.000 flags=0x00 change_sensitivity=0 batch_interval_us=0 sensor_specific=0
BNO_FEATURE phase=initial point=after_all kind=2 report_id=2 status=0 request_us=3672666 response_us=3681098 requested_interval_us=10000 accepted_interval_us=0 requested_hz=100.000 accepted_hz=0.000 flags=0x00 change_sensitivity=0 batch_interval_us=0 sensor_specific=0
BNO_FEATURE phase=initial point=after_all kind=3 report_id=8 status=0 request_us=3682667 response_us=3691285 requested_interval_us=20000 accepted_interval_us=0 requested_hz=50.000 accepted_hz=0.000 flags=0x00 change_sensitivity=0 batch_interval_us=0 sensor_specific=0
BNO_FEATURE phase=initial point=after_all kind=4 report_id=3 status=0 request_us=3692667 response_us=3700357 requested_interval_us=50000 accepted_interval_us=40000 requested_hz=20.000 accepted_hz=25.000 flags=0x00 change_sensitivity=0 batch_interval_us=0 sensor_specific=0
BNO_FEATURE phase=initial point=after_all kind=5 report_id=4 status=0 request_us=3701681 response_us=3708979 requested_interval_us=20000 accepted_interval_us=0 requested_hz=50.000 accepted_hz=0.000 flags=0x00 change_sensitivity=0 batch_interval_us=0 sensor_specific=0
Guru Meditation Error: Core  1 panic'ed (Unhandled debug exception). 
Debug exception reason: Stack canary watchpoint triggered (ipc1) 
Core  1 register dump:
PC      : 0x4037e06f  PS      : 0x00060036  A0      : 0x8037cac0  A1      : 0x3fcf14b0  
A2      : 0x3fc94db0  A3      : 0xb33fffff  A4      : 0x0000cdcd  A5      : 0x00060023  
A6      : 0x00060023  A7      : 0x0000abab  A8      : 0xb33fffff  A9      : 0xffffffff  
A10     : 0x00000000  A11     : 0x3fc94cf0  A12     : 0x7e200000  A13     : 0x0d960000  
A14     : 0x02c94db0  A15     : 0x00ffffff  SAR     : 0x0000000e  EXCCAUSE: 0x00000001  
EXCVADDR: 0x00000000  LBEG    : 0x00000000  LEND    : 0x00000000  LCOUNT  : 0x00000000  


Backtrace: 0x4037e06c:0x3fcf14b0 0x4037cabd:0x3fcf14f0 0x4037b080:0x3fcf1520 0x4037b076:0xa5a5a5a5 |<-CORRUPTED




ELF file SHA256: 01fd1afa8b6096b1

Guru Meditation Error: Core  1 panic'ed (LoadProhibited). Exception was unhandled.

Core  1 register dump:
PC      : 0x4037dd75  PS      : 0x00060034  A0      : 0x8202396c  A1      : 0x3fcc3650  
A2      : 0x3fcc2eac  A3      : 0x00000001  A4      : 0x3fcf1220  A5      : 0x0000024c  
A6      : 0x00000008  A7      : 0x3fcc3830  A8      : 0x8037ddd5  A9      : 0x3fcc3630  
A10     : 0x3fcf1228  A11     : 0x3c071bd6  A12     : 0x000000ff  A13     : 0x0000ff00  
A14     : 0x00ff0000  A15     : 0xff000000  SAR     : 0x00000012  EXCCAUSE: 0x0000001c  
EXCVADDR: 0x0000000d  LBEG    : 0x400556d5  LEND    : 0x400556e5  LCOUNT  : 0xffffffff  


Backtrace: 0x4037dd72:0x3fcc3650 0x42023969:0x3fcc3690 0x4202446f:0x3fcc36b0 0x42024884:0x3fcc3740 0x4202390d:0x3fcc3770




ELF file SHA256: 01fd1afa8b6096b1

Re-entered core dump! Exception happened during core dump!
Rebooting...
ESP-ROM:esp32s3-20210327
Build:Mar 27 2021
rst:0xc (RTC_SW_CPU_RST),boot:0x2b (SPI_FAST_FLASH_BOOT)
Saved PC:0x4037e067
SPIWP:0xee
mode:DIO, clock div:1
load:0x3fce3808,len:0x4bc
load:0x403c9700,len:0xbd8
load:0x403cc700,len:0x2a0c
entry 0x403c98d0
PERIPH_SCAN 0x29
BNO_FEATURE phase=initial point=after_set kind=1 report_id=1 status=0 request_us=3607103 response_us=3611456 requested_interval_us=10000 accepted_interval_us=0 requested_hz=100.000 accepted_hz=0.000 flags=0x00 change_sensitivity=0 batch_interval_us=0 sensor_specific=0
BNO_FEATURE phase=initial point=after_set kind=2 report_id=2 status=0 request_us=3614640 response_us=3619776 requested_interval_us=10000 accepted_interval_us=0 requested_hz=100.000 accepted_hz=0.000 flags=0x00 change_sensitivity=0 batch_interval_us=0 sensor_specific=0
BNO_FEATURE phase=initial point=after_set kind=3 report_id=8 status=0 request_us=3623615 response_us=3627783 requested_interval_us=20000 accepted_interval_us=0 requested_hz=50.000 accepted_hz=0.000 flags=0x00 change_sensitivity=0 batch_interval_us=0 sensor_specific=0
BNO_FEATURE phase=initial point=after_set kind=4 report_id=3 status=0 request_us=3631604 response_us=3636481 requested_interval_us=50000 accepted_interval_us=0 requested_hz=20.000 accepted_hz=0.000 flags=0x00 change_sensitivity=0 batch_interval_us=0 sensor_specific=0
BNO_FEATURE phase=initial point=after_set kind=5 report_id=4 status=0 request_us=3640607 response_us=3645478 requested_interval_us=20000 accepted_interval_us=0 requested_hz=50.000 accepted_hz=0.000 flags=0x00 change_sensitivity=0 batch_interval_us=0 sensor_specific=0
BNO_FEATURE phase=initial point=after_all kind=1 report_id=1 status=0 request_us=3647068 response_us=3651615 requested_interval_us=10000 accepted_interval_us=0 requested_hz=100.000 accepted_hz=0.000 flags=0x00 change_sensitivity=0 batch_interval_us=0 sensor_specific=0
BNO_FEATURE phase=initial point=after_all kind=2 report_id=2 status=0 request_us=3653069 response_us=3666267 requested_interval_us=10000 accepted_interval_us=0 requested_hz=100.000 accepted_hz=0.000 flags=0x00 change_sensitivity=0 batch_interval_us=0 sensor_specific=0
BNO_FEATURE phase=initial point=after_all kind=3 report_id=8 status=0 request_us=3668068 response_us=3684388 requested_interval_us=20000 accepted_interval_us=0 requested_hz=50.000 accepted_hz=0.000 flags=0x00 change_sensitivity=0 batch_interval_us=0 sensor_specific=0
BNO_FEATURE phase=initial point=after_all kind=4 report_id=3 status=0 request_us=3686077 response_us=3694473 requested_interval_us=50000 accepted_interval_us=40000 requested_hz=20.000 accepted_hz=25.000 flags=0x00 change_sensitivity=0 batch_interval_us=0 sensor_specific=0
BNO_FEATURE phase=initial point=after_all kind=5 report_id=4 status=0 request_us=3696078 response_us=3702663 requested_interval_us=20000 accepted_interval_us=0 requested_hz=50.000 accepted_hz=0.000 flags=0x00 change_sensitivity=0 batch_interval_us=0 sensor_specific=0
STATE DISARMED
xiao-boat-control-integration 0.3.5-estimated-state-dry-run boot=1405508032
STATE FAULT
DIAG state=FAULT dry=1 bno_ready=1 addr=0x4A init/reinit/poll=1/0/0 event A/G/M=0/0/0 age_rx_us=4294967295/4294967295/4294967295
IMU cand/pair/call/ok=0/0/0/0 reject=0 dup/order/stale/dt/nonfinite/norm/queue=0/0/0/0/0/0/0 last_ok_age_us=4294967295 dt_us=0 align_samples=0 align_elapsed_us=0
ESKF_DT_REJECT zero/negative/small/large/wrap/source/first/nonfinite=0/0/0/0/0/0/0/0 first_reason=0 first_core_us=0 first_report_seq=0
ESKF_UPDATE calls=gnss:0/0/0 tof:1/0/1 innovation:0/0/0 invalid/dup/geometry/nis/numerical=1/0/0/0/0
HEALTH state=0 health=0 reason=imu_stale mount=0 imu_age_us=4294967295 imu_gaps=0 reversals=0 covariance=1 finite=1 gnss_age_us=4294967295 tof_age_us=4294967295 obs=0
BNO_TS ACCEL events=0 unique=0 exact=1 overflow=0 dup=0 reverse=0 rollover=0 sensor_dt_us=0/0.00/0 rx_dt_us=0/0.00/0 pair_first=0/0 pair_last=0/0
BNO_TS GYRO events=0 unique=0 exact=1 overflow=0 dup=0 reverse=0 rollover=0 sensor_dt_us=0/0.00/0 rx_dt_us=0/0.00/0 pair_first=0/0 pair_last=0/0
BNO_TS MAG events=0 unique=0 exact=1 overflow=0 dup=0 reverse=0 rollover=0 sensor_dt_us=0/0.00/0 rx_dt_us=0/0.00/0 pair_first=0/0 pair_last=0/0
BNO_VEC ACCEL_SENSOR_AND_ESKF_INPUT events=0 nonfinite=0
BNO_VEC GYRO_SENSOR_AND_ESKF_INPUT events=0 nonfinite=0
BNO_VEC MAG_SENSOR events=0 nonfinite=0
LINK queue/drop/high=1/0/1 tof=1
TXDIAG frames_s=2000 bytes_s=264000 total_frames=2 total_bytes=264 queue=0 high=1 drops=0 bno_drop=0 partial=0 zero=0 write_calls=47 max_write_us=0 free_heap=167044 min_free_heap=4294967295 usage_pct=286.46
BNO_TX kind=1 event=0 req=0 enq=0 drop=0 done=0 bytes=0
BNO_REPORT kind=1 report_id=1 interval_us=10000 requested_hz=100.000 enable_ok=2 enable_fail=0 callback=9 switch=0 kind_convert=0 events=0 tx_req=0 tx_enq=0 tx_done=0 tx_drop=0 event_drop=0 reset_reconfig=0 effective_hz=0.000
BNO_TX kind=2 event=0 req=0 enq=0 drop=0 done=0 bytes=0
BNO_REPORT kind=2 report_id=2 interval_us=10000 requested_hz=100.000 enable_ok=1 enable_fail=0 callback=2 switch=0 kind_convert=0 events=0 tx_req=0 tx_enq=0 tx_done=0 tx_drop=0 event_drop=0 reset_reconfig=0 effective_hz=0.000
BNO_TX kind=3 event=0 req=0 enq=0 drop=0 done=0 bytes=0
BNO_FEATURE phase=reset point=after_set kind=1 report_id=1 status=0 request_us=3707851 response_us=3727216 requested_interval_us=10000 accepted_interval_us=8000 requested_hz=100.000 accepted_hz=125.000 flags=0x00 change_sensitivity=0 batch_interval_us=0 sensor_specific=0
BNO_REPORT kind=3 report_id=8 interval_us=20000 requested_hz=50.000 enable_ok=1 enable_fail=0 callback=1 switch=0 kind_convert=0 events=0 tx_req=0 tx_enq=0 tx_done=0 tx_drop=0 event_drop=0 reset_reconfig=0 effective_hz=0.000
BNO_TX kind=4 event=0 req=0 enq=0 drop=0 done=0 bytes=0
BNO_REPORT kind=4 report_id=3 interval_us=50000 requested_hz=20.000 enable_ok=1 enable_fail=0 callback=1 switch=0 kind_convert=0 events=0 tx_req=0 tx_enq=0 tx_done=0 tx_drop=0 event_drop=0 reset_reconfig=0 effective_hz=0.000
BNO_TX kind=5 event=0 req=0 enq=0 drop=0 done=0 bytes=0
BNO_REPORT kind=5 report_id=4 interval_us=20000 requested_hz=50.000 enable_ok=1 enable_fail=0 callback=1 switch=0 kind_convert=0 events=0 tx_req=0 tx_enq=0 tx_done=0 tx_drop=0 event_drop=0 reset_reconfig=0 effective_hz=0.000
BNO_FEATURE phase=reset point=after_set kind=2 report_id=2 status=0 request_us=3730756 response_us=3749779 requested_interval_us=10000 accepted_interval_us=10000 requested_hz=100.000 accepted_hz=100.000 flags=0x00 change_sensitivity=0 batch_interval_us=0 sensor_specific=0
BNO_FEATURE phase=reset point=after_set kind=3 report_id=8 status=0 request_us=3752758 response_us=3760872 requested_interval_us=20000 accepted_interval_us=20000 requested_hz=50.000 accepted_hz=50.000 flags=0x00 change_sensitivity=0 batch_interval_us=0 sensor_specific=0
BNO_FEATURE phase=reset point=after_set kind=4 report_id=3 status=0 request_us=3763742 response_us=3788749 requested_interval_us=50000 accepted_interval_us=40000 requested_hz=20.000 accepted_hz=25.000 flags=0x00 change_sensitivity=0 batch_interval_us=0 sensor_specific=0
BNO_FEATURE phase=reset point=after_set kind=5 report_id=4 status=0 request_us=3791718 response_us=3799781 requested_interval_us=20000 accepted_interval_us=20000 requested_hz=50.000 accepted_hz=50.000 flags=0x00 change_sensitivity=0 batch_interval_us=0 sensor_specific=0
BNO_FEATURE phase=reset point=after_all kind=1 report_id=1 status=0 request_us=3800595 response_us=3810118 requested_interval_us=10000 accepted_interval_us=8000 requested_hz=100.000 accepted_hz=125.000 flags=0x00 change_sensitivity=0 batch_interval_us=0 sensor_specific=0
BNO_FEATURE phase=reset point=after_all kind=2 report_id=2 status=0 request_us=3811583 response_us=3821977 requested_interval_us=10000 accepted_interval_us=10000 requested_hz=100.000 accepted_hz=100.000 flags=0x00 change_sensitivity=0 batch_interval_us=0 sensor_specific=0
BNO_FEATURE phase=reset point=after_all kind=3 report_id=8 status=0 request_us=3823583 response_us=3835804 requested_interval_us=20000 accepted_interval_us=20000 requested_hz=50.000 accepted_hz=50.000 flags=0x00 change_sensitivity=0 batch_interval_us=0 sensor_specific=0
BNO_FEATURE phase=reset point=after_all kind=4 report_id=3 status=0 request_us=3836589 response_us=3848718 requested_interval_us=50000 accepted_interval_us=40000 requested_hz=20.000 accepted_hz=25.000 flags=0x00 change_sensitivity=0 batch_interval_us=0 sensor_specific=0
BNO_FEATURE phase=reset point=after_all kind=5 report_id=4 status=0 request_us=3850582 response_us=3860514 requested_interval_us=20000 accepted_interval_us=20000 requested_hz=50.000 accepted_hz=50.000 flags=0x00 change_sensitivity=0 batch_interval_us=0 sensor_specific=0
ESKF_TRACE_CAPACITY capacity=2048 psram=1
P1_START_ACK sequence=40 first_sequence=41 queued=1
P1_CAPTURE_STATS_RESET
TX_DIAG_RESET
BNO_FEATURE phase=snapshot point=after_all kind=1 report_id=1 status=0 request_us=4205907 response_us=4213435 requested_interval_us=10000 accepted_interval_us=8000 requested_hz=100.000 accepted_hz=125.000 flags=0x00 change_sensitivity=0 batch_interval_us=0 sensor_specific=0
BNO_FEATURE phase=snapshot point=after_all kind=2 report_id=2 status=0 request_us=4214582 response_us=4227421 requested_interval_us=10000 accepted_interval_us=10000 requested_hz=100.000 accepted_hz=100.000 flags=0x00 change_sensitivity=0 batch_interval_us=0 sensor_specific=0
BNO_FEATURE phase=snapshot point=after_all kind=3 report_id=8 status=0 request_us=4228590 response_us=4238888 requested_interval_us=20000 accepted_interval_us=20000 requested_hz=50.000 accepted_hz=50.000 flags=0x00 change_sensitivity=0 batch_interval_us=0 sensor_specific=0
BNO_FEATURE phase=snapshot point=after_all kind=4 report_id=3 status=0 request_us=4239583 response_us=4249746 requested_interval_us=50000 accepted_interval_us=40000 requested_hz=20.000 accepted_hz=25.000 flags=0x00 change_sensitivity=0 batch_interval_us=0 sensor_specific=0
BNO_FEATURE phase=snapshot point=after_all kind=5 report_id=4 status=0 request_us=4250586 response_us=4259633 requested_interval_us=20000 accepted_interval_us=20000 requested_hz=50.000 accepted_hz=50.000 flags=0x00 change_sensitivity=0 batch_interval_us=0 sensor_specific=0

***ERROR*** A stack overflow in task Bno has been detected.


Backtrace: 0x40377726:0x3fcf4f00 0x4037afc9:0x3fcf4f20 0x4037e24a:0x3fcf4f40 0x4037cb68:0x3fcf4fc0 0x4037b080:0x3fcf4ff0 0x4037b076:0x3fcf5010 0x00000016:0x00060923 |<-CORRUPTED




ELF file SHA256: 01fd1afa8b6096b1


***ERROR*** A stack overflow in task Bno has been detected.


Backtrace: 0x4037dd72:0x3fcc3650 0x42023969:0x3fcc3690 0x4202446f:0x3fcc36b0 0x42024884:0x3fcc3740 0x4202390d:0x3fcc3770




ELF file SHA256: 01fd1afa8b6096b1

Re-entered core dump! Exception happened during core dump!
Rebooting...
ESP-ROM:esp32s3-20210327
Build:Mar 27 2021
rst:0xc (RTC_SW_CPU_RST),boot:0x2b (SPI_FAST_FLASH_BOOT)
Saved PC:0x4037735c
SPIWP:0xee
mode:DIO, clock div:1
load:0x3fce3808,len:0x4bc
load:0x403c9700,len:0xbd8
load:0x403cc700,len:0x2a0c
entry 0x403c98d0
PERIPH_SCAN 0x29
BNO_FEATURE phase=initial point=after_set kind=1 report_id=1 status=0 request_us=3606709 response_us=3611203 requested_interval_us=10000 accepted_interval_us=0 requested_hz=100.000 accepted_hz=0.000 flags=0x00 change_sensitivity=0 batch_interval_us=0 sensor_specific=0
BNO_FEATURE phase=initial point=after_set kind=2 report_id=2 status=0 request_us=3614377 response_us=3619570 requested_interval_us=10000 accepted_interval_us=0 requested_hz=100.000 accepted_hz=0.000 flags=0x00 change_sensitivity=0 batch_interval_us=0 sensor_specific=0
BNO_FEATURE phase=initial point=after_set kind=3 report_id=8 status=0 request_us=3623192 response_us=3627389 requested_interval_us=20000 accepted_interval_us=0 requested_hz=50.000 accepted_hz=0.000 flags=0x00 change_sensitivity=0 batch_interval_us=0 sensor_specific=0
BNO_FEATURE phase=initial point=after_set kind=4 report_id=3 status=0 request_us=3631210 response_us=3636087 requested_interval_us=50000 accepted_interval_us=0 requested_hz=20.000 accepted_hz=0.000 flags=0x00 change_sensitivity=0 batch_interval_us=0 sensor_specific=0
BNO_FEATURE phase=initial point=after_set kind=5 report_id=4 status=0 request_us=3640214 response_us=3645085 requested_interval_us=20000 accepted_interval_us=0 requested_hz=50.000 accepted_hz=0.000 flags=0x00 change_sensitivity=0 batch_interval_us=0 sensor_specific=0
BNO_FEATURE phase=initial point=after_all kind=1 report_id=1 status=0 request_us=3646664 response_us=3651193 requested_interval_us=10000 accepted_interval_us=0 requested_hz=100.000 accepted_hz=0.000 flags=0x00 change_sensitivity=0 batch_interval_us=0 sensor_specific=0
BNO_FEATURE phase=initial point=after_all kind=2 report_id=2 status=0 request_us=3652665 response_us=3665990 requested_interval_us=10000 accepted_interval_us=0 requested_hz=100.000 accepted_hz=0.000 flags=0x00 change_sensitivity=0 batch_interval_us=0 sensor_specific=0
BNO_FEATURE phase=initial point=after_all kind=3 report_id=8 status=0 request_us=3667665 response_us=3684086 requested_interval_us=20000 accepted_interval_us=0 requested_hz=50.000 accepted_hz=0.000 flags=0x00 change_sensitivity=0 batch_interval_us=0 sensor_specific=0
BNO_FEATURE phase=initial point=after_all kind=4 report_id=3 status=0 request_us=3685667 response_us=3694035 requested_interval_us=50000 accepted_interval_us=40000 requested_hz=20.000 accepted_hz=25.000 flags=0x00 change_sensitivity=0 batch_interval_us=0 sensor_specific=0
BNO_FEATURE phase=initial point=after_all kind=5 report_id=4 status=0 request_us=3695667 response_us=3703008 requested_interval_us=20000 accepted_interval_us=0 requested_hz=50.000 accepted_hz=0.000 flags=0x00 change_sensitivity=0 batch_interval_us=0 sensor_specific=0
STATE DISARMED
xiao-boat-control-integration 0.3.5-estimated-state-dry-run boot=2551245426
STATE FAULT
DIAG state=FAULT dry=1 bno_ready=1 addr=0x4A init/reinit/poll=1/0/0 event A/G/M=0/0/0 age_rx_us=4294967295/4294967295/4294967295
IMU cand/pair/call/ok=0/0/0/0 reject=0 dup/order/stale/dt/nonfinite/norm/queue=0/0/0/0/0/0/0 last_ok_age_us=4294967295 dt_us=0 align_samples=0 align_elapsed_us=0
ESKF_DT_REJECT zero/negative/small/large/wrap/source/first/nonfinite=0/0/0/0/0/0/0/0 first_reason=0 first_core_us=0 first_report_seq=0
ESKF_UPDATE calls=gnss:0/0/0 tof:1/0/1 innovation:0/0/0 invalid/dup/geometry/nis/numerical=1/0/0/0/0
HEALTH state=0 health=0 reason=imu_stale mount=0 imu_age_us=4294967295 imu_gaps=0 reversals=0 covariance=1 finite=1 gnss_age_us=4294967295 tof_age_us=4294967295 obs=0
BNO_TS ACCEL events=0 unique=0 exact=1 overflow=0 dup=0 reverse=0 rollover=0 sensor_dt_us=0/0.00/0 rx_dt_us=0/0.00/0 pair_first=0/0 pair_last=0/0
BNO_TS GYRO events=0 unique=0 exact=1 overflow=0 dup=0 reverse=0 rollover=0 sensor_dt_us=0/0.00/0 rx_dt_us=0/0.00/0 pair_first=0/0 pair_last=0/0
BNO_TS MAG events=0 unique=0 exact=1 overflow=0 dup=0 reverse=0 rollover=0 sensor_dt_us=0/0.00/0 rx_dt_us=0/0.00/0 pair_first=0/0 pair_last=0/0
BNO_VEC ACCEL_SENSOR_AND_ESKF_INPUT events=0 nonfinite=0
BNO_VEC GYRO_SENSOR_AND_ESKF_INPUT events=0 nonfinite=0
BNO_VEC MAG_SENSOR events=0 nonfinite=0
LINK queue/drop/high=1/0/1 tof=1
TXDIAG frames_s=2000 bytes_s=264000 total_frames=2 total_bytes=264 queue=0 high=1 drops=0 bno_drop=0 partial=0 zero=0 write_calls=47 max_write_us=0 free_heap=167044 min_free_heap=4294967295 usage_pct=286.46
BNO_TX kind=1 event=0 req=0 enq=0 drop=0 done=0 bytes=0
BNO_REPORT kind=1 report_id=1 interval_us=10000 requested_hz=100.000 enable_ok=2 enable_fail=0 callback=9 switch=0 kind_convert=0 events=0 tx_req=0 tx_enq=0 tx_done=0 tx_drop=0 event_drop=0 reset_reconfig=0 effective_hz=0status=0 request_us=3708466 response_us=3727581 requested_interval_us=10000 accepted_interval_us=8000 requested_hz=100.000 accepted_hz=125.000 flags=0x00 change_sensitivity=0 batch_interval_us=0 sensor_specific=0
BNO_TX kind=2 event=0 req=0 enq=0 drop=0 done=0 bytes=0
BNO_REPORT kind=2 report_id=2 interval_us=10000 requested_hz=100.000 enable_ok=1 enable_fail=0 callback=2 switch=0 kind_convert=0 events=0 tx_req=0 tx_enq=0 tx_done=0 tx_drop=0 event_drop=0 reset_reconfig=0 effective_hz=0.000
BNO_TX kind=3 event=0 req=0 enq=0 drop=0 done=0 bytes=0
BNO_REPORT kind=3 report_id=8 interval_us=20000 requested_hz=50.000 enable_ok=1 enable_fail=0 callback=1 switch=0 kind_convert=0 events=0 tx_req=0 tx_enq=0 tx_done=0 tx_drop=0 event_drop=0 reset_reconfig=0 effective_hz=0.000
BNO_TX kind=4 event=0 req=0 enq=0 drop=0 done=0 bytes=0
BNO_REPORT kind=4 report_id=3 interval_us=50000 requested_hz=20.000 enable_ok=1 enable_fail=0 callback=1 switch=0 kind_convert=0 events=0 tx_req=0 tx_enq=0 tx_done=0 tx_drop=0 event_drop=0 reset_reconfig=0 effective_hz=0.000
BNO_TX kind=5 event=0 req=0 enq=0 drop=0 done=0 bytes=0
BNO_REPORT kind=5 report_id=4 interval_us=20000 requested_hz=50.000 enable_ok=1 enable_fail=0 callback=1 switch=0 kind_convert=0 events=0 tx_req=0 tx_enq=0 tx_done=0 tx_drop=0 event_drop=0 reset_reconfig=0 effective_hz=0.000
BNO_FEATURE phase=reset point=after_set kind=2 report_id=2 status=0 request_us=3731390 response_us=3750056 requested_interval_us=10000 accepted_interval_us=10000 requested_hz=100.000 accepted_hz=100.000 flags=0x00 change_sensitivity=0 batch_interval_us=0 sensor_specific=0
BNO_FEATURE phase=reset point=after_set kind=3 report_id=8 status=0 request_us=3753295 response_us=3762120 requested_interval_us=20000 accepted_interval_us=20000 requested_hz=50.000 accepted_hz=50.000 flags=0x00 change_sensitivity=0 batch_interval_us=0 sensor_specific=0
BNO_FEATURE phase=reset point=after_set kind=4 report_id=3 status=0 request_us=3765715 response_us=3787943 requested_interval_us=50000 accepted_interval_us=40000 requested_hz=20.000 accepted_hz=25.000 flags=0x00 change_sensitivity=0 batch_interval_us=0 sensor_specific=0
BNO_FEATURE phase=reset point=after_set kind=5 report_id=4 status=0 request_us=3791316 response_us=3799349 requested_interval_us=20000 accepted_interval_us=20000 requested_hz=50.000 accepted_hz=50.000 flags=0x00 change_sensitivity=0 batch_interval_us=0 sensor_specific=0
BNO_FEATURE phase=reset point=after_all kind=1 report_id=1 status=0 request_us=3800193 response_us=3810511 requested_interval_us=10000 accepted_interval_us=8000 requested_hz=100.000 accepted_hz=125.000 flags=0x00 change_sensitivity=0 batch_interval_us=0 sensor_specific=0
BNO_FEATURE phase=reset point=after_all kind=2 report_id=2 status=0 request_us=3811183 response_us=3820525 requested_interval_us=10000 accepted_interval_us=10000 requested_hz=100.000 accepted_hz=100.000 flags=0x00 change_sensitivity=0 batch_interval_us=0 sensor_specific=0
BNO_FEATURE phase=reset point=after_all kind=3 report_id=8 status=0 request_us=3821186 response_us=3830444 requested_interval_us=20000 accepted_interval_us=20000 requested_hz=50.000 accepted_hz=50.000 flags=0x00 change_sensitivity=0 batch_interval_us=0 sensor_specific=0
BNO_FEATURE phase=reset point=after_all kind=4 report_id=3 status=0 request_us=3831183 response_us=3839314 requested_interval_us=50000 accepted_interval_us=40000 requested_hz=20.000 accepted_hz=25.000 flags=0x00 change_sensitivity=0 batch_interval_us=0 sensor_specific=0
BNO_FEATURE phase=reset point=after_all kind=5 report_id=4 status=0 request_us=3840186 response_us=3851260 requested_interval_us=20000 accepted_interval_us=20000 requested_hz=50.000 accepted_hz=50.000 flags=0x00 change_sensitivity=0 batch_interval_us=0 sensor_specific=0

***ERROR*** A stack overflow in task Bno has been detected.


Backtrace: 0x40377726:0x3fcf4f00 0x4037afc9:0x3fcf4f20 0x4037e24a:0x3fcf4f40 0x4037cb68:0x3fcf4fc0 0x4037b080:0x3fcf4ff0 0x4037b076:0x3fcf5010 0x00000016:0x00060923 |<-CORRUPTED




ELF file SHA256: 01fd1afa8b6096b1


***ERROR*** A stack overflow in task Bno has been detected.


Backtrace: 0x4037dd72:0x3fcc3650 0x42023969:0x3fcc3690 0x4202446f:0x3fcc36b0 0x42024884:0x3fcc3740 0x4202390d:0x3fcc3770




ELF file SHA256: 01fd1afa8b6096b1

Re-entered core dump! Exception happened during core dump!
Rebooting...
ESP-ROM:esp32s3-20210327
Build:Mar 27 2021
rst:0xc (RTC_SW_CPU_RST),boot:0x2b (SPI_FAST_FLASH_BOOT)
Saved PC:0x4037735c
SPIWP:0xee
mode:DIO, clock div:1
load:0x3fce3808,len:0x4bc
load:0x403c9700,len:0xbd8
load:0x403cc700,len:0x2a0c
entry 0x403c98d0
PERIPH_SCAN 0x29
BNO_FEATURE phase=initial point=after_set kind=1 report_id=1 status=0 request_us=3606693 response_us=3611185 requested_interval_us=10000 accepted_interval_us=0 requested_hz=100.000 accepted_hz=0.000 flags=0x00 change_sensitivity=0 batch_interval_us=0 sensor_specific=0
BNO_FEATURE phase=initial point=after_set kind=2 report_id=2 status=0 request_us=3615200 response_us=3620398 requested_interval_us=10000 accepted_interval_us=0 requested_hz=100.000 accepted_hz=0.000 flags=0x00 change_sensitivity=0 batch_interval_us=0 sensor_specific=0
BNO_FEATURE phase=initial point=after_set kind=3 report_id=8 status=0 request_us=3624211 response_us=3628379 requested_interval_us=20000 accepted_interval_us=0 requested_hz=50.000 accepted_hz=0.000 flags=0x00 change_sensitivity=0 batch_interval_us=0 sensor_specific=0
BNO_FEATURE phase=initial point=after_set kind=4 report_id=3 status=0 request_us=3632202 response_us=3637078 requested_interval_us=50000 accepted_interval_us=0 requested_hz=20.000 accepted_hz=0.000 flags=0x00 change_sensitivity=0 batch_interval_us=0 sensor_specific=0
BNO_FEATURE phase=initial point=after_set kind=5 report_id=4 status=0 request_us=3641213 response_us=3653226 requested_interval_us=20000 accepted_interval_us=0 requested_hz=50.000 accepted_hz=0.000 flags=0x00 change_sensitivity=0 batch_interval_us=0 sensor_specific=0
BNO_FEATURE phase=initial point=after_all kind=1 report_id=1 status=0 request_us=3654665 response_us=3668357 requested_interval_us=10000 accepted_interval_us=8000 requested_hz=100.000 accepted_hz=125.000 flags=0x00 change_sensitivity=0 batch_interval_us=0 sensor_specific=0
BNO_FEATURE phase=initial point=after_all kind=2 report_id=2 status=0 request_us=3669665 response_us=3676339 requested_interval_us=10000 accepted_interval_us=0 requested_hz=100.000 accepted_hz=0.000 flags=0x00 change_sensitivity=0 batch_interval_us=0 sensor_specific=0
BNO_FEATURE phase=initial point=after_all kind=3 report_id=8 status=0 request_us=3677673 response_us=3686951 requested_interval_us=20000 accepted_interval_us=0 requested_hz=50.000 accepted_hz=0.000 flags=0x00 change_sensitivity=0 batch_interval_us=0 sensor_specific=0
BNO_FEATURE phase=initial point=after_all kind=4 report_id=3 status=0 request_us=3688666 response_us=3696379 requested_interval_us=50000 accepted_interval_us=40000 requested_hz=20.000 accepted_hz=25.000 flags=0x00 change_sensitivity=0 batch_interval_us=0 sensor_specific=0
BNO_FEATURE phase=initial point=after_all kind=5 report_id=4 status=0 request_us=3697666 response_us=3705634 requested_interval_us=20000 accepted_interval_us=0 requested_hz=50.000 accepted_hz=0.000 flags=0x00 change_sensitivity=0 batch_interval_us=0 sensor_specific=0
STATE DISARMED
xiao-boat-control-integration 0.3.5-estimated-state-dry-run boot=600999588
STATE FAULT
DIAG state=FAULT dry=1 bno_ready=1 addr=0x4A init/reinit/poll=1/0/0 event A/G/M=0/0/0 age_rx_us=4294967295/4294967295/4294967295
IMU cand/pair/call/ok=0/0/0/0 reject=0 dup/order/stale/dt/nonfinite/norm/queue=0/0/0/0/0/0/0 last_ok_age_us=4294967295 dt_us=0 align_samples=0 align_elapsed_us=0
ESKF_DT_REJECT zero/negative/small/large/wrap/source/first/nonfinite=0/0/0/0/0/0/0/0 first_reason=0 first_core_us=0 first_report_seq=0
ESKF_UPDATE calls=gnss:0/0/0 tof:1/0/1 innovation:0/0/0 invalid/dup/geometry/nis/numerical=1/0/0/0/0
HEALTH state=0 health=0 reason=imu_stale mount=0 imu_age_us=4294967295 imu_gaps=0 reversals=0 covariance=1 finite=1 gnss_age_us=4294967295 tof_age_us=4294967295 obs=0
BNO_TS ACCEL events=0 unique=0 exact=1 overflow=0 dup=0 reverse=0 rollover=0 sensor_dt_us=0/0.00/0 rx_dt_us=0/0.00/0 pair_first=0/0 pair_last=0/0
BNO_TS GYRO events=0 unique=0 exact=1 overflow=0 dup=0 reverse=0 rollover=0 sensor_dt_us=0/0.00/0 rx_dt_us=0/0.00/0 pair_first=0/0 pair_last=0/0
BNO_TS MAG events=0 unique=0 exact=1 overflow=0 dup=0 reverse=0 rollover=0 sensor_dt_us=0/0.00/0 rx_dt_us=0/0.00/0 pair_first=0/0 pair_last=0/0
BNO_VEC ACCEL_SENSOR_AND_ESKF_INPUT events=0 nonfinite=0
BNO_VEC GYRO_SENSOR_AND_ESKF_INPUT events=0 nonfinite=0
BNO_VEC MAG_SENSOR events=0 nonfinite=0
LINK queue/drop/high=1/0/1 tof=1
TXDIAG frames_s=2000 bytes_s=264000 total_frames=2 total_bytes=264 queue=0 high=1 drops=0 bno_drop=0 partial=0 zero=0 write_calls=48 max_write_us=0 free_heap=167044 min_free_heap=4294967295 usage_pct=286.46
BNO_TX kind=1 event=0 req=0 enq=0 drop=0 done=0 bytes=0
BNO_REPORT kind=1 report_id=1 interval_us=10000 requested_hz=100.000 enable_ok=2 enable_fail=0 callback=10 switch=0 kind_convert=0 events=0 tx_req=0 tx_enq=0 tx_done=0 tx_drop=0 event_drop=0 reset_reconfig=0 effective_hz=0.000
BNO_TX kind=2 event=0 req=0 enq=0 drop=0 done=0 bytes=0
BNO_REPORT kind=2 report_id=2 interval_us=10000 requested_hz=100.000 enable_ok=1 enable_fail=0 callback=2 switch=0 kind_convert=0 events=0 tx_req=0 tx_enq=0 tx_done=0 tx_drop=0 event_drop=0 reset_reconfig=0 effective_hz=0.000
BNO_FEATURE phase=reset point=after_set kind=1 report_id=1 status=0 request_us=3710487 response_us=3728233 requested_interval_us=10000 accepted_interval_us=8000 requested_hz=100.000 accepted_hz=125.000 flags=0x00 change_sensitivity=0 batch_interval_us=0 sensor_specific=0
BNO_TX kind=3 event=0 req=0 enq=0 drop=0 done=0 bytes=0
BNO_REPORT kind=3 report_id=8 interval_us=20000 requested_hz=50.000 enable_ok=1 enable_fail=0 callback=1 switch=0 kind_convert=0 events=0 tx_req=0 tx_enq=0 tx_done=0 tx_drop=0 event_drop=0 reset_reconfig=0 effective_hz=0.000
BNO_TX kind=4 event=0 req=0 enq=0 drop=0 done=0 bytes=0
BNO_REPORT kind=4 report_id=3 interval_us=50000 requested_hz=20.000 enable_ok=1 enable_fail=0 callback=1 switch=0 kind_convert=0 events=0 tx_req=0 tx_enq=0 tx_done=0 tx_drop=0 event_drop=0 reset_reconfig=0 effective_hz=0.000
BNO_TX kind=5 event=0 req=0 enq=0 drop=0 done=0 bytes=0
BNO_REPORT kind=5 report_id=4 interval_us=20000 requested_hz=50.000 enable_ok=1 enable_fail=0 callback=1 switch=0 kind_convert=0 events=0 tx_req=0 tx_enq=0 tx_done=0 tx_drop=0 event_drop=0 reset_reconfig=0 effective_hz=0.000
BNO_FEATURE phase=reset point=after_set kind=2 report_id=2 status=0 request_us=3732391 response_us=3751805 requested_interval_us=10000 accepted_interval_us=10000 requested_hz=100.000 accepted_hz=100.000 flags=0x00 change_sensitivity=0 batch_interval_us=0 sensor_specific=0
BNO_FEATURE phase=reset point=after_set kind=3 report_id=8 status=0 request_us=3755290 response_us=3764187 requested_interval_us=20000 accepted_interval_us=20000 requested_hz=50.000 accepted_hz=50.000 flags=0x00 change_sensitivity=0 batch_interval_us=0 sensor_specific=0
BNO_FEATURE phase=reset point=after_set kind=4 report_id=3 status=0 request_us=3767678 response_us=3791313 requested_interval_us=50000 accepted_interval_us=40000 requested_hz=20.000 accepted_hz=25.000 flags=0x00 change_sensitivity=0 batch_interval_us=0 sensor_specific=0
BNO_FEATURE phase=reset point=after_set kind=5 report_id=4 status=0 request_us=3794309 response_us=3803388 requested_interval_us=20000 accepted_interval_us=20000 requested_hz=50.000 accepted_hz=50.000 flags=0x00 change_sensitivity=0 batch_interval_us=0 sensor_specific=0
BNO_FEATURE phase=reset point=after_all kind=1 report_id=1 status=0 request_us=3804188 response_us=3819106 requested_interval_us=10000 accepted_interval_us=8000 requested_hz=100.000 accepted_hz=125.000 flags=0x00 change_sensitivity=0 batch_interval_us=0 sensor_specific=0
BNO_FEATURE phase=reset point=after_all kind=2 report_id=2 status=0 request_us=3820181 response_us=3831613 requested_interval_us=10000 accepted_interval_us=10000 requested_hz=100.000 accepted_hz=100.000 flags=0x00 change_sensitivity=0 batch_interval_us=0 sensor_specific=0
BNO_FEATURE phase=reset point=after_all kind=3 report_id=8 status=0 request_us=3833177 response_us=3841496 requested_interval_us=20000 accepted_interval_us=20000 requested_hz=50.000 accepted_hz=50.000 flags=0x00 change_sensitivity=0 batch_interval_us=0 sensor_specific=0
BNO_FEATURE phase=reset point=after_all kind=4 report_id=3 status=0 request_us=3842181 response_us=3852889 requested_interval_us=50000 accepted_interval_us=40000 requested_hz=20.000 accepted_hz=25.000 flags=0x00BNO_FEATURE phase=reset point=after_all kind=5 report_id=4 status=0 request_us=3854179 response_us=3864368 requested_interval_us=20000 accepted_interval_us=20000 requested_hz=50.000 accepted_hz=50.000 flags=0x00 change_sensitivity=0 batch_interval_us=0 sensor_specific=0
DIAG state=FAULT dry=1 bno_ready=1 addr=0x4A init/reinit/poll=1/0/170 event A/G/M=130/104/25 age_rx_us=4283/734/19889
IMU cand/pair/call/ok=104/103/103/100 reject=4 dup/order/stale/dt/nonfinite/norm/queue=0/0/1/3/0/0/0 last_ok_age_us=734 dt_us=3571 align_samples=99 align_elapsed_us=1010806
ESKF_DT_REJECT zero/negative/small/large/wrap/source/first/nonfinite=0/0/3/0/0/0/1/0 first_reason=3 first_core_us=3777074 first_report_seq=6
ESKF_UPDATE calls=gnss:10/0/10 tof:32/0/32 innovation:0/0/0 invalid/dup/geometry/nis/numerical=42/0/0/0/0
HEALTH state=1 health=0 reason=alignment_incomplete mount=0 imu_age_us=734 imu_gaps=0 reversals=0 covariance=1 finite=1 gnss_age_us=4294967295 tof_age_us=4294967295 obs=0
BNO_TS ACCEL events=130 unique=62 exact=1 overflow=0 dup=1 reverse=66 rollover=0 sensor_dt_us=-9400/3.88/8400 rx_dt_us=9/7881.10/17685 pair_first=4294964396/3714947 pair_last=4294964896/4731609
BNO_TS GYRO events=104 unique=39 exact=1 overflow=0 dup=4 reverse=53 rollover=0 sensor_dt_us=-6800/27.18/10000 rx_dt_us=48/9905.27/18048 pair_first=4294961296/3714915 pair_last=4294964096/4735158
BNO_TS MAG events=25 unique=20 exact=1 overflow=0 dup=1 reverse=11 rollover=0 sensor_dt_us=-5800/337.50/5100 rx_dt_us=24953/40340.79/67507 pair_first=4294955596/3747824 pair_last=4294963696/4716003
BNO_VEC ACCEL_SENSOR_AND_ESKF_INPUT events=130 nonfinite=0 xyz_mean_sd=[-0.251803,0.017104][-0.876863,0.013182][-9.788492,0.022204] xyz_minmax=[-0.273438,-0.238281][-0.882812,-0.847656][-9.816406,-9.734375] norm_mean_sd_minmax=9.830938/0.022046/9.777228/9.858903
BNO_VEC GYRO_SENSOR_AND_ESKF_INPUT events=104 nonfinite=0 xyz_mean_sd=[-0.000019,0.003010][0.000244,0.001966][0.000075,0.001530] xyz_minmax=[-0.005859,0.011719][-0.003906,0.003906][-0.003906,0.003906] norm_mean_sd_minmax=0.003542/0.001669/0.000000/0.011880
BNO_VEC MAG_SENSOR events=25 nonfinite=0 xyz_mean_sd=[8.645000,0.528181][-21.722500,0.748139][21.867500,0.835225] xyz_minmax=[7.625000,9.937500][-23.562500,-20.750000][20.812500,23.625000] norm_mean_sd_minmax=32.026700/0.785706/30.881136/33.702106
LINK queue/drop/high=1/0/4 tof=32
TXDIAG frames_s=98 bytes_s=14469 total_frames=102 total_bytes=15008 queue=0 high=4 drops=0 bno_drop=0 partial=0 zero=0 write_calls=2950 max_write_us=0 free_heap=166692 min_free_heap=167044 usage_pct=15.70
BNO_TX kind=1 event=0 req=0 enq=0 drop=0 done=0 bytes=0
BNO_REPORT kind=1 report_id=1 interval_us=10000 requested_hz=100.000 enable_ok=2 enable_fail=0 callback=139 switch=130 kind_convert=130 events=130 tx_req=0 tx_enq=0 tx_done=0 tx_drop=0 event_drop=0 reset_reconfig=1 effective_hz=126.886
BNO_TX kind=2 event=0 req=0 enq=0 drop=0 done=0 bytes=0
BNO_REPORT kind=2 report_id=2 interval_us=10000 requested_hz=100.000 enable_ok=2 enable_fail=0 callback=105 switch=104 kind_convert=104 events=104 tx_req=0 tx_enq=0 tx_done=0 tx_drop=0 event_drop=0 reset_reconfig=1 effective_hz=100.956
BNO_TX kind=3 event=0 req=0 enq=0 drop=0 done=0 bytes=0
BNO_REPORT kind=3 report_id=8 interval_us=20000 requested_hz=50.000 enable_ok=2 enable_fail=0 callback=52 switch=51 kind_convert=51 events=51 tx_req=0 tx_enq=0 tx_done=0 tx_drop=0 event_drop=0 reset_reconfig=1 effective_hz=50.130
BNO_TX kind=4 event=0 req=0 enq=0 drop=0 done=0 bytes=0
BNO_REPORT kind=4 report_id=3 interval_us=50000 requested_hz=20.000 enable_ok=2 enable_fail=0 callback=26 switch=25 kind_convert=25 events=25 tx_req=0 tx_enq=0 tx_done=0 tx_drop=0 event_drop=0 reset_reconfig=1 effective_hz=24.789
BNO_TX kind=5 event=0 req=0 enq=0 drop=0 done=0 bytes=0
BNO_REPORT kind=5 report_id=4 interval_us=20000 requested_hz=50.000 enable_ok=2 enable_fail=0 callback=52 switch=52 kind_convert=52 events=52 tx_req=0 tx_enq=0 tx_done=0 tx_drop=0 event_drop=0 reset_reconfig=1 effective_hz=50.068

***ERROR*** A stack overflow in task Bno has been detected.


Backtrace: 0x40377726:0x3fcf4f00 0x4037afc9:0x3fcf4f20 0x4037e24a:0x3fcf4f40 0x4037cb68:0x3fcf4fc0 0x4037b080:0x3fcf4ff0 0x4037b076:0x3fcf5010 0x00000016:0x00060523 |<-CORRUPTED




ELF file SHA256: 01fd1afa8b6096b1


***ERROR*** A stack overflow in task Bno has been detected.


Backtrace: 0x4037dd72:0x3fcc3650 0x42023969:0x3fcc3690 0x4202446f:0x3fcc36b0 0x42024884:0x3fcc3740 0x4202390d:0x3fcc3770




ELF file SHA256: 01fd1afa8b6096b1

Re-entered core dump! Exception happened during core dump!
Rebooting...
ESP-ROM:esp32s3-20210327
Build:Mar 27 2021
rst:0xc (RTC_SW_CPU_RST),boot:0x2b (SPI_FAST_FLASH_BOOT)
Saved PC:0x4037735c
SPIWP:0xee
mode:DIO, clock div:1
load:0x3fce3808,len:0x4bc
load:0x403c9700,len:0xbd8
load:0x403cc700,len:0x2a0c
entry 0x403c98d0
PERIPH_SCAN 0x29
BNO_FEATURE phase=initial point=after_set kind=1 report_id=1 status=0 request_us=3606726 response_us=3611187 requested_interval_us=10000 accepted_interval_us=0 requested_hz=100.000 accepted_hz=0.000 flags=0x00 change_sensitivity=0 batch_interval_us=0 sensor_specific=0
BNO_FEATURE phase=initial point=after_set kind=2 report_id=2 status=0 request_us=3615232 response_us=3620401 requested_interval_us=10000 accepted_interval_us=0 requested_hz=100.000 accepted_hz=0.000 flags=0x00 change_sensitivity=0 batch_interval_us=0 sensor_specific=0
BNO_FEATURE phase=initial point=after_set kind=3 report_id=8 status=0 request_us=3624218 response_us=3628413 requested_interval_us=20000 accepted_interval_us=0 requested_hz=50.000 accepted_hz=0.000 flags=0x00 change_sensitivity=0 batch_interval_us=0 sensor_specific=0
BNO_FEATURE phase=initial point=after_set kind=4 report_id=3 status=0 request_us=3632206 response_us=3637082 requested_interval_us=50000 accepted_interval_us=0 requested_hz=20.000 accepted_hz=0.000 flags=0x00 change_sensitivity=0 batch_interval_us=0 sensor_specific=0
BNO_FEATURE phase=initial point=after_set kind=5 report_id=4 status=0 request_us=3641212 response_us=3653931 requested_interval_us=20000 accepted_interval_us=0 requested_hz=50.000 accepted_hz=0.000 flags=0x00 change_sensitivity=0 batch_interval_us=0 sensor_specific=0
BNO_FEATURE phase=initial point=after_all kind=1 report_id=1 status=0 request_us=3655683 response_us=3671674 requested_interval_us=10000 accepted_interval_us=8000 requested_hz=100.000 accepted_hz=125.000 flags=0x00 change_sensitivity=0 batch_interval_us=0 sensor_specific=0
BNO_FEATURE phase=initial point=after_all kind=2 report_id=2 status=0 request_us=3672686 response_us=3681033 requested_interval_us=10000 accepted_interval_us=0 requested_hz=100.000 accepted_hz=0.000 flags=0x00 change_sensitivity=0 batch_interval_us=0 sensor_specific=0
BNO_FEATURE phase=initial point=after_all kind=3 report_id=8 status=0 request_us=3682676 response_us=3691236 requested_interval_us=20000 accepted_interval_us=0 requested_hz=50.000 accepted_hz=0.000 flags=0x00 change_sensitivity=0 batch_interval_us=0 sensor_specific=0
BNO_FEATURE phase=initial point=after_all kind=4 report_id=3 status=0 request_us=3692676 response_us=3700390 requested_interval_us=50000 accepted_interval_us=40000 requested_hz=20.000 accepted_hz=25.000 flags=0x00 change_sensitivity=0 batch_interval_us=0 sensor_specific=0
BNO_FEATURE phase=initial point=after_all kind=5 report_id=4 status=0 request_us=3701693 response_us=3714934 requested_interval_us=20000 accepted_interval_us=20000 requested_hz=50.000 accepted_hz=50.000 flags=0x00 change_sensitivity=0 batch_interval_us=0 sensor_specific=0
Guru Meditation Error: Core  1 panic'ed (Unhandled debug exception). 
Debug exception reason: Stack canary watchpoint triggered (ipc1) 
Core  1 register dump:
PC      : 0x4037e06f  PS      : 0x00060036  A0      : 0x8037cac0  A1      : 0x3fcf14b0  
A2      : 0x3fc94db0  A3      : 0xb33fffff  A4      : 0x0000cdcd  A5      : 0x00060023  
A6      : 0x00060023  A7      : 0x0000abab  A8      : 0xb33fffff  A9      : 0xffffffff  
A10     : 0x00000000  A11     : 0x3fc94cf0  A12     : 0x7e200000  A13     : 0x0d9b0000  
A14     : 0x02c94db0  A15     : 0x00ffffff  SAR     : 0x0000000e  EXCCAUSE: 0x00000001  
EXCVADDR: 0x00000000  LBEG    : 0x00000000  LEND    : 0x00000000  LCOUNT  : 0x00000000  


Backtrace: 0x4037e06c:0x3fcf14b0 0x4037cabd:0x3fcf14f0 0x4037b080:0x3fcf1520 0x4037b076:0xa5a5a5a5 |<-CORRUPTED




ELF file SHA256: 01fd1afa8b6096b1

Guru Meditation Error: Core  1 panic'ed (LoadProhibited). Exception was unhandled.

Core  1 register dump:
PC      : 0x4037dd75  PS      : 0x00060034  A0      : 0x8202396c  A1      : 0x3fcc3650  
A2      : 0x3fcc2eac  A3      : 0x00000001  A4      : 0x3fcf1220  A5      : 0x0000024c  
A6      : 0x00000008  A7      : 0x3fcc3830  A8      : 0x8037ddd5  A9      : 0x3fcc3630  
A10     : 0x3fcf1228  A11     : 0x3c071bd6  A12     : 0x000000ff  A13     : 0x0000ff00  
A14     : 0x00ff0000  A15     : 0xff000000  SAR     : 0x00000012  EXCCAUSE: 0x0000001c  
EXCVADDR: 0x0000000d  LBEG    : 0x400556d5  LEND    : 0x400556e5  LCOUNT  : 0xffffffff  


Backtrace: 0x4037dd72:0x3fcc3650 0x42023969:0x3fcc3690 0x4202446f:0x3fcc36b0 0x42024884:0x3fcc3740 0x4202390d:0x3fcc3770




ELF file SHA256: 01fd1afa8b6096b1

Re-entered core dump! Exception happened during core dump!
Rebooting...
ESP-ROM:esp32s3-20210327
Build:Mar 27 2021
rst:0xc (RTC_SW_CPU_RST),boot:0x2b (SPI_FAST_FLASH_BOOT)
Saved PC:0x4037e067
SPIWP:0xee
mode:DIO, clock div:1
load:0x3fce3808,len:0x4bc
load:0x403c9700,len:0xbd8
load:0x403cc700,len:0x2a0c
entry 0x403c98d0
PERIPH_SCAN 0x29
